[0.004s] Invoking command in '/home/loser/learning_ros2/chapt3/topic_practice_ws/build/status_interfaces': CMAKE_PREFIX_PATH=${CMAKE_PREFIX_PATH}:/home/loser/learning_ros2/chapt3/topic_ws/install/demo_python_topic:/opt/ros/humble /usr/bin/cmake /home/loser/learning_ros2/chapt3/topic_practice_ws/src/status_interfaces -DCMAKE_INSTALL_PREFIX=/home/loser/learning_ros2/chapt3/topic_practice_ws/install/status_interfaces
[0.069s] -- The C compiler identification is GNU 11.4.0
[0.126s] -- The CXX compiler identification is GNU 11.4.0
[0.138s] -- Detecting C compiler ABI info
[0.191s] -- Detecting C compiler ABI info - done
[0.196s] -- Check for working C compiler: /usr/bin/cc - skipped
[0.197s] -- Detecting C compile features
[0.197s] -- Detecting C compile features - done
[0.199s] -- Detecting CXX compiler ABI info
[0.263s] -- Detecting CXX compiler ABI info - done
[0.264s] -- Check for working CXX compiler: /usr/bin/c++ - skipped
[0.264s] -- Detecting CXX compile features
[0.264s] -- Detecting CXX compile features - done
[0.265s] -- Found ament_cmake: 1.3.14 (/opt/ros/humble/share/ament_cmake/cmake)
[0.372s] -- Found Python3: /usr/bin/python3 (found version "3.10.12") found components: Interpreter 
[0.432s] -- Found builtin_interfaces: 1.2.3 (/opt/ros/humble/share/builtin_interfaces/cmake)
[0.447s] -- Found rosidl_generator_c: 3.1.9 (/opt/ros/humble/share/rosidl_generator_c/cmake)
[0.449s] -- Found rosidl_adapter: 3.1.9 (/opt/ros/humble/share/rosidl_adapter/cmake)
[0.454s] -- Found rosidl_generator_cpp: 3.1.9 (/opt/ros/humble/share/rosidl_generator_cpp/cmake)
[0.459s] -- Using all available rosidl_typesupport_c: rosidl_typesupport_fastrtps_c;rosidl_typesupport_introspection_c
[0.466s] -- Using all available rosidl_typesupport_cpp: rosidl_typesupport_fastrtps_cpp;rosidl_typesupport_introspection_cpp
[0.473s] -- Found rosidl_default_generators: 1.2.1 (/opt/ros/humble/share/rosidl_default_generators/cmake)
[0.484s] -- Found ament_lint_auto: 0.12.15 (/opt/ros/humble/share/ament_lint_auto/cmake)
[0.523s] -- Added test 'lint_cmake' to check CMake code style
[0.523s] -- Added test 'xmllint' to check XML markup files
[0.524s] -- Configuring done
[0.526s] -- Generating done
[0.526s] -- Build files have been written to: /home/loser/learning_ros2/chapt3/topic_practice_ws/build/status_interfaces
[0.530s] Invoked command in '/home/loser/learning_ros2/chapt3/topic_practice_ws/build/status_interfaces' returned '0': CMAKE_PREFIX_PATH=${CMAKE_PREFIX_PATH}:/home/loser/learning_ros2/chapt3/topic_ws/install/demo_python_topic:/opt/ros/humble /usr/bin/cmake /home/loser/learning_ros2/chapt3/topic_practice_ws/src/status_interfaces -DCMAKE_INSTALL_PREFIX=/home/loser/learning_ros2/chapt3/topic_practice_ws/install/status_interfaces
[0.531s] Invoking command in '/home/loser/learning_ros2/chapt3/topic_practice_ws/build/status_interfaces': CMAKE_PREFIX_PATH=${CMAKE_PREFIX_PATH}:/home/loser/learning_ros2/chapt3/topic_ws/install/demo_python_topic:/opt/ros/humble /usr/bin/cmake --build /home/loser/learning_ros2/chapt3/topic_practice_ws/build/status_interfaces -- -j24 -l24
[0.556s] Invoked command in '/home/loser/learning_ros2/chapt3/topic_practice_ws/build/status_interfaces' returned '0': CMAKE_PREFIX_PATH=${CMAKE_PREFIX_PATH}:/home/loser/learning_ros2/chapt3/topic_ws/install/demo_python_topic:/opt/ros/humble /usr/bin/cmake --build /home/loser/learning_ros2/chapt3/topic_practice_ws/build/status_interfaces -- -j24 -l24
[0.562s] Invoking command in '/home/loser/learning_ros2/chapt3/topic_practice_ws/build/status_interfaces': CMAKE_PREFIX_PATH=${CMAKE_PREFIX_PATH}:/home/loser/learning_ros2/chapt3/topic_ws/install/demo_python_topic:/opt/ros/humble /usr/bin/cmake --install /home/loser/learning_ros2/chapt3/topic_practice_ws/build/status_interfaces
[0.565s] -- Install configuration: ""
[0.565s] -- Installing: /home/loser/learning_ros2/chapt3/topic_practice_ws/install/status_interfaces/share/ament_index/resource_index/package_run_dependencies/status_interfaces
[0.566s] -- Installing: /home/loser/learning_ros2/chapt3/topic_practice_ws/install/status_interfaces/share/ament_index/resource_index/parent_prefix_path/status_interfaces
[0.566s] -- Installing: /home/loser/learning_ros2/chapt3/topic_practice_ws/install/status_interfaces/share/status_interfaces/environment/ament_prefix_path.sh
[0.566s] -- Installing: /home/loser/learning_ros2/chapt3/topic_practice_ws/install/status_interfaces/share/status_interfaces/environment/ament_prefix_path.dsv
[0.566s] -- Installing: /home/loser/learning_ros2/chapt3/topic_practice_ws/install/status_interfaces/share/status_interfaces/environment/path.sh
[0.566s] -- Installing: /home/loser/learning_ros2/chapt3/topic_practice_ws/install/status_interfaces/share/status_interfaces/environment/path.dsv
[0.566s] -- Installing: /home/loser/learning_ros2/chapt3/topic_practice_ws/install/status_interfaces/share/status_interfaces/local_setup.bash
[0.566s] -- Installing: /home/loser/learning_ros2/chapt3/topic_practice_ws/install/status_interfaces/share/status_interfaces/local_setup.sh
[0.566s] -- Installing: /home/loser/learning_ros2/chapt3/topic_practice_ws/install/status_interfaces/share/status_interfaces/local_setup.zsh
[0.566s] -- Installing: /home/loser/learning_ros2/chapt3/topic_practice_ws/install/status_interfaces/share/status_interfaces/local_setup.dsv
[0.566s] -- Installing: /home/loser/learning_ros2/chapt3/topic_practice_ws/install/status_interfaces/share/status_interfaces/package.dsv
[0.566s] -- Installing: /home/loser/learning_ros2/chapt3/topic_practice_ws/install/status_interfaces/share/ament_index/resource_index/packages/status_interfaces
[0.566s] -- Installing: /home/loser/learning_ros2/chapt3/topic_practice_ws/install/status_interfaces/share/status_interfaces/cmake/status_interfacesConfig.cmake
[0.566s] -- Installing: /home/loser/learning_ros2/chapt3/topic_practice_ws/install/status_interfaces/share/status_interfaces/cmake/status_interfacesConfig-version.cmake
[0.566s] -- Installing: /home/loser/learning_ros2/chapt3/topic_practice_ws/install/status_interfaces/share/status_interfaces/package.xml
[0.568s] Invoked command in '/home/loser/learning_ros2/chapt3/topic_practice_ws/build/status_interfaces' returned '0': CMAKE_PREFIX_PATH=${CMAKE_PREFIX_PATH}:/home/loser/learning_ros2/chapt3/topic_ws/install/demo_python_topic:/opt/ros/humble /usr/bin/cmake --install /home/loser/learning_ros2/chapt3/topic_practice_ws/build/status_interfaces
