[0.007s] Invoking command in '/home/loser/learning_ros2/chapt3/topic_practice_ws/build/status_display': CMAKE_PREFIX_PATH=/home/loser/learning_ros2/chapt3/topic_practice_ws/install/status_interfaces:/home/loser/learning_ros2/chapt3/topic_practice_ws/install/status_display:/home/loser/learning_ros2/chapt3/topic_ws/install/demo_cpp_topic:/home/loser/learning_ros2/chapt3/topic_practice_ws/install/status_publisher:/home/loser/learning_ros2/chapt3/topic_ws/install/demo_python_topic:/opt/ros/humble LD_LIBRARY_PATH=/home/loser/learning_ros2/chapt3/topic_practice_ws/install/status_interfaces/lib:/usr/local/cuda-12.8/lib64:/opt/ros/humble/opt/rviz_ogre_vendor/lib:/opt/ros/humble/lib/x86_64-linux-gnu:/opt/ros/humble/lib:/usr/local/cuda-12.8/lib64 /usr/bin/cmake --build /home/loser/learning_ros2/chapt3/topic_practice_ws/build/status_display -- -j24 -l24
[0.024s] -- Found ament_cmake: 1.3.14 (/opt/ros/humble/share/ament_cmake/cmake)
[0.109s] -- Found rclcpp: 16.0.21 (/opt/ros/humble/share/rclcpp/cmake)
[0.126s] -- Found rosidl_generator_c: 3.1.9 (/opt/ros/humble/share/rosidl_generator_c/cmake)
[0.128s] -- Found rosidl_adapter: 3.1.9 (/opt/ros/humble/share/rosidl_adapter/cmake)
[0.131s] -- Found rosidl_generator_cpp: 3.1.9 (/opt/ros/humble/share/rosidl_generator_cpp/cmake)
[0.136s] -- Using all available rosidl_typesupport_c: rosidl_typesupport_fastrtps_c;rosidl_typesupport_introspection_c
[0.143s] -- Using all available rosidl_typesupport_cpp: rosidl_typesupport_fastrtps_cpp;rosidl_typesupport_introspection_cpp
[0.161s] -- Found rmw_implementation_cmake: 6.1.4 (/opt/ros/humble/share/rmw_implementation_cmake/cmake)
[0.162s] -- Found rmw_fastrtps_cpp: 6.2.10 (/opt/ros/humble/share/rmw_fastrtps_cpp/cmake)
[0.220s] -- Using RMW implementation 'rmw_fastrtps_cpp' as default
[0.253s] -- Found status_interfaces: 0.0.0 (/home/loser/learning_ros2/chapt3/topic_practice_ws/install/status_interfaces/share/status_interfaces/cmake)
[0.260s] -- Found ament_lint_auto: 0.12.15 (/opt/ros/humble/share/ament_lint_auto/cmake)
[0.301s] -- Added test 'cppcheck' to perform static code analysis on C / C++ code
[0.301s] -- Configured cppcheck include dirs: 
[0.301s] -- Configured cppcheck exclude dirs and/or files: 
[0.301s] -- Added test 'lint_cmake' to check CMake code style
[0.305s] -- Added test 'uncrustify' to check C / C++ code style
[0.305s] -- Configured uncrustify additional arguments: 
[0.305s] -- Added test 'xmllint' to check XML markup files
[0.305s] -- Configuring done
[0.305s] [33mCMake Warning (dev) at CMakeLists.txt:15 (add_executable):
[0.305s]   Policy CMP0115 is not set: Source file extensions must be explicit.  Run
[0.305s]   "cmake --help-policy CMP0115" for policy details.  Use the cmake_policy
[0.305s]   command to set the policy and suppress this warning.
[0.305s] 
[0.305s]   File:
[0.305s] 
[0.305s]     /home/loser/learning_ros2/chapt3/topic_practice_ws/src/status_display/src/sys_status_display.cpp
[0.305s] This warning is for project developers.  Use -Wno-dev to suppress it.
[0.305s] [0m
[0.309s] -- Generating done
[0.311s] -- Build files have been written to: /home/loser/learning_ros2/chapt3/topic_practice_ws/build/status_display
[0.332s] [35m[1mConsolidate compiler generated dependencies of target hello_qt[0m
[0.339s] [ 25%] [32mBuilding CXX object CMakeFiles/sys_status_display.dir/src/sys_status_display.cpp.o[0m
[0.343s] [ 75%] Built target hello_qt
[0.475s] [01m[K/home/loser/learning_ros2/chapt3/topic_practice_ws/src/status_display/src/sys_status_display.cpp:31:51:[m[K [01;35m[Kwarning: [m[Kmulti-character character constant [[01;35m[K]8;;https://gcc.gnu.org/onlinedocs/gcc/Warning-Options.html#index-Wmultichar-Wmultichar]8;;[m[K]
[0.475s]    31 |                 <<"数据时间：\t"<<msg->stamp.sec<<[01;35m[K'\ts'[m[K<<'\n'
[0.475s]       |                                                   [01;35m[K^~~~~[m[K
[4.949s] [100%] [32m[1mLinking CXX executable sys_status_display[0m
[5.468s] [100%] Built target sys_status_display
[5.476s] Invoked command in '/home/loser/learning_ros2/chapt3/topic_practice_ws/build/status_display' returned '0': CMAKE_PREFIX_PATH=/home/loser/learning_ros2/chapt3/topic_practice_ws/install/status_interfaces:/home/loser/learning_ros2/chapt3/topic_practice_ws/install/status_display:/home/loser/learning_ros2/chapt3/topic_ws/install/demo_cpp_topic:/home/loser/learning_ros2/chapt3/topic_practice_ws/install/status_publisher:/home/loser/learning_ros2/chapt3/topic_ws/install/demo_python_topic:/opt/ros/humble LD_LIBRARY_PATH=/home/loser/learning_ros2/chapt3/topic_practice_ws/install/status_interfaces/lib:/usr/local/cuda-12.8/lib64:/opt/ros/humble/opt/rviz_ogre_vendor/lib:/opt/ros/humble/lib/x86_64-linux-gnu:/opt/ros/humble/lib:/usr/local/cuda-12.8/lib64 /usr/bin/cmake --build /home/loser/learning_ros2/chapt3/topic_practice_ws/build/status_display -- -j24 -l24
[5.478s] Invoking command in '/home/loser/learning_ros2/chapt3/topic_practice_ws/build/status_display': CMAKE_PREFIX_PATH=/home/loser/learning_ros2/chapt3/topic_practice_ws/install/status_interfaces:/home/loser/learning_ros2/chapt3/topic_practice_ws/install/status_display:/home/loser/learning_ros2/chapt3/topic_ws/install/demo_cpp_topic:/home/loser/learning_ros2/chapt3/topic_practice_ws/install/status_publisher:/home/loser/learning_ros2/chapt3/topic_ws/install/demo_python_topic:/opt/ros/humble LD_LIBRARY_PATH=/home/loser/learning_ros2/chapt3/topic_practice_ws/install/status_interfaces/lib:/usr/local/cuda-12.8/lib64:/opt/ros/humble/opt/rviz_ogre_vendor/lib:/opt/ros/humble/lib/x86_64-linux-gnu:/opt/ros/humble/lib:/usr/local/cuda-12.8/lib64 /usr/bin/cmake --install /home/loser/learning_ros2/chapt3/topic_practice_ws/build/status_display
[5.484s] -- Install configuration: ""
[5.484s] -- Up-to-date: /home/loser/learning_ros2/chapt3/topic_practice_ws/install/status_display/lib/status_display/hello_qt
[5.484s] -- Installing: /home/loser/learning_ros2/chapt3/topic_practice_ws/install/status_display/lib/status_display/sys_status_display
[5.484s] -- Set runtime path of "/home/loser/learning_ros2/chapt3/topic_practice_ws/install/status_display/lib/status_display/sys_status_display" to ""
[5.485s] -- Up-to-date: /home/loser/learning_ros2/chapt3/topic_practice_ws/install/status_display/share/ament_index/resource_index/package_run_dependencies/status_display
[5.485s] -- Installing: /home/loser/learning_ros2/chapt3/topic_practice_ws/install/status_display/share/ament_index/resource_index/parent_prefix_path/status_display
[5.485s] -- Up-to-date: /home/loser/learning_ros2/chapt3/topic_practice_ws/install/status_display/share/status_display/environment/ament_prefix_path.sh
[5.485s] -- Installing: /home/loser/learning_ros2/chapt3/topic_practice_ws/install/status_display/share/status_display/environment/ament_prefix_path.dsv
[5.485s] -- Up-to-date: /home/loser/learning_ros2/chapt3/topic_practice_ws/install/status_display/share/status_display/environment/path.sh
[5.485s] -- Installing: /home/loser/learning_ros2/chapt3/topic_practice_ws/install/status_display/share/status_display/environment/path.dsv
[5.485s] -- Up-to-date: /home/loser/learning_ros2/chapt3/topic_practice_ws/install/status_display/share/status_display/local_setup.bash
[5.485s] -- Up-to-date: /home/loser/learning_ros2/chapt3/topic_practice_ws/install/status_display/share/status_display/local_setup.sh
[5.485s] -- Up-to-date: /home/loser/learning_ros2/chapt3/topic_practice_ws/install/status_display/share/status_display/local_setup.zsh
[5.485s] -- Installing: /home/loser/learning_ros2/chapt3/topic_practice_ws/install/status_display/share/status_display/local_setup.dsv
[5.485s] -- Installing: /home/loser/learning_ros2/chapt3/topic_practice_ws/install/status_display/share/status_display/package.dsv
[5.485s] -- Up-to-date: /home/loser/learning_ros2/chapt3/topic_practice_ws/install/status_display/share/ament_index/resource_index/packages/status_display
[5.485s] -- Up-to-date: /home/loser/learning_ros2/chapt3/topic_practice_ws/install/status_display/share/status_display/cmake/status_displayConfig.cmake
[5.485s] -- Up-to-date: /home/loser/learning_ros2/chapt3/topic_practice_ws/install/status_display/share/status_display/cmake/status_displayConfig-version.cmake
[5.486s] -- Up-to-date: /home/loser/learning_ros2/chapt3/topic_practice_ws/install/status_display/share/status_display/package.xml
[5.486s] Invoked command in '/home/loser/learning_ros2/chapt3/topic_practice_ws/build/status_display' returned '0': CMAKE_PREFIX_PATH=/home/loser/learning_ros2/chapt3/topic_practice_ws/install/status_interfaces:/home/loser/learning_ros2/chapt3/topic_practice_ws/install/status_display:/home/loser/learning_ros2/chapt3/topic_ws/install/demo_cpp_topic:/home/loser/learning_ros2/chapt3/topic_practice_ws/install/status_publisher:/home/loser/learning_ros2/chapt3/topic_ws/install/demo_python_topic:/opt/ros/humble LD_LIBRARY_PATH=/home/loser/learning_ros2/chapt3/topic_practice_ws/install/status_interfaces/lib:/usr/local/cuda-12.8/lib64:/opt/ros/humble/opt/rviz_ogre_vendor/lib:/opt/ros/humble/lib/x86_64-linux-gnu:/opt/ros/humble/lib:/usr/local/cuda-12.8/lib64 /usr/bin/cmake --install /home/loser/learning_ros2/chapt3/topic_practice_ws/build/status_display
