[0.008s] Invoking command in '/home/loser/learning_ros2/chapt3/topic_practice_ws/build/status_display': CMAKE_PREFIX_PATH=/home/loser/learning_ros2/chapt3/topic_practice_ws/install/status_interfaces:/home/loser/learning_ros2/chapt3/topic_practice_ws/install/status_display:/home/loser/learning_ros2/chapt3/topic_ws/install/demo_cpp_topic:/home/loser/learning_ros2/chapt3/topic_practice_ws/install/status_publisher:/home/loser/learning_ros2/chapt3/topic_ws/install/demo_python_topic:/opt/ros/humble LD_LIBRARY_PATH=/home/loser/learning_ros2/chapt3/topic_practice_ws/install/status_interfaces/lib:/usr/local/cuda-12.8/lib64:/opt/ros/humble/opt/rviz_ogre_vendor/lib:/opt/ros/humble/lib/x86_64-linux-gnu:/opt/ros/humble/lib:/usr/local/cuda-12.8/lib64 /usr/bin/cmake /home/loser/learning_ros2/chapt3/topic_practice_ws/src/status_display -DCMAKE_BUILD_TYPE=Release -DCMAKE_INSTALL_PREFIX=/home/loser/learning_ros2/chapt3/topic_practice_ws/install/status_display
[0.015s] -- Found ament_cmake: 1.3.14 (/opt/ros/humble/share/ament_cmake/cmake)
[0.087s] -- Found rclcpp: 16.0.21 (/opt/ros/humble/share/rclcpp/cmake)
[0.100s] -- Found rosidl_generator_c: 3.1.9 (/opt/ros/humble/share/rosidl_generator_c/cmake)
[0.101s] -- Found rosidl_adapter: 3.1.9 (/opt/ros/humble/share/rosidl_adapter/cmake)
[0.104s] -- Found rosidl_generator_cpp: 3.1.9 (/opt/ros/humble/share/rosidl_generator_cpp/cmake)
[0.108s] -- Using all available rosidl_typesupport_c: rosidl_typesupport_fastrtps_c;rosidl_typesupport_introspection_c
[0.116s] -- Using all available rosidl_typesupport_cpp: rosidl_typesupport_fastrtps_cpp;rosidl_typesupport_introspection_cpp
[0.136s] -- Found rmw_implementation_cmake: 6.1.4 (/opt/ros/humble/share/rmw_implementation_cmake/cmake)
[0.136s] -- Found rmw_fastrtps_cpp: 6.2.10 (/opt/ros/humble/share/rmw_fastrtps_cpp/cmake)
[0.197s] -- Using RMW implementation 'rmw_fastrtps_cpp' as default
[0.226s] -- Found status_interfaces: 0.0.0 (/home/loser/learning_ros2/chapt3/topic_practice_ws/install/status_interfaces/share/status_interfaces/cmake)
[0.231s] -- Found ament_lint_auto: 0.12.15 (/opt/ros/humble/share/ament_lint_auto/cmake)
[0.268s] -- Added test 'cppcheck' to perform static code analysis on C / C++ code
[0.268s] -- Configured cppcheck include dirs: 
[0.268s] -- Configured cppcheck exclude dirs and/or files: 
[0.268s] -- Added test 'lint_cmake' to check CMake code style
[0.269s] -- Added test 'uncrustify' to check C / C++ code style
[0.269s] -- Configured uncrustify additional arguments: 
[0.269s] -- Added test 'xmllint' to check XML markup files
[0.269s] -- Configuring done
[0.275s] -- Generating done
[0.277s] -- Build files have been written to: /home/loser/learning_ros2/chapt3/topic_practice_ws/build/status_display
[0.281s] Invoked command in '/home/loser/learning_ros2/chapt3/topic_practice_ws/build/status_display' returned '0': CMAKE_PREFIX_PATH=/home/loser/learning_ros2/chapt3/topic_practice_ws/install/status_interfaces:/home/loser/learning_ros2/chapt3/topic_practice_ws/install/status_display:/home/loser/learning_ros2/chapt3/topic_ws/install/demo_cpp_topic:/home/loser/learning_ros2/chapt3/topic_practice_ws/install/status_publisher:/home/loser/learning_ros2/chapt3/topic_ws/install/demo_python_topic:/opt/ros/humble LD_LIBRARY_PATH=/home/loser/learning_ros2/chapt3/topic_practice_ws/install/status_interfaces/lib:/usr/local/cuda-12.8/lib64:/opt/ros/humble/opt/rviz_ogre_vendor/lib:/opt/ros/humble/lib/x86_64-linux-gnu:/opt/ros/humble/lib:/usr/local/cuda-12.8/lib64 /usr/bin/cmake /home/loser/learning_ros2/chapt3/topic_practice_ws/src/status_display -DCMAKE_BUILD_TYPE=Release -DCMAKE_INSTALL_PREFIX=/home/loser/learning_ros2/chapt3/topic_practice_ws/install/status_display
[0.282s] Invoking command in '/home/loser/learning_ros2/chapt3/topic_practice_ws/build/status_display': CMAKE_PREFIX_PATH=/home/loser/learning_ros2/chapt3/topic_practice_ws/install/status_interfaces:/home/loser/learning_ros2/chapt3/topic_practice_ws/install/status_display:/home/loser/learning_ros2/chapt3/topic_ws/install/demo_cpp_topic:/home/loser/learning_ros2/chapt3/topic_practice_ws/install/status_publisher:/home/loser/learning_ros2/chapt3/topic_ws/install/demo_python_topic:/opt/ros/humble LD_LIBRARY_PATH=/home/loser/learning_ros2/chapt3/topic_practice_ws/install/status_interfaces/lib:/usr/local/cuda-12.8/lib64:/opt/ros/humble/opt/rviz_ogre_vendor/lib:/opt/ros/humble/lib/x86_64-linux-gnu:/opt/ros/humble/lib:/usr/local/cuda-12.8/lib64 /usr/bin/cmake --build /home/loser/learning_ros2/chapt3/topic_practice_ws/build/status_display -- -j24 -l24
[0.310s] Consolidate compiler generated dependencies of target hello_qt
[0.310s] Consolidate compiler generated dependencies of target sys_status_display
[0.320s] [ 50%] Building CXX object CMakeFiles/sys_status_display.dir/src/sys_status_display.cpp.o
[0.320s] [ 50%] Building CXX object CMakeFiles/hello_qt.dir/src/hello_qt.cpp.o
[0.463s] /home/loser/learning_ros2/chapt3/topic_practice_ws/src/status_display/src/sys_status_display.cpp:31:51: warning: multi-character character constant [-Wmultichar]
[0.463s]    31 |                 <<"数据时间：\t"<<msg->stamp.sec<<'\ts'<<'\n'
[0.463s]       |                                                   ^~~~~
[0.903s] [ 75%] Linking CXX executable hello_qt
[1.077s] [ 75%] Built target hello_qt
[5.887s] [100%] Linking CXX executable sys_status_display
[6.268s] [100%] Built target sys_status_display
[6.274s] Invoked command in '/home/loser/learning_ros2/chapt3/topic_practice_ws/build/status_display' returned '0': CMAKE_PREFIX_PATH=/home/loser/learning_ros2/chapt3/topic_practice_ws/install/status_interfaces:/home/loser/learning_ros2/chapt3/topic_practice_ws/install/status_display:/home/loser/learning_ros2/chapt3/topic_ws/install/demo_cpp_topic:/home/loser/learning_ros2/chapt3/topic_practice_ws/install/status_publisher:/home/loser/learning_ros2/chapt3/topic_ws/install/demo_python_topic:/opt/ros/humble LD_LIBRARY_PATH=/home/loser/learning_ros2/chapt3/topic_practice_ws/install/status_interfaces/lib:/usr/local/cuda-12.8/lib64:/opt/ros/humble/opt/rviz_ogre_vendor/lib:/opt/ros/humble/lib/x86_64-linux-gnu:/opt/ros/humble/lib:/usr/local/cuda-12.8/lib64 /usr/bin/cmake --build /home/loser/learning_ros2/chapt3/topic_practice_ws/build/status_display -- -j24 -l24
[6.281s] Invoking command in '/home/loser/learning_ros2/chapt3/topic_practice_ws/build/status_display': CMAKE_PREFIX_PATH=/home/loser/learning_ros2/chapt3/topic_practice_ws/install/status_interfaces:/home/loser/learning_ros2/chapt3/topic_practice_ws/install/status_display:/home/loser/learning_ros2/chapt3/topic_ws/install/demo_cpp_topic:/home/loser/learning_ros2/chapt3/topic_practice_ws/install/status_publisher:/home/loser/learning_ros2/chapt3/topic_ws/install/demo_python_topic:/opt/ros/humble LD_LIBRARY_PATH=/home/loser/learning_ros2/chapt3/topic_practice_ws/install/status_interfaces/lib:/usr/local/cuda-12.8/lib64:/opt/ros/humble/opt/rviz_ogre_vendor/lib:/opt/ros/humble/lib/x86_64-linux-gnu:/opt/ros/humble/lib:/usr/local/cuda-12.8/lib64 /usr/bin/cmake --install /home/loser/learning_ros2/chapt3/topic_practice_ws/build/status_display
[6.285s] -- Install configuration: "Release"
[6.285s] -- Installing: /home/loser/learning_ros2/chapt3/topic_practice_ws/install/status_display/lib/status_display/hello_qt
[6.285s] -- Installing: /home/loser/learning_ros2/chapt3/topic_practice_ws/install/status_display/lib/status_display/sys_status_display
[6.286s] -- Set runtime path of "/home/loser/learning_ros2/chapt3/topic_practice_ws/install/status_display/lib/status_display/sys_status_display" to ""
[6.286s] -- Up-to-date: /home/loser/learning_ros2/chapt3/topic_practice_ws/install/status_display/share/ament_index/resource_index/package_run_dependencies/status_display
[6.286s] -- Up-to-date: /home/loser/learning_ros2/chapt3/topic_practice_ws/install/status_display/share/ament_index/resource_index/parent_prefix_path/status_display
[6.286s] -- Up-to-date: /home/loser/learning_ros2/chapt3/topic_practice_ws/install/status_display/share/status_display/environment/ament_prefix_path.sh
[6.286s] -- Installing: /home/loser/learning_ros2/chapt3/topic_practice_ws/install/status_display/share/status_display/environment/ament_prefix_path.dsv
[6.286s] -- Up-to-date: /home/loser/learning_ros2/chapt3/topic_practice_ws/install/status_display/share/status_display/environment/path.sh
[6.287s] -- Installing: /home/loser/learning_ros2/chapt3/topic_practice_ws/install/status_display/share/status_display/environment/path.dsv
[6.287s] -- Up-to-date: /home/loser/learning_ros2/chapt3/topic_practice_ws/install/status_display/share/status_display/local_setup.bash
[6.287s] -- Up-to-date: /home/loser/learning_ros2/chapt3/topic_practice_ws/install/status_display/share/status_display/local_setup.sh
[6.287s] -- Up-to-date: /home/loser/learning_ros2/chapt3/topic_practice_ws/install/status_display/share/status_display/local_setup.zsh
[6.287s] -- Installing: /home/loser/learning_ros2/chapt3/topic_practice_ws/install/status_display/share/status_display/local_setup.dsv
[6.287s] -- Installing: /home/loser/learning_ros2/chapt3/topic_practice_ws/install/status_display/share/status_display/package.dsv
[6.287s] -- Up-to-date: /home/loser/learning_ros2/chapt3/topic_practice_ws/install/status_display/share/ament_index/resource_index/packages/status_display
[6.287s] -- Up-to-date: /home/loser/learning_ros2/chapt3/topic_practice_ws/install/status_display/share/status_display/cmake/status_displayConfig.cmake
[6.287s] -- Up-to-date: /home/loser/learning_ros2/chapt3/topic_practice_ws/install/status_display/share/status_display/cmake/status_displayConfig-version.cmake
[6.287s] -- Up-to-date: /home/loser/learning_ros2/chapt3/topic_practice_ws/install/status_display/share/status_display/package.xml
[6.287s] Invoked command in '/home/loser/learning_ros2/chapt3/topic_practice_ws/build/status_display' returned '0': CMAKE_PREFIX_PATH=/home/loser/learning_ros2/chapt3/topic_practice_ws/install/status_interfaces:/home/loser/learning_ros2/chapt3/topic_practice_ws/install/status_display:/home/loser/learning_ros2/chapt3/topic_ws/install/demo_cpp_topic:/home/loser/learning_ros2/chapt3/topic_practice_ws/install/status_publisher:/home/loser/learning_ros2/chapt3/topic_ws/install/demo_python_topic:/opt/ros/humble LD_LIBRARY_PATH=/home/loser/learning_ros2/chapt3/topic_practice_ws/install/status_interfaces/lib:/usr/local/cuda-12.8/lib64:/opt/ros/humble/opt/rviz_ogre_vendor/lib:/opt/ros/humble/lib/x86_64-linux-gnu:/opt/ros/humble/lib:/usr/local/cuda-12.8/lib64 /usr/bin/cmake --install /home/loser/learning_ros2/chapt3/topic_practice_ws/build/status_display
