[0.006s] Invoking command in '/home/loser/learning_ros2/chapt5/chapt5_ws/build/demo_cpp_tf': CMAKE_PREFIX_PATH=${CMAKE_PREFIX_PATH}:/home/loser/learning_ros2/chapt5/chapt5_ws/install/demo_python_tf:/opt/ros/humble /usr/bin/cmake --build /home/loser/learning_ros2/chapt5/chapt5_ws/build/demo_cpp_tf -- -j24 -l24
[0.039s] Consolidate compiler generated dependencies of target tf_listener
[0.047s] [ 50%] Built target dynamic_tf_broadcaster
[0.047s] [ 66%] Built target static_tf_broadcaster
[0.048s] [ 83%] Building CXX object CMakeFiles/tf_listener.dir/src/tf_listener.cpp.o
[4.713s] [100%] Linking CXX executable tf_listener
[4.958s] [100%] Built target tf_listener
[4.968s] Invoked command in '/home/loser/learning_ros2/chapt5/chapt5_ws/build/demo_cpp_tf' returned '0': CMAKE_PREFIX_PATH=${CMAKE_PREFIX_PATH}:/home/loser/learning_ros2/chapt5/chapt5_ws/install/demo_python_tf:/opt/ros/humble /usr/bin/cmake --build /home/loser/learning_ros2/chapt5/chapt5_ws/build/demo_cpp_tf -- -j24 -l24
[4.976s] Invoking command in '/home/loser/learning_ros2/chapt5/chapt5_ws/build/demo_cpp_tf': CMAKE_PREFIX_PATH=${CMAKE_PREFIX_PATH}:/home/loser/learning_ros2/chapt5/chapt5_ws/install/demo_python_tf:/opt/ros/humble /usr/bin/cmake --install /home/loser/learning_ros2/chapt5/chapt5_ws/build/demo_cpp_tf
[4.981s] -- Install configuration: ""
[4.981s] -- Up-to-date: /home/loser/learning_ros2/chapt5/chapt5_ws/install/demo_cpp_tf/lib/demo_cpp_tf/static_tf_broadcaster
[4.981s] -- Up-to-date: /home/loser/learning_ros2/chapt5/chapt5_ws/install/demo_cpp_tf/lib/demo_cpp_tf/dynamic_tf_broadcaster
[4.981s] -- Installing: /home/loser/learning_ros2/chapt5/chapt5_ws/install/demo_cpp_tf/lib/demo_cpp_tf/tf_listener
[4.983s] -- Set runtime path of "/home/loser/learning_ros2/chapt5/chapt5_ws/install/demo_cpp_tf/lib/demo_cpp_tf/tf_listener" to ""
[4.984s] -- Up-to-date: /home/loser/learning_ros2/chapt5/chapt5_ws/install/demo_cpp_tf/share/ament_index/resource_index/package_run_dependencies/demo_cpp_tf
[4.984s] -- Up-to-date: /home/loser/learning_ros2/chapt5/chapt5_ws/install/demo_cpp_tf/share/ament_index/resource_index/parent_prefix_path/demo_cpp_tf
[4.984s] -- Up-to-date: /home/loser/learning_ros2/chapt5/chapt5_ws/install/demo_cpp_tf/share/demo_cpp_tf/environment/ament_prefix_path.sh
[4.984s] -- Up-to-date: /home/loser/learning_ros2/chapt5/chapt5_ws/install/demo_cpp_tf/share/demo_cpp_tf/environment/ament_prefix_path.dsv
[4.984s] -- Up-to-date: /home/loser/learning_ros2/chapt5/chapt5_ws/install/demo_cpp_tf/share/demo_cpp_tf/environment/path.sh
[4.984s] -- Up-to-date: /home/loser/learning_ros2/chapt5/chapt5_ws/install/demo_cpp_tf/share/demo_cpp_tf/environment/path.dsv
[4.984s] -- Up-to-date: /home/loser/learning_ros2/chapt5/chapt5_ws/install/demo_cpp_tf/share/demo_cpp_tf/local_setup.bash
[4.985s] -- Up-to-date: /home/loser/learning_ros2/chapt5/chapt5_ws/install/demo_cpp_tf/share/demo_cpp_tf/local_setup.sh
[4.985s] -- Up-to-date: /home/loser/learning_ros2/chapt5/chapt5_ws/install/demo_cpp_tf/share/demo_cpp_tf/local_setup.zsh
[4.985s] -- Up-to-date: /home/loser/learning_ros2/chapt5/chapt5_ws/install/demo_cpp_tf/share/demo_cpp_tf/local_setup.dsv
[4.985s] -- Installing: /home/loser/learning_ros2/chapt5/chapt5_ws/install/demo_cpp_tf/share/demo_cpp_tf/package.dsv
[4.985s] -- Up-to-date: /home/loser/learning_ros2/chapt5/chapt5_ws/install/demo_cpp_tf/share/ament_index/resource_index/packages/demo_cpp_tf
[4.985s] -- Up-to-date: /home/loser/learning_ros2/chapt5/chapt5_ws/install/demo_cpp_tf/share/demo_cpp_tf/cmake/demo_cpp_tfConfig.cmake
[4.985s] -- Up-to-date: /home/loser/learning_ros2/chapt5/chapt5_ws/install/demo_cpp_tf/share/demo_cpp_tf/cmake/demo_cpp_tfConfig-version.cmake
[4.985s] -- Up-to-date: /home/loser/learning_ros2/chapt5/chapt5_ws/install/demo_cpp_tf/share/demo_cpp_tf/package.xml
[4.986s] Invoked command in '/home/loser/learning_ros2/chapt5/chapt5_ws/build/demo_cpp_tf' returned '0': CMAKE_PREFIX_PATH=${CMAKE_PREFIX_PATH}:/home/loser/learning_ros2/chapt5/chapt5_ws/install/demo_python_tf:/opt/ros/humble /usr/bin/cmake --install /home/loser/learning_ros2/chapt5/chapt5_ws/build/demo_cpp_tf
