[0.049s] DEBUG:colcon:Command line arguments: ['/usr/bin/colcon', 'build']
[0.049s] DEBUG:colcon:Parsed command line arguments: Namespace(log_base=None, log_level=None, verb_name='build', build_base='build', install_base='install', merge_install=False, symlink_install=False, test_result_base=None, continue_on_error=False, executor='parallel', parallel_workers=24, event_handlers=None, ignore_user_meta=False, metas=['./colcon.meta'], base_paths=['.'], packages_ignore=None, packages_ignore_regex=None, paths=None, packages_up_to=None, packages_up_to_regex=None, packages_above=None, packages_above_and_dependencies=None, packages_above_depth=None, packages_select_by_dep=None, packages_skip_by_dep=None, packages_skip_up_to=None, packages_select_build_failed=False, packages_skip_build_finished=False, packages_select_test_failures=False, packages_skip_test_passed=False, packages_select=None, packages_skip=None, packages_select_regex=None, packages_skip_regex=None, packages_start=None, packages_end=None, allow_overriding=[], cmake_args=None, cmake_target=None, cmake_target_skip_unavailable=False, cmake_clean_cache=False, cmake_clean_first=False, cmake_force_configure=False, ament_cmake_args=None, catkin_cmake_args=None, catkin_skip_building_tests=False, verb_parser=<colcon_defaults.argument_parser.defaults.DefaultArgumentsDecorator object at 0x7eca39d58160>, verb_extension=<colcon_core.verb.build.BuildVerb object at 0x7eca39e497e0>, main=<bound method BuildVerb.main of <colcon_core.verb.build.BuildVerb object at 0x7eca39e497e0>>)
[0.118s] Level 1:colcon.colcon_core.package_discovery:discover_packages(colcon_meta) check parameters
[0.119s] Level 1:colcon.colcon_core.package_discovery:discover_packages(recursive) check parameters
[0.119s] Level 1:colcon.colcon_core.package_discovery:discover_packages(ignore) check parameters
[0.119s] Level 1:colcon.colcon_core.package_discovery:discover_packages(path) check parameters
[0.119s] Level 1:colcon.colcon_core.package_discovery:discover_packages(colcon_meta) discover
[0.119s] Level 1:colcon.colcon_core.package_discovery:discover_packages(recursive) discover
[0.119s] INFO:colcon.colcon_core.package_discovery:Crawling recursively for packages in '/home/loser/learning_ros2/chapt4/chapt4_ws'
[0.119s] Level 1:colcon.colcon_core.package_identification:_identify(.) by extensions ['ignore', 'ignore_ament_install']
[0.119s] Level 1:colcon.colcon_core.package_identification:_identify(.) by extension 'ignore'
[0.119s] Level 1:colcon.colcon_core.package_identification:_identify(.) by extension 'ignore_ament_install'
[0.119s] Level 1:colcon.colcon_core.package_identification:_identify(.) by extensions ['colcon_pkg']
[0.119s] Level 1:colcon.colcon_core.package_identification:_identify(.) by extension 'colcon_pkg'
[0.119s] Level 1:colcon.colcon_core.package_identification:_identify(.) by extensions ['colcon_meta']
[0.119s] Level 1:colcon.colcon_core.package_identification:_identify(.) by extension 'colcon_meta'
[0.119s] Level 1:colcon.colcon_core.package_identification:_identify(.) by extensions ['ros']
[0.119s] Level 1:colcon.colcon_core.package_identification:_identify(.) by extension 'ros'
[0.125s] Level 1:colcon.colcon_core.package_identification:_identify(.) by extensions ['cmake', 'python']
[0.126s] Level 1:colcon.colcon_core.package_identification:_identify(.) by extension 'cmake'
[0.126s] Level 1:colcon.colcon_core.package_identification:_identify(.) by extension 'python'
[0.126s] Level 1:colcon.colcon_core.package_identification:_identify(.) by extensions ['python_setup_py']
[0.126s] Level 1:colcon.colcon_core.package_identification:_identify(.) by extension 'python_setup_py'
[0.126s] Level 1:colcon.colcon_core.package_identification:_identify(build) by extensions ['ignore', 'ignore_ament_install']
[0.126s] Level 1:colcon.colcon_core.package_identification:_identify(build) by extension 'ignore'
[0.126s] Level 1:colcon.colcon_core.package_identification:_identify(build) ignored
[0.126s] Level 1:colcon.colcon_core.package_identification:_identify(install) by extensions ['ignore', 'ignore_ament_install']
[0.126s] Level 1:colcon.colcon_core.package_identification:_identify(install) by extension 'ignore'
[0.126s] Level 1:colcon.colcon_core.package_identification:_identify(install) ignored
[0.126s] Level 1:colcon.colcon_core.package_identification:_identify(log) by extensions ['ignore', 'ignore_ament_install']
[0.126s] Level 1:colcon.colcon_core.package_identification:_identify(log) by extension 'ignore'
[0.126s] Level 1:colcon.colcon_core.package_identification:_identify(log) ignored
[0.126s] Level 1:colcon.colcon_core.package_identification:_identify(src) by extensions ['ignore', 'ignore_ament_install']
[0.126s] Level 1:colcon.colcon_core.package_identification:_identify(src) by extension 'ignore'
[0.126s] Level 1:colcon.colcon_core.package_identification:_identify(src) by extension 'ignore_ament_install'
[0.126s] Level 1:colcon.colcon_core.package_identification:_identify(src) by extensions ['colcon_pkg']
[0.126s] Level 1:colcon.colcon_core.package_identification:_identify(src) by extension 'colcon_pkg'
[0.126s] Level 1:colcon.colcon_core.package_identification:_identify(src) by extensions ['colcon_meta']
[0.126s] Level 1:colcon.colcon_core.package_identification:_identify(src) by extension 'colcon_meta'
[0.126s] Level 1:colcon.colcon_core.package_identification:_identify(src) by extensions ['ros']
[0.126s] Level 1:colcon.colcon_core.package_identification:_identify(src) by extension 'ros'
[0.126s] Level 1:colcon.colcon_core.package_identification:_identify(src) by extensions ['cmake', 'python']
[0.126s] Level 1:colcon.colcon_core.package_identification:_identify(src) by extension 'cmake'
[0.126s] Level 1:colcon.colcon_core.package_identification:_identify(src) by extension 'python'
[0.126s] Level 1:colcon.colcon_core.package_identification:_identify(src) by extensions ['python_setup_py']
[0.126s] Level 1:colcon.colcon_core.package_identification:_identify(src) by extension 'python_setup_py'
[0.126s] Level 1:colcon.colcon_core.package_identification:_identify(src/chapt4_interfaces) by extensions ['ignore', 'ignore_ament_install']
[0.126s] Level 1:colcon.colcon_core.package_identification:_identify(src/chapt4_interfaces) by extension 'ignore'
[0.127s] Level 1:colcon.colcon_core.package_identification:_identify(src/chapt4_interfaces) by extension 'ignore_ament_install'
[0.127s] Level 1:colcon.colcon_core.package_identification:_identify(src/chapt4_interfaces) by extensions ['colcon_pkg']
[0.127s] Level 1:colcon.colcon_core.package_identification:_identify(src/chapt4_interfaces) by extension 'colcon_pkg'
[0.127s] Level 1:colcon.colcon_core.package_identification:_identify(src/chapt4_interfaces) by extensions ['colcon_meta']
[0.127s] Level 1:colcon.colcon_core.package_identification:_identify(src/chapt4_interfaces) by extension 'colcon_meta'
[0.127s] Level 1:colcon.colcon_core.package_identification:_identify(src/chapt4_interfaces) by extensions ['ros']
[0.127s] Level 1:colcon.colcon_core.package_identification:_identify(src/chapt4_interfaces) by extension 'ros'
[0.128s] DEBUG:colcon.colcon_core.package_identification:Package 'src/chapt4_interfaces' with type 'ros.ament_cmake' and name 'chapt4_interfaces'
[0.128s] Level 1:colcon.colcon_core.package_identification:_identify(src/demo_cpp_service) by extensions ['ignore', 'ignore_ament_install']
[0.128s] Level 1:colcon.colcon_core.package_identification:_identify(src/demo_cpp_service) by extension 'ignore'
[0.128s] Level 1:colcon.colcon_core.package_identification:_identify(src/demo_cpp_service) by extension 'ignore_ament_install'
[0.128s] Level 1:colcon.colcon_core.package_identification:_identify(src/demo_cpp_service) by extensions ['colcon_pkg']
[0.128s] Level 1:colcon.colcon_core.package_identification:_identify(src/demo_cpp_service) by extension 'colcon_pkg'
[0.129s] Level 1:colcon.colcon_core.package_identification:_identify(src/demo_cpp_service) by extensions ['colcon_meta']
[0.129s] Level 1:colcon.colcon_core.package_identification:_identify(src/demo_cpp_service) by extension 'colcon_meta'
[0.129s] Level 1:colcon.colcon_core.package_identification:_identify(src/demo_cpp_service) by extensions ['ros']
[0.129s] Level 1:colcon.colcon_core.package_identification:_identify(src/demo_cpp_service) by extension 'ros'
[0.129s] DEBUG:colcon.colcon_core.package_identification:Package 'src/demo_cpp_service' with type 'ros.ament_cmake' and name 'demo_cpp_service'
[0.129s] Level 1:colcon.colcon_core.package_identification:_identify(src/demo_python_service) by extensions ['ignore', 'ignore_ament_install']
[0.129s] Level 1:colcon.colcon_core.package_identification:_identify(src/demo_python_service) by extension 'ignore'
[0.129s] Level 1:colcon.colcon_core.package_identification:_identify(src/demo_python_service) by extension 'ignore_ament_install'
[0.129s] Level 1:colcon.colcon_core.package_identification:_identify(src/demo_python_service) by extensions ['colcon_pkg']
[0.129s] Level 1:colcon.colcon_core.package_identification:_identify(src/demo_python_service) by extension 'colcon_pkg'
[0.129s] Level 1:colcon.colcon_core.package_identification:_identify(src/demo_python_service) by extensions ['colcon_meta']
[0.129s] Level 1:colcon.colcon_core.package_identification:_identify(src/demo_python_service) by extension 'colcon_meta'
[0.129s] Level 1:colcon.colcon_core.package_identification:_identify(src/demo_python_service) by extensions ['ros']
[0.129s] Level 1:colcon.colcon_core.package_identification:_identify(src/demo_python_service) by extension 'ros'
[0.130s] DEBUG:colcon.colcon_core.package_identification:Package 'src/demo_python_service' with type 'ros.ament_python' and name 'demo_python_service'
[0.130s] Level 1:colcon.colcon_core.package_discovery:discover_packages(recursive) using defaults
[0.130s] Level 1:colcon.colcon_core.package_discovery:discover_packages(ignore) discover
[0.130s] Level 1:colcon.colcon_core.package_discovery:discover_packages(ignore) using defaults
[0.130s] Level 1:colcon.colcon_core.package_discovery:discover_packages(path) discover
[0.130s] Level 1:colcon.colcon_core.package_discovery:discover_packages(path) using defaults
[0.142s] Level 1:colcon.colcon_core.package_discovery:discover_packages(prefix_path) check parameters
[0.142s] Level 1:colcon.colcon_core.package_discovery:discover_packages(prefix_path) discover
[0.143s] DEBUG:colcon.colcon_installed_package_information.package_discovery:Found 3 installed packages in /home/loser/learning_ros2/chapt4/chapt4_ws/install
[0.143s] DEBUG:colcon.colcon_installed_package_information.package_discovery:Found 273 installed packages in /opt/ros/humble
[0.151s] Level 1:colcon.colcon_core.package_discovery:discover_packages(prefix_path) using defaults
[0.170s] Level 5:colcon.colcon_core.verb:set package 'chapt4_interfaces' build argument 'cmake_args' from command line to 'None'
[0.170s] Level 5:colcon.colcon_core.verb:set package 'chapt4_interfaces' build argument 'cmake_target' from command line to 'None'
[0.170s] Level 5:colcon.colcon_core.verb:set package 'chapt4_interfaces' build argument 'cmake_target_skip_unavailable' from command line to 'False'
[0.170s] Level 5:colcon.colcon_core.verb:set package 'chapt4_interfaces' build argument 'cmake_clean_cache' from command line to 'False'
[0.170s] Level 5:colcon.colcon_core.verb:set package 'chapt4_interfaces' build argument 'cmake_clean_first' from command line to 'False'
[0.170s] Level 5:colcon.colcon_core.verb:set package 'chapt4_interfaces' build argument 'cmake_force_configure' from command line to 'False'
[0.170s] Level 5:colcon.colcon_core.verb:set package 'chapt4_interfaces' build argument 'ament_cmake_args' from command line to 'None'
[0.170s] Level 5:colcon.colcon_core.verb:set package 'chapt4_interfaces' build argument 'catkin_cmake_args' from command line to 'None'
[0.170s] Level 5:colcon.colcon_core.verb:set package 'chapt4_interfaces' build argument 'catkin_skip_building_tests' from command line to 'False'
[0.170s] DEBUG:colcon.colcon_core.verb:Building package 'chapt4_interfaces' with the following arguments: {'ament_cmake_args': None, 'build_base': '/home/loser/learning_ros2/chapt4/chapt4_ws/build/chapt4_interfaces', 'catkin_cmake_args': None, 'catkin_skip_building_tests': False, 'cmake_args': None, 'cmake_clean_cache': False, 'cmake_clean_first': False, 'cmake_force_configure': False, 'cmake_target': None, 'cmake_target_skip_unavailable': False, 'install_base': '/home/loser/learning_ros2/chapt4/chapt4_ws/install/chapt4_interfaces', 'merge_install': False, 'path': '/home/loser/learning_ros2/chapt4/chapt4_ws/src/chapt4_interfaces', 'symlink_install': False, 'test_result_base': None}
[0.170s] Level 5:colcon.colcon_core.verb:set package 'demo_cpp_service' build argument 'cmake_args' from command line to 'None'
[0.170s] Level 5:colcon.colcon_core.verb:set package 'demo_cpp_service' build argument 'cmake_target' from command line to 'None'
[0.170s] Level 5:colcon.colcon_core.verb:set package 'demo_cpp_service' build argument 'cmake_target_skip_unavailable' from command line to 'False'
[0.170s] Level 5:colcon.colcon_core.verb:set package 'demo_cpp_service' build argument 'cmake_clean_cache' from command line to 'False'
[0.170s] Level 5:colcon.colcon_core.verb:set package 'demo_cpp_service' build argument 'cmake_clean_first' from command line to 'False'
[0.170s] Level 5:colcon.colcon_core.verb:set package 'demo_cpp_service' build argument 'cmake_force_configure' from command line to 'False'
[0.170s] Level 5:colcon.colcon_core.verb:set package 'demo_cpp_service' build argument 'ament_cmake_args' from command line to 'None'
[0.170s] Level 5:colcon.colcon_core.verb:set package 'demo_cpp_service' build argument 'catkin_cmake_args' from command line to 'None'
[0.170s] Level 5:colcon.colcon_core.verb:set package 'demo_cpp_service' build argument 'catkin_skip_building_tests' from command line to 'False'
[0.170s] DEBUG:colcon.colcon_core.verb:Building package 'demo_cpp_service' with the following arguments: {'ament_cmake_args': None, 'build_base': '/home/loser/learning_ros2/chapt4/chapt4_ws/build/demo_cpp_service', 'catkin_cmake_args': None, 'catkin_skip_building_tests': False, 'cmake_args': None, 'cmake_clean_cache': False, 'cmake_clean_first': False, 'cmake_force_configure': False, 'cmake_target': None, 'cmake_target_skip_unavailable': False, 'install_base': '/home/loser/learning_ros2/chapt4/chapt4_ws/install/demo_cpp_service', 'merge_install': False, 'path': '/home/loser/learning_ros2/chapt4/chapt4_ws/src/demo_cpp_service', 'symlink_install': False, 'test_result_base': None}
[0.170s] Level 5:colcon.colcon_core.verb:set package 'demo_python_service' build argument 'cmake_args' from command line to 'None'
[0.170s] Level 5:colcon.colcon_core.verb:set package 'demo_python_service' build argument 'cmake_target' from command line to 'None'
[0.170s] Level 5:colcon.colcon_core.verb:set package 'demo_python_service' build argument 'cmake_target_skip_unavailable' from command line to 'False'
[0.170s] Level 5:colcon.colcon_core.verb:set package 'demo_python_service' build argument 'cmake_clean_cache' from command line to 'False'
[0.170s] Level 5:colcon.colcon_core.verb:set package 'demo_python_service' build argument 'cmake_clean_first' from command line to 'False'
[0.170s] Level 5:colcon.colcon_core.verb:set package 'demo_python_service' build argument 'cmake_force_configure' from command line to 'False'
[0.170s] Level 5:colcon.colcon_core.verb:set package 'demo_python_service' build argument 'ament_cmake_args' from command line to 'None'
[0.170s] Level 5:colcon.colcon_core.verb:set package 'demo_python_service' build argument 'catkin_cmake_args' from command line to 'None'
[0.170s] Level 5:colcon.colcon_core.verb:set package 'demo_python_service' build argument 'catkin_skip_building_tests' from command line to 'False'
[0.170s] DEBUG:colcon.colcon_core.verb:Building package 'demo_python_service' with the following arguments: {'ament_cmake_args': None, 'build_base': '/home/loser/learning_ros2/chapt4/chapt4_ws/build/demo_python_service', 'catkin_cmake_args': None, 'catkin_skip_building_tests': False, 'cmake_args': None, 'cmake_clean_cache': False, 'cmake_clean_first': False, 'cmake_force_configure': False, 'cmake_target': None, 'cmake_target_skip_unavailable': False, 'install_base': '/home/loser/learning_ros2/chapt4/chapt4_ws/install/demo_python_service', 'merge_install': False, 'path': '/home/loser/learning_ros2/chapt4/chapt4_ws/src/demo_python_service', 'symlink_install': False, 'test_result_base': None}
[0.170s] INFO:colcon.colcon_core.executor:Executing jobs using 'parallel' executor
[0.171s] DEBUG:colcon.colcon_parallel_executor.executor.parallel:run_until_complete
[0.171s] INFO:colcon.colcon_ros.task.ament_cmake.build:Building ROS package in '/home/loser/learning_ros2/chapt4/chapt4_ws/src/chapt4_interfaces' with build type 'ament_cmake'
[0.172s] INFO:colcon.colcon_cmake.task.cmake.build:Building CMake package in '/home/loser/learning_ros2/chapt4/chapt4_ws/src/chapt4_interfaces'
[0.173s] INFO:colcon.colcon_core.plugin_system:Skipping extension 'colcon_core.shell.bat': Not used on non-Windows systems
[0.173s] INFO:colcon.colcon_core.shell:Skip shell extension 'powershell' for command environment: Not usable outside of PowerShell
[0.173s] DEBUG:colcon.colcon_core.shell:Skip shell extension 'dsv' for command environment
[0.178s] DEBUG:colcon.colcon_core.event_handler.log_command:Invoking command in '/home/loser/learning_ros2/chapt4/chapt4_ws/build/chapt4_interfaces': CMAKE_PREFIX_PATH=${CMAKE_PREFIX_PATH}:/home/loser/learning_ros2/chapt4/chapt4_ws/install/demo_python_service:/opt/ros/humble /usr/bin/cmake --build /home/loser/learning_ros2/chapt4/chapt4_ws/build/chapt4_interfaces -- -j24 -l24
[0.407s] DEBUG:colcon.colcon_core.event_handler.log_command:Invoked command in '/home/loser/learning_ros2/chapt4/chapt4_ws/build/chapt4_interfaces' returned '0': CMAKE_PREFIX_PATH=${CMAKE_PREFIX_PATH}:/home/loser/learning_ros2/chapt4/chapt4_ws/install/demo_python_service:/opt/ros/humble /usr/bin/cmake --build /home/loser/learning_ros2/chapt4/chapt4_ws/build/chapt4_interfaces -- -j24 -l24
[0.419s] DEBUG:colcon.colcon_core.event_handler.log_command:Invoking command in '/home/loser/learning_ros2/chapt4/chapt4_ws/build/chapt4_interfaces': CMAKE_PREFIX_PATH=${CMAKE_PREFIX_PATH}:/home/loser/learning_ros2/chapt4/chapt4_ws/install/demo_python_service:/opt/ros/humble /usr/bin/cmake --install /home/loser/learning_ros2/chapt4/chapt4_ws/build/chapt4_interfaces
[0.474s] Level 1:colcon.colcon_core.environment:create_environment_scripts_only(chapt4_interfaces)
[0.475s] DEBUG:colcon.colcon_core.event_handler.log_command:Invoked command in '/home/loser/learning_ros2/chapt4/chapt4_ws/build/chapt4_interfaces' returned '0': CMAKE_PREFIX_PATH=${CMAKE_PREFIX_PATH}:/home/loser/learning_ros2/chapt4/chapt4_ws/install/demo_python_service:/opt/ros/humble /usr/bin/cmake --install /home/loser/learning_ros2/chapt4/chapt4_ws/build/chapt4_interfaces
[0.477s] Level 1:colcon.colcon_core.environment:checking '/home/loser/learning_ros2/chapt4/chapt4_ws/install/chapt4_interfaces' for CMake module files
[0.477s] Level 1:colcon.colcon_core.environment:checking '/home/loser/learning_ros2/chapt4/chapt4_ws/install/chapt4_interfaces' for CMake config files
[0.478s] Level 1:colcon.colcon_core.shell:create_environment_hook('chapt4_interfaces', 'cmake_prefix_path')
[0.478s] INFO:colcon.colcon_core.shell:Creating environment hook '/home/loser/learning_ros2/chapt4/chapt4_ws/install/chapt4_interfaces/share/chapt4_interfaces/hook/cmake_prefix_path.ps1'
[0.479s] INFO:colcon.colcon_core.shell:Creating environment descriptor '/home/loser/learning_ros2/chapt4/chapt4_ws/install/chapt4_interfaces/share/chapt4_interfaces/hook/cmake_prefix_path.dsv'
[0.479s] INFO:colcon.colcon_core.shell:Creating environment hook '/home/loser/learning_ros2/chapt4/chapt4_ws/install/chapt4_interfaces/share/chapt4_interfaces/hook/cmake_prefix_path.sh'
[0.480s] Level 1:colcon.colcon_core.environment:checking '/home/loser/learning_ros2/chapt4/chapt4_ws/install/chapt4_interfaces/lib'
[0.480s] Level 1:colcon.colcon_core.shell:create_environment_hook('chapt4_interfaces', 'ld_library_path_lib')
[0.480s] INFO:colcon.colcon_core.shell:Creating environment hook '/home/loser/learning_ros2/chapt4/chapt4_ws/install/chapt4_interfaces/share/chapt4_interfaces/hook/ld_library_path_lib.ps1'
[0.481s] INFO:colcon.colcon_core.shell:Creating environment descriptor '/home/loser/learning_ros2/chapt4/chapt4_ws/install/chapt4_interfaces/share/chapt4_interfaces/hook/ld_library_path_lib.dsv'
[0.481s] INFO:colcon.colcon_core.shell:Creating environment hook '/home/loser/learning_ros2/chapt4/chapt4_ws/install/chapt4_interfaces/share/chapt4_interfaces/hook/ld_library_path_lib.sh'
[0.481s] Level 1:colcon.colcon_core.environment:checking '/home/loser/learning_ros2/chapt4/chapt4_ws/install/chapt4_interfaces/bin'
[0.481s] Level 1:colcon.colcon_core.environment:checking '/home/loser/learning_ros2/chapt4/chapt4_ws/install/chapt4_interfaces/lib/pkgconfig/chapt4_interfaces.pc'
[0.482s] Level 1:colcon.colcon_core.environment:checking '/home/loser/learning_ros2/chapt4/chapt4_ws/install/chapt4_interfaces/lib/python3.10/site-packages'
[0.482s] Level 1:colcon.colcon_core.environment:checking '/home/loser/learning_ros2/chapt4/chapt4_ws/install/chapt4_interfaces/bin'
[0.482s] INFO:colcon.colcon_core.shell:Creating package script '/home/loser/learning_ros2/chapt4/chapt4_ws/install/chapt4_interfaces/share/chapt4_interfaces/package.ps1'
[0.483s] INFO:colcon.colcon_core.shell:Creating package descriptor '/home/loser/learning_ros2/chapt4/chapt4_ws/install/chapt4_interfaces/share/chapt4_interfaces/package.dsv'
[0.484s] INFO:colcon.colcon_core.shell:Creating package script '/home/loser/learning_ros2/chapt4/chapt4_ws/install/chapt4_interfaces/share/chapt4_interfaces/package.sh'
[0.484s] INFO:colcon.colcon_core.shell:Creating package script '/home/loser/learning_ros2/chapt4/chapt4_ws/install/chapt4_interfaces/share/chapt4_interfaces/package.bash'
[0.486s] INFO:colcon.colcon_core.shell:Creating package script '/home/loser/learning_ros2/chapt4/chapt4_ws/install/chapt4_interfaces/share/chapt4_interfaces/package.zsh'
[0.487s] Level 1:colcon.colcon_core.environment:create_file_with_runtime_dependencies(/home/loser/learning_ros2/chapt4/chapt4_ws/install/chapt4_interfaces/share/colcon-core/packages/chapt4_interfaces)
[0.487s] Level 1:colcon.colcon_core.environment:create_environment_scripts_only(chapt4_interfaces)
[0.487s] Level 1:colcon.colcon_core.environment:checking '/home/loser/learning_ros2/chapt4/chapt4_ws/install/chapt4_interfaces' for CMake module files
[0.488s] Level 1:colcon.colcon_core.environment:checking '/home/loser/learning_ros2/chapt4/chapt4_ws/install/chapt4_interfaces' for CMake config files
[0.488s] Level 1:colcon.colcon_core.shell:create_environment_hook('chapt4_interfaces', 'cmake_prefix_path')
[0.488s] INFO:colcon.colcon_core.shell:Creating environment hook '/home/loser/learning_ros2/chapt4/chapt4_ws/install/chapt4_interfaces/share/chapt4_interfaces/hook/cmake_prefix_path.ps1'
[0.488s] INFO:colcon.colcon_core.shell:Creating environment descriptor '/home/loser/learning_ros2/chapt4/chapt4_ws/install/chapt4_interfaces/share/chapt4_interfaces/hook/cmake_prefix_path.dsv'
[0.489s] INFO:colcon.colcon_core.shell:Creating environment hook '/home/loser/learning_ros2/chapt4/chapt4_ws/install/chapt4_interfaces/share/chapt4_interfaces/hook/cmake_prefix_path.sh'
[0.489s] Level 1:colcon.colcon_core.environment:checking '/home/loser/learning_ros2/chapt4/chapt4_ws/install/chapt4_interfaces/lib'
[0.489s] Level 1:colcon.colcon_core.shell:create_environment_hook('chapt4_interfaces', 'ld_library_path_lib')
[0.489s] INFO:colcon.colcon_core.shell:Creating environment hook '/home/loser/learning_ros2/chapt4/chapt4_ws/install/chapt4_interfaces/share/chapt4_interfaces/hook/ld_library_path_lib.ps1'
[0.489s] INFO:colcon.colcon_core.shell:Creating environment descriptor '/home/loser/learning_ros2/chapt4/chapt4_ws/install/chapt4_interfaces/share/chapt4_interfaces/hook/ld_library_path_lib.dsv'
[0.490s] INFO:colcon.colcon_core.shell:Creating environment hook '/home/loser/learning_ros2/chapt4/chapt4_ws/install/chapt4_interfaces/share/chapt4_interfaces/hook/ld_library_path_lib.sh'
[0.490s] Level 1:colcon.colcon_core.environment:checking '/home/loser/learning_ros2/chapt4/chapt4_ws/install/chapt4_interfaces/bin'
[0.490s] Level 1:colcon.colcon_core.environment:checking '/home/loser/learning_ros2/chapt4/chapt4_ws/install/chapt4_interfaces/lib/pkgconfig/chapt4_interfaces.pc'
[0.490s] Level 1:colcon.colcon_core.environment:checking '/home/loser/learning_ros2/chapt4/chapt4_ws/install/chapt4_interfaces/lib/python3.10/site-packages'
[0.491s] Level 1:colcon.colcon_core.environment:checking '/home/loser/learning_ros2/chapt4/chapt4_ws/install/chapt4_interfaces/bin'
[0.491s] INFO:colcon.colcon_core.shell:Creating package script '/home/loser/learning_ros2/chapt4/chapt4_ws/install/chapt4_interfaces/share/chapt4_interfaces/package.ps1'
[0.491s] INFO:colcon.colcon_core.shell:Creating package descriptor '/home/loser/learning_ros2/chapt4/chapt4_ws/install/chapt4_interfaces/share/chapt4_interfaces/package.dsv'
[0.492s] INFO:colcon.colcon_core.shell:Creating package script '/home/loser/learning_ros2/chapt4/chapt4_ws/install/chapt4_interfaces/share/chapt4_interfaces/package.sh'
[0.492s] INFO:colcon.colcon_core.shell:Creating package script '/home/loser/learning_ros2/chapt4/chapt4_ws/install/chapt4_interfaces/share/chapt4_interfaces/package.bash'
[0.492s] INFO:colcon.colcon_core.shell:Creating package script '/home/loser/learning_ros2/chapt4/chapt4_ws/install/chapt4_interfaces/share/chapt4_interfaces/package.zsh'
[0.492s] Level 1:colcon.colcon_core.environment:create_file_with_runtime_dependencies(/home/loser/learning_ros2/chapt4/chapt4_ws/install/chapt4_interfaces/share/colcon-core/packages/chapt4_interfaces)
[0.493s] INFO:colcon.colcon_ros.task.ament_cmake.build:Building ROS package in '/home/loser/learning_ros2/chapt4/chapt4_ws/src/demo_cpp_service' with build type 'ament_cmake'
[0.493s] INFO:colcon.colcon_cmake.task.cmake.build:Building CMake package in '/home/loser/learning_ros2/chapt4/chapt4_ws/src/demo_cpp_service'
[0.493s] INFO:colcon.colcon_core.shell:Skip shell extension 'powershell' for command environment: Not usable outside of PowerShell
[0.493s] DEBUG:colcon.colcon_core.shell:Skip shell extension 'dsv' for command environment
[0.495s] INFO:colcon.colcon_ros.task.ament_python.build:Building ROS package in '/home/loser/learning_ros2/chapt4/chapt4_ws/src/demo_python_service' with build type 'ament_python'
[0.495s] Level 1:colcon.colcon_core.shell:create_environment_hook('demo_python_service', 'ament_prefix_path')
[0.495s] INFO:colcon.colcon_core.shell:Creating environment hook '/home/loser/learning_ros2/chapt4/chapt4_ws/install/demo_python_service/share/demo_python_service/hook/ament_prefix_path.ps1'
[0.496s] INFO:colcon.colcon_core.shell:Creating environment descriptor '/home/loser/learning_ros2/chapt4/chapt4_ws/install/demo_python_service/share/demo_python_service/hook/ament_prefix_path.dsv'
[0.496s] INFO:colcon.colcon_core.shell:Creating environment hook '/home/loser/learning_ros2/chapt4/chapt4_ws/install/demo_python_service/share/demo_python_service/hook/ament_prefix_path.sh'
[0.496s] INFO:colcon.colcon_core.shell:Skip shell extension 'powershell' for command environment: Not usable outside of PowerShell
[0.496s] DEBUG:colcon.colcon_core.shell:Skip shell extension 'dsv' for command environment
[0.500s] DEBUG:colcon.colcon_core.event_handler.log_command:Invoking command in '/home/loser/learning_ros2/chapt4/chapt4_ws/build/demo_cpp_service': CMAKE_PREFIX_PATH=/home/loser/learning_ros2/chapt4/chapt4_ws/install/chapt4_interfaces:/home/loser/learning_ros2/chapt4/chapt4_ws/install/demo_cpp_service:/home/loser/learning_ros2/chapt4/chapt4_ws/install/demo_python_service:/opt/ros/humble LD_LIBRARY_PATH=/home/loser/learning_ros2/chapt4/chapt4_ws/install/chapt4_interfaces/lib:/usr/local/cuda-12.8/lib64:/opt/ros/humble/opt/rviz_ogre_vendor/lib:/opt/ros/humble/lib/x86_64-linux-gnu:/opt/ros/humble/lib:/usr/local/cuda-12.8/lib64 /usr/bin/cmake --build /home/loser/learning_ros2/chapt4/chapt4_ws/build/demo_cpp_service -- -j24 -l24
[0.628s] INFO:colcon.colcon_core.task.python.build:Building Python package in '/home/loser/learning_ros2/chapt4/chapt4_ws/src/demo_python_service'
[0.628s] INFO:colcon.colcon_core.shell:Skip shell extension 'powershell' for command environment: Not usable outside of PowerShell
[0.628s] DEBUG:colcon.colcon_core.shell:Skip shell extension 'dsv' for command environment
[0.632s] DEBUG:colcon.colcon_core.event_handler.log_command:Invoked command in '/home/loser/learning_ros2/chapt4/chapt4_ws/build/demo_cpp_service' returned '0': CMAKE_PREFIX_PATH=/home/loser/learning_ros2/chapt4/chapt4_ws/install/chapt4_interfaces:/home/loser/learning_ros2/chapt4/chapt4_ws/install/demo_cpp_service:/home/loser/learning_ros2/chapt4/chapt4_ws/install/demo_python_service:/opt/ros/humble LD_LIBRARY_PATH=/home/loser/learning_ros2/chapt4/chapt4_ws/install/chapt4_interfaces/lib:/usr/local/cuda-12.8/lib64:/opt/ros/humble/opt/rviz_ogre_vendor/lib:/opt/ros/humble/lib/x86_64-linux-gnu:/opt/ros/humble/lib:/usr/local/cuda-12.8/lib64 /usr/bin/cmake --build /home/loser/learning_ros2/chapt4/chapt4_ws/build/demo_cpp_service -- -j24 -l24
[0.632s] DEBUG:colcon.colcon_core.event_handler.log_command:Invoking command in '/home/loser/learning_ros2/chapt4/chapt4_ws/build/demo_cpp_service': CMAKE_PREFIX_PATH=/home/loser/learning_ros2/chapt4/chapt4_ws/install/chapt4_interfaces:/home/loser/learning_ros2/chapt4/chapt4_ws/install/demo_cpp_service:/home/loser/learning_ros2/chapt4/chapt4_ws/install/demo_python_service:/opt/ros/humble LD_LIBRARY_PATH=/home/loser/learning_ros2/chapt4/chapt4_ws/install/chapt4_interfaces/lib:/usr/local/cuda-12.8/lib64:/opt/ros/humble/opt/rviz_ogre_vendor/lib:/opt/ros/humble/lib/x86_64-linux-gnu:/opt/ros/humble/lib:/usr/local/cuda-12.8/lib64 /usr/bin/cmake --install /home/loser/learning_ros2/chapt4/chapt4_ws/build/demo_cpp_service
[0.640s] Level 1:colcon.colcon_core.environment:create_environment_scripts_only(demo_cpp_service)
[0.640s] Level 1:colcon.colcon_core.environment:checking '/home/loser/learning_ros2/chapt4/chapt4_ws/install/demo_cpp_service' for CMake module files
[0.641s] DEBUG:colcon.colcon_core.event_handler.log_command:Invoked command in '/home/loser/learning_ros2/chapt4/chapt4_ws/build/demo_cpp_service' returned '0': CMAKE_PREFIX_PATH=/home/loser/learning_ros2/chapt4/chapt4_ws/install/chapt4_interfaces:/home/loser/learning_ros2/chapt4/chapt4_ws/install/demo_cpp_service:/home/loser/learning_ros2/chapt4/chapt4_ws/install/demo_python_service:/opt/ros/humble LD_LIBRARY_PATH=/home/loser/learning_ros2/chapt4/chapt4_ws/install/chapt4_interfaces/lib:/usr/local/cuda-12.8/lib64:/opt/ros/humble/opt/rviz_ogre_vendor/lib:/opt/ros/humble/lib/x86_64-linux-gnu:/opt/ros/humble/lib:/usr/local/cuda-12.8/lib64 /usr/bin/cmake --install /home/loser/learning_ros2/chapt4/chapt4_ws/build/demo_cpp_service
[0.641s] Level 1:colcon.colcon_core.environment:checking '/home/loser/learning_ros2/chapt4/chapt4_ws/install/demo_cpp_service' for CMake config files
[0.641s] Level 1:colcon.colcon_core.shell:create_environment_hook('demo_cpp_service', 'cmake_prefix_path')
[0.641s] INFO:colcon.colcon_core.shell:Creating environment hook '/home/loser/learning_ros2/chapt4/chapt4_ws/install/demo_cpp_service/share/demo_cpp_service/hook/cmake_prefix_path.ps1'
[0.641s] INFO:colcon.colcon_core.shell:Creating environment descriptor '/home/loser/learning_ros2/chapt4/chapt4_ws/install/demo_cpp_service/share/demo_cpp_service/hook/cmake_prefix_path.dsv'
[0.641s] INFO:colcon.colcon_core.shell:Creating environment hook '/home/loser/learning_ros2/chapt4/chapt4_ws/install/demo_cpp_service/share/demo_cpp_service/hook/cmake_prefix_path.sh'
[0.642s] Level 1:colcon.colcon_core.environment:checking '/home/loser/learning_ros2/chapt4/chapt4_ws/install/demo_cpp_service/lib'
[0.642s] Level 1:colcon.colcon_core.environment:checking '/home/loser/learning_ros2/chapt4/chapt4_ws/install/demo_cpp_service/bin'
[0.642s] Level 1:colcon.colcon_core.environment:checking '/home/loser/learning_ros2/chapt4/chapt4_ws/install/demo_cpp_service/lib/pkgconfig/demo_cpp_service.pc'
[0.642s] Level 1:colcon.colcon_core.environment:checking '/home/loser/learning_ros2/chapt4/chapt4_ws/install/demo_cpp_service/lib/python3.10/site-packages'
[0.642s] Level 1:colcon.colcon_core.environment:checking '/home/loser/learning_ros2/chapt4/chapt4_ws/install/demo_cpp_service/bin'
[0.642s] INFO:colcon.colcon_core.shell:Creating package script '/home/loser/learning_ros2/chapt4/chapt4_ws/install/demo_cpp_service/share/demo_cpp_service/package.ps1'
[0.643s] INFO:colcon.colcon_core.shell:Creating package descriptor '/home/loser/learning_ros2/chapt4/chapt4_ws/install/demo_cpp_service/share/demo_cpp_service/package.dsv'
[0.643s] INFO:colcon.colcon_core.shell:Creating package script '/home/loser/learning_ros2/chapt4/chapt4_ws/install/demo_cpp_service/share/demo_cpp_service/package.sh'
[0.643s] INFO:colcon.colcon_core.shell:Creating package script '/home/loser/learning_ros2/chapt4/chapt4_ws/install/demo_cpp_service/share/demo_cpp_service/package.bash'
[0.643s] INFO:colcon.colcon_core.shell:Creating package script '/home/loser/learning_ros2/chapt4/chapt4_ws/install/demo_cpp_service/share/demo_cpp_service/package.zsh'
[0.644s] Level 1:colcon.colcon_core.environment:create_file_with_runtime_dependencies(/home/loser/learning_ros2/chapt4/chapt4_ws/install/demo_cpp_service/share/colcon-core/packages/demo_cpp_service)
[0.644s] Level 1:colcon.colcon_core.environment:create_environment_scripts_only(demo_cpp_service)
[0.644s] Level 1:colcon.colcon_core.environment:checking '/home/loser/learning_ros2/chapt4/chapt4_ws/install/demo_cpp_service' for CMake module files
[0.644s] Level 1:colcon.colcon_core.environment:checking '/home/loser/learning_ros2/chapt4/chapt4_ws/install/demo_cpp_service' for CMake config files
[0.644s] Level 1:colcon.colcon_core.shell:create_environment_hook('demo_cpp_service', 'cmake_prefix_path')
[0.644s] INFO:colcon.colcon_core.shell:Creating environment hook '/home/loser/learning_ros2/chapt4/chapt4_ws/install/demo_cpp_service/share/demo_cpp_service/hook/cmake_prefix_path.ps1'
[0.645s] INFO:colcon.colcon_core.shell:Creating environment descriptor '/home/loser/learning_ros2/chapt4/chapt4_ws/install/demo_cpp_service/share/demo_cpp_service/hook/cmake_prefix_path.dsv'
[0.645s] INFO:colcon.colcon_core.shell:Creating environment hook '/home/loser/learning_ros2/chapt4/chapt4_ws/install/demo_cpp_service/share/demo_cpp_service/hook/cmake_prefix_path.sh'
[0.645s] Level 1:colcon.colcon_core.environment:checking '/home/loser/learning_ros2/chapt4/chapt4_ws/install/demo_cpp_service/lib'
[0.645s] Level 1:colcon.colcon_core.environment:checking '/home/loser/learning_ros2/chapt4/chapt4_ws/install/demo_cpp_service/bin'
[0.645s] Level 1:colcon.colcon_core.environment:checking '/home/loser/learning_ros2/chapt4/chapt4_ws/install/demo_cpp_service/lib/pkgconfig/demo_cpp_service.pc'
[0.645s] Level 1:colcon.colcon_core.environment:checking '/home/loser/learning_ros2/chapt4/chapt4_ws/install/demo_cpp_service/lib/python3.10/site-packages'
[0.645s] Level 1:colcon.colcon_core.environment:checking '/home/loser/learning_ros2/chapt4/chapt4_ws/install/demo_cpp_service/bin'
[0.646s] INFO:colcon.colcon_core.shell:Creating package script '/home/loser/learning_ros2/chapt4/chapt4_ws/install/demo_cpp_service/share/demo_cpp_service/package.ps1'
[0.646s] INFO:colcon.colcon_core.shell:Creating package descriptor '/home/loser/learning_ros2/chapt4/chapt4_ws/install/demo_cpp_service/share/demo_cpp_service/package.dsv'
[0.646s] INFO:colcon.colcon_core.shell:Creating package script '/home/loser/learning_ros2/chapt4/chapt4_ws/install/demo_cpp_service/share/demo_cpp_service/package.sh'
[0.646s] INFO:colcon.colcon_core.shell:Creating package script '/home/loser/learning_ros2/chapt4/chapt4_ws/install/demo_cpp_service/share/demo_cpp_service/package.bash'
[0.647s] INFO:colcon.colcon_core.shell:Creating package script '/home/loser/learning_ros2/chapt4/chapt4_ws/install/demo_cpp_service/share/demo_cpp_service/package.zsh'
[0.647s] Level 1:colcon.colcon_core.environment:create_file_with_runtime_dependencies(/home/loser/learning_ros2/chapt4/chapt4_ws/install/demo_cpp_service/share/colcon-core/packages/demo_cpp_service)
[0.803s] DEBUG:colcon.colcon_core.task.python.build:Available setuptools commands: register, alias, install_scripts, egg_info, sdist, install_egg_info, rotate, test, bdist_dumb, build, bdist_egg, bdist_rpm, develop, bdist, upload, build_clib, upload_docs, install_data, easy_install, build_ext, setopt, install, bdist_wheel, clean, symlink_data, install_lib, saveopts, build_py, dist_info, build_scripts, install_headers, check
[0.804s] DEBUG:colcon.colcon_core.event_handler.log_command:Invoking command in '/home/loser/learning_ros2/chapt4/chapt4_ws/src/demo_python_service': CMAKE_PREFIX_PATH=/home/loser/learning_ros2/chapt4/chapt4_ws/install/chapt4_interfaces:/home/loser/learning_ros2/chapt4/chapt4_ws/install/demo_cpp_service LD_LIBRARY_PATH=/home/loser/learning_ros2/chapt4/chapt4_ws/install/chapt4_interfaces/lib:/usr/local/cuda-12.8/lib64:/opt/ros/humble/opt/rviz_ogre_vendor/lib:/opt/ros/humble/lib/x86_64-linux-gnu:/opt/ros/humble/lib:/usr/local/cuda-12.8/lib64 PYTHONPATH=/home/loser/learning_ros2/chapt4/chapt4_ws/build/demo_python_service/prefix_override:/usr/lib/python3/dist-packages/colcon_core/task/python/colcon_distutils_commands:/home/loser/learning_ros2/chapt4/chapt4_ws/install/demo_python_service/lib/python3.10/site-packages:${PYTHONPATH} /usr/bin/python3 -W ignore:setup.py install is deprecated -W ignore:easy_install command is deprecated setup.py egg_info --egg-base ../../build/demo_python_service build --build-base /home/loser/learning_ros2/chapt4/chapt4_ws/build/demo_python_service/build install --record /home/loser/learning_ros2/chapt4/chapt4_ws/build/demo_python_service/install.log --install-scripts $base/lib/demo_python_service --single-version-externally-managed install_data
[0.949s] Level 1:colcon.colcon_core.environment:checking '/home/loser/learning_ros2/chapt4/chapt4_ws/install/demo_python_service' for CMake module files
[0.950s] Level 1:colcon.colcon_core.environment:checking '/home/loser/learning_ros2/chapt4/chapt4_ws/install/demo_python_service' for CMake config files
[0.950s] Level 1:colcon.colcon_core.environment:checking '/home/loser/learning_ros2/chapt4/chapt4_ws/install/demo_python_service/lib'
[0.950s] Level 1:colcon.colcon_core.environment:checking '/home/loser/learning_ros2/chapt4/chapt4_ws/install/demo_python_service/bin'
[0.950s] Level 1:colcon.colcon_core.environment:checking '/home/loser/learning_ros2/chapt4/chapt4_ws/install/demo_python_service/lib/pkgconfig/demo_python_service.pc'
[0.950s] Level 1:colcon.colcon_core.environment:checking '/home/loser/learning_ros2/chapt4/chapt4_ws/install/demo_python_service/lib/python3.10/site-packages'
[0.950s] Level 1:colcon.colcon_core.shell:create_environment_hook('demo_python_service', 'pythonpath')
[0.950s] INFO:colcon.colcon_core.shell:Creating environment hook '/home/loser/learning_ros2/chapt4/chapt4_ws/install/demo_python_service/share/demo_python_service/hook/pythonpath.ps1'
[0.951s] DEBUG:colcon.colcon_core.event_handler.log_command:Invoked command in '/home/loser/learning_ros2/chapt4/chapt4_ws/src/demo_python_service' returned '0': CMAKE_PREFIX_PATH=/home/loser/learning_ros2/chapt4/chapt4_ws/install/chapt4_interfaces:/home/loser/learning_ros2/chapt4/chapt4_ws/install/demo_cpp_service LD_LIBRARY_PATH=/home/loser/learning_ros2/chapt4/chapt4_ws/install/chapt4_interfaces/lib:/usr/local/cuda-12.8/lib64:/opt/ros/humble/opt/rviz_ogre_vendor/lib:/opt/ros/humble/lib/x86_64-linux-gnu:/opt/ros/humble/lib:/usr/local/cuda-12.8/lib64 PYTHONPATH=/home/loser/learning_ros2/chapt4/chapt4_ws/build/demo_python_service/prefix_override:/usr/lib/python3/dist-packages/colcon_core/task/python/colcon_distutils_commands:/home/loser/learning_ros2/chapt4/chapt4_ws/install/demo_python_service/lib/python3.10/site-packages:${PYTHONPATH} /usr/bin/python3 -W ignore:setup.py install is deprecated -W ignore:easy_install command is deprecated setup.py egg_info --egg-base ../../build/demo_python_service build --build-base /home/loser/learning_ros2/chapt4/chapt4_ws/build/demo_python_service/build install --record /home/loser/learning_ros2/chapt4/chapt4_ws/build/demo_python_service/install.log --install-scripts $base/lib/demo_python_service --single-version-externally-managed install_data
[0.951s] INFO:colcon.colcon_core.shell:Creating environment descriptor '/home/loser/learning_ros2/chapt4/chapt4_ws/install/demo_python_service/share/demo_python_service/hook/pythonpath.dsv'
[0.952s] INFO:colcon.colcon_core.shell:Creating environment hook '/home/loser/learning_ros2/chapt4/chapt4_ws/install/demo_python_service/share/demo_python_service/hook/pythonpath.sh'
[0.952s] Level 1:colcon.colcon_core.environment:checking '/home/loser/learning_ros2/chapt4/chapt4_ws/install/demo_python_service/bin'
[0.952s] Level 1:colcon.colcon_core.environment:create_environment_scripts_only(demo_python_service)
[0.952s] INFO:colcon.colcon_core.shell:Creating package script '/home/loser/learning_ros2/chapt4/chapt4_ws/install/demo_python_service/share/demo_python_service/package.ps1'
[0.953s] INFO:colcon.colcon_core.shell:Creating package descriptor '/home/loser/learning_ros2/chapt4/chapt4_ws/install/demo_python_service/share/demo_python_service/package.dsv'
[0.953s] INFO:colcon.colcon_core.shell:Creating package script '/home/loser/learning_ros2/chapt4/chapt4_ws/install/demo_python_service/share/demo_python_service/package.sh'
[0.953s] INFO:colcon.colcon_core.shell:Creating package script '/home/loser/learning_ros2/chapt4/chapt4_ws/install/demo_python_service/share/demo_python_service/package.bash'
[0.953s] INFO:colcon.colcon_core.shell:Creating package script '/home/loser/learning_ros2/chapt4/chapt4_ws/install/demo_python_service/share/demo_python_service/package.zsh'
[0.954s] Level 1:colcon.colcon_core.environment:create_file_with_runtime_dependencies(/home/loser/learning_ros2/chapt4/chapt4_ws/install/demo_python_service/share/colcon-core/packages/demo_python_service)
[0.954s] DEBUG:colcon.colcon_parallel_executor.executor.parallel:closing loop
[0.954s] DEBUG:colcon.colcon_parallel_executor.executor.parallel:loop closed
[0.954s] DEBUG:colcon.colcon_parallel_executor.executor.parallel:run_until_complete finished with '0'
[0.954s] DEBUG:colcon.colcon_core.event_reactor:joining thread
[0.957s] INFO:colcon.colcon_core.plugin_system:Skipping extension 'colcon_notification.desktop_notification.terminal_notifier': Not used on non-Darwin systems
[0.957s] INFO:colcon.colcon_core.plugin_system:Skipping extension 'colcon_notification.desktop_notification.win32': Not used on non-Windows systems
[0.957s] INFO:colcon.colcon_notification.desktop_notification:Sending desktop notification using 'notify2'
[0.968s] DEBUG:colcon.colcon_core.event_reactor:joined thread
[0.968s] INFO:colcon.colcon_core.shell:Creating prefix script '/home/loser/learning_ros2/chapt4/chapt4_ws/install/local_setup.ps1'
[0.969s] INFO:colcon.colcon_core.shell:Creating prefix util module '/home/loser/learning_ros2/chapt4/chapt4_ws/install/_local_setup_util_ps1.py'
[0.969s] INFO:colcon.colcon_core.shell:Creating prefix chain script '/home/loser/learning_ros2/chapt4/chapt4_ws/install/setup.ps1'
[0.970s] INFO:colcon.colcon_core.shell:Creating prefix script '/home/loser/learning_ros2/chapt4/chapt4_ws/install/local_setup.sh'
[0.970s] INFO:colcon.colcon_core.shell:Creating prefix util module '/home/loser/learning_ros2/chapt4/chapt4_ws/install/_local_setup_util_sh.py'
[0.971s] INFO:colcon.colcon_core.shell:Creating prefix chain script '/home/loser/learning_ros2/chapt4/chapt4_ws/install/setup.sh'
[0.971s] INFO:colcon.colcon_core.shell:Creating prefix script '/home/loser/learning_ros2/chapt4/chapt4_ws/install/local_setup.bash'
[0.972s] INFO:colcon.colcon_core.shell:Creating prefix chain script '/home/loser/learning_ros2/chapt4/chapt4_ws/install/setup.bash'
[0.972s] INFO:colcon.colcon_core.shell:Creating prefix script '/home/loser/learning_ros2/chapt4/chapt4_ws/install/local_setup.zsh'
[0.973s] INFO:colcon.colcon_core.shell:Creating prefix chain script '/home/loser/learning_ros2/chapt4/chapt4_ws/install/setup.zsh'
