[0.008s] Invoking command in '/home/loser/learning_ros2/chapt2/chapt2_ws/build/demo_cpp_pkg': CMAKE_PREFIX_PATH=${CMAKE_PREFIX_PATH}:/home/loser/learning_ros2/chapt2/chapt2_ws/install/demo_python_pkg:/home/loser/learning_ros2/chapt2/install/demo_python_pkg:/opt/ros/humble /usr/bin/cmake --build /home/loser/learning_ros2/chapt2/chapt2_ws/build/demo_cpp_pkg -- -j24 -l24
[0.059s] [100%] Built target cpp_node
[0.068s] Invoked command in '/home/loser/learning_ros2/chapt2/chapt2_ws/build/demo_cpp_pkg' returned '0': CMAKE_PREFIX_PATH=${CMAKE_PREFIX_PATH}:/home/loser/learning_ros2/chapt2/chapt2_ws/install/demo_python_pkg:/home/loser/learning_ros2/chapt2/install/demo_python_pkg:/opt/ros/humble /usr/bin/cmake --build /home/loser/learning_ros2/chapt2/chapt2_ws/build/demo_cpp_pkg -- -j24 -l24
[0.074s] Invoking command in '/home/loser/learning_ros2/chapt2/chapt2_ws/build/demo_cpp_pkg': CMAKE_PREFIX_PATH=${CMAKE_PREFIX_PATH}:/home/loser/learning_ros2/chapt2/chapt2_ws/install/demo_python_pkg:/home/loser/learning_ros2/chapt2/install/demo_python_pkg:/opt/ros/humble /usr/bin/cmake --install /home/loser/learning_ros2/chapt2/chapt2_ws/build/demo_cpp_pkg
[0.081s] -- Install configuration: ""
[0.082s] -- Up-to-date: /home/loser/learning_ros2/chapt2/chapt2_ws/install/demo_cpp_pkg/lib/demo_cpp_pkg/cpp_node
[0.082s] -- Up-to-date: /home/loser/learning_ros2/chapt2/chapt2_ws/install/demo_cpp_pkg/share/ament_index/resource_index/package_run_dependencies/demo_cpp_pkg
[0.082s] -- Up-to-date: /home/loser/learning_ros2/chapt2/chapt2_ws/install/demo_cpp_pkg/share/ament_index/resource_index/parent_prefix_path/demo_cpp_pkg
[0.082s] -- Up-to-date: /home/loser/learning_ros2/chapt2/chapt2_ws/install/demo_cpp_pkg/share/demo_cpp_pkg/environment/ament_prefix_path.sh
[0.082s] -- Up-to-date: /home/loser/learning_ros2/chapt2/chapt2_ws/install/demo_cpp_pkg/share/demo_cpp_pkg/environment/ament_prefix_path.dsv
[0.082s] -- Up-to-date: /home/loser/learning_ros2/chapt2/chapt2_ws/install/demo_cpp_pkg/share/demo_cpp_pkg/environment/path.sh
[0.082s] -- Up-to-date: /home/loser/learning_ros2/chapt2/chapt2_ws/install/demo_cpp_pkg/share/demo_cpp_pkg/environment/path.dsv
[0.082s] -- Up-to-date: /home/loser/learning_ros2/chapt2/chapt2_ws/install/demo_cpp_pkg/share/demo_cpp_pkg/local_setup.bash
[0.082s] -- Up-to-date: /home/loser/learning_ros2/chapt2/chapt2_ws/install/demo_cpp_pkg/share/demo_cpp_pkg/local_setup.sh
[0.082s] -- Up-to-date: /home/loser/learning_ros2/chapt2/chapt2_ws/install/demo_cpp_pkg/share/demo_cpp_pkg/local_setup.zsh
[0.082s] -- Up-to-date: /home/loser/learning_ros2/chapt2/chapt2_ws/install/demo_cpp_pkg/share/demo_cpp_pkg/local_setup.dsv
[0.082s] -- Installing: /home/loser/learning_ros2/chapt2/chapt2_ws/install/demo_cpp_pkg/share/demo_cpp_pkg/package.dsv
[0.082s] -- Up-to-date: /home/loser/learning_ros2/chapt2/chapt2_ws/install/demo_cpp_pkg/share/ament_index/resource_index/packages/demo_cpp_pkg
[0.082s] -- Up-to-date: /home/loser/learning_ros2/chapt2/chapt2_ws/install/demo_cpp_pkg/share/demo_cpp_pkg/cmake/demo_cpp_pkgConfig.cmake
[0.082s] -- Up-to-date: /home/loser/learning_ros2/chapt2/chapt2_ws/install/demo_cpp_pkg/share/demo_cpp_pkg/cmake/demo_cpp_pkgConfig-version.cmake
[0.082s] -- Up-to-date: /home/loser/learning_ros2/chapt2/chapt2_ws/install/demo_cpp_pkg/share/demo_cpp_pkg/package.xml
[0.083s] Invoked command in '/home/loser/learning_ros2/chapt2/chapt2_ws/build/demo_cpp_pkg' returned '0': CMAKE_PREFIX_PATH=${CMAKE_PREFIX_PATH}:/home/loser/learning_ros2/chapt2/chapt2_ws/install/demo_python_pkg:/home/loser/learning_ros2/chapt2/install/demo_python_pkg:/opt/ros/humble /usr/bin/cmake --install /home/loser/learning_ros2/chapt2/chapt2_ws/build/demo_cpp_pkg
