[0.009s] Invoking command in '/home/loser/learning_ros2/chapt6/chapt6_ws/build/fishbot_description': CMAKE_PREFIX_PATH=${CMAKE_PREFIX_PATH}:/opt/ros/humble /usr/bin/cmake --build /home/loser/learning_ros2/chapt6/chapt6_ws/build/fishbot_description -- -j24 -l24
[0.021s] -- Found ament_cmake: 1.3.14 (/opt/ros/humble/share/ament_cmake/cmake)
[0.119s] -- Found ament_lint_auto: 0.12.15 (/opt/ros/humble/share/ament_lint_auto/cmake)
[0.167s] -- Added test 'flake8' to check Python code syntax and style conventions
[0.167s] -- Added test 'lint_cmake' to check CMake code style
[0.168s] -- Added test 'pep257' to check Python code against some of the docstring style conventions in PEP 257
[0.168s] -- Added test 'xmllint' to check XML markup files
[0.169s] -- Configuring done
[0.170s] -- Generating done
[0.171s] -- Build files have been written to: /home/loser/learning_ros2/chapt6/chapt6_ws/build/fishbot_description
[0.187s] Invoked command in '/home/loser/learning_ros2/chapt6/chapt6_ws/build/fishbot_description' returned '0': CMAKE_PREFIX_PATH=${CMAKE_PREFIX_PATH}:/opt/ros/humble /usr/bin/cmake --build /home/loser/learning_ros2/chapt6/chapt6_ws/build/fishbot_description -- -j24 -l24
[0.193s] Invoking command in '/home/loser/learning_ros2/chapt6/chapt6_ws/build/fishbot_description': CMAKE_PREFIX_PATH=${CMAKE_PREFIX_PATH}:/opt/ros/humble /usr/bin/cmake --install /home/loser/learning_ros2/chapt6/chapt6_ws/build/fishbot_description
[0.199s] -- Install configuration: ""
[0.200s] -- Up-to-date: /home/loser/learning_ros2/chapt6/chapt6_ws/install/fishbot_description/share/fishbot_description/launch
[0.200s] -- Installing: /home/loser/learning_ros2/chapt6/chapt6_ws/install/fishbot_description/share/fishbot_description/launch/display_robot.launch.py
[0.200s] -- Up-to-date: /home/loser/learning_ros2/chapt6/chapt6_ws/install/fishbot_description/share/fishbot_description/urdf
[0.200s] -- Up-to-date: /home/loser/learning_ros2/chapt6/chapt6_ws/install/fishbot_description/share/fishbot_description/urdf/first_robot.urdf
[0.200s] -- Installing: /home/loser/learning_ros2/chapt6/chapt6_ws/install/fishbot_description/share/fishbot_description/config
[0.200s] -- Installing: /home/loser/learning_ros2/chapt6/chapt6_ws/install/fishbot_description/share/fishbot_description/config/fish_robot.rviz
[0.200s] -- Up-to-date: /home/loser/learning_ros2/chapt6/chapt6_ws/install/fishbot_description/share/ament_index/resource_index/package_run_dependencies/fishbot_description
[0.200s] -- Installing: /home/loser/learning_ros2/chapt6/chapt6_ws/install/fishbot_description/share/ament_index/resource_index/parent_prefix_path/fishbot_description
[0.200s] -- Up-to-date: /home/loser/learning_ros2/chapt6/chapt6_ws/install/fishbot_description/share/fishbot_description/environment/ament_prefix_path.sh
[0.200s] -- Installing: /home/loser/learning_ros2/chapt6/chapt6_ws/install/fishbot_description/share/fishbot_description/environment/ament_prefix_path.dsv
[0.200s] -- Up-to-date: /home/loser/learning_ros2/chapt6/chapt6_ws/install/fishbot_description/share/fishbot_description/environment/path.sh
[0.200s] -- Installing: /home/loser/learning_ros2/chapt6/chapt6_ws/install/fishbot_description/share/fishbot_description/environment/path.dsv
[0.200s] -- Up-to-date: /home/loser/learning_ros2/chapt6/chapt6_ws/install/fishbot_description/share/fishbot_description/local_setup.bash
[0.200s] -- Up-to-date: /home/loser/learning_ros2/chapt6/chapt6_ws/install/fishbot_description/share/fishbot_description/local_setup.sh
[0.200s] -- Up-to-date: /home/loser/learning_ros2/chapt6/chapt6_ws/install/fishbot_description/share/fishbot_description/local_setup.zsh
[0.200s] -- Installing: /home/loser/learning_ros2/chapt6/chapt6_ws/install/fishbot_description/share/fishbot_description/local_setup.dsv
[0.200s] -- Installing: /home/loser/learning_ros2/chapt6/chapt6_ws/install/fishbot_description/share/fishbot_description/package.dsv
[0.200s] -- Up-to-date: /home/loser/learning_ros2/chapt6/chapt6_ws/install/fishbot_description/share/ament_index/resource_index/packages/fishbot_description
[0.200s] -- Up-to-date: /home/loser/learning_ros2/chapt6/chapt6_ws/install/fishbot_description/share/fishbot_description/cmake/fishbot_descriptionConfig.cmake
[0.200s] -- Up-to-date: /home/loser/learning_ros2/chapt6/chapt6_ws/install/fishbot_description/share/fishbot_description/cmake/fishbot_descriptionConfig-version.cmake
[0.200s] -- Up-to-date: /home/loser/learning_ros2/chapt6/chapt6_ws/install/fishbot_description/share/fishbot_description/package.xml
[0.201s] Invoked command in '/home/loser/learning_ros2/chapt6/chapt6_ws/build/fishbot_description' returned '0': CMAKE_PREFIX_PATH=${CMAKE_PREFIX_PATH}:/opt/ros/humble /usr/bin/cmake --install /home/loser/learning_ros2/chapt6/chapt6_ws/build/fishbot_description
