[0.051s] DEBUG:colcon:Command line arguments: ['/usr/bin/colcon', 'build', '--packages-select', 'demo_cpp_tf']
[0.051s] DEBUG:colcon:Parsed command line arguments: Namespace(log_base=None, log_level=None, verb_name='build', build_base='build', install_base='install', merge_install=False, symlink_install=False, test_result_base=None, continue_on_error=False, executor='parallel', parallel_workers=24, event_handlers=None, ignore_user_meta=False, metas=['./colcon.meta'], base_paths=['.'], packages_ignore=None, packages_ignore_regex=None, paths=None, packages_up_to=None, packages_up_to_regex=None, packages_above=None, packages_above_and_dependencies=None, packages_above_depth=None, packages_select_by_dep=None, packages_skip_by_dep=None, packages_skip_up_to=None, packages_select_build_failed=False, packages_skip_build_finished=False, packages_select_test_failures=False, packages_skip_test_passed=False, packages_select=['demo_cpp_tf'], packages_skip=None, packages_select_regex=None, packages_skip_regex=None, packages_start=None, packages_end=None, allow_overriding=[], cmake_args=None, cmake_target=None, cmake_target_skip_unavailable=False, cmake_clean_cache=False, cmake_clean_first=False, cmake_force_configure=False, ament_cmake_args=None, catkin_cmake_args=None, catkin_skip_building_tests=False, verb_parser=<colcon_defaults.argument_parser.defaults.DefaultArgumentsDecorator object at 0x72e52090c220>, verb_extension=<colcon_core.verb.build.BuildVerb object at 0x72e5209f98a0>, main=<bound method BuildVerb.main of <colcon_core.verb.build.BuildVerb object at 0x72e5209f98a0>>)
[0.123s] Level 1:colcon.colcon_core.package_discovery:discover_packages(colcon_meta) check parameters
[0.123s] Level 1:colcon.colcon_core.package_discovery:discover_packages(recursive) check parameters
[0.123s] Level 1:colcon.colcon_core.package_discovery:discover_packages(ignore) check parameters
[0.123s] Level 1:colcon.colcon_core.package_discovery:discover_packages(path) check parameters
[0.123s] Level 1:colcon.colcon_core.package_discovery:discover_packages(colcon_meta) discover
[0.123s] Level 1:colcon.colcon_core.package_discovery:discover_packages(recursive) discover
[0.123s] INFO:colcon.colcon_core.package_discovery:Crawling recursively for packages in '/home/loser/learning_ros2/chapt5/chapt5_ws'
[0.123s] Level 1:colcon.colcon_core.package_identification:_identify(.) by extensions ['ignore', 'ignore_ament_install']
[0.123s] Level 1:colcon.colcon_core.package_identification:_identify(.) by extension 'ignore'
[0.123s] Level 1:colcon.colcon_core.package_identification:_identify(.) by extension 'ignore_ament_install'
[0.123s] Level 1:colcon.colcon_core.package_identification:_identify(.) by extensions ['colcon_pkg']
[0.123s] Level 1:colcon.colcon_core.package_identification:_identify(.) by extension 'colcon_pkg'
[0.123s] Level 1:colcon.colcon_core.package_identification:_identify(.) by extensions ['colcon_meta']
[0.123s] Level 1:colcon.colcon_core.package_identification:_identify(.) by extension 'colcon_meta'
[0.123s] Level 1:colcon.colcon_core.package_identification:_identify(.) by extensions ['ros']
[0.123s] Level 1:colcon.colcon_core.package_identification:_identify(.) by extension 'ros'
[0.130s] Level 1:colcon.colcon_core.package_identification:_identify(.) by extensions ['cmake', 'python']
[0.130s] Level 1:colcon.colcon_core.package_identification:_identify(.) by extension 'cmake'
[0.130s] Level 1:colcon.colcon_core.package_identification:_identify(.) by extension 'python'
[0.130s] Level 1:colcon.colcon_core.package_identification:_identify(.) by extensions ['python_setup_py']
[0.130s] Level 1:colcon.colcon_core.package_identification:_identify(.) by extension 'python_setup_py'
[0.130s] Level 1:colcon.colcon_core.package_identification:_identify(build) by extensions ['ignore', 'ignore_ament_install']
[0.130s] Level 1:colcon.colcon_core.package_identification:_identify(build) by extension 'ignore'
[0.130s] Level 1:colcon.colcon_core.package_identification:_identify(build) ignored
[0.130s] Level 1:colcon.colcon_core.package_identification:_identify(install) by extensions ['ignore', 'ignore_ament_install']
[0.130s] Level 1:colcon.colcon_core.package_identification:_identify(install) by extension 'ignore'
[0.130s] Level 1:colcon.colcon_core.package_identification:_identify(install) ignored
[0.130s] Level 1:colcon.colcon_core.package_identification:_identify(log) by extensions ['ignore', 'ignore_ament_install']
[0.130s] Level 1:colcon.colcon_core.package_identification:_identify(log) by extension 'ignore'
[0.130s] Level 1:colcon.colcon_core.package_identification:_identify(log) ignored
[0.131s] Level 1:colcon.colcon_core.package_identification:_identify(src) by extensions ['ignore', 'ignore_ament_install']
[0.131s] Level 1:colcon.colcon_core.package_identification:_identify(src) by extension 'ignore'
[0.131s] Level 1:colcon.colcon_core.package_identification:_identify(src) by extension 'ignore_ament_install'
[0.131s] Level 1:colcon.colcon_core.package_identification:_identify(src) by extensions ['colcon_pkg']
[0.131s] Level 1:colcon.colcon_core.package_identification:_identify(src) by extension 'colcon_pkg'
[0.131s] Level 1:colcon.colcon_core.package_identification:_identify(src) by extensions ['colcon_meta']
[0.131s] Level 1:colcon.colcon_core.package_identification:_identify(src) by extension 'colcon_meta'
[0.131s] Level 1:colcon.colcon_core.package_identification:_identify(src) by extensions ['ros']
[0.131s] Level 1:colcon.colcon_core.package_identification:_identify(src) by extension 'ros'
[0.131s] Level 1:colcon.colcon_core.package_identification:_identify(src) by extensions ['cmake', 'python']
[0.131s] Level 1:colcon.colcon_core.package_identification:_identify(src) by extension 'cmake'
[0.131s] Level 1:colcon.colcon_core.package_identification:_identify(src) by extension 'python'
[0.131s] Level 1:colcon.colcon_core.package_identification:_identify(src) by extensions ['python_setup_py']
[0.131s] Level 1:colcon.colcon_core.package_identification:_identify(src) by extension 'python_setup_py'
[0.131s] Level 1:colcon.colcon_core.package_identification:_identify(src/demo_cpp_tf) by extensions ['ignore', 'ignore_ament_install']
[0.131s] Level 1:colcon.colcon_core.package_identification:_identify(src/demo_cpp_tf) by extension 'ignore'
[0.131s] Level 1:colcon.colcon_core.package_identification:_identify(src/demo_cpp_tf) by extension 'ignore_ament_install'
[0.131s] Level 1:colcon.colcon_core.package_identification:_identify(src/demo_cpp_tf) by extensions ['colcon_pkg']
[0.131s] Level 1:colcon.colcon_core.package_identification:_identify(src/demo_cpp_tf) by extension 'colcon_pkg'
[0.131s] Level 1:colcon.colcon_core.package_identification:_identify(src/demo_cpp_tf) by extensions ['colcon_meta']
[0.131s] Level 1:colcon.colcon_core.package_identification:_identify(src/demo_cpp_tf) by extension 'colcon_meta'
[0.131s] Level 1:colcon.colcon_core.package_identification:_identify(src/demo_cpp_tf) by extensions ['ros']
[0.131s] Level 1:colcon.colcon_core.package_identification:_identify(src/demo_cpp_tf) by extension 'ros'
[0.133s] DEBUG:colcon.colcon_core.package_identification:Package 'src/demo_cpp_tf' with type 'ros.ament_cmake' and name 'demo_cpp_tf'
[0.133s] Level 1:colcon.colcon_core.package_identification:_identify(src/demo_python_tf) by extensions ['ignore', 'ignore_ament_install']
[0.133s] Level 1:colcon.colcon_core.package_identification:_identify(src/demo_python_tf) by extension 'ignore'
[0.133s] Level 1:colcon.colcon_core.package_identification:_identify(src/demo_python_tf) by extension 'ignore_ament_install'
[0.133s] Level 1:colcon.colcon_core.package_identification:_identify(src/demo_python_tf) by extensions ['colcon_pkg']
[0.133s] Level 1:colcon.colcon_core.package_identification:_identify(src/demo_python_tf) by extension 'colcon_pkg'
[0.133s] Level 1:colcon.colcon_core.package_identification:_identify(src/demo_python_tf) by extensions ['colcon_meta']
[0.133s] Level 1:colcon.colcon_core.package_identification:_identify(src/demo_python_tf) by extension 'colcon_meta'
[0.133s] Level 1:colcon.colcon_core.package_identification:_identify(src/demo_python_tf) by extensions ['ros']
[0.133s] Level 1:colcon.colcon_core.package_identification:_identify(src/demo_python_tf) by extension 'ros'
[0.134s] DEBUG:colcon.colcon_core.package_identification:Package 'src/demo_python_tf' with type 'ros.ament_python' and name 'demo_python_tf'
[0.134s] Level 1:colcon.colcon_core.package_discovery:discover_packages(recursive) using defaults
[0.134s] Level 1:colcon.colcon_core.package_discovery:discover_packages(ignore) discover
[0.134s] Level 1:colcon.colcon_core.package_discovery:discover_packages(ignore) using defaults
[0.134s] Level 1:colcon.colcon_core.package_discovery:discover_packages(path) discover
[0.134s] Level 1:colcon.colcon_core.package_discovery:discover_packages(path) using defaults
[0.145s] INFO:colcon.colcon_core.package_selection:Skipping not selected package 'demo_python_tf' in 'src/demo_python_tf'
[0.145s] Level 1:colcon.colcon_core.package_discovery:discover_packages(prefix_path) check parameters
[0.145s] Level 1:colcon.colcon_core.package_discovery:discover_packages(prefix_path) discover
[0.146s] DEBUG:colcon.colcon_installed_package_information.package_discovery:Found 2 installed packages in /home/loser/learning_ros2/chapt5/chapt5_ws/install
[0.147s] DEBUG:colcon.colcon_installed_package_information.package_discovery:Found 274 installed packages in /opt/ros/humble
[0.154s] Level 1:colcon.colcon_core.package_discovery:discover_packages(prefix_path) using defaults
[0.172s] Level 5:colcon.colcon_core.verb:set package 'demo_cpp_tf' build argument 'cmake_args' from command line to 'None'
[0.172s] Level 5:colcon.colcon_core.verb:set package 'demo_cpp_tf' build argument 'cmake_target' from command line to 'None'
[0.172s] Level 5:colcon.colcon_core.verb:set package 'demo_cpp_tf' build argument 'cmake_target_skip_unavailable' from command line to 'False'
[0.172s] Level 5:colcon.colcon_core.verb:set package 'demo_cpp_tf' build argument 'cmake_clean_cache' from command line to 'False'
[0.172s] Level 5:colcon.colcon_core.verb:set package 'demo_cpp_tf' build argument 'cmake_clean_first' from command line to 'False'
[0.172s] Level 5:colcon.colcon_core.verb:set package 'demo_cpp_tf' build argument 'cmake_force_configure' from command line to 'False'
[0.172s] Level 5:colcon.colcon_core.verb:set package 'demo_cpp_tf' build argument 'ament_cmake_args' from command line to 'None'
[0.172s] Level 5:colcon.colcon_core.verb:set package 'demo_cpp_tf' build argument 'catkin_cmake_args' from command line to 'None'
[0.172s] Level 5:colcon.colcon_core.verb:set package 'demo_cpp_tf' build argument 'catkin_skip_building_tests' from command line to 'False'
[0.172s] DEBUG:colcon.colcon_core.verb:Building package 'demo_cpp_tf' with the following arguments: {'ament_cmake_args': None, 'build_base': '/home/loser/learning_ros2/chapt5/chapt5_ws/build/demo_cpp_tf', 'catkin_cmake_args': None, 'catkin_skip_building_tests': False, 'cmake_args': None, 'cmake_clean_cache': False, 'cmake_clean_first': False, 'cmake_force_configure': False, 'cmake_target': None, 'cmake_target_skip_unavailable': False, 'install_base': '/home/loser/learning_ros2/chapt5/chapt5_ws/install/demo_cpp_tf', 'merge_install': False, 'path': '/home/loser/learning_ros2/chapt5/chapt5_ws/src/demo_cpp_tf', 'symlink_install': False, 'test_result_base': None}
[0.172s] INFO:colcon.colcon_core.executor:Executing jobs using 'parallel' executor
[0.173s] DEBUG:colcon.colcon_parallel_executor.executor.parallel:run_until_complete
[0.173s] INFO:colcon.colcon_ros.task.ament_cmake.build:Building ROS package in '/home/loser/learning_ros2/chapt5/chapt5_ws/src/demo_cpp_tf' with build type 'ament_cmake'
[0.173s] INFO:colcon.colcon_cmake.task.cmake.build:Building CMake package in '/home/loser/learning_ros2/chapt5/chapt5_ws/src/demo_cpp_tf'
[0.174s] INFO:colcon.colcon_core.plugin_system:Skipping extension 'colcon_core.shell.bat': Not used on non-Windows systems
[0.174s] INFO:colcon.colcon_core.shell:Skip shell extension 'powershell' for command environment: Not usable outside of PowerShell
[0.174s] DEBUG:colcon.colcon_core.shell:Skip shell extension 'dsv' for command environment
[0.180s] DEBUG:colcon.colcon_core.event_handler.log_command:Invoking command in '/home/loser/learning_ros2/chapt5/chapt5_ws/build/demo_cpp_tf': CMAKE_PREFIX_PATH=${CMAKE_PREFIX_PATH}:/home/loser/learning_ros2/chapt5/chapt5_ws/install/demo_python_tf:/opt/ros/humble /usr/bin/cmake --build /home/loser/learning_ros2/chapt5/chapt5_ws/build/demo_cpp_tf -- -j24 -l24
[5.142s] DEBUG:colcon.colcon_core.event_handler.log_command:Invoked command in '/home/loser/learning_ros2/chapt5/chapt5_ws/build/demo_cpp_tf' returned '0': CMAKE_PREFIX_PATH=${CMAKE_PREFIX_PATH}:/home/loser/learning_ros2/chapt5/chapt5_ws/install/demo_python_tf:/opt/ros/humble /usr/bin/cmake --build /home/loser/learning_ros2/chapt5/chapt5_ws/build/demo_cpp_tf -- -j24 -l24
[5.150s] DEBUG:colcon.colcon_core.event_handler.log_command:Invoking command in '/home/loser/learning_ros2/chapt5/chapt5_ws/build/demo_cpp_tf': CMAKE_PREFIX_PATH=${CMAKE_PREFIX_PATH}:/home/loser/learning_ros2/chapt5/chapt5_ws/install/demo_python_tf:/opt/ros/humble /usr/bin/cmake --install /home/loser/learning_ros2/chapt5/chapt5_ws/build/demo_cpp_tf
[5.158s] Level 1:colcon.colcon_core.environment:create_environment_scripts_only(demo_cpp_tf)
[5.159s] DEBUG:colcon.colcon_core.event_handler.log_command:Invoked command in '/home/loser/learning_ros2/chapt5/chapt5_ws/build/demo_cpp_tf' returned '0': CMAKE_PREFIX_PATH=${CMAKE_PREFIX_PATH}:/home/loser/learning_ros2/chapt5/chapt5_ws/install/demo_python_tf:/opt/ros/humble /usr/bin/cmake --install /home/loser/learning_ros2/chapt5/chapt5_ws/build/demo_cpp_tf
[5.160s] Level 1:colcon.colcon_core.environment:checking '/home/loser/learning_ros2/chapt5/chapt5_ws/install/demo_cpp_tf' for CMake module files
[5.160s] Level 1:colcon.colcon_core.environment:checking '/home/loser/learning_ros2/chapt5/chapt5_ws/install/demo_cpp_tf' for CMake config files
[5.161s] Level 1:colcon.colcon_core.shell:create_environment_hook('demo_cpp_tf', 'cmake_prefix_path')
[5.161s] INFO:colcon.colcon_core.shell:Creating environment hook '/home/loser/learning_ros2/chapt5/chapt5_ws/install/demo_cpp_tf/share/demo_cpp_tf/hook/cmake_prefix_path.ps1'
[5.161s] INFO:colcon.colcon_core.shell:Creating environment descriptor '/home/loser/learning_ros2/chapt5/chapt5_ws/install/demo_cpp_tf/share/demo_cpp_tf/hook/cmake_prefix_path.dsv'
[5.162s] INFO:colcon.colcon_core.shell:Creating environment hook '/home/loser/learning_ros2/chapt5/chapt5_ws/install/demo_cpp_tf/share/demo_cpp_tf/hook/cmake_prefix_path.sh'
[5.162s] Level 1:colcon.colcon_core.environment:checking '/home/loser/learning_ros2/chapt5/chapt5_ws/install/demo_cpp_tf/lib'
[5.162s] Level 1:colcon.colcon_core.environment:checking '/home/loser/learning_ros2/chapt5/chapt5_ws/install/demo_cpp_tf/bin'
[5.162s] Level 1:colcon.colcon_core.environment:checking '/home/loser/learning_ros2/chapt5/chapt5_ws/install/demo_cpp_tf/lib/pkgconfig/demo_cpp_tf.pc'
[5.163s] Level 1:colcon.colcon_core.environment:checking '/home/loser/learning_ros2/chapt5/chapt5_ws/install/demo_cpp_tf/lib/python3.10/site-packages'
[5.163s] Level 1:colcon.colcon_core.environment:checking '/home/loser/learning_ros2/chapt5/chapt5_ws/install/demo_cpp_tf/bin'
[5.163s] INFO:colcon.colcon_core.shell:Creating package script '/home/loser/learning_ros2/chapt5/chapt5_ws/install/demo_cpp_tf/share/demo_cpp_tf/package.ps1'
[5.163s] INFO:colcon.colcon_core.shell:Creating package descriptor '/home/loser/learning_ros2/chapt5/chapt5_ws/install/demo_cpp_tf/share/demo_cpp_tf/package.dsv'
[5.164s] INFO:colcon.colcon_core.shell:Creating package script '/home/loser/learning_ros2/chapt5/chapt5_ws/install/demo_cpp_tf/share/demo_cpp_tf/package.sh'
[5.164s] INFO:colcon.colcon_core.shell:Creating package script '/home/loser/learning_ros2/chapt5/chapt5_ws/install/demo_cpp_tf/share/demo_cpp_tf/package.bash'
[5.165s] INFO:colcon.colcon_core.shell:Creating package script '/home/loser/learning_ros2/chapt5/chapt5_ws/install/demo_cpp_tf/share/demo_cpp_tf/package.zsh'
[5.165s] Level 1:colcon.colcon_core.environment:create_file_with_runtime_dependencies(/home/loser/learning_ros2/chapt5/chapt5_ws/install/demo_cpp_tf/share/colcon-core/packages/demo_cpp_tf)
[5.165s] Level 1:colcon.colcon_core.environment:create_environment_scripts_only(demo_cpp_tf)
[5.165s] Level 1:colcon.colcon_core.environment:checking '/home/loser/learning_ros2/chapt5/chapt5_ws/install/demo_cpp_tf' for CMake module files
[5.166s] Level 1:colcon.colcon_core.environment:checking '/home/loser/learning_ros2/chapt5/chapt5_ws/install/demo_cpp_tf' for CMake config files
[5.166s] Level 1:colcon.colcon_core.shell:create_environment_hook('demo_cpp_tf', 'cmake_prefix_path')
[5.166s] INFO:colcon.colcon_core.shell:Creating environment hook '/home/loser/learning_ros2/chapt5/chapt5_ws/install/demo_cpp_tf/share/demo_cpp_tf/hook/cmake_prefix_path.ps1'
[5.166s] INFO:colcon.colcon_core.shell:Creating environment descriptor '/home/loser/learning_ros2/chapt5/chapt5_ws/install/demo_cpp_tf/share/demo_cpp_tf/hook/cmake_prefix_path.dsv'
[5.166s] INFO:colcon.colcon_core.shell:Creating environment hook '/home/loser/learning_ros2/chapt5/chapt5_ws/install/demo_cpp_tf/share/demo_cpp_tf/hook/cmake_prefix_path.sh'
[5.166s] Level 1:colcon.colcon_core.environment:checking '/home/loser/learning_ros2/chapt5/chapt5_ws/install/demo_cpp_tf/lib'
[5.167s] Level 1:colcon.colcon_core.environment:checking '/home/loser/learning_ros2/chapt5/chapt5_ws/install/demo_cpp_tf/bin'
[5.167s] Level 1:colcon.colcon_core.environment:checking '/home/loser/learning_ros2/chapt5/chapt5_ws/install/demo_cpp_tf/lib/pkgconfig/demo_cpp_tf.pc'
[5.167s] Level 1:colcon.colcon_core.environment:checking '/home/loser/learning_ros2/chapt5/chapt5_ws/install/demo_cpp_tf/lib/python3.10/site-packages'
[5.167s] Level 1:colcon.colcon_core.environment:checking '/home/loser/learning_ros2/chapt5/chapt5_ws/install/demo_cpp_tf/bin'
[5.167s] INFO:colcon.colcon_core.shell:Creating package script '/home/loser/learning_ros2/chapt5/chapt5_ws/install/demo_cpp_tf/share/demo_cpp_tf/package.ps1'
[5.167s] INFO:colcon.colcon_core.shell:Creating package descriptor '/home/loser/learning_ros2/chapt5/chapt5_ws/install/demo_cpp_tf/share/demo_cpp_tf/package.dsv'
[5.168s] INFO:colcon.colcon_core.shell:Creating package script '/home/loser/learning_ros2/chapt5/chapt5_ws/install/demo_cpp_tf/share/demo_cpp_tf/package.sh'
[5.168s] INFO:colcon.colcon_core.shell:Creating package script '/home/loser/learning_ros2/chapt5/chapt5_ws/install/demo_cpp_tf/share/demo_cpp_tf/package.bash'
[5.168s] INFO:colcon.colcon_core.shell:Creating package script '/home/loser/learning_ros2/chapt5/chapt5_ws/install/demo_cpp_tf/share/demo_cpp_tf/package.zsh'
[5.168s] Level 1:colcon.colcon_core.environment:create_file_with_runtime_dependencies(/home/loser/learning_ros2/chapt5/chapt5_ws/install/demo_cpp_tf/share/colcon-core/packages/demo_cpp_tf)
[5.168s] DEBUG:colcon.colcon_parallel_executor.executor.parallel:closing loop
[5.169s] DEBUG:colcon.colcon_parallel_executor.executor.parallel:loop closed
[5.169s] DEBUG:colcon.colcon_parallel_executor.executor.parallel:run_until_complete finished with '0'
[5.169s] DEBUG:colcon.colcon_core.event_reactor:joining thread
[5.172s] INFO:colcon.colcon_core.plugin_system:Skipping extension 'colcon_notification.desktop_notification.terminal_notifier': Not used on non-Darwin systems
[5.172s] INFO:colcon.colcon_core.plugin_system:Skipping extension 'colcon_notification.desktop_notification.win32': Not used on non-Windows systems
[5.172s] INFO:colcon.colcon_notification.desktop_notification:Sending desktop notification using 'notify2'
[5.179s] DEBUG:colcon.colcon_core.event_reactor:joined thread
[5.179s] INFO:colcon.colcon_core.shell:Creating prefix script '/home/loser/learning_ros2/chapt5/chapt5_ws/install/local_setup.ps1'
[5.180s] INFO:colcon.colcon_core.shell:Creating prefix util module '/home/loser/learning_ros2/chapt5/chapt5_ws/install/_local_setup_util_ps1.py'
[5.181s] INFO:colcon.colcon_core.shell:Creating prefix chain script '/home/loser/learning_ros2/chapt5/chapt5_ws/install/setup.ps1'
[5.181s] INFO:colcon.colcon_core.shell:Creating prefix script '/home/loser/learning_ros2/chapt5/chapt5_ws/install/local_setup.sh'
[5.181s] INFO:colcon.colcon_core.shell:Creating prefix util module '/home/loser/learning_ros2/chapt5/chapt5_ws/install/_local_setup_util_sh.py'
[5.182s] INFO:colcon.colcon_core.shell:Creating prefix chain script '/home/loser/learning_ros2/chapt5/chapt5_ws/install/setup.sh'
[5.182s] INFO:colcon.colcon_core.shell:Creating prefix script '/home/loser/learning_ros2/chapt5/chapt5_ws/install/local_setup.bash'
[5.184s] INFO:colcon.colcon_core.shell:Creating prefix chain script '/home/loser/learning_ros2/chapt5/chapt5_ws/install/setup.bash'
[5.185s] INFO:colcon.colcon_core.shell:Creating prefix script '/home/loser/learning_ros2/chapt5/chapt5_ws/install/local_setup.zsh'
[5.185s] INFO:colcon.colcon_core.shell:Creating prefix chain script '/home/loser/learning_ros2/chapt5/chapt5_ws/install/setup.zsh'
