[0.008s] Invoking command in '/home/loser/learning_ros2/chapt2/chapt2_ws/build/demo_cpp_pkg': CMAKE_PREFIX_PATH=${CMAKE_PREFIX_PATH}:/home/loser/learning_ros2/chapt2/chapt2_ws/install/demo_python_pkg:/opt/ros/humble /usr/bin/cmake --build /home/loser/learning_ros2/chapt2/chapt2_ws/build/demo_cpp_pkg -- -j24 -l24
[0.055s] [35m[1mConsolidate compiler generated dependencies of target learn_shared_ptr[0m
[0.065s] [ 25%] Built target learn_auto
[0.065s] [ 50%] Built target person_node
[0.065s] [ 75%] Built target learn_shared_ptr
[0.067s] [100%] Built target cpp_node
[0.078s] Invoked command in '/home/loser/learning_ros2/chapt2/chapt2_ws/build/demo_cpp_pkg' returned '0': CMAKE_PREFIX_PATH=${CMAKE_PREFIX_PATH}:/home/loser/learning_ros2/chapt2/chapt2_ws/install/demo_python_pkg:/opt/ros/humble /usr/bin/cmake --build /home/loser/learning_ros2/chapt2/chapt2_ws/build/demo_cpp_pkg -- -j24 -l24
[0.087s] Invoking command in '/home/loser/learning_ros2/chapt2/chapt2_ws/build/demo_cpp_pkg': CMAKE_PREFIX_PATH=${CMAKE_PREFIX_PATH}:/home/loser/learning_ros2/chapt2/chapt2_ws/install/demo_python_pkg:/opt/ros/humble /usr/bin/cmake --install /home/loser/learning_ros2/chapt2/chapt2_ws/build/demo_cpp_pkg
[0.092s] -- Install configuration: ""
[0.093s] -- Up-to-date: /home/loser/learning_ros2/chapt2/chapt2_ws/install/demo_cpp_pkg/lib/demo_cpp_pkg/cpp_node
[0.093s] -- Up-to-date: /home/loser/learning_ros2/chapt2/chapt2_ws/install/demo_cpp_pkg/lib/demo_cpp_pkg/person_node
[0.093s] -- Up-to-date: /home/loser/learning_ros2/chapt2/chapt2_ws/install/demo_cpp_pkg/lib/demo_cpp_pkg/learn_auto
[0.093s] -- Up-to-date: /home/loser/learning_ros2/chapt2/chapt2_ws/install/demo_cpp_pkg/lib/demo_cpp_pkg/learn_shared_ptr
[0.093s] -- Up-to-date: /home/loser/learning_ros2/chapt2/chapt2_ws/install/demo_cpp_pkg/share/ament_index/resource_index/package_run_dependencies/demo_cpp_pkg
[0.094s] -- Up-to-date: /home/loser/learning_ros2/chapt2/chapt2_ws/install/demo_cpp_pkg/share/ament_index/resource_index/parent_prefix_path/demo_cpp_pkg
[0.094s] -- Up-to-date: /home/loser/learning_ros2/chapt2/chapt2_ws/install/demo_cpp_pkg/share/demo_cpp_pkg/environment/ament_prefix_path.sh
[0.094s] -- Up-to-date: /home/loser/learning_ros2/chapt2/chapt2_ws/install/demo_cpp_pkg/share/demo_cpp_pkg/environment/ament_prefix_path.dsv
[0.094s] -- Up-to-date: /home/loser/learning_ros2/chapt2/chapt2_ws/install/demo_cpp_pkg/share/demo_cpp_pkg/environment/path.sh
[0.094s] -- Up-to-date: /home/loser/learning_ros2/chapt2/chapt2_ws/install/demo_cpp_pkg/share/demo_cpp_pkg/environment/path.dsv
[0.094s] -- Up-to-date: /home/loser/learning_ros2/chapt2/chapt2_ws/install/demo_cpp_pkg/share/demo_cpp_pkg/local_setup.bash
[0.094s] -- Up-to-date: /home/loser/learning_ros2/chapt2/chapt2_ws/install/demo_cpp_pkg/share/demo_cpp_pkg/local_setup.sh
[0.094s] -- Up-to-date: /home/loser/learning_ros2/chapt2/chapt2_ws/install/demo_cpp_pkg/share/demo_cpp_pkg/local_setup.zsh
[0.094s] -- Up-to-date: /home/loser/learning_ros2/chapt2/chapt2_ws/install/demo_cpp_pkg/share/demo_cpp_pkg/local_setup.dsv
[0.094s] -- Installing: /home/loser/learning_ros2/chapt2/chapt2_ws/install/demo_cpp_pkg/share/demo_cpp_pkg/package.dsv
[0.094s] -- Up-to-date: /home/loser/learning_ros2/chapt2/chapt2_ws/install/demo_cpp_pkg/share/ament_index/resource_index/packages/demo_cpp_pkg
[0.094s] -- Up-to-date: /home/loser/learning_ros2/chapt2/chapt2_ws/install/demo_cpp_pkg/share/demo_cpp_pkg/cmake/demo_cpp_pkgConfig.cmake
[0.094s] -- Up-to-date: /home/loser/learning_ros2/chapt2/chapt2_ws/install/demo_cpp_pkg/share/demo_cpp_pkg/cmake/demo_cpp_pkgConfig-version.cmake
[0.094s] -- Up-to-date: /home/loser/learning_ros2/chapt2/chapt2_ws/install/demo_cpp_pkg/share/demo_cpp_pkg/package.xml
[0.096s] Invoked command in '/home/loser/learning_ros2/chapt2/chapt2_ws/build/demo_cpp_pkg' returned '0': CMAKE_PREFIX_PATH=${CMAKE_PREFIX_PATH}:/home/loser/learning_ros2/chapt2/chapt2_ws/install/demo_python_pkg:/opt/ros/humble /usr/bin/cmake --install /home/loser/learning_ros2/chapt2/chapt2_ws/build/demo_cpp_pkg
