[0.006s] Invoking command in '/home/loser/learning_ros2/chapt4/chapt4_ws/build/chapt4_interfaces': CMAKE_PREFIX_PATH=/opt/ros/humble /usr/bin/cmake --build /home/loser/learning_ros2/chapt4/chapt4_ws/build/chapt4_interfaces -- -j24 -l24
[0.027s] -- Found ament_cmake: 1.3.14 (/opt/ros/humble/share/ament_cmake/cmake)
[0.095s] -- Found sensor_msgs: 4.9.2 (/opt/ros/humble/share/sensor_msgs/cmake)
[0.106s] -- Found rosidl_generator_c: 3.1.9 (/opt/ros/humble/share/rosidl_generator_c/cmake)
[0.107s] -- Found rosidl_adapter: 3.1.9 (/opt/ros/humble/share/rosidl_adapter/cmake)
[0.110s] -- Found rosidl_generator_cpp: 3.1.9 (/opt/ros/humble/share/rosidl_generator_cpp/cmake)
[0.117s] -- Using all available rosidl_typesupport_c: rosidl_typesupport_fastrtps_c;rosidl_typesupport_introspection_c
[0.121s] -- Using all available rosidl_typesupport_cpp: rosidl_typesupport_fastrtps_cpp;rosidl_typesupport_introspection_cpp
[0.146s] -- Found rosidl_default_generators: 1.2.1 (/opt/ros/humble/share/rosidl_default_generators/cmake)
[0.305s] -- Found ament_cmake_ros: 0.10.1 (/opt/ros/humble/share/ament_cmake_ros/cmake)
[0.556s] -- Using all available rosidl_typesupport_c: rosidl_typesupport_fastrtps_c;rosidl_typesupport_introspection_c
[0.651s] -- Using all available rosidl_typesupport_cpp: rosidl_typesupport_fastrtps_cpp;rosidl_typesupport_introspection_cpp
[0.662s] -- Found PythonInterp: /usr/bin/python3 (found suitable version "3.10.12", minimum required is "3.6") 
[0.662s] -- Found python_cmake_module: 0.10.0 (/opt/ros/humble/share/python_cmake_module/cmake)
[0.677s] -- Found PythonLibs: /usr/lib/x86_64-linux-gnu/libpython3.10.so (found suitable version "3.10.12", minimum required is "3.5") 
[0.677s] -- Using PYTHON_EXECUTABLE: /usr/bin/python3
[0.677s] -- Using PYTHON_INCLUDE_DIRS: /usr/include/python3.10
[0.677s] -- Using PYTHON_LIBRARIES: /usr/lib/x86_64-linux-gnu/libpython3.10.so
[0.689s] -- Found PythonExtra: .so  
[0.777s] -- Found ament_lint_auto: 0.12.15 (/opt/ros/humble/share/ament_lint_auto/cmake)
[0.781s] -- Added test 'lint_cmake' to check CMake code style
[0.781s] -- Added test 'xmllint' to check XML markup files
[0.782s] -- Configuring done
[0.802s] -- Generating done
[0.808s] -- Build files have been written to: /home/loser/learning_ros2/chapt4/chapt4_ws/build/chapt4_interfaces
[0.830s] [  3%] [34m[1mGenerating C code for ROS interfaces[0m
[0.836s] [  6%] [34m[1mGenerating C++ code for ROS interfaces[0m
[0.838s] [  9%] [34m[1mGenerating Rust code for ROS interfaces[0m
[0.842s] [  9%] Built target ament_cmake_python_copy_chapt4_interfaces
[0.987s] running egg_info
[0.988s] creating chapt4_interfaces.egg-info
[0.988s] writing chapt4_interfaces.egg-info/PKG-INFO
[0.988s] writing dependency_links to chapt4_interfaces.egg-info/dependency_links.txt
[0.988s] writing top-level names to chapt4_interfaces.egg-info/top_level.txt
[0.988s] writing manifest file 'chapt4_interfaces.egg-info/SOURCES.txt'
[0.992s] reading manifest file 'chapt4_interfaces.egg-info/SOURCES.txt'
[0.992s] writing manifest file 'chapt4_interfaces.egg-info/SOURCES.txt'
[1.011s] [  9%] Built target ament_cmake_python_build_chapt4_interfaces_egg
[1.017s] [  9%] Built target chapt4_interfaces__rs
[1.035s] [  9%] Built target chapt4_interfaces__cpp
[1.042s] [ 12%] [34m[1mGenerating C++ introspection for ROS interfaces[0m
[1.042s] [ 15%] [34m[1mGenerating C++ type support for eProsima Fast-RTPS[0m
[1.043s] [ 18%] [34m[1mGenerating C++ type support dispatch for ROS interfaces[0m
[1.049s] [ 21%] [32mBuilding C object CMakeFiles/chapt4_interfaces__rosidl_generator_c.dir/rosidl_generator_c/chapt4_interfaces/srv/detail/face_detector__functions.c.o[0m
[1.097s] [ 25%] [32m[1mLinking C shared library libchapt4_interfaces__rosidl_generator_c.so[0m
[1.132s] [ 25%] Built target chapt4_interfaces__rosidl_generator_c
[1.142s] [ 31%] [34m[1mGenerating C introspection for ROS interfaces[0m
[1.142s] [ 31%] [34m[1mGenerating C type support dispatch for ROS interfaces[0m
[1.142s] [ 34%] [34m[1mGenerating C type support for eProsima Fast-RTPS[0m
[1.218s] [ 37%] [32mBuilding CXX object CMakeFiles/chapt4_interfaces__rosidl_typesupport_cpp.dir/rosidl_typesupport_cpp/chapt4_interfaces/srv/face_detector__type_support.cpp.o[0m
[1.247s] [ 40%] [32mBuilding CXX object CMakeFiles/chapt4_interfaces__rosidl_typesupport_introspection_cpp.dir/rosidl_typesupport_introspection_cpp/chapt4_interfaces/srv/detail/face_detector__type_support.cpp.o[0m
[1.265s] [ 43%] [32mBuilding CXX object CMakeFiles/chapt4_interfaces__rosidl_typesupport_fastrtps_cpp.dir/rosidl_typesupport_fastrtps_cpp/chapt4_interfaces/srv/detail/dds_fastrtps/face_detector__type_support.cpp.o[0m
[1.342s] [ 46%] [32mBuilding CXX object CMakeFiles/chapt4_interfaces__rosidl_typesupport_c.dir/rosidl_typesupport_c/chapt4_interfaces/srv/face_detector__type_support.cpp.o[0m
[1.369s] [ 50%] [32m[1mLinking CXX shared library libchapt4_interfaces__rosidl_typesupport_c.so[0m
[1.373s] [ 53%] [32mBuilding C object CMakeFiles/chapt4_interfaces__rosidl_typesupport_introspection_c.dir/rosidl_typesupport_introspection_c/chapt4_interfaces/srv/detail/face_detector__type_support.c.o[0m
[1.401s] [ 56%] [32mBuilding CXX object CMakeFiles/chapt4_interfaces__rosidl_typesupport_fastrtps_c.dir/rosidl_typesupport_fastrtps_c/chapt4_interfaces/srv/detail/face_detector__type_support_c.cpp.o[0m
[1.406s] [ 56%] Built target chapt4_interfaces__rosidl_typesupport_c
[1.406s] [ 59%] [32m[1mLinking C shared library libchapt4_interfaces__rosidl_typesupport_introspection_c.so[0m
[1.416s] [ 62%] [32m[1mLinking CXX shared library libchapt4_interfaces__rosidl_typesupport_cpp.so[0m
[1.437s] [ 62%] Built target chapt4_interfaces__rosidl_typesupport_introspection_c
[1.450s] [ 62%] Built target chapt4_interfaces__rosidl_typesupport_cpp
[1.543s] [ 65%] [32m[1mLinking CXX shared library libchapt4_interfaces__rosidl_typesupport_introspection_cpp.so[0m
[1.597s] [ 68%] [32m[1mLinking CXX shared library libchapt4_interfaces__rosidl_typesupport_fastrtps_cpp.so[0m
[1.598s] [ 71%] [32m[1mLinking CXX shared library libchapt4_interfaces__rosidl_typesupport_fastrtps_c.so[0m
[1.607s] [ 71%] Built target chapt4_interfaces__rosidl_typesupport_introspection_cpp
[1.649s] [ 71%] Built target chapt4_interfaces__rosidl_typesupport_fastrtps_cpp
[1.652s] [ 71%] Built target chapt4_interfaces__rosidl_typesupport_fastrtps_c
[1.663s] [ 71%] Built target chapt4_interfaces
[1.676s] [ 75%] [34m[1mGenerating Python code for ROS interfaces[0m
[1.904s] [ 75%] Built target chapt4_interfaces__py
[1.916s] [ 78%] [32mBuilding C object CMakeFiles/chapt4_interfaces__rosidl_generator_py.dir/rosidl_generator_py/chapt4_interfaces/srv/_face_detector_s.c.o[0m
[1.984s] [ 81%] [32m[1mLinking C shared library rosidl_generator_py/chapt4_interfaces/libchapt4_interfaces__rosidl_generator_py.so[0m
[2.013s] [ 81%] Built target chapt4_interfaces__rosidl_generator_py
[2.031s] [ 87%] [32mBuilding C object CMakeFiles/chapt4_interfaces__rosidl_typesupport_introspection_c__pyext.dir/rosidl_generator_py/chapt4_interfaces/_chapt4_interfaces_s.ep.rosidl_typesupport_introspection_c.c.o[0m
[2.031s] [ 87%] [32mBuilding C object CMakeFiles/chapt4_interfaces__rosidl_typesupport_fastrtps_c__pyext.dir/rosidl_generator_py/chapt4_interfaces/_chapt4_interfaces_s.ep.rosidl_typesupport_fastrtps_c.c.o[0m
[2.031s] [ 90%] [32mBuilding C object CMakeFiles/chapt4_interfaces__rosidl_typesupport_c__pyext.dir/rosidl_generator_py/chapt4_interfaces/_chapt4_interfaces_s.ep.rosidl_typesupport_c.c.o[0m
[2.091s] [ 93%] [32m[1mLinking C shared library rosidl_generator_py/chapt4_interfaces/chapt4_interfaces_s__rosidl_typesupport_c.cpython-310-x86_64-linux-gnu.so[0m
[2.093s] [ 96%] [32m[1mLinking C shared library rosidl_generator_py/chapt4_interfaces/chapt4_interfaces_s__rosidl_typesupport_fastrtps_c.cpython-310-x86_64-linux-gnu.so[0m
[2.093s] [100%] [32m[1mLinking C shared library rosidl_generator_py/chapt4_interfaces/chapt4_interfaces_s__rosidl_typesupport_introspection_c.cpython-310-x86_64-linux-gnu.so[0m
[2.121s] [100%] Built target chapt4_interfaces__rosidl_typesupport_introspection_c__pyext
[2.121s] [100%] Built target chapt4_interfaces__rosidl_typesupport_fastrtps_c__pyext
[2.121s] [100%] Built target chapt4_interfaces__rosidl_typesupport_c__pyext
[2.127s] Invoked command in '/home/loser/learning_ros2/chapt4/chapt4_ws/build/chapt4_interfaces' returned '0': CMAKE_PREFIX_PATH=/opt/ros/humble /usr/bin/cmake --build /home/loser/learning_ros2/chapt4/chapt4_ws/build/chapt4_interfaces -- -j24 -l24
[2.133s] Invoking command in '/home/loser/learning_ros2/chapt4/chapt4_ws/build/chapt4_interfaces': CMAKE_PREFIX_PATH=/opt/ros/humble /usr/bin/cmake --install /home/loser/learning_ros2/chapt4/chapt4_ws/build/chapt4_interfaces
[2.137s] -- Install configuration: ""
[2.137s] -- Installing: /home/loser/learning_ros2/chapt4/chapt4_ws/install/chapt4_interfaces/share/ament_index/resource_index/rosidl_interfaces/chapt4_interfaces
[2.137s] -- Installing: /home/loser/learning_ros2/chapt4/chapt4_ws/install/chapt4_interfaces/include/chapt4_interfaces/chapt4_interfaces
[2.138s] -- Installing: /home/loser/learning_ros2/chapt4/chapt4_ws/install/chapt4_interfaces/include/chapt4_interfaces/chapt4_interfaces/srv
[2.138s] -- Installing: /home/loser/learning_ros2/chapt4/chapt4_ws/install/chapt4_interfaces/include/chapt4_interfaces/chapt4_interfaces/srv/detail
[2.138s] -- Installing: /home/loser/learning_ros2/chapt4/chapt4_ws/install/chapt4_interfaces/include/chapt4_interfaces/chapt4_interfaces/srv/detail/face_detector__type_support.h
[2.138s] -- Installing: /home/loser/learning_ros2/chapt4/chapt4_ws/install/chapt4_interfaces/include/chapt4_interfaces/chapt4_interfaces/srv/detail/face_detector__functions.h
[2.138s] -- Installing: /home/loser/learning_ros2/chapt4/chapt4_ws/install/chapt4_interfaces/include/chapt4_interfaces/chapt4_interfaces/srv/detail/face_detector__functions.c
[2.138s] -- Installing: /home/loser/learning_ros2/chapt4/chapt4_ws/install/chapt4_interfaces/include/chapt4_interfaces/chapt4_interfaces/srv/detail/face_detector__struct.h
[2.138s] -- Installing: /home/loser/learning_ros2/chapt4/chapt4_ws/install/chapt4_interfaces/include/chapt4_interfaces/chapt4_interfaces/srv/face_detector.h
[2.138s] -- Installing: /home/loser/learning_ros2/chapt4/chapt4_ws/install/chapt4_interfaces/include/chapt4_interfaces/chapt4_interfaces/msg
[2.138s] -- Installing: /home/loser/learning_ros2/chapt4/chapt4_ws/install/chapt4_interfaces/include/chapt4_interfaces/chapt4_interfaces/msg/rosidl_generator_c__visibility_control.h
[2.139s] -- Installing: /home/loser/learning_ros2/chapt4/chapt4_ws/install/chapt4_interfaces/share/chapt4_interfaces/environment/library_path.sh
[2.139s] -- Installing: /home/loser/learning_ros2/chapt4/chapt4_ws/install/chapt4_interfaces/share/chapt4_interfaces/environment/library_path.dsv
[2.139s] -- Installing: /home/loser/learning_ros2/chapt4/chapt4_ws/install/chapt4_interfaces/lib/libchapt4_interfaces__rosidl_generator_c.so
[2.139s] -- Set runtime path of "/home/loser/learning_ros2/chapt4/chapt4_ws/install/chapt4_interfaces/lib/libchapt4_interfaces__rosidl_generator_c.so" to ""
[2.139s] -- Up-to-date: /home/loser/learning_ros2/chapt4/chapt4_ws/install/chapt4_interfaces/include/chapt4_interfaces/chapt4_interfaces
[2.139s] -- Up-to-date: /home/loser/learning_ros2/chapt4/chapt4_ws/install/chapt4_interfaces/include/chapt4_interfaces/chapt4_interfaces/srv
[2.139s] -- Up-to-date: /home/loser/learning_ros2/chapt4/chapt4_ws/install/chapt4_interfaces/include/chapt4_interfaces/chapt4_interfaces/srv/detail
[2.139s] -- Installing: /home/loser/learning_ros2/chapt4/chapt4_ws/install/chapt4_interfaces/include/chapt4_interfaces/chapt4_interfaces/srv/detail/face_detector__rosidl_typesupport_fastrtps_c.h
[2.139s] -- Up-to-date: /home/loser/learning_ros2/chapt4/chapt4_ws/install/chapt4_interfaces/include/chapt4_interfaces/chapt4_interfaces/msg
[2.139s] -- Installing: /home/loser/learning_ros2/chapt4/chapt4_ws/install/chapt4_interfaces/include/chapt4_interfaces/chapt4_interfaces/msg/rosidl_typesupport_fastrtps_c__visibility_control.h
[2.140s] -- Installing: /home/loser/learning_ros2/chapt4/chapt4_ws/install/chapt4_interfaces/lib/libchapt4_interfaces__rosidl_typesupport_fastrtps_c.so
[2.140s] -- Set runtime path of "/home/loser/learning_ros2/chapt4/chapt4_ws/install/chapt4_interfaces/lib/libchapt4_interfaces__rosidl_typesupport_fastrtps_c.so" to ""
[2.140s] -- Up-to-date: /home/loser/learning_ros2/chapt4/chapt4_ws/install/chapt4_interfaces/include/chapt4_interfaces/chapt4_interfaces
[2.140s] -- Up-to-date: /home/loser/learning_ros2/chapt4/chapt4_ws/install/chapt4_interfaces/include/chapt4_interfaces/chapt4_interfaces/srv
[2.140s] -- Installing: /home/loser/learning_ros2/chapt4/chapt4_ws/install/chapt4_interfaces/include/chapt4_interfaces/chapt4_interfaces/srv/face_detector.hpp
[2.140s] -- Up-to-date: /home/loser/learning_ros2/chapt4/chapt4_ws/install/chapt4_interfaces/include/chapt4_interfaces/chapt4_interfaces/srv/detail
[2.140s] -- Installing: /home/loser/learning_ros2/chapt4/chapt4_ws/install/chapt4_interfaces/include/chapt4_interfaces/chapt4_interfaces/srv/detail/face_detector__builder.hpp
[2.140s] -- Installing: /home/loser/learning_ros2/chapt4/chapt4_ws/install/chapt4_interfaces/include/chapt4_interfaces/chapt4_interfaces/srv/detail/face_detector__type_support.hpp
[2.140s] -- Installing: /home/loser/learning_ros2/chapt4/chapt4_ws/install/chapt4_interfaces/include/chapt4_interfaces/chapt4_interfaces/srv/detail/face_detector__traits.hpp
[2.141s] -- Installing: /home/loser/learning_ros2/chapt4/chapt4_ws/install/chapt4_interfaces/include/chapt4_interfaces/chapt4_interfaces/srv/detail/face_detector__struct.hpp
[2.141s] -- Up-to-date: /home/loser/learning_ros2/chapt4/chapt4_ws/install/chapt4_interfaces/include/chapt4_interfaces/chapt4_interfaces/msg
[2.141s] -- Installing: /home/loser/learning_ros2/chapt4/chapt4_ws/install/chapt4_interfaces/include/chapt4_interfaces/chapt4_interfaces/msg/rosidl_generator_cpp__visibility_control.hpp
[2.141s] -- Up-to-date: /home/loser/learning_ros2/chapt4/chapt4_ws/install/chapt4_interfaces/include/chapt4_interfaces/chapt4_interfaces
[2.141s] -- Up-to-date: /home/loser/learning_ros2/chapt4/chapt4_ws/install/chapt4_interfaces/include/chapt4_interfaces/chapt4_interfaces/srv
[2.141s] -- Up-to-date: /home/loser/learning_ros2/chapt4/chapt4_ws/install/chapt4_interfaces/include/chapt4_interfaces/chapt4_interfaces/srv/detail
[2.141s] -- Installing: /home/loser/learning_ros2/chapt4/chapt4_ws/install/chapt4_interfaces/include/chapt4_interfaces/chapt4_interfaces/srv/detail/face_detector__rosidl_typesupport_fastrtps_cpp.hpp
[2.141s] -- Installing: /home/loser/learning_ros2/chapt4/chapt4_ws/install/chapt4_interfaces/include/chapt4_interfaces/chapt4_interfaces/srv/detail/dds_fastrtps
[2.141s] -- Up-to-date: /home/loser/learning_ros2/chapt4/chapt4_ws/install/chapt4_interfaces/include/chapt4_interfaces/chapt4_interfaces/msg
[2.141s] -- Installing: /home/loser/learning_ros2/chapt4/chapt4_ws/install/chapt4_interfaces/include/chapt4_interfaces/chapt4_interfaces/msg/rosidl_typesupport_fastrtps_cpp__visibility_control.h
[2.141s] -- Installing: /home/loser/learning_ros2/chapt4/chapt4_ws/install/chapt4_interfaces/lib/libchapt4_interfaces__rosidl_typesupport_fastrtps_cpp.so
[2.142s] -- Set runtime path of "/home/loser/learning_ros2/chapt4/chapt4_ws/install/chapt4_interfaces/lib/libchapt4_interfaces__rosidl_typesupport_fastrtps_cpp.so" to ""
[2.142s] -- Up-to-date: /home/loser/learning_ros2/chapt4/chapt4_ws/install/chapt4_interfaces/include/chapt4_interfaces/chapt4_interfaces
[2.142s] -- Up-to-date: /home/loser/learning_ros2/chapt4/chapt4_ws/install/chapt4_interfaces/include/chapt4_interfaces/chapt4_interfaces/srv
[2.142s] -- Up-to-date: /home/loser/learning_ros2/chapt4/chapt4_ws/install/chapt4_interfaces/include/chapt4_interfaces/chapt4_interfaces/srv/detail
[2.142s] -- Installing: /home/loser/learning_ros2/chapt4/chapt4_ws/install/chapt4_interfaces/include/chapt4_interfaces/chapt4_interfaces/srv/detail/face_detector__type_support.c
[2.142s] -- Installing: /home/loser/learning_ros2/chapt4/chapt4_ws/install/chapt4_interfaces/include/chapt4_interfaces/chapt4_interfaces/srv/detail/face_detector__rosidl_typesupport_introspection_c.h
[2.142s] -- Up-to-date: /home/loser/learning_ros2/chapt4/chapt4_ws/install/chapt4_interfaces/include/chapt4_interfaces/chapt4_interfaces/msg
[2.142s] -- Installing: /home/loser/learning_ros2/chapt4/chapt4_ws/install/chapt4_interfaces/include/chapt4_interfaces/chapt4_interfaces/msg/rosidl_typesupport_introspection_c__visibility_control.h
[2.143s] -- Installing: /home/loser/learning_ros2/chapt4/chapt4_ws/install/chapt4_interfaces/lib/libchapt4_interfaces__rosidl_typesupport_introspection_c.so
[2.143s] -- Set runtime path of "/home/loser/learning_ros2/chapt4/chapt4_ws/install/chapt4_interfaces/lib/libchapt4_interfaces__rosidl_typesupport_introspection_c.so" to ""
[2.143s] -- Installing: /home/loser/learning_ros2/chapt4/chapt4_ws/install/chapt4_interfaces/lib/libchapt4_interfaces__rosidl_typesupport_c.so
[2.143s] -- Set runtime path of "/home/loser/learning_ros2/chapt4/chapt4_ws/install/chapt4_interfaces/lib/libchapt4_interfaces__rosidl_typesupport_c.so" to ""
[2.143s] -- Up-to-date: /home/loser/learning_ros2/chapt4/chapt4_ws/install/chapt4_interfaces/include/chapt4_interfaces/chapt4_interfaces
[2.143s] -- Up-to-date: /home/loser/learning_ros2/chapt4/chapt4_ws/install/chapt4_interfaces/include/chapt4_interfaces/chapt4_interfaces/srv
[2.143s] -- Up-to-date: /home/loser/learning_ros2/chapt4/chapt4_ws/install/chapt4_interfaces/include/chapt4_interfaces/chapt4_interfaces/srv/detail
[2.143s] -- Installing: /home/loser/learning_ros2/chapt4/chapt4_ws/install/chapt4_interfaces/include/chapt4_interfaces/chapt4_interfaces/srv/detail/face_detector__type_support.cpp
[2.143s] -- Installing: /home/loser/learning_ros2/chapt4/chapt4_ws/install/chapt4_interfaces/include/chapt4_interfaces/chapt4_interfaces/srv/detail/face_detector__rosidl_typesupport_introspection_cpp.hpp
[2.143s] -- Installing: /home/loser/learning_ros2/chapt4/chapt4_ws/install/chapt4_interfaces/lib/libchapt4_interfaces__rosidl_typesupport_introspection_cpp.so
[2.143s] -- Set runtime path of "/home/loser/learning_ros2/chapt4/chapt4_ws/install/chapt4_interfaces/lib/libchapt4_interfaces__rosidl_typesupport_introspection_cpp.so" to ""
[2.143s] -- Installing: /home/loser/learning_ros2/chapt4/chapt4_ws/install/chapt4_interfaces/lib/libchapt4_interfaces__rosidl_typesupport_cpp.so
[2.143s] -- Set runtime path of "/home/loser/learning_ros2/chapt4/chapt4_ws/install/chapt4_interfaces/lib/libchapt4_interfaces__rosidl_typesupport_cpp.so" to ""
[2.143s] -- Installing: /home/loser/learning_ros2/chapt4/chapt4_ws/install/chapt4_interfaces/share/chapt4_interfaces/environment/pythonpath.sh
[2.143s] -- Installing: /home/loser/learning_ros2/chapt4/chapt4_ws/install/chapt4_interfaces/share/chapt4_interfaces/environment/pythonpath.dsv
[2.143s] -- Installing: /home/loser/learning_ros2/chapt4/chapt4_ws/install/chapt4_interfaces/local/lib/python3.10/dist-packages/chapt4_interfaces-0.0.0-py3.10.egg-info
[2.143s] -- Installing: /home/loser/learning_ros2/chapt4/chapt4_ws/install/chapt4_interfaces/local/lib/python3.10/dist-packages/chapt4_interfaces-0.0.0-py3.10.egg-info/PKG-INFO
[2.143s] -- Installing: /home/loser/learning_ros2/chapt4/chapt4_ws/install/chapt4_interfaces/local/lib/python3.10/dist-packages/chapt4_interfaces-0.0.0-py3.10.egg-info/SOURCES.txt
[2.144s] -- Installing: /home/loser/learning_ros2/chapt4/chapt4_ws/install/chapt4_interfaces/local/lib/python3.10/dist-packages/chapt4_interfaces-0.0.0-py3.10.egg-info/top_level.txt
[2.144s] -- Installing: /home/loser/learning_ros2/chapt4/chapt4_ws/install/chapt4_interfaces/local/lib/python3.10/dist-packages/chapt4_interfaces-0.0.0-py3.10.egg-info/dependency_links.txt
[2.144s] -- Installing: /home/loser/learning_ros2/chapt4/chapt4_ws/install/chapt4_interfaces/local/lib/python3.10/dist-packages/chapt4_interfaces
[2.144s] -- Installing: /home/loser/learning_ros2/chapt4/chapt4_ws/install/chapt4_interfaces/local/lib/python3.10/dist-packages/chapt4_interfaces/_chapt4_interfaces_s.ep.rosidl_typesupport_c.c
[2.144s] -- Installing: /home/loser/learning_ros2/chapt4/chapt4_ws/install/chapt4_interfaces/local/lib/python3.10/dist-packages/chapt4_interfaces/srv
[2.144s] -- Installing: /home/loser/learning_ros2/chapt4/chapt4_ws/install/chapt4_interfaces/local/lib/python3.10/dist-packages/chapt4_interfaces/srv/__init__.py
[2.144s] -- Installing: /home/loser/learning_ros2/chapt4/chapt4_ws/install/chapt4_interfaces/local/lib/python3.10/dist-packages/chapt4_interfaces/srv/_face_detector.py
[2.144s] -- Installing: /home/loser/learning_ros2/chapt4/chapt4_ws/install/chapt4_interfaces/local/lib/python3.10/dist-packages/chapt4_interfaces/srv/_face_detector_s.c
[2.144s] -- Installing: /home/loser/learning_ros2/chapt4/chapt4_ws/install/chapt4_interfaces/local/lib/python3.10/dist-packages/chapt4_interfaces/chapt4_interfaces_s__rosidl_typesupport_c.cpython-310-x86_64-linux-gnu.so
[2.144s] -- Installing: /home/loser/learning_ros2/chapt4/chapt4_ws/install/chapt4_interfaces/local/lib/python3.10/dist-packages/chapt4_interfaces/__init__.py
[2.144s] -- Installing: /home/loser/learning_ros2/chapt4/chapt4_ws/install/chapt4_interfaces/local/lib/python3.10/dist-packages/chapt4_interfaces/chapt4_interfaces_s__rosidl_typesupport_fastrtps_c.cpython-310-x86_64-linux-gnu.so
[2.144s] -- Installing: /home/loser/learning_ros2/chapt4/chapt4_ws/install/chapt4_interfaces/local/lib/python3.10/dist-packages/chapt4_interfaces/chapt4_interfaces_s__rosidl_typesupport_introspection_c.cpython-310-x86_64-linux-gnu.so
[2.144s] -- Installing: /home/loser/learning_ros2/chapt4/chapt4_ws/install/chapt4_interfaces/local/lib/python3.10/dist-packages/chapt4_interfaces/_chapt4_interfaces_s.ep.rosidl_typesupport_introspection_c.c
[2.144s] -- Installing: /home/loser/learning_ros2/chapt4/chapt4_ws/install/chapt4_interfaces/local/lib/python3.10/dist-packages/chapt4_interfaces/libchapt4_interfaces__rosidl_generator_py.so
[2.144s] -- Installing: /home/loser/learning_ros2/chapt4/chapt4_ws/install/chapt4_interfaces/local/lib/python3.10/dist-packages/chapt4_interfaces/_chapt4_interfaces_s.ep.rosidl_typesupport_fastrtps_c.c
[2.166s] Listing '/home/loser/learning_ros2/chapt4/chapt4_ws/install/chapt4_interfaces/local/lib/python3.10/dist-packages/chapt4_interfaces'...
[2.166s] Compiling '/home/loser/learning_ros2/chapt4/chapt4_ws/install/chapt4_interfaces/local/lib/python3.10/dist-packages/chapt4_interfaces/__init__.py'...
[2.166s] Listing '/home/loser/learning_ros2/chapt4/chapt4_ws/install/chapt4_interfaces/local/lib/python3.10/dist-packages/chapt4_interfaces/srv'...
[2.167s] Compiling '/home/loser/learning_ros2/chapt4/chapt4_ws/install/chapt4_interfaces/local/lib/python3.10/dist-packages/chapt4_interfaces/srv/__init__.py'...
[2.167s] Compiling '/home/loser/learning_ros2/chapt4/chapt4_ws/install/chapt4_interfaces/local/lib/python3.10/dist-packages/chapt4_interfaces/srv/_face_detector.py'...
[2.169s] -- Installing: /home/loser/learning_ros2/chapt4/chapt4_ws/install/chapt4_interfaces/local/lib/python3.10/dist-packages/chapt4_interfaces/chapt4_interfaces_s__rosidl_typesupport_fastrtps_c.cpython-310-x86_64-linux-gnu.so
[2.169s] -- Set runtime path of "/home/loser/learning_ros2/chapt4/chapt4_ws/install/chapt4_interfaces/local/lib/python3.10/dist-packages/chapt4_interfaces/chapt4_interfaces_s__rosidl_typesupport_fastrtps_c.cpython-310-x86_64-linux-gnu.so" to ""
[2.169s] -- Installing: /home/loser/learning_ros2/chapt4/chapt4_ws/install/chapt4_interfaces/local/lib/python3.10/dist-packages/chapt4_interfaces/chapt4_interfaces_s__rosidl_typesupport_introspection_c.cpython-310-x86_64-linux-gnu.so
[2.169s] -- Set runtime path of "/home/loser/learning_ros2/chapt4/chapt4_ws/install/chapt4_interfaces/local/lib/python3.10/dist-packages/chapt4_interfaces/chapt4_interfaces_s__rosidl_typesupport_introspection_c.cpython-310-x86_64-linux-gnu.so" to ""
[2.169s] -- Installing: /home/loser/learning_ros2/chapt4/chapt4_ws/install/chapt4_interfaces/local/lib/python3.10/dist-packages/chapt4_interfaces/chapt4_interfaces_s__rosidl_typesupport_c.cpython-310-x86_64-linux-gnu.so
[2.169s] -- Set runtime path of "/home/loser/learning_ros2/chapt4/chapt4_ws/install/chapt4_interfaces/local/lib/python3.10/dist-packages/chapt4_interfaces/chapt4_interfaces_s__rosidl_typesupport_c.cpython-310-x86_64-linux-gnu.so" to ""
[2.169s] -- Installing: /home/loser/learning_ros2/chapt4/chapt4_ws/install/chapt4_interfaces/lib/libchapt4_interfaces__rosidl_generator_py.so
[2.169s] -- Set runtime path of "/home/loser/learning_ros2/chapt4/chapt4_ws/install/chapt4_interfaces/lib/libchapt4_interfaces__rosidl_generator_py.so" to ""
[2.169s] -- Installing: /home/loser/learning_ros2/chapt4/chapt4_ws/install/chapt4_interfaces/share/chapt4_interfaces/rust
[2.169s] -- Installing: /home/loser/learning_ros2/chapt4/chapt4_ws/install/chapt4_interfaces/share/chapt4_interfaces/rust/Cargo.toml
[2.170s] -- Installing: /home/loser/learning_ros2/chapt4/chapt4_ws/install/chapt4_interfaces/share/chapt4_interfaces/rust/build.rs
[2.170s] -- Installing: /home/loser/learning_ros2/chapt4/chapt4_ws/install/chapt4_interfaces/share/chapt4_interfaces/rust/src
[2.170s] -- Installing: /home/loser/learning_ros2/chapt4/chapt4_ws/install/chapt4_interfaces/share/chapt4_interfaces/rust/src/srv
[2.170s] -- Installing: /home/loser/learning_ros2/chapt4/chapt4_ws/install/chapt4_interfaces/share/chapt4_interfaces/rust/src/srv/rmw.rs
[2.170s] -- Installing: /home/loser/learning_ros2/chapt4/chapt4_ws/install/chapt4_interfaces/share/chapt4_interfaces/rust/src/srv.rs
[2.170s] -- Installing: /home/loser/learning_ros2/chapt4/chapt4_ws/install/chapt4_interfaces/share/chapt4_interfaces/rust/src/lib.rs
[2.170s] -- Installing: /home/loser/learning_ros2/chapt4/chapt4_ws/install/chapt4_interfaces/share/chapt4_interfaces/srv/FaceDetector.idl
[2.170s] -- Installing: /home/loser/learning_ros2/chapt4/chapt4_ws/install/chapt4_interfaces/share/chapt4_interfaces/srv/FaceDetector.srv
[2.170s] -- Installing: /home/loser/learning_ros2/chapt4/chapt4_ws/install/chapt4_interfaces/share/chapt4_interfaces/srv/FaceDetector_Request.msg
[2.170s] -- Installing: /home/loser/learning_ros2/chapt4/chapt4_ws/install/chapt4_interfaces/share/chapt4_interfaces/srv/FaceDetector_Response.msg
[2.170s] -- Up-to-date: /home/loser/learning_ros2/chapt4/chapt4_ws/install/chapt4_interfaces/share/ament_index/resource_index/package_run_dependencies/chapt4_interfaces
[2.170s] -- Up-to-date: /home/loser/learning_ros2/chapt4/chapt4_ws/install/chapt4_interfaces/share/ament_index/resource_index/parent_prefix_path/chapt4_interfaces
[2.170s] -- Up-to-date: /home/loser/learning_ros2/chapt4/chapt4_ws/install/chapt4_interfaces/share/chapt4_interfaces/environment/ament_prefix_path.sh
[2.170s] -- Installing: /home/loser/learning_ros2/chapt4/chapt4_ws/install/chapt4_interfaces/share/chapt4_interfaces/environment/ament_prefix_path.dsv
[2.170s] -- Up-to-date: /home/loser/learning_ros2/chapt4/chapt4_ws/install/chapt4_interfaces/share/chapt4_interfaces/environment/path.sh
[2.170s] -- Installing: /home/loser/learning_ros2/chapt4/chapt4_ws/install/chapt4_interfaces/share/chapt4_interfaces/environment/path.dsv
[2.170s] -- Up-to-date: /home/loser/learning_ros2/chapt4/chapt4_ws/install/chapt4_interfaces/share/chapt4_interfaces/local_setup.bash
[2.170s] -- Installing: /home/loser/learning_ros2/chapt4/chapt4_ws/install/chapt4_interfaces/share/chapt4_interfaces/local_setup.sh
[2.170s] -- Up-to-date: /home/loser/learning_ros2/chapt4/chapt4_ws/install/chapt4_interfaces/share/chapt4_interfaces/local_setup.zsh
[2.170s] -- Installing: /home/loser/learning_ros2/chapt4/chapt4_ws/install/chapt4_interfaces/share/chapt4_interfaces/local_setup.dsv
[2.170s] -- Installing: /home/loser/learning_ros2/chapt4/chapt4_ws/install/chapt4_interfaces/share/chapt4_interfaces/package.dsv
[2.170s] -- Up-to-date: /home/loser/learning_ros2/chapt4/chapt4_ws/install/chapt4_interfaces/share/ament_index/resource_index/packages/chapt4_interfaces
[2.170s] -- Installing: /home/loser/learning_ros2/chapt4/chapt4_ws/install/chapt4_interfaces/share/chapt4_interfaces/cmake/export_chapt4_interfaces__rosidl_generator_cExport.cmake
[2.170s] -- Installing: /home/loser/learning_ros2/chapt4/chapt4_ws/install/chapt4_interfaces/share/chapt4_interfaces/cmake/export_chapt4_interfaces__rosidl_generator_cExport-noconfig.cmake
[2.170s] -- Installing: /home/loser/learning_ros2/chapt4/chapt4_ws/install/chapt4_interfaces/share/chapt4_interfaces/cmake/export_chapt4_interfaces__rosidl_typesupport_fastrtps_cExport.cmake
[2.170s] -- Installing: /home/loser/learning_ros2/chapt4/chapt4_ws/install/chapt4_interfaces/share/chapt4_interfaces/cmake/export_chapt4_interfaces__rosidl_typesupport_fastrtps_cExport-noconfig.cmake
[2.170s] -- Installing: /home/loser/learning_ros2/chapt4/chapt4_ws/install/chapt4_interfaces/share/chapt4_interfaces/cmake/export_chapt4_interfaces__rosidl_generator_cppExport.cmake
[2.171s] -- Installing: /home/loser/learning_ros2/chapt4/chapt4_ws/install/chapt4_interfaces/share/chapt4_interfaces/cmake/export_chapt4_interfaces__rosidl_typesupport_fastrtps_cppExport.cmake
[2.171s] -- Installing: /home/loser/learning_ros2/chapt4/chapt4_ws/install/chapt4_interfaces/share/chapt4_interfaces/cmake/export_chapt4_interfaces__rosidl_typesupport_fastrtps_cppExport-noconfig.cmake
[2.171s] -- Installing: /home/loser/learning_ros2/chapt4/chapt4_ws/install/chapt4_interfaces/share/chapt4_interfaces/cmake/chapt4_interfaces__rosidl_typesupport_introspection_cExport.cmake
[2.171s] -- Installing: /home/loser/learning_ros2/chapt4/chapt4_ws/install/chapt4_interfaces/share/chapt4_interfaces/cmake/chapt4_interfaces__rosidl_typesupport_introspection_cExport-noconfig.cmake
[2.171s] -- Installing: /home/loser/learning_ros2/chapt4/chapt4_ws/install/chapt4_interfaces/share/chapt4_interfaces/cmake/chapt4_interfaces__rosidl_typesupport_cExport.cmake
[2.171s] -- Installing: /home/loser/learning_ros2/chapt4/chapt4_ws/install/chapt4_interfaces/share/chapt4_interfaces/cmake/chapt4_interfaces__rosidl_typesupport_cExport-noconfig.cmake
[2.171s] -- Installing: /home/loser/learning_ros2/chapt4/chapt4_ws/install/chapt4_interfaces/share/chapt4_interfaces/cmake/chapt4_interfaces__rosidl_typesupport_introspection_cppExport.cmake
[2.171s] -- Installing: /home/loser/learning_ros2/chapt4/chapt4_ws/install/chapt4_interfaces/share/chapt4_interfaces/cmake/chapt4_interfaces__rosidl_typesupport_introspection_cppExport-noconfig.cmake
[2.171s] -- Installing: /home/loser/learning_ros2/chapt4/chapt4_ws/install/chapt4_interfaces/share/chapt4_interfaces/cmake/chapt4_interfaces__rosidl_typesupport_cppExport.cmake
[2.171s] -- Installing: /home/loser/learning_ros2/chapt4/chapt4_ws/install/chapt4_interfaces/share/chapt4_interfaces/cmake/chapt4_interfaces__rosidl_typesupport_cppExport-noconfig.cmake
[2.171s] -- Installing: /home/loser/learning_ros2/chapt4/chapt4_ws/install/chapt4_interfaces/share/chapt4_interfaces/cmake/export_chapt4_interfaces__rosidl_generator_pyExport.cmake
[2.171s] -- Installing: /home/loser/learning_ros2/chapt4/chapt4_ws/install/chapt4_interfaces/share/chapt4_interfaces/cmake/export_chapt4_interfaces__rosidl_generator_pyExport-noconfig.cmake
[2.171s] -- Installing: /home/loser/learning_ros2/chapt4/chapt4_ws/install/chapt4_interfaces/share/chapt4_interfaces/cmake/rosidl_cmake-extras.cmake
[2.171s] -- Installing: /home/loser/learning_ros2/chapt4/chapt4_ws/install/chapt4_interfaces/share/chapt4_interfaces/cmake/ament_cmake_export_dependencies-extras.cmake
[2.171s] -- Installing: /home/loser/learning_ros2/chapt4/chapt4_ws/install/chapt4_interfaces/share/chapt4_interfaces/cmake/ament_cmake_export_include_directories-extras.cmake
[2.171s] -- Installing: /home/loser/learning_ros2/chapt4/chapt4_ws/install/chapt4_interfaces/share/chapt4_interfaces/cmake/ament_cmake_export_libraries-extras.cmake
[2.171s] -- Installing: /home/loser/learning_ros2/chapt4/chapt4_ws/install/chapt4_interfaces/share/chapt4_interfaces/cmake/ament_cmake_export_targets-extras.cmake
[2.171s] -- Installing: /home/loser/learning_ros2/chapt4/chapt4_ws/install/chapt4_interfaces/share/chapt4_interfaces/cmake/rosidl_cmake_export_typesupport_targets-extras.cmake
[2.171s] -- Installing: /home/loser/learning_ros2/chapt4/chapt4_ws/install/chapt4_interfaces/share/chapt4_interfaces/cmake/rosidl_cmake_export_typesupport_libraries-extras.cmake
[2.171s] -- Installing: /home/loser/learning_ros2/chapt4/chapt4_ws/install/chapt4_interfaces/share/chapt4_interfaces/cmake/rosidl_cmake_aggregate_target-extras.cmake
[2.172s] -- Installing: /home/loser/learning_ros2/chapt4/chapt4_ws/install/chapt4_interfaces/share/chapt4_interfaces/cmake/chapt4_interfacesConfig.cmake
[2.172s] -- Up-to-date: /home/loser/learning_ros2/chapt4/chapt4_ws/install/chapt4_interfaces/share/chapt4_interfaces/cmake/chapt4_interfacesConfig-version.cmake
[2.172s] -- Installing: /home/loser/learning_ros2/chapt4/chapt4_ws/install/chapt4_interfaces/share/chapt4_interfaces/package.xml
[2.173s] Invoked command in '/home/loser/learning_ros2/chapt4/chapt4_ws/build/chapt4_interfaces' returned '0': CMAKE_PREFIX_PATH=/opt/ros/humble /usr/bin/cmake --install /home/loser/learning_ros2/chapt4/chapt4_ws/build/chapt4_interfaces
