[0.300s] Invoking command in '/home/loser/learning_ros2/chapt2/chapt2_ws/src/demo_python_pkg': AMENT_PREFIX_PATH=/home/loser/learning_ros2/chapt2/chapt2_ws/install/demo_cpp_pkg:${AMENT_PREFIX_PATH} CMAKE_PREFIX_PATH=/home/loser/learning_ros2/chapt2/chapt2_ws/install/demo_cpp_pkg PYTHONPATH=/home/loser/learning_ros2/chapt2/chapt2_ws/build/demo_python_pkg/prefix_override:/usr/lib/python3/dist-packages/colcon_core/task/python/colcon_distutils_commands:/home/loser/learning_ros2/chapt2/chapt2_ws/install/demo_python_pkg/lib/python3.10/site-packages:${PYTHONPATH} /usr/bin/python3 -W ignore:setup.py install is deprecated -W ignore:easy_install command is deprecated setup.py egg_info --egg-base ../../build/demo_python_pkg build --build-base /home/loser/learning_ros2/chapt2/chapt2_ws/build/demo_python_pkg/build install --record /home/loser/learning_ros2/chapt2/chapt2_ws/build/demo_python_pkg/install.log --install-scripts $base/lib/demo_python_pkg --single-version-externally-managed install_data
[0.400s] running egg_info
[0.401s] writing ../../build/demo_python_pkg/demo_python_pkg.egg-info/PKG-INFO
[0.401s] writing dependency_links to ../../build/demo_python_pkg/demo_python_pkg.egg-info/dependency_links.txt
[0.401s] writing entry points to ../../build/demo_python_pkg/demo_python_pkg.egg-info/entry_points.txt
[0.401s] writing requirements to ../../build/demo_python_pkg/demo_python_pkg.egg-info/requires.txt
[0.401s] writing top-level names to ../../build/demo_python_pkg/demo_python_pkg.egg-info/top_level.txt
[0.402s] reading manifest file '../../build/demo_python_pkg/demo_python_pkg.egg-info/SOURCES.txt'
[0.402s] adding license file 'LICENSE'
[0.402s] writing manifest file '../../build/demo_python_pkg/demo_python_pkg.egg-info/SOURCES.txt'
[0.402s] running build
[0.402s] running build_py
[0.403s] running install
[0.403s] running install_lib
[0.403s] running install_data
[0.403s] running install_egg_info
[0.404s] removing '/home/loser/learning_ros2/chapt2/chapt2_ws/install/demo_python_pkg/lib/python3.10/site-packages/demo_python_pkg-0.0.0-py3.10.egg-info' (and everything under it)
[0.406s] Copying ../../build/demo_python_pkg/demo_python_pkg.egg-info to /home/loser/learning_ros2/chapt2/chapt2_ws/install/demo_python_pkg/lib/python3.10/site-packages/demo_python_pkg-0.0.0-py3.10.egg-info
[0.406s] running install_scripts
[0.416s] Installing person_node script to /home/loser/learning_ros2/chapt2/chapt2_ws/install/demo_python_pkg/lib/demo_python_pkg
[0.416s] Installing python_node script to /home/loser/learning_ros2/chapt2/chapt2_ws/install/demo_python_pkg/lib/demo_python_pkg
[0.416s] Installing writer_node script to /home/loser/learning_ros2/chapt2/chapt2_ws/install/demo_python_pkg/lib/demo_python_pkg
[0.416s] writing list of installed files to '/home/loser/learning_ros2/chapt2/chapt2_ws/build/demo_python_pkg/install.log'
[0.431s] Invoked command in '/home/loser/learning_ros2/chapt2/chapt2_ws/src/demo_python_pkg' returned '0': AMENT_PREFIX_PATH=/home/loser/learning_ros2/chapt2/chapt2_ws/install/demo_cpp_pkg:${AMENT_PREFIX_PATH} CMAKE_PREFIX_PATH=/home/loser/learning_ros2/chapt2/chapt2_ws/install/demo_cpp_pkg PYTHONPATH=/home/loser/learning_ros2/chapt2/chapt2_ws/build/demo_python_pkg/prefix_override:/usr/lib/python3/dist-packages/colcon_core/task/python/colcon_distutils_commands:/home/loser/learning_ros2/chapt2/chapt2_ws/install/demo_python_pkg/lib/python3.10/site-packages:${PYTHONPATH} /usr/bin/python3 -W ignore:setup.py install is deprecated -W ignore:easy_install command is deprecated setup.py egg_info --egg-base ../../build/demo_python_pkg build --build-base /home/loser/learning_ros2/chapt2/chapt2_ws/build/demo_python_pkg/build install --record /home/loser/learning_ros2/chapt2/chapt2_ws/build/demo_python_pkg/install.log --install-scripts $base/lib/demo_python_pkg --single-version-externally-managed install_data
