[0.010s] Invoking command in '/home/loser/learning_ros2/chapt2/build/demo_cpp_pkg': CMAKE_PREFIX_PATH=/home/loser/learning_ros2/chapt2/install/demo_python_pkg:/opt/ros/humble /usr/bin/cmake /home/loser/learning_ros2/chapt2/demo_cpp_pkg -DCMAKE_INSTALL_PREFIX=/home/loser/learning_ros2/chapt2/install/demo_cpp_pkg
[0.094s] -- The C compiler identification is GNU 11.4.0
[0.156s] -- The CXX compiler identification is GNU 11.4.0
[0.172s] -- Detecting C compiler ABI info
[0.228s] -- Detecting C compiler ABI info - done
[0.232s] -- Check for working C compiler: /usr/bin/cc - skipped
[0.232s] -- Detecting C compile features
[0.233s] -- Detecting C compile features - done
[0.237s] -- Detecting CXX compiler ABI info
[0.315s] -- Detecting CXX compiler ABI info - done
[0.317s] -- Check for working CXX compiler: /usr/bin/c++ - skipped
[0.317s] -- Detecting CXX compile features
[0.317s] -- Detecting CXX compile features - done
[0.322s] -- Found ament_cmake: 1.3.14 (/opt/ros/humble/share/ament_cmake/cmake)
[0.439s] -- Found Python3: /usr/bin/python3 (found version "3.10.12") found components: Interpreter 
[0.527s] -- Found rclcpp: 16.0.21 (/opt/ros/humble/share/rclcpp/cmake)
[0.573s] -- Found rosidl_generator_c: 3.1.9 (/opt/ros/humble/share/rosidl_generator_c/cmake)
[0.576s] -- Found rosidl_adapter: 3.1.9 (/opt/ros/humble/share/rosidl_adapter/cmake)
[0.585s] -- Found rosidl_generator_cpp: 3.1.9 (/opt/ros/humble/share/rosidl_generator_cpp/cmake)
[0.597s] -- Using all available rosidl_typesupport_c: rosidl_typesupport_fastrtps_c;rosidl_typesupport_introspection_c
[0.612s] -- Using all available rosidl_typesupport_cpp: rosidl_typesupport_fastrtps_cpp;rosidl_typesupport_introspection_cpp
[0.655s] -- Found rmw_implementation_cmake: 6.1.4 (/opt/ros/humble/share/rmw_implementation_cmake/cmake)
[0.658s] -- Found rmw_fastrtps_cpp: 6.2.10 (/opt/ros/humble/share/rmw_fastrtps_cpp/cmake)
[0.734s] -- Found OpenSSL: /usr/lib/x86_64-linux-gnu/libcrypto.so (found version "3.0.2")  
[0.752s] -- Found FastRTPS: /opt/ros/humble/include  
[0.778s] -- Using RMW implementation 'rmw_fastrtps_cpp' as default
[0.788s] -- Looking for pthread.h
[0.838s] -- Looking for pthread.h - found
[0.838s] -- Performing Test CMAKE_HAVE_LIBC_PTHREAD
[0.885s] -- Performing Test CMAKE_HAVE_LIBC_PTHREAD - Success
[0.885s] -- Found Threads: TRUE  
[0.935s] [31mCMake Error at CMakeLists.txt:20 (ament_target_dependecies):
[0.935s]   Unknown CMake command "ament_target_dependecies".
[0.936s] 
[0.936s] [0m
[0.936s] -- Configuring incomplete, errors occurred!
[0.936s] See also "/home/loser/learning_ros2/chapt2/build/demo_cpp_pkg/CMakeFiles/CMakeOutput.log".
[0.941s] Invoked command in '/home/loser/learning_ros2/chapt2/build/demo_cpp_pkg' returned '1': CMAKE_PREFIX_PATH=/home/loser/learning_ros2/chapt2/install/demo_python_pkg:/opt/ros/humble /usr/bin/cmake /home/loser/learning_ros2/chapt2/demo_cpp_pkg -DCMAKE_INSTALL_PREFIX=/home/loser/learning_ros2/chapt2/install/demo_cpp_pkg
