[0.011s] Invoking command in '/home/loser/learning_ros2/chapt5/chapt5_ws/build/demo_cpp_tf': CMAKE_PREFIX_PATH=/home/loser/learning_ros2/chapt5/chapt5_ws/install/demo_python_tf:/opt/ros/humble /usr/bin/cmake --build /home/loser/learning_ros2/chapt5/chapt5_ws/build/demo_cpp_tf -- -j24 -l24
[0.029s] -- Found ament_cmake: 1.3.14 (/opt/ros/humble/share/ament_cmake/cmake)
[0.139s] -- Found rclcpp: 16.0.21 (/opt/ros/humble/share/rclcpp/cmake)
[0.156s] -- Found rosidl_generator_c: 3.1.9 (/opt/ros/humble/share/rosidl_generator_c/cmake)
[0.157s] -- Found rosidl_adapter: 3.1.9 (/opt/ros/humble/share/rosidl_adapter/cmake)
[0.161s] -- Found rosidl_generator_cpp: 3.1.9 (/opt/ros/humble/share/rosidl_generator_cpp/cmake)
[0.166s] -- Using all available rosidl_typesupport_c: rosidl_typesupport_fastrtps_c;rosidl_typesupport_introspection_c
[0.173s] -- Using all available rosidl_typesupport_cpp: rosidl_typesupport_fastrtps_cpp;rosidl_typesupport_introspection_cpp
[0.190s] -- Found rmw_implementation_cmake: 6.1.4 (/opt/ros/humble/share/rmw_implementation_cmake/cmake)
[0.190s] -- Found rmw_fastrtps_cpp: 6.2.10 (/opt/ros/humble/share/rmw_fastrtps_cpp/cmake)
[0.250s] -- Using RMW implementation 'rmw_fastrtps_cpp' as default
[0.278s] -- Found geometry_msgs: 4.9.2 (/opt/ros/humble/share/geometry_msgs/cmake)
[0.284s] -- Found tf2_ros: 0.25.23 (/opt/ros/humble/share/tf2_ros/cmake)
[0.327s] -- Found tf2_geometry_msgs: 0.25.23 (/opt/ros/humble/share/tf2_geometry_msgs/cmake)
[0.329s] -- Found eigen3_cmake_module: 0.1.1 (/opt/ros/humble/share/eigen3_cmake_module/cmake)
[0.330s] -- Ensuring Eigen3 include directory is part of orocos-kdl CMake target
[0.332s] -- Found ament_lint_auto: 0.12.15 (/opt/ros/humble/share/ament_lint_auto/cmake)
[0.371s] -- Added test 'cppcheck' to perform static code analysis on C / C++ code
[0.371s] -- Configured cppcheck include dirs: 
[0.371s] -- Configured cppcheck exclude dirs and/or files: 
[0.371s] -- Added test 'lint_cmake' to check CMake code style
[0.372s] -- Added test 'uncrustify' to check C / C++ code style
[0.372s] -- Configured uncrustify additional arguments: 
[0.372s] -- Added test 'xmllint' to check XML markup files
[0.372s] -- Configuring done
[0.381s] -- Generating done
[0.383s] -- Build files have been written to: /home/loser/learning_ros2/chapt5/chapt5_ws/build/demo_cpp_tf
[0.405s] [35m[1mConsolidate compiler generated dependencies of target static_tf_broadcaster[0m
[0.413s] [ 25%] [32mBuilding CXX object CMakeFiles/dynamic_tf_broadcaster.dir/src/dynamic_tf_broadcaster.cpp.o[0m
[0.422s] [ 50%] [32mBuilding CXX object CMakeFiles/static_tf_broadcaster.dir/src/static_tf_broadcaster.cpp.o[0m
[2.699s] [ 75%] [32m[1mLinking CXX executable dynamic_tf_broadcaster[0m
[2.702s] [100%] [32m[1mLinking CXX executable static_tf_broadcaster[0m
[2.824s] [100%] Built target dynamic_tf_broadcaster
[2.830s] [100%] Built target static_tf_broadcaster
[2.838s] Invoked command in '/home/loser/learning_ros2/chapt5/chapt5_ws/build/demo_cpp_tf' returned '0': CMAKE_PREFIX_PATH=/home/loser/learning_ros2/chapt5/chapt5_ws/install/demo_python_tf:/opt/ros/humble /usr/bin/cmake --build /home/loser/learning_ros2/chapt5/chapt5_ws/build/demo_cpp_tf -- -j24 -l24
[2.847s] Invoking command in '/home/loser/learning_ros2/chapt5/chapt5_ws/build/demo_cpp_tf': CMAKE_PREFIX_PATH=/home/loser/learning_ros2/chapt5/chapt5_ws/install/demo_python_tf:/opt/ros/humble /usr/bin/cmake --install /home/loser/learning_ros2/chapt5/chapt5_ws/build/demo_cpp_tf
[2.851s] -- Install configuration: ""
[2.851s] -- Installing: /home/loser/learning_ros2/chapt5/chapt5_ws/install/demo_cpp_tf/lib/demo_cpp_tf/static_tf_broadcaster
[2.851s] -- Set runtime path of "/home/loser/learning_ros2/chapt5/chapt5_ws/install/demo_cpp_tf/lib/demo_cpp_tf/static_tf_broadcaster" to ""
[2.851s] -- Installing: /home/loser/learning_ros2/chapt5/chapt5_ws/install/demo_cpp_tf/lib/demo_cpp_tf/dynamic_tf_broadcaster
[2.852s] -- Set runtime path of "/home/loser/learning_ros2/chapt5/chapt5_ws/install/demo_cpp_tf/lib/demo_cpp_tf/dynamic_tf_broadcaster" to ""
[2.852s] -- Up-to-date: /home/loser/learning_ros2/chapt5/chapt5_ws/install/demo_cpp_tf/share/ament_index/resource_index/package_run_dependencies/demo_cpp_tf
[2.852s] -- Up-to-date: /home/loser/learning_ros2/chapt5/chapt5_ws/install/demo_cpp_tf/share/ament_index/resource_index/parent_prefix_path/demo_cpp_tf
[2.852s] -- Up-to-date: /home/loser/learning_ros2/chapt5/chapt5_ws/install/demo_cpp_tf/share/demo_cpp_tf/environment/ament_prefix_path.sh
[2.852s] -- Installing: /home/loser/learning_ros2/chapt5/chapt5_ws/install/demo_cpp_tf/share/demo_cpp_tf/environment/ament_prefix_path.dsv
[2.852s] -- Up-to-date: /home/loser/learning_ros2/chapt5/chapt5_ws/install/demo_cpp_tf/share/demo_cpp_tf/environment/path.sh
[2.852s] -- Installing: /home/loser/learning_ros2/chapt5/chapt5_ws/install/demo_cpp_tf/share/demo_cpp_tf/environment/path.dsv
[2.852s] -- Up-to-date: /home/loser/learning_ros2/chapt5/chapt5_ws/install/demo_cpp_tf/share/demo_cpp_tf/local_setup.bash
[2.852s] -- Up-to-date: /home/loser/learning_ros2/chapt5/chapt5_ws/install/demo_cpp_tf/share/demo_cpp_tf/local_setup.sh
[2.852s] -- Up-to-date: /home/loser/learning_ros2/chapt5/chapt5_ws/install/demo_cpp_tf/share/demo_cpp_tf/local_setup.zsh
[2.852s] -- Installing: /home/loser/learning_ros2/chapt5/chapt5_ws/install/demo_cpp_tf/share/demo_cpp_tf/local_setup.dsv
[2.852s] -- Installing: /home/loser/learning_ros2/chapt5/chapt5_ws/install/demo_cpp_tf/share/demo_cpp_tf/package.dsv
[2.852s] -- Up-to-date: /home/loser/learning_ros2/chapt5/chapt5_ws/install/demo_cpp_tf/share/ament_index/resource_index/packages/demo_cpp_tf
[2.852s] -- Up-to-date: /home/loser/learning_ros2/chapt5/chapt5_ws/install/demo_cpp_tf/share/demo_cpp_tf/cmake/demo_cpp_tfConfig.cmake
[2.852s] -- Up-to-date: /home/loser/learning_ros2/chapt5/chapt5_ws/install/demo_cpp_tf/share/demo_cpp_tf/cmake/demo_cpp_tfConfig-version.cmake
[2.852s] -- Up-to-date: /home/loser/learning_ros2/chapt5/chapt5_ws/install/demo_cpp_tf/share/demo_cpp_tf/package.xml
[2.854s] Invoked command in '/home/loser/learning_ros2/chapt5/chapt5_ws/build/demo_cpp_tf' returned '0': CMAKE_PREFIX_PATH=/home/loser/learning_ros2/chapt5/chapt5_ws/install/demo_python_tf:/opt/ros/humble /usr/bin/cmake --install /home/loser/learning_ros2/chapt5/chapt5_ws/build/demo_cpp_tf
