[0.348s] Invoking command in '/home/loser/learning_ros2/chapt2/demo_python_pkg': PYTHONPATH=/home/loser/learning_ros2/chapt2/build/demo_python_pkg/prefix_override:/usr/lib/python3/dist-packages/colcon_core/task/python/colcon_distutils_commands:/home/loser/learning_ros2/chapt2/install/demo_python_pkg/lib/python3.10/site-packages:${PYTHONPATH} /usr/bin/python3 -W ignore:setup.py install is deprecated -W ignore:easy_install command is deprecated setup.py egg_info --egg-base ../build/demo_python_pkg build --build-base /home/loser/learning_ros2/chapt2/build/demo_python_pkg/build install --record /home/loser/learning_ros2/chapt2/build/demo_python_pkg/install.log --install-scripts $base/lib/demo_python_pkg --single-version-externally-managed install_data
[0.465s] running egg_info
[0.466s] creating ../build/demo_python_pkg/demo_python_pkg.egg-info
[0.466s] writing ../build/demo_python_pkg/demo_python_pkg.egg-info/PKG-INFO
[0.466s] writing dependency_links to ../build/demo_python_pkg/demo_python_pkg.egg-info/dependency_links.txt
[0.466s] writing entry points to ../build/demo_python_pkg/demo_python_pkg.egg-info/entry_points.txt
[0.466s] writing requirements to ../build/demo_python_pkg/demo_python_pkg.egg-info/requires.txt
[0.466s] writing top-level names to ../build/demo_python_pkg/demo_python_pkg.egg-info/top_level.txt
[0.466s] writing manifest file '../build/demo_python_pkg/demo_python_pkg.egg-info/SOURCES.txt'
[0.467s] reading manifest file '../build/demo_python_pkg/demo_python_pkg.egg-info/SOURCES.txt'
[0.467s] adding license file 'LICENSE'
[0.467s] writing manifest file '../build/demo_python_pkg/demo_python_pkg.egg-info/SOURCES.txt'
[0.467s] running build
[0.467s] running build_py
[0.467s] creating /home/loser/learning_ros2/chapt2/build/demo_python_pkg/build
[0.467s] creating /home/loser/learning_ros2/chapt2/build/demo_python_pkg/build/lib
[0.467s] creating /home/loser/learning_ros2/chapt2/build/demo_python_pkg/build/lib/demo_python_pkg
[0.467s] copying demo_python_pkg/__init__.py -> /home/loser/learning_ros2/chapt2/build/demo_python_pkg/build/lib/demo_python_pkg
[0.467s] copying demo_python_pkg/python_node.py -> /home/loser/learning_ros2/chapt2/build/demo_python_pkg/build/lib/demo_python_pkg
[0.467s] running install
[0.468s] running install_lib
[0.468s] creating /home/loser/learning_ros2/chapt2/install/demo_python_pkg/lib/python3.10/site-packages/demo_python_pkg
[0.468s] copying /home/loser/learning_ros2/chapt2/build/demo_python_pkg/build/lib/demo_python_pkg/__init__.py -> /home/loser/learning_ros2/chapt2/install/demo_python_pkg/lib/python3.10/site-packages/demo_python_pkg
[0.468s] copying /home/loser/learning_ros2/chapt2/build/demo_python_pkg/build/lib/demo_python_pkg/python_node.py -> /home/loser/learning_ros2/chapt2/install/demo_python_pkg/lib/python3.10/site-packages/demo_python_pkg
[0.468s] byte-compiling /home/loser/learning_ros2/chapt2/install/demo_python_pkg/lib/python3.10/site-packages/demo_python_pkg/__init__.py to __init__.cpython-310.pyc
[0.468s] byte-compiling /home/loser/learning_ros2/chapt2/install/demo_python_pkg/lib/python3.10/site-packages/demo_python_pkg/python_node.py to python_node.cpython-310.pyc
[0.468s] running install_data
[0.468s] creating /home/loser/learning_ros2/chapt2/install/demo_python_pkg/share/ament_index
[0.468s] creating /home/loser/learning_ros2/chapt2/install/demo_python_pkg/share/ament_index/resource_index
[0.468s] creating /home/loser/learning_ros2/chapt2/install/demo_python_pkg/share/ament_index/resource_index/packages
[0.468s] copying resource/demo_python_pkg -> /home/loser/learning_ros2/chapt2/install/demo_python_pkg/share/ament_index/resource_index/packages
[0.468s] copying package.xml -> /home/loser/learning_ros2/chapt2/install/demo_python_pkg/share/demo_python_pkg
[0.468s] running install_egg_info
[0.469s] Copying ../build/demo_python_pkg/demo_python_pkg.egg-info to /home/loser/learning_ros2/chapt2/install/demo_python_pkg/lib/python3.10/site-packages/demo_python_pkg-0.0.0-py3.10.egg-info
[0.469s] running install_scripts
[0.482s] Installing python_node script to /home/loser/learning_ros2/chapt2/install/demo_python_pkg/lib/demo_python_pkg
[0.482s] writing list of installed files to '/home/loser/learning_ros2/chapt2/build/demo_python_pkg/install.log'
[0.495s] Invoked command in '/home/loser/learning_ros2/chapt2/demo_python_pkg' returned '0': PYTHONPATH=/home/loser/learning_ros2/chapt2/build/demo_python_pkg/prefix_override:/usr/lib/python3/dist-packages/colcon_core/task/python/colcon_distutils_commands:/home/loser/learning_ros2/chapt2/install/demo_python_pkg/lib/python3.10/site-packages:${PYTHONPATH} /usr/bin/python3 -W ignore:setup.py install is deprecated -W ignore:easy_install command is deprecated setup.py egg_info --egg-base ../build/demo_python_pkg build --build-base /home/loser/learning_ros2/chapt2/build/demo_python_pkg/build install --record /home/loser/learning_ros2/chapt2/build/demo_python_pkg/install.log --install-scripts $base/lib/demo_python_pkg --single-version-externally-managed install_data
