[0.390s] Invoking command in '/home/loser/learning_ros2/chapt2/demo_python_pkg': PYTHONPATH=/home/loser/learning_ros2/chapt2/build/demo_python_pkg/prefix_override:/usr/lib/python3/dist-packages/colcon_core/task/python/colcon_distutils_commands:/home/loser/learning_ros2/chapt2/install/demo_python_pkg/lib/python3.10/site-packages:${PYTHONPATH} /usr/bin/python3 -W ignore:setup.py install is deprecated -W ignore:easy_install command is deprecated setup.py egg_info --egg-base ../build/demo_python_pkg build --build-base /home/loser/learning_ros2/chapt2/build/demo_python_pkg/build install --record /home/loser/learning_ros2/chapt2/build/demo_python_pkg/install.log --install-scripts $base/lib/demo_python_pkg --single-version-externally-managed install_data
[0.506s] running egg_info
[0.506s] writing ../build/demo_python_pkg/demo_python_pkg.egg-info/PKG-INFO
[0.506s] writing dependency_links to ../build/demo_python_pkg/demo_python_pkg.egg-info/dependency_links.txt
[0.506s] writing entry points to ../build/demo_python_pkg/demo_python_pkg.egg-info/entry_points.txt
[0.506s] writing requirements to ../build/demo_python_pkg/demo_python_pkg.egg-info/requires.txt
[0.507s] writing top-level names to ../build/demo_python_pkg/demo_python_pkg.egg-info/top_level.txt
[0.507s] reading manifest file '../build/demo_python_pkg/demo_python_pkg.egg-info/SOURCES.txt'
[0.507s] adding license file 'LICENSE'
[0.508s] writing manifest file '../build/demo_python_pkg/demo_python_pkg.egg-info/SOURCES.txt'
[0.508s] running build
[0.508s] running build_py
[0.508s] copying demo_python_pkg/python_node.py -> /home/loser/learning_ros2/chapt2/build/demo_python_pkg/build/lib/demo_python_pkg
[0.508s] running install
[0.508s] running install_lib
[0.509s] copying /home/loser/learning_ros2/chapt2/build/demo_python_pkg/build/lib/demo_python_pkg/python_node.py -> /home/loser/learning_ros2/chapt2/install/demo_python_pkg/lib/python3.10/site-packages/demo_python_pkg
[0.509s] byte-compiling /home/loser/learning_ros2/chapt2/install/demo_python_pkg/lib/python3.10/site-packages/demo_python_pkg/python_node.py to python_node.cpython-310.pyc
[0.509s] running install_data
[0.509s] running install_egg_info
[0.510s] removing '/home/loser/learning_ros2/chapt2/install/demo_python_pkg/lib/python3.10/site-packages/demo_python_pkg-0.0.0-py3.10.egg-info' (and everything under it)
[0.510s] Copying ../build/demo_python_pkg/demo_python_pkg.egg-info to /home/loser/learning_ros2/chapt2/install/demo_python_pkg/lib/python3.10/site-packages/demo_python_pkg-0.0.0-py3.10.egg-info
[0.511s] running install_scripts
[0.523s] Installing python_node script to /home/loser/learning_ros2/chapt2/install/demo_python_pkg/lib/demo_python_pkg
[0.523s] writing list of installed files to '/home/loser/learning_ros2/chapt2/build/demo_python_pkg/install.log'
[0.537s] Invoked command in '/home/loser/learning_ros2/chapt2/demo_python_pkg' returned '0': PYTHONPATH=/home/loser/learning_ros2/chapt2/build/demo_python_pkg/prefix_override:/usr/lib/python3/dist-packages/colcon_core/task/python/colcon_distutils_commands:/home/loser/learning_ros2/chapt2/install/demo_python_pkg/lib/python3.10/site-packages:${PYTHONPATH} /usr/bin/python3 -W ignore:setup.py install is deprecated -W ignore:easy_install command is deprecated setup.py egg_info --egg-base ../build/demo_python_pkg build --build-base /home/loser/learning_ros2/chapt2/build/demo_python_pkg/build install --record /home/loser/learning_ros2/chapt2/build/demo_python_pkg/install.log --install-scripts $base/lib/demo_python_pkg --single-version-externally-managed install_data
