[0.009s] Invoking command in '/home/loser/learning_ros2/chapt3/topic_ws/build/demo_cpp_topic': CMAKE_PREFIX_PATH=/opt/ros/humble /usr/bin/cmake /home/loser/learning_ros2/chapt3/topic_ws/src/demo_cpp_topic -DCMAKE_INSTALL_PREFIX=/home/loser/learning_ros2/chapt3/topic_ws/install/demo_cpp_topic
[0.021s] -- Found ament_cmake: 1.3.14 (/opt/ros/humble/share/ament_cmake/cmake)
[0.137s] -- Found rclcpp: 16.0.21 (/opt/ros/humble/share/rclcpp/cmake)
[0.152s] -- Found rosidl_generator_c: 3.1.9 (/opt/ros/humble/share/rosidl_generator_c/cmake)
[0.153s] -- Found rosidl_adapter: 3.1.9 (/opt/ros/humble/share/rosidl_adapter/cmake)
[0.156s] -- Found rosidl_generator_cpp: 3.1.9 (/opt/ros/humble/share/rosidl_generator_cpp/cmake)
[0.161s] -- Using all available rosidl_typesupport_c: rosidl_typesupport_fastrtps_c;rosidl_typesupport_introspection_c
[0.168s] -- Using all available rosidl_typesupport_cpp: rosidl_typesupport_fastrtps_cpp;rosidl_typesupport_introspection_cpp
[0.185s] -- Found rmw_implementation_cmake: 6.1.4 (/opt/ros/humble/share/rmw_implementation_cmake/cmake)
[0.185s] -- Found rmw_fastrtps_cpp: 6.2.10 (/opt/ros/humble/share/rmw_fastrtps_cpp/cmake)
[0.249s] -- Using RMW implementation 'rmw_fastrtps_cpp' as default
[0.277s] -- Found geometry_msgs: 4.9.2 (/opt/ros/humble/share/geometry_msgs/cmake)
[0.284s] -- Found turtlesim: 1.4.3 (/opt/ros/humble/share/turtlesim/cmake)
[0.307s] [31mCMake Error at CMakeLists.txt:18 (install):
[0.307s]   install does not recognize sub-command TARGET
[0.307s] 
[0.307s] [0m
[0.307s] -- Found ament_lint_auto: 0.12.15 (/opt/ros/humble/share/ament_lint_auto/cmake)
[0.348s] -- Added test 'cppcheck' to perform static code analysis on C / C++ code
[0.348s] -- Configured cppcheck include dirs: 
[0.348s] -- Configured cppcheck exclude dirs and/or files: 
[0.349s] -- Added test 'lint_cmake' to check CMake code style
[0.349s] -- Added test 'uncrustify' to check C / C++ code style
[0.349s] -- Configured uncrustify additional arguments: 
[0.349s] -- Added test 'xmllint' to check XML markup files
[0.350s] -- Configuring incomplete, errors occurred!
[0.350s] See also "/home/loser/learning_ros2/chapt3/topic_ws/build/demo_cpp_topic/CMakeFiles/CMakeOutput.log".
[0.354s] Invoked command in '/home/loser/learning_ros2/chapt3/topic_ws/build/demo_cpp_topic' returned '1': CMAKE_PREFIX_PATH=/opt/ros/humble /usr/bin/cmake /home/loser/learning_ros2/chapt3/topic_ws/src/demo_cpp_topic -DCMAKE_INSTALL_PREFIX=/home/loser/learning_ros2/chapt3/topic_ws/install/demo_cpp_topic
