[0.292s] Invoking command in '/home/loser/learning_ros2/chapt5/chapt5_ws/src/demo_python_tf': PYTHONPATH=/home/loser/learning_ros2/chapt5/chapt5_ws/build/demo_python_tf/prefix_override:/usr/lib/python3/dist-packages/colcon_core/task/python/colcon_distutils_commands:/home/loser/learning_ros2/chapt5/chapt5_ws/install/demo_python_tf/lib/python3.10/site-packages:${PYTHONPATH} /usr/bin/python3 -W ignore:setup.py install is deprecated -W ignore:easy_install command is deprecated setup.py egg_info --egg-base ../../build/demo_python_tf build --build-base /home/loser/learning_ros2/chapt5/chapt5_ws/build/demo_python_tf/build install --record /home/loser/learning_ros2/chapt5/chapt5_ws/build/demo_python_tf/install.log --install-scripts $base/lib/demo_python_tf --single-version-externally-managed install_data
[0.418s] running egg_info
[0.419s] writing ../../build/demo_python_tf/demo_python_tf.egg-info/PKG-INFO
[0.419s] writing dependency_links to ../../build/demo_python_tf/demo_python_tf.egg-info/dependency_links.txt
[0.419s] writing entry points to ../../build/demo_python_tf/demo_python_tf.egg-info/entry_points.txt
[0.419s] writing requirements to ../../build/demo_python_tf/demo_python_tf.egg-info/requires.txt
[0.419s] writing top-level names to ../../build/demo_python_tf/demo_python_tf.egg-info/top_level.txt
[0.420s] reading manifest file '../../build/demo_python_tf/demo_python_tf.egg-info/SOURCES.txt'
[0.420s] adding license file 'LICENSE'
[0.420s] writing manifest file '../../build/demo_python_tf/demo_python_tf.egg-info/SOURCES.txt'
[0.420s] running build
[0.421s] running build_py
[0.421s] running install
[0.421s] running install_lib
[0.423s] byte-compiling /home/loser/learning_ros2/chapt5/chapt5_ws/install/demo_python_tf/lib/python3.10/site-packages/demo_python_tf/tf_listener.py to tf_listener.cpython-310.pyc
[0.424s] running install_data
[0.424s] running install_egg_info
[0.424s] removing '/home/loser/learning_ros2/chapt5/chapt5_ws/install/demo_python_tf/lib/python3.10/site-packages/demo_python_tf-0.0.0-py3.10.egg-info' (and everything under it)
[0.424s] Copying ../../build/demo_python_tf/demo_python_tf.egg-info to /home/loser/learning_ros2/chapt5/chapt5_ws/install/demo_python_tf/lib/python3.10/site-packages/demo_python_tf-0.0.0-py3.10.egg-info
[0.424s] running install_scripts
[0.425s]   File "/home/loser/learning_ros2/chapt5/chapt5_ws/install/demo_python_tf/lib/python3.10/site-packages/demo_python_tf/tf_listener.py", line 22
[0.425s]     self.get_logger().info(f"平移:{transform_.translation},旋转{euler_from_quaternion([transform_.rotation.x,
[0.425s]                            ^
[0.425s] SyntaxError: unterminated string literal (detected at line 22)
[0.425s] 
[0.438s] Installing dynamic_tf_broadcaster script to /home/loser/learning_ros2/chapt5/chapt5_ws/install/demo_python_tf/lib/demo_python_tf
[0.438s] Installing static_tf_broadcast script to /home/loser/learning_ros2/chapt5/chapt5_ws/install/demo_python_tf/lib/demo_python_tf
[0.438s] Installing tf_listener script to /home/loser/learning_ros2/chapt5/chapt5_ws/install/demo_python_tf/lib/demo_python_tf
[0.438s] writing list of installed files to '/home/loser/learning_ros2/chapt5/chapt5_ws/build/demo_python_tf/install.log'
[0.453s] Invoked command in '/home/loser/learning_ros2/chapt5/chapt5_ws/src/demo_python_tf' returned '0': PYTHONPATH=/home/loser/learning_ros2/chapt5/chapt5_ws/build/demo_python_tf/prefix_override:/usr/lib/python3/dist-packages/colcon_core/task/python/colcon_distutils_commands:/home/loser/learning_ros2/chapt5/chapt5_ws/install/demo_python_tf/lib/python3.10/site-packages:${PYTHONPATH} /usr/bin/python3 -W ignore:setup.py install is deprecated -W ignore:easy_install command is deprecated setup.py egg_info --egg-base ../../build/demo_python_tf build --build-base /home/loser/learning_ros2/chapt5/chapt5_ws/build/demo_python_tf/build install --record /home/loser/learning_ros2/chapt5/chapt5_ws/build/demo_python_tf/install.log --install-scripts $base/lib/demo_python_tf --single-version-externally-managed install_data
