[0.007s] Invoking command in '/home/loser/learning_ros2/chapt4/chapt4_ws/build/chapt4_interfaces': CMAKE_PREFIX_PATH=${CMAKE_PREFIX_PATH}:/home/loser/learning_ros2/chapt4/chapt4_ws/install/demo_python_service:/opt/ros/humble /usr/bin/cmake --build /home/loser/learning_ros2/chapt4/chapt4_ws/build/chapt4_interfaces -- -j24 -l24
[0.045s] [35m[1mConsolidate compiler generated dependencies of target chapt4_interfaces__rosidl_generator_c[0m
[0.056s] [  2%] Built target chapt4_interfaces__rs
[0.057s] [  5%] Built target chapt4_interfaces__cpp
[0.057s] [ 15%] Built target chapt4_interfaces__rosidl_generator_c
[0.064s] [ 15%] Built target ament_cmake_python_copy_chapt4_interfaces
[0.069s] [35m[1mConsolidate compiler generated dependencies of target chapt4_interfaces__rosidl_typesupport_cpp[0m
[0.069s] [35m[1mConsolidate compiler generated dependencies of target chapt4_interfaces__rosidl_typesupport_introspection_cpp[0m
[0.069s] [35m[1mConsolidate compiler generated dependencies of target chapt4_interfaces__rosidl_typesupport_fastrtps_cpp[0m
[0.069s] [35m[1mConsolidate compiler generated dependencies of target chapt4_interfaces__rosidl_typesupport_fastrtps_c[0m
[0.071s] [35m[1mConsolidate compiler generated dependencies of target chapt4_interfaces__rosidl_typesupport_introspection_c[0m
[0.073s] [35m[1mConsolidate compiler generated dependencies of target chapt4_interfaces__rosidl_typesupport_c[0m
[0.083s] [ 25%] Built target chapt4_interfaces__rosidl_typesupport_introspection_cpp
[0.083s] [ 40%] Built target chapt4_interfaces__rosidl_typesupport_fastrtps_c
[0.084s] [ 45%] Built target chapt4_interfaces__rosidl_typesupport_fastrtps_cpp
[0.086s] [ 55%] Built target chapt4_interfaces__rosidl_typesupport_introspection_c
[0.087s] [ 65%] Built target chapt4_interfaces__rosidl_typesupport_c
[0.092s] [ 75%] Built target chapt4_interfaces__rosidl_typesupport_cpp
[0.111s] [ 75%] Built target chapt4_interfaces
[0.130s] [ 77%] Built target chapt4_interfaces__py
[0.142s] [35m[1mConsolidate compiler generated dependencies of target chapt4_interfaces__rosidl_generator_py[0m
[0.152s] [ 85%] Built target chapt4_interfaces__rosidl_generator_py
[0.161s] [35m[1mConsolidate compiler generated dependencies of target chapt4_interfaces__rosidl_typesupport_fastrtps_c__pyext[0m
[0.161s] [35m[1mConsolidate compiler generated dependencies of target chapt4_interfaces__rosidl_typesupport_introspection_c__pyext[0m
[0.161s] [35m[1mConsolidate compiler generated dependencies of target chapt4_interfaces__rosidl_typesupport_c__pyext[0m
[0.170s] [ 90%] Built target chapt4_interfaces__rosidl_typesupport_introspection_c__pyext
[0.173s] [ 95%] Built target chapt4_interfaces__rosidl_typesupport_fastrtps_c__pyext
[0.173s] [100%] Built target chapt4_interfaces__rosidl_typesupport_c__pyext
[0.206s] running egg_info
[0.207s] writing chapt4_interfaces.egg-info/PKG-INFO
[0.207s] writing dependency_links to chapt4_interfaces.egg-info/dependency_links.txt
[0.207s] writing top-level names to chapt4_interfaces.egg-info/top_level.txt
[0.209s] reading manifest file 'chapt4_interfaces.egg-info/SOURCES.txt'
[0.209s] writing manifest file 'chapt4_interfaces.egg-info/SOURCES.txt'
[0.225s] [100%] Built target ament_cmake_python_build_chapt4_interfaces_egg
[0.237s] Invoked command in '/home/loser/learning_ros2/chapt4/chapt4_ws/build/chapt4_interfaces' returned '0': CMAKE_PREFIX_PATH=${CMAKE_PREFIX_PATH}:/home/loser/learning_ros2/chapt4/chapt4_ws/install/demo_python_service:/opt/ros/humble /usr/bin/cmake --build /home/loser/learning_ros2/chapt4/chapt4_ws/build/chapt4_interfaces -- -j24 -l24
[0.244s] Invoking command in '/home/loser/learning_ros2/chapt4/chapt4_ws/build/chapt4_interfaces': CMAKE_PREFIX_PATH=${CMAKE_PREFIX_PATH}:/home/loser/learning_ros2/chapt4/chapt4_ws/install/demo_python_service:/opt/ros/humble /usr/bin/cmake --install /home/loser/learning_ros2/chapt4/chapt4_ws/build/chapt4_interfaces
[0.253s] -- Install configuration: ""
[0.253s] -- Up-to-date: /home/loser/learning_ros2/chapt4/chapt4_ws/install/chapt4_interfaces/share/ament_index/resource_index/rosidl_interfaces/chapt4_interfaces
[0.253s] -- Up-to-date: /home/loser/learning_ros2/chapt4/chapt4_ws/install/chapt4_interfaces/include/chapt4_interfaces/chapt4_interfaces
[0.253s] -- Up-to-date: /home/loser/learning_ros2/chapt4/chapt4_ws/install/chapt4_interfaces/include/chapt4_interfaces/chapt4_interfaces/srv
[0.253s] -- Up-to-date: /home/loser/learning_ros2/chapt4/chapt4_ws/install/chapt4_interfaces/include/chapt4_interfaces/chapt4_interfaces/srv/detail
[0.253s] -- Up-to-date: /home/loser/learning_ros2/chapt4/chapt4_ws/install/chapt4_interfaces/include/chapt4_interfaces/chapt4_interfaces/srv/detail/face_detector__type_support.h
[0.254s] -- Up-to-date: /home/loser/learning_ros2/chapt4/chapt4_ws/install/chapt4_interfaces/include/chapt4_interfaces/chapt4_interfaces/srv/detail/patrol__functions.c
[0.254s] -- Up-to-date: /home/loser/learning_ros2/chapt4/chapt4_ws/install/chapt4_interfaces/include/chapt4_interfaces/chapt4_interfaces/srv/detail/patrol__type_support.h
[0.254s] -- Up-to-date: /home/loser/learning_ros2/chapt4/chapt4_ws/install/chapt4_interfaces/include/chapt4_interfaces/chapt4_interfaces/srv/detail/face_detector__functions.h
[0.254s] -- Up-to-date: /home/loser/learning_ros2/chapt4/chapt4_ws/install/chapt4_interfaces/include/chapt4_interfaces/chapt4_interfaces/srv/detail/patrol__struct.h
[0.254s] -- Up-to-date: /home/loser/learning_ros2/chapt4/chapt4_ws/install/chapt4_interfaces/include/chapt4_interfaces/chapt4_interfaces/srv/detail/face_detector__functions.c
[0.254s] -- Up-to-date: /home/loser/learning_ros2/chapt4/chapt4_ws/install/chapt4_interfaces/include/chapt4_interfaces/chapt4_interfaces/srv/detail/patrol__functions.h
[0.254s] -- Up-to-date: /home/loser/learning_ros2/chapt4/chapt4_ws/install/chapt4_interfaces/include/chapt4_interfaces/chapt4_interfaces/srv/detail/face_detector__struct.h
[0.254s] -- Up-to-date: /home/loser/learning_ros2/chapt4/chapt4_ws/install/chapt4_interfaces/include/chapt4_interfaces/chapt4_interfaces/srv/face_detector.h
[0.254s] -- Up-to-date: /home/loser/learning_ros2/chapt4/chapt4_ws/install/chapt4_interfaces/include/chapt4_interfaces/chapt4_interfaces/srv/patrol.h
[0.254s] -- Up-to-date: /home/loser/learning_ros2/chapt4/chapt4_ws/install/chapt4_interfaces/include/chapt4_interfaces/chapt4_interfaces/msg
[0.254s] -- Up-to-date: /home/loser/learning_ros2/chapt4/chapt4_ws/install/chapt4_interfaces/include/chapt4_interfaces/chapt4_interfaces/msg/rosidl_generator_c__visibility_control.h
[0.254s] -- Up-to-date: /home/loser/learning_ros2/chapt4/chapt4_ws/install/chapt4_interfaces/share/chapt4_interfaces/environment/library_path.sh
[0.254s] -- Up-to-date: /home/loser/learning_ros2/chapt4/chapt4_ws/install/chapt4_interfaces/share/chapt4_interfaces/environment/library_path.dsv
[0.254s] -- Up-to-date: /home/loser/learning_ros2/chapt4/chapt4_ws/install/chapt4_interfaces/lib/libchapt4_interfaces__rosidl_generator_c.so
[0.255s] -- Up-to-date: /home/loser/learning_ros2/chapt4/chapt4_ws/install/chapt4_interfaces/include/chapt4_interfaces/chapt4_interfaces
[0.255s] -- Up-to-date: /home/loser/learning_ros2/chapt4/chapt4_ws/install/chapt4_interfaces/include/chapt4_interfaces/chapt4_interfaces/srv
[0.255s] -- Up-to-date: /home/loser/learning_ros2/chapt4/chapt4_ws/install/chapt4_interfaces/include/chapt4_interfaces/chapt4_interfaces/srv/detail
[0.255s] -- Up-to-date: /home/loser/learning_ros2/chapt4/chapt4_ws/install/chapt4_interfaces/include/chapt4_interfaces/chapt4_interfaces/srv/detail/patrol__rosidl_typesupport_fastrtps_c.h
[0.255s] -- Up-to-date: /home/loser/learning_ros2/chapt4/chapt4_ws/install/chapt4_interfaces/include/chapt4_interfaces/chapt4_interfaces/srv/detail/face_detector__rosidl_typesupport_fastrtps_c.h
[0.255s] -- Up-to-date: /home/loser/learning_ros2/chapt4/chapt4_ws/install/chapt4_interfaces/include/chapt4_interfaces/chapt4_interfaces/msg
[0.255s] -- Up-to-date: /home/loser/learning_ros2/chapt4/chapt4_ws/install/chapt4_interfaces/include/chapt4_interfaces/chapt4_interfaces/msg/rosidl_typesupport_fastrtps_c__visibility_control.h
[0.255s] -- Up-to-date: /home/loser/learning_ros2/chapt4/chapt4_ws/install/chapt4_interfaces/lib/libchapt4_interfaces__rosidl_typesupport_fastrtps_c.so
[0.255s] -- Up-to-date: /home/loser/learning_ros2/chapt4/chapt4_ws/install/chapt4_interfaces/include/chapt4_interfaces/chapt4_interfaces
[0.255s] -- Up-to-date: /home/loser/learning_ros2/chapt4/chapt4_ws/install/chapt4_interfaces/include/chapt4_interfaces/chapt4_interfaces/srv
[0.255s] -- Up-to-date: /home/loser/learning_ros2/chapt4/chapt4_ws/install/chapt4_interfaces/include/chapt4_interfaces/chapt4_interfaces/srv/face_detector.hpp
[0.255s] -- Up-to-date: /home/loser/learning_ros2/chapt4/chapt4_ws/install/chapt4_interfaces/include/chapt4_interfaces/chapt4_interfaces/srv/detail
[0.255s] -- Up-to-date: /home/loser/learning_ros2/chapt4/chapt4_ws/install/chapt4_interfaces/include/chapt4_interfaces/chapt4_interfaces/srv/detail/face_detector__builder.hpp
[0.255s] -- Up-to-date: /home/loser/learning_ros2/chapt4/chapt4_ws/install/chapt4_interfaces/include/chapt4_interfaces/chapt4_interfaces/srv/detail/patrol__builder.hpp
[0.255s] -- Up-to-date: /home/loser/learning_ros2/chapt4/chapt4_ws/install/chapt4_interfaces/include/chapt4_interfaces/chapt4_interfaces/srv/detail/patrol__type_support.hpp
[0.256s] -- Up-to-date: /home/loser/learning_ros2/chapt4/chapt4_ws/install/chapt4_interfaces/include/chapt4_interfaces/chapt4_interfaces/srv/detail/patrol__traits.hpp
[0.256s] -- Up-to-date: /home/loser/learning_ros2/chapt4/chapt4_ws/install/chapt4_interfaces/include/chapt4_interfaces/chapt4_interfaces/srv/detail/face_detector__type_support.hpp
[0.257s] -- Up-to-date: /home/loser/learning_ros2/chapt4/chapt4_ws/install/chapt4_interfaces/include/chapt4_interfaces/chapt4_interfaces/srv/detail/face_detector__traits.hpp
[0.257s] -- Up-to-date: /home/loser/learning_ros2/chapt4/chapt4_ws/install/chapt4_interfaces/include/chapt4_interfaces/chapt4_interfaces/srv/detail/patrol__struct.hpp
[0.257s] -- Up-to-date: /home/loser/learning_ros2/chapt4/chapt4_ws/install/chapt4_interfaces/include/chapt4_interfaces/chapt4_interfaces/srv/detail/face_detector__struct.hpp
[0.257s] -- Up-to-date: /home/loser/learning_ros2/chapt4/chapt4_ws/install/chapt4_interfaces/include/chapt4_interfaces/chapt4_interfaces/srv/patrol.hpp
[0.257s] -- Up-to-date: /home/loser/learning_ros2/chapt4/chapt4_ws/install/chapt4_interfaces/include/chapt4_interfaces/chapt4_interfaces/msg
[0.257s] -- Up-to-date: /home/loser/learning_ros2/chapt4/chapt4_ws/install/chapt4_interfaces/include/chapt4_interfaces/chapt4_interfaces/msg/rosidl_generator_cpp__visibility_control.hpp
[0.257s] -- Up-to-date: /home/loser/learning_ros2/chapt4/chapt4_ws/install/chapt4_interfaces/include/chapt4_interfaces/chapt4_interfaces
[0.257s] -- Up-to-date: /home/loser/learning_ros2/chapt4/chapt4_ws/install/chapt4_interfaces/include/chapt4_interfaces/chapt4_interfaces/srv
[0.257s] -- Up-to-date: /home/loser/learning_ros2/chapt4/chapt4_ws/install/chapt4_interfaces/include/chapt4_interfaces/chapt4_interfaces/srv/detail
[0.257s] -- Up-to-date: /home/loser/learning_ros2/chapt4/chapt4_ws/install/chapt4_interfaces/include/chapt4_interfaces/chapt4_interfaces/srv/detail/face_detector__rosidl_typesupport_fastrtps_cpp.hpp
[0.257s] -- Up-to-date: /home/loser/learning_ros2/chapt4/chapt4_ws/install/chapt4_interfaces/include/chapt4_interfaces/chapt4_interfaces/srv/detail/patrol__rosidl_typesupport_fastrtps_cpp.hpp
[0.257s] -- Up-to-date: /home/loser/learning_ros2/chapt4/chapt4_ws/install/chapt4_interfaces/include/chapt4_interfaces/chapt4_interfaces/srv/detail/dds_fastrtps
[0.257s] -- Up-to-date: /home/loser/learning_ros2/chapt4/chapt4_ws/install/chapt4_interfaces/include/chapt4_interfaces/chapt4_interfaces/msg
[0.257s] -- Up-to-date: /home/loser/learning_ros2/chapt4/chapt4_ws/install/chapt4_interfaces/include/chapt4_interfaces/chapt4_interfaces/msg/rosidl_typesupport_fastrtps_cpp__visibility_control.h
[0.257s] -- Up-to-date: /home/loser/learning_ros2/chapt4/chapt4_ws/install/chapt4_interfaces/lib/libchapt4_interfaces__rosidl_typesupport_fastrtps_cpp.so
[0.257s] -- Up-to-date: /home/loser/learning_ros2/chapt4/chapt4_ws/install/chapt4_interfaces/include/chapt4_interfaces/chapt4_interfaces
[0.257s] -- Up-to-date: /home/loser/learning_ros2/chapt4/chapt4_ws/install/chapt4_interfaces/include/chapt4_interfaces/chapt4_interfaces/srv
[0.257s] -- Up-to-date: /home/loser/learning_ros2/chapt4/chapt4_ws/install/chapt4_interfaces/include/chapt4_interfaces/chapt4_interfaces/srv/detail
[0.257s] -- Up-to-date: /home/loser/learning_ros2/chapt4/chapt4_ws/install/chapt4_interfaces/include/chapt4_interfaces/chapt4_interfaces/srv/detail/face_detector__type_support.c
[0.257s] -- Up-to-date: /home/loser/learning_ros2/chapt4/chapt4_ws/install/chapt4_interfaces/include/chapt4_interfaces/chapt4_interfaces/srv/detail/face_detector__rosidl_typesupport_introspection_c.h
[0.257s] -- Up-to-date: /home/loser/learning_ros2/chapt4/chapt4_ws/install/chapt4_interfaces/include/chapt4_interfaces/chapt4_interfaces/srv/detail/patrol__rosidl_typesupport_introspection_c.h
[0.257s] -- Up-to-date: /home/loser/learning_ros2/chapt4/chapt4_ws/install/chapt4_interfaces/include/chapt4_interfaces/chapt4_interfaces/srv/detail/patrol__type_support.c
[0.257s] -- Up-to-date: /home/loser/learning_ros2/chapt4/chapt4_ws/install/chapt4_interfaces/include/chapt4_interfaces/chapt4_interfaces/msg
[0.257s] -- Up-to-date: /home/loser/learning_ros2/chapt4/chapt4_ws/install/chapt4_interfaces/include/chapt4_interfaces/chapt4_interfaces/msg/rosidl_typesupport_introspection_c__visibility_control.h
[0.257s] -- Up-to-date: /home/loser/learning_ros2/chapt4/chapt4_ws/install/chapt4_interfaces/lib/libchapt4_interfaces__rosidl_typesupport_introspection_c.so
[0.258s] -- Up-to-date: /home/loser/learning_ros2/chapt4/chapt4_ws/install/chapt4_interfaces/lib/libchapt4_interfaces__rosidl_typesupport_c.so
[0.258s] -- Up-to-date: /home/loser/learning_ros2/chapt4/chapt4_ws/install/chapt4_interfaces/include/chapt4_interfaces/chapt4_interfaces
[0.258s] -- Up-to-date: /home/loser/learning_ros2/chapt4/chapt4_ws/install/chapt4_interfaces/include/chapt4_interfaces/chapt4_interfaces/srv
[0.258s] -- Up-to-date: /home/loser/learning_ros2/chapt4/chapt4_ws/install/chapt4_interfaces/include/chapt4_interfaces/chapt4_interfaces/srv/detail
[0.258s] -- Up-to-date: /home/loser/learning_ros2/chapt4/chapt4_ws/install/chapt4_interfaces/include/chapt4_interfaces/chapt4_interfaces/srv/detail/face_detector__type_support.cpp
[0.258s] -- Up-to-date: /home/loser/learning_ros2/chapt4/chapt4_ws/install/chapt4_interfaces/include/chapt4_interfaces/chapt4_interfaces/srv/detail/face_detector__rosidl_typesupport_introspection_cpp.hpp
[0.258s] -- Up-to-date: /home/loser/learning_ros2/chapt4/chapt4_ws/install/chapt4_interfaces/include/chapt4_interfaces/chapt4_interfaces/srv/detail/patrol__rosidl_typesupport_introspection_cpp.hpp
[0.258s] -- Up-to-date: /home/loser/learning_ros2/chapt4/chapt4_ws/install/chapt4_interfaces/include/chapt4_interfaces/chapt4_interfaces/srv/detail/patrol__type_support.cpp
[0.258s] -- Up-to-date: /home/loser/learning_ros2/chapt4/chapt4_ws/install/chapt4_interfaces/lib/libchapt4_interfaces__rosidl_typesupport_introspection_cpp.so
[0.258s] -- Up-to-date: /home/loser/learning_ros2/chapt4/chapt4_ws/install/chapt4_interfaces/lib/libchapt4_interfaces__rosidl_typesupport_cpp.so
[0.258s] -- Up-to-date: /home/loser/learning_ros2/chapt4/chapt4_ws/install/chapt4_interfaces/share/chapt4_interfaces/environment/pythonpath.sh
[0.258s] -- Up-to-date: /home/loser/learning_ros2/chapt4/chapt4_ws/install/chapt4_interfaces/share/chapt4_interfaces/environment/pythonpath.dsv
[0.258s] -- Up-to-date: /home/loser/learning_ros2/chapt4/chapt4_ws/install/chapt4_interfaces/local/lib/python3.10/dist-packages/chapt4_interfaces-0.0.0-py3.10.egg-info
[0.258s] -- Installing: /home/loser/learning_ros2/chapt4/chapt4_ws/install/chapt4_interfaces/local/lib/python3.10/dist-packages/chapt4_interfaces-0.0.0-py3.10.egg-info/PKG-INFO
[0.258s] -- Installing: /home/loser/learning_ros2/chapt4/chapt4_ws/install/chapt4_interfaces/local/lib/python3.10/dist-packages/chapt4_interfaces-0.0.0-py3.10.egg-info/SOURCES.txt
[0.258s] -- Installing: /home/loser/learning_ros2/chapt4/chapt4_ws/install/chapt4_interfaces/local/lib/python3.10/dist-packages/chapt4_interfaces-0.0.0-py3.10.egg-info/top_level.txt
[0.258s] -- Installing: /home/loser/learning_ros2/chapt4/chapt4_ws/install/chapt4_interfaces/local/lib/python3.10/dist-packages/chapt4_interfaces-0.0.0-py3.10.egg-info/dependency_links.txt
[0.258s] -- Up-to-date: /home/loser/learning_ros2/chapt4/chapt4_ws/install/chapt4_interfaces/local/lib/python3.10/dist-packages/chapt4_interfaces
[0.258s] -- Up-to-date: /home/loser/learning_ros2/chapt4/chapt4_ws/install/chapt4_interfaces/local/lib/python3.10/dist-packages/chapt4_interfaces/_chapt4_interfaces_s.ep.rosidl_typesupport_c.c
[0.258s] -- Up-to-date: /home/loser/learning_ros2/chapt4/chapt4_ws/install/chapt4_interfaces/local/lib/python3.10/dist-packages/chapt4_interfaces/srv
[0.258s] -- Up-to-date: /home/loser/learning_ros2/chapt4/chapt4_ws/install/chapt4_interfaces/local/lib/python3.10/dist-packages/chapt4_interfaces/srv/__init__.py
[0.258s] -- Up-to-date: /home/loser/learning_ros2/chapt4/chapt4_ws/install/chapt4_interfaces/local/lib/python3.10/dist-packages/chapt4_interfaces/srv/_face_detector.py
[0.258s] -- Up-to-date: /home/loser/learning_ros2/chapt4/chapt4_ws/install/chapt4_interfaces/local/lib/python3.10/dist-packages/chapt4_interfaces/srv/_face_detector_s.c
[0.258s] -- Up-to-date: /home/loser/learning_ros2/chapt4/chapt4_ws/install/chapt4_interfaces/local/lib/python3.10/dist-packages/chapt4_interfaces/srv/_patrol.py
[0.258s] -- Up-to-date: /home/loser/learning_ros2/chapt4/chapt4_ws/install/chapt4_interfaces/local/lib/python3.10/dist-packages/chapt4_interfaces/srv/_patrol_s.c
[0.258s] -- Up-to-date: /home/loser/learning_ros2/chapt4/chapt4_ws/install/chapt4_interfaces/local/lib/python3.10/dist-packages/chapt4_interfaces/chapt4_interfaces_s__rosidl_typesupport_c.cpython-310-x86_64-linux-gnu.so
[0.259s] -- Up-to-date: /home/loser/learning_ros2/chapt4/chapt4_ws/install/chapt4_interfaces/local/lib/python3.10/dist-packages/chapt4_interfaces/__init__.py
[0.259s] -- Up-to-date: /home/loser/learning_ros2/chapt4/chapt4_ws/install/chapt4_interfaces/local/lib/python3.10/dist-packages/chapt4_interfaces/chapt4_interfaces_s__rosidl_typesupport_fastrtps_c.cpython-310-x86_64-linux-gnu.so
[0.259s] -- Up-to-date: /home/loser/learning_ros2/chapt4/chapt4_ws/install/chapt4_interfaces/local/lib/python3.10/dist-packages/chapt4_interfaces/chapt4_interfaces_s__rosidl_typesupport_introspection_c.cpython-310-x86_64-linux-gnu.so
[0.259s] -- Up-to-date: /home/loser/learning_ros2/chapt4/chapt4_ws/install/chapt4_interfaces/local/lib/python3.10/dist-packages/chapt4_interfaces/_chapt4_interfaces_s.ep.rosidl_typesupport_introspection_c.c
[0.259s] -- Up-to-date: /home/loser/learning_ros2/chapt4/chapt4_ws/install/chapt4_interfaces/local/lib/python3.10/dist-packages/chapt4_interfaces/libchapt4_interfaces__rosidl_generator_py.so
[0.259s] -- Up-to-date: /home/loser/learning_ros2/chapt4/chapt4_ws/install/chapt4_interfaces/local/lib/python3.10/dist-packages/chapt4_interfaces/_chapt4_interfaces_s.ep.rosidl_typesupport_fastrtps_c.c
[0.296s] Listing '/home/loser/learning_ros2/chapt4/chapt4_ws/install/chapt4_interfaces/local/lib/python3.10/dist-packages/chapt4_interfaces'...
[0.296s] Listing '/home/loser/learning_ros2/chapt4/chapt4_ws/install/chapt4_interfaces/local/lib/python3.10/dist-packages/chapt4_interfaces/srv'...
[0.302s] -- Up-to-date: /home/loser/learning_ros2/chapt4/chapt4_ws/install/chapt4_interfaces/local/lib/python3.10/dist-packages/chapt4_interfaces/chapt4_interfaces_s__rosidl_typesupport_fastrtps_c.cpython-310-x86_64-linux-gnu.so
[0.303s] -- Up-to-date: /home/loser/learning_ros2/chapt4/chapt4_ws/install/chapt4_interfaces/local/lib/python3.10/dist-packages/chapt4_interfaces/chapt4_interfaces_s__rosidl_typesupport_introspection_c.cpython-310-x86_64-linux-gnu.so
[0.303s] -- Up-to-date: /home/loser/learning_ros2/chapt4/chapt4_ws/install/chapt4_interfaces/local/lib/python3.10/dist-packages/chapt4_interfaces/chapt4_interfaces_s__rosidl_typesupport_c.cpython-310-x86_64-linux-gnu.so
[0.303s] -- Up-to-date: /home/loser/learning_ros2/chapt4/chapt4_ws/install/chapt4_interfaces/lib/libchapt4_interfaces__rosidl_generator_py.so
[0.303s] -- Up-to-date: /home/loser/learning_ros2/chapt4/chapt4_ws/install/chapt4_interfaces/share/chapt4_interfaces/rust
[0.303s] -- Up-to-date: /home/loser/learning_ros2/chapt4/chapt4_ws/install/chapt4_interfaces/share/chapt4_interfaces/rust/Cargo.toml
[0.303s] -- Up-to-date: /home/loser/learning_ros2/chapt4/chapt4_ws/install/chapt4_interfaces/share/chapt4_interfaces/rust/build.rs
[0.303s] -- Up-to-date: /home/loser/learning_ros2/chapt4/chapt4_ws/install/chapt4_interfaces/share/chapt4_interfaces/rust/src
[0.303s] -- Up-to-date: /home/loser/learning_ros2/chapt4/chapt4_ws/install/chapt4_interfaces/share/chapt4_interfaces/rust/src/srv
[0.303s] -- Up-to-date: /home/loser/learning_ros2/chapt4/chapt4_ws/install/chapt4_interfaces/share/chapt4_interfaces/rust/src/srv/rmw.rs
[0.303s] -- Up-to-date: /home/loser/learning_ros2/chapt4/chapt4_ws/install/chapt4_interfaces/share/chapt4_interfaces/rust/src/srv.rs
[0.304s] -- Up-to-date: /home/loser/learning_ros2/chapt4/chapt4_ws/install/chapt4_interfaces/share/chapt4_interfaces/rust/src/lib.rs
[0.304s] -- Up-to-date: /home/loser/learning_ros2/chapt4/chapt4_ws/install/chapt4_interfaces/share/chapt4_interfaces/srv/FaceDetector.idl
[0.304s] -- Up-to-date: /home/loser/learning_ros2/chapt4/chapt4_ws/install/chapt4_interfaces/share/chapt4_interfaces/srv/Patrol.idl
[0.304s] -- Up-to-date: /home/loser/learning_ros2/chapt4/chapt4_ws/install/chapt4_interfaces/share/chapt4_interfaces/srv/FaceDetector.srv
[0.304s] -- Up-to-date: /home/loser/learning_ros2/chapt4/chapt4_ws/install/chapt4_interfaces/share/chapt4_interfaces/srv/FaceDetector_Request.msg
[0.304s] -- Up-to-date: /home/loser/learning_ros2/chapt4/chapt4_ws/install/chapt4_interfaces/share/chapt4_interfaces/srv/FaceDetector_Response.msg
[0.304s] -- Up-to-date: /home/loser/learning_ros2/chapt4/chapt4_ws/install/chapt4_interfaces/share/chapt4_interfaces/srv/Patrol.srv
[0.304s] -- Up-to-date: /home/loser/learning_ros2/chapt4/chapt4_ws/install/chapt4_interfaces/share/chapt4_interfaces/srv/Patrol_Request.msg
[0.304s] -- Up-to-date: /home/loser/learning_ros2/chapt4/chapt4_ws/install/chapt4_interfaces/share/chapt4_interfaces/srv/Patrol_Response.msg
[0.304s] -- Up-to-date: /home/loser/learning_ros2/chapt4/chapt4_ws/install/chapt4_interfaces/share/ament_index/resource_index/package_run_dependencies/chapt4_interfaces
[0.304s] -- Up-to-date: /home/loser/learning_ros2/chapt4/chapt4_ws/install/chapt4_interfaces/share/ament_index/resource_index/parent_prefix_path/chapt4_interfaces
[0.304s] -- Up-to-date: /home/loser/learning_ros2/chapt4/chapt4_ws/install/chapt4_interfaces/share/chapt4_interfaces/environment/ament_prefix_path.sh
[0.304s] -- Up-to-date: /home/loser/learning_ros2/chapt4/chapt4_ws/install/chapt4_interfaces/share/chapt4_interfaces/environment/ament_prefix_path.dsv
[0.305s] -- Up-to-date: /home/loser/learning_ros2/chapt4/chapt4_ws/install/chapt4_interfaces/share/chapt4_interfaces/environment/path.sh
[0.305s] -- Up-to-date: /home/loser/learning_ros2/chapt4/chapt4_ws/install/chapt4_interfaces/share/chapt4_interfaces/environment/path.dsv
[0.305s] -- Up-to-date: /home/loser/learning_ros2/chapt4/chapt4_ws/install/chapt4_interfaces/share/chapt4_interfaces/local_setup.bash
[0.305s] -- Up-to-date: /home/loser/learning_ros2/chapt4/chapt4_ws/install/chapt4_interfaces/share/chapt4_interfaces/local_setup.sh
[0.305s] -- Up-to-date: /home/loser/learning_ros2/chapt4/chapt4_ws/install/chapt4_interfaces/share/chapt4_interfaces/local_setup.zsh
[0.305s] -- Up-to-date: /home/loser/learning_ros2/chapt4/chapt4_ws/install/chapt4_interfaces/share/chapt4_interfaces/local_setup.dsv
[0.305s] -- Installing: /home/loser/learning_ros2/chapt4/chapt4_ws/install/chapt4_interfaces/share/chapt4_interfaces/package.dsv
[0.306s] -- Up-to-date: /home/loser/learning_ros2/chapt4/chapt4_ws/install/chapt4_interfaces/share/ament_index/resource_index/packages/chapt4_interfaces
[0.306s] -- Up-to-date: /home/loser/learning_ros2/chapt4/chapt4_ws/install/chapt4_interfaces/share/chapt4_interfaces/cmake/export_chapt4_interfaces__rosidl_generator_cExport.cmake
[0.306s] -- Up-to-date: /home/loser/learning_ros2/chapt4/chapt4_ws/install/chapt4_interfaces/share/chapt4_interfaces/cmake/export_chapt4_interfaces__rosidl_generator_cExport-noconfig.cmake
[0.306s] -- Up-to-date: /home/loser/learning_ros2/chapt4/chapt4_ws/install/chapt4_interfaces/share/chapt4_interfaces/cmake/export_chapt4_interfaces__rosidl_typesupport_fastrtps_cExport.cmake
[0.306s] -- Up-to-date: /home/loser/learning_ros2/chapt4/chapt4_ws/install/chapt4_interfaces/share/chapt4_interfaces/cmake/export_chapt4_interfaces__rosidl_typesupport_fastrtps_cExport-noconfig.cmake
[0.306s] -- Up-to-date: /home/loser/learning_ros2/chapt4/chapt4_ws/install/chapt4_interfaces/share/chapt4_interfaces/cmake/export_chapt4_interfaces__rosidl_generator_cppExport.cmake
[0.306s] -- Up-to-date: /home/loser/learning_ros2/chapt4/chapt4_ws/install/chapt4_interfaces/share/chapt4_interfaces/cmake/export_chapt4_interfaces__rosidl_typesupport_fastrtps_cppExport.cmake
[0.306s] -- Up-to-date: /home/loser/learning_ros2/chapt4/chapt4_ws/install/chapt4_interfaces/share/chapt4_interfaces/cmake/export_chapt4_interfaces__rosidl_typesupport_fastrtps_cppExport-noconfig.cmake
[0.306s] -- Up-to-date: /home/loser/learning_ros2/chapt4/chapt4_ws/install/chapt4_interfaces/share/chapt4_interfaces/cmake/chapt4_interfaces__rosidl_typesupport_introspection_cExport.cmake
[0.306s] -- Up-to-date: /home/loser/learning_ros2/chapt4/chapt4_ws/install/chapt4_interfaces/share/chapt4_interfaces/cmake/chapt4_interfaces__rosidl_typesupport_introspection_cExport-noconfig.cmake
[0.306s] -- Up-to-date: /home/loser/learning_ros2/chapt4/chapt4_ws/install/chapt4_interfaces/share/chapt4_interfaces/cmake/chapt4_interfaces__rosidl_typesupport_cExport.cmake
[0.306s] -- Up-to-date: /home/loser/learning_ros2/chapt4/chapt4_ws/install/chapt4_interfaces/share/chapt4_interfaces/cmake/chapt4_interfaces__rosidl_typesupport_cExport-noconfig.cmake
[0.306s] -- Up-to-date: /home/loser/learning_ros2/chapt4/chapt4_ws/install/chapt4_interfaces/share/chapt4_interfaces/cmake/chapt4_interfaces__rosidl_typesupport_introspection_cppExport.cmake
[0.306s] -- Up-to-date: /home/loser/learning_ros2/chapt4/chapt4_ws/install/chapt4_interfaces/share/chapt4_interfaces/cmake/chapt4_interfaces__rosidl_typesupport_introspection_cppExport-noconfig.cmake
[0.306s] -- Up-to-date: /home/loser/learning_ros2/chapt4/chapt4_ws/install/chapt4_interfaces/share/chapt4_interfaces/cmake/chapt4_interfaces__rosidl_typesupport_cppExport.cmake
[0.308s] -- Up-to-date: /home/loser/learning_ros2/chapt4/chapt4_ws/install/chapt4_interfaces/share/chapt4_interfaces/cmake/chapt4_interfaces__rosidl_typesupport_cppExport-noconfig.cmake
[0.308s] -- Up-to-date: /home/loser/learning_ros2/chapt4/chapt4_ws/install/chapt4_interfaces/share/chapt4_interfaces/cmake/export_chapt4_interfaces__rosidl_generator_pyExport.cmake
[0.308s] -- Up-to-date: /home/loser/learning_ros2/chapt4/chapt4_ws/install/chapt4_interfaces/share/chapt4_interfaces/cmake/export_chapt4_interfaces__rosidl_generator_pyExport-noconfig.cmake
[0.308s] -- Up-to-date: /home/loser/learning_ros2/chapt4/chapt4_ws/install/chapt4_interfaces/share/chapt4_interfaces/cmake/rosidl_cmake-extras.cmake
[0.308s] -- Up-to-date: /home/loser/learning_ros2/chapt4/chapt4_ws/install/chapt4_interfaces/share/chapt4_interfaces/cmake/ament_cmake_export_dependencies-extras.cmake
[0.310s] -- Up-to-date: /home/loser/learning_ros2/chapt4/chapt4_ws/install/chapt4_interfaces/share/chapt4_interfaces/cmake/ament_cmake_export_include_directories-extras.cmake
[0.310s] -- Up-to-date: /home/loser/learning_ros2/chapt4/chapt4_ws/install/chapt4_interfaces/share/chapt4_interfaces/cmake/ament_cmake_export_libraries-extras.cmake
[0.310s] -- Up-to-date: /home/loser/learning_ros2/chapt4/chapt4_ws/install/chapt4_interfaces/share/chapt4_interfaces/cmake/ament_cmake_export_targets-extras.cmake
[0.310s] -- Up-to-date: /home/loser/learning_ros2/chapt4/chapt4_ws/install/chapt4_interfaces/share/chapt4_interfaces/cmake/rosidl_cmake_export_typesupport_targets-extras.cmake
[0.310s] -- Up-to-date: /home/loser/learning_ros2/chapt4/chapt4_ws/install/chapt4_interfaces/share/chapt4_interfaces/cmake/rosidl_cmake_export_typesupport_libraries-extras.cmake
[0.310s] -- Up-to-date: /home/loser/learning_ros2/chapt4/chapt4_ws/install/chapt4_interfaces/share/chapt4_interfaces/cmake/rosidl_cmake_aggregate_target-extras.cmake
[0.310s] -- Up-to-date: /home/loser/learning_ros2/chapt4/chapt4_ws/install/chapt4_interfaces/share/chapt4_interfaces/cmake/chapt4_interfacesConfig.cmake
[0.310s] -- Up-to-date: /home/loser/learning_ros2/chapt4/chapt4_ws/install/chapt4_interfaces/share/chapt4_interfaces/cmake/chapt4_interfacesConfig-version.cmake
[0.310s] -- Up-to-date: /home/loser/learning_ros2/chapt4/chapt4_ws/install/chapt4_interfaces/share/chapt4_interfaces/package.xml
[0.314s] Invoked command in '/home/loser/learning_ros2/chapt4/chapt4_ws/build/chapt4_interfaces' returned '0': CMAKE_PREFIX_PATH=${CMAKE_PREFIX_PATH}:/home/loser/learning_ros2/chapt4/chapt4_ws/install/demo_python_service:/opt/ros/humble /usr/bin/cmake --install /home/loser/learning_ros2/chapt4/chapt4_ws/build/chapt4_interfaces
