[0.048s] DEBUG:colcon:Command line arguments: ['/usr/bin/colcon', 'build']
[0.048s] DEBUG:colcon:Parsed command line arguments: Namespace(log_base=None, log_level=None, verb_name='build', build_base='build', install_base='install', merge_install=False, symlink_install=False, test_result_base=None, continue_on_error=False, executor='parallel', parallel_workers=24, event_handlers=None, ignore_user_meta=False, metas=['./colcon.meta'], base_paths=['.'], packages_ignore=None, packages_ignore_regex=None, paths=None, packages_up_to=None, packages_up_to_regex=None, packages_above=None, packages_above_and_dependencies=None, packages_above_depth=None, packages_select_by_dep=None, packages_skip_by_dep=None, packages_skip_up_to=None, packages_select_build_failed=False, packages_skip_build_finished=False, packages_select_test_failures=False, packages_skip_test_passed=False, packages_select=None, packages_skip=None, packages_select_regex=None, packages_skip_regex=None, packages_start=None, packages_end=None, allow_overriding=[], cmake_args=None, cmake_target=None, cmake_target_skip_unavailable=False, cmake_clean_cache=False, cmake_clean_first=False, cmake_force_configure=False, ament_cmake_args=None, catkin_cmake_args=None, catkin_skip_building_tests=False, verb_parser=<colcon_defaults.argument_parser.defaults.DefaultArgumentsDecorator object at 0x7e0c03e97cd0>, verb_extension=<colcon_core.verb.build.BuildVerb object at 0x7e0c041fc940>, main=<bound method BuildVerb.main of <colcon_core.verb.build.BuildVerb object at 0x7e0c041fc940>>)
[0.131s] Level 1:colcon.colcon_core.package_discovery:discover_packages(colcon_meta) check parameters
[0.131s] Level 1:colcon.colcon_core.package_discovery:discover_packages(recursive) check parameters
[0.131s] Level 1:colcon.colcon_core.package_discovery:discover_packages(ignore) check parameters
[0.131s] Level 1:colcon.colcon_core.package_discovery:discover_packages(path) check parameters
[0.131s] Level 1:colcon.colcon_core.package_discovery:discover_packages(colcon_meta) discover
[0.131s] Level 1:colcon.colcon_core.package_discovery:discover_packages(recursive) discover
[0.131s] INFO:colcon.colcon_core.package_discovery:Crawling recursively for packages in '/home/loser/learning_ros2/chapt5/chapt5_ws'
[0.131s] Level 1:colcon.colcon_core.package_identification:_identify(.) by extensions ['ignore', 'ignore_ament_install']
[0.131s] Level 1:colcon.colcon_core.package_identification:_identify(.) by extension 'ignore'
[0.131s] Level 1:colcon.colcon_core.package_identification:_identify(.) by extension 'ignore_ament_install'
[0.131s] Level 1:colcon.colcon_core.package_identification:_identify(.) by extensions ['colcon_pkg']
[0.131s] Level 1:colcon.colcon_core.package_identification:_identify(.) by extension 'colcon_pkg'
[0.131s] Level 1:colcon.colcon_core.package_identification:_identify(.) by extensions ['colcon_meta']
[0.131s] Level 1:colcon.colcon_core.package_identification:_identify(.) by extension 'colcon_meta'
[0.131s] Level 1:colcon.colcon_core.package_identification:_identify(.) by extensions ['ros']
[0.131s] Level 1:colcon.colcon_core.package_identification:_identify(.) by extension 'ros'
[0.139s] Level 1:colcon.colcon_core.package_identification:_identify(.) by extensions ['cmake', 'python']
[0.139s] Level 1:colcon.colcon_core.package_identification:_identify(.) by extension 'cmake'
[0.139s] Level 1:colcon.colcon_core.package_identification:_identify(.) by extension 'python'
[0.139s] Level 1:colcon.colcon_core.package_identification:_identify(.) by extensions ['python_setup_py']
[0.139s] Level 1:colcon.colcon_core.package_identification:_identify(.) by extension 'python_setup_py'
[0.139s] Level 1:colcon.colcon_core.package_identification:_identify(build) by extensions ['ignore', 'ignore_ament_install']
[0.139s] Level 1:colcon.colcon_core.package_identification:_identify(build) by extension 'ignore'
[0.139s] Level 1:colcon.colcon_core.package_identification:_identify(build) ignored
[0.140s] Level 1:colcon.colcon_core.package_identification:_identify(install) by extensions ['ignore', 'ignore_ament_install']
[0.140s] Level 1:colcon.colcon_core.package_identification:_identify(install) by extension 'ignore'
[0.140s] Level 1:colcon.colcon_core.package_identification:_identify(install) ignored
[0.140s] Level 1:colcon.colcon_core.package_identification:_identify(log) by extensions ['ignore', 'ignore_ament_install']
[0.140s] Level 1:colcon.colcon_core.package_identification:_identify(log) by extension 'ignore'
[0.140s] Level 1:colcon.colcon_core.package_identification:_identify(log) ignored
[0.140s] Level 1:colcon.colcon_core.package_identification:_identify(src) by extensions ['ignore', 'ignore_ament_install']
[0.140s] Level 1:colcon.colcon_core.package_identification:_identify(src) by extension 'ignore'
[0.140s] Level 1:colcon.colcon_core.package_identification:_identify(src) by extension 'ignore_ament_install'
[0.140s] Level 1:colcon.colcon_core.package_identification:_identify(src) by extensions ['colcon_pkg']
[0.140s] Level 1:colcon.colcon_core.package_identification:_identify(src) by extension 'colcon_pkg'
[0.140s] Level 1:colcon.colcon_core.package_identification:_identify(src) by extensions ['colcon_meta']
[0.140s] Level 1:colcon.colcon_core.package_identification:_identify(src) by extension 'colcon_meta'
[0.140s] Level 1:colcon.colcon_core.package_identification:_identify(src) by extensions ['ros']
[0.140s] Level 1:colcon.colcon_core.package_identification:_identify(src) by extension 'ros'
[0.140s] Level 1:colcon.colcon_core.package_identification:_identify(src) by extensions ['cmake', 'python']
[0.140s] Level 1:colcon.colcon_core.package_identification:_identify(src) by extension 'cmake'
[0.140s] Level 1:colcon.colcon_core.package_identification:_identify(src) by extension 'python'
[0.140s] Level 1:colcon.colcon_core.package_identification:_identify(src) by extensions ['python_setup_py']
[0.140s] Level 1:colcon.colcon_core.package_identification:_identify(src) by extension 'python_setup_py'
[0.140s] Level 1:colcon.colcon_core.package_identification:_identify(src/demo_python_tf) by extensions ['ignore', 'ignore_ament_install']
[0.140s] Level 1:colcon.colcon_core.package_identification:_identify(src/demo_python_tf) by extension 'ignore'
[0.140s] Level 1:colcon.colcon_core.package_identification:_identify(src/demo_python_tf) by extension 'ignore_ament_install'
[0.140s] Level 1:colcon.colcon_core.package_identification:_identify(src/demo_python_tf) by extensions ['colcon_pkg']
[0.140s] Level 1:colcon.colcon_core.package_identification:_identify(src/demo_python_tf) by extension 'colcon_pkg'
[0.140s] Level 1:colcon.colcon_core.package_identification:_identify(src/demo_python_tf) by extensions ['colcon_meta']
[0.140s] Level 1:colcon.colcon_core.package_identification:_identify(src/demo_python_tf) by extension 'colcon_meta'
[0.140s] Level 1:colcon.colcon_core.package_identification:_identify(src/demo_python_tf) by extensions ['ros']
[0.140s] Level 1:colcon.colcon_core.package_identification:_identify(src/demo_python_tf) by extension 'ros'
[0.142s] DEBUG:colcon.colcon_core.package_identification:Package 'src/demo_python_tf' with type 'ros.ament_python' and name 'demo_python_tf'
[0.142s] Level 1:colcon.colcon_core.package_discovery:discover_packages(recursive) using defaults
[0.143s] Level 1:colcon.colcon_core.package_discovery:discover_packages(ignore) discover
[0.143s] Level 1:colcon.colcon_core.package_discovery:discover_packages(ignore) using defaults
[0.143s] Level 1:colcon.colcon_core.package_discovery:discover_packages(path) discover
[0.143s] Level 1:colcon.colcon_core.package_discovery:discover_packages(path) using defaults
[0.155s] Level 1:colcon.colcon_core.package_discovery:discover_packages(prefix_path) check parameters
[0.155s] Level 1:colcon.colcon_core.package_discovery:discover_packages(prefix_path) discover
[0.157s] DEBUG:colcon.colcon_installed_package_information.package_discovery:Found 274 installed packages in /opt/ros/humble
[0.164s] Level 1:colcon.colcon_core.package_discovery:discover_packages(prefix_path) using defaults
[0.183s] Level 5:colcon.colcon_core.verb:set package 'demo_python_tf' build argument 'cmake_args' from command line to 'None'
[0.183s] Level 5:colcon.colcon_core.verb:set package 'demo_python_tf' build argument 'cmake_target' from command line to 'None'
[0.183s] Level 5:colcon.colcon_core.verb:set package 'demo_python_tf' build argument 'cmake_target_skip_unavailable' from command line to 'False'
[0.183s] Level 5:colcon.colcon_core.verb:set package 'demo_python_tf' build argument 'cmake_clean_cache' from command line to 'False'
[0.183s] Level 5:colcon.colcon_core.verb:set package 'demo_python_tf' build argument 'cmake_clean_first' from command line to 'False'
[0.183s] Level 5:colcon.colcon_core.verb:set package 'demo_python_tf' build argument 'cmake_force_configure' from command line to 'False'
[0.183s] Level 5:colcon.colcon_core.verb:set package 'demo_python_tf' build argument 'ament_cmake_args' from command line to 'None'
[0.183s] Level 5:colcon.colcon_core.verb:set package 'demo_python_tf' build argument 'catkin_cmake_args' from command line to 'None'
[0.183s] Level 5:colcon.colcon_core.verb:set package 'demo_python_tf' build argument 'catkin_skip_building_tests' from command line to 'False'
[0.183s] DEBUG:colcon.colcon_core.verb:Building package 'demo_python_tf' with the following arguments: {'ament_cmake_args': None, 'build_base': '/home/loser/learning_ros2/chapt5/chapt5_ws/build/demo_python_tf', 'catkin_cmake_args': None, 'catkin_skip_building_tests': False, 'cmake_args': None, 'cmake_clean_cache': False, 'cmake_clean_first': False, 'cmake_force_configure': False, 'cmake_target': None, 'cmake_target_skip_unavailable': False, 'install_base': '/home/loser/learning_ros2/chapt5/chapt5_ws/install/demo_python_tf', 'merge_install': False, 'path': '/home/loser/learning_ros2/chapt5/chapt5_ws/src/demo_python_tf', 'symlink_install': False, 'test_result_base': None}
[0.184s] INFO:colcon.colcon_core.executor:Executing jobs using 'parallel' executor
[0.184s] DEBUG:colcon.colcon_parallel_executor.executor.parallel:run_until_complete
[0.185s] INFO:colcon.colcon_ros.task.ament_python.build:Building ROS package in '/home/loser/learning_ros2/chapt5/chapt5_ws/src/demo_python_tf' with build type 'ament_python'
[0.185s] Level 1:colcon.colcon_core.shell:create_environment_hook('demo_python_tf', 'ament_prefix_path')
[0.186s] INFO:colcon.colcon_core.plugin_system:Skipping extension 'colcon_core.shell.bat': Not used on non-Windows systems
[0.187s] INFO:colcon.colcon_core.shell:Creating environment hook '/home/loser/learning_ros2/chapt5/chapt5_ws/install/demo_python_tf/share/demo_python_tf/hook/ament_prefix_path.ps1'
[0.188s] INFO:colcon.colcon_core.shell:Creating environment descriptor '/home/loser/learning_ros2/chapt5/chapt5_ws/install/demo_python_tf/share/demo_python_tf/hook/ament_prefix_path.dsv'
[0.188s] INFO:colcon.colcon_core.shell:Creating environment hook '/home/loser/learning_ros2/chapt5/chapt5_ws/install/demo_python_tf/share/demo_python_tf/hook/ament_prefix_path.sh'
[0.189s] INFO:colcon.colcon_core.shell:Skip shell extension 'powershell' for command environment: Not usable outside of PowerShell
[0.189s] DEBUG:colcon.colcon_core.shell:Skip shell extension 'dsv' for command environment
[0.316s] INFO:colcon.colcon_core.task.python.build:Building Python package in '/home/loser/learning_ros2/chapt5/chapt5_ws/src/demo_python_tf'
[0.316s] INFO:colcon.colcon_core.shell:Skip shell extension 'powershell' for command environment: Not usable outside of PowerShell
[0.316s] DEBUG:colcon.colcon_core.shell:Skip shell extension 'dsv' for command environment
[0.471s] DEBUG:colcon.colcon_core.task.python.build:Available setuptools commands: symlink_data, develop, clean, bdist_wheel, sdist, rotate, install_headers, register, install_data, build, install, bdist, build_ext, test, build_scripts, upload, alias, bdist_rpm, check, saveopts, setopt, dist_info, bdist_egg, egg_info, install_lib, install_egg_info, build_clib, upload_docs, bdist_dumb, install_scripts, easy_install, build_py
[0.474s] DEBUG:colcon.colcon_core.event_handler.log_command:Invoking command in '/home/loser/learning_ros2/chapt5/chapt5_ws/src/demo_python_tf': PYTHONPATH=/home/loser/learning_ros2/chapt5/chapt5_ws/build/demo_python_tf/prefix_override:/usr/lib/python3/dist-packages/colcon_core/task/python/colcon_distutils_commands:/home/loser/learning_ros2/chapt5/chapt5_ws/install/demo_python_tf/lib/python3.10/site-packages:${PYTHONPATH} /usr/bin/python3 -W ignore:setup.py install is deprecated -W ignore:easy_install command is deprecated setup.py egg_info --egg-base ../../build/demo_python_tf build --build-base /home/loser/learning_ros2/chapt5/chapt5_ws/build/demo_python_tf/build install --record /home/loser/learning_ros2/chapt5/chapt5_ws/build/demo_python_tf/install.log --install-scripts $base/lib/demo_python_tf --single-version-externally-managed install_data
[0.610s] DEBUG:colcon.colcon_core.event_handler.log_command:Invoked command in '/home/loser/learning_ros2/chapt5/chapt5_ws/src/demo_python_tf' returned '0': PYTHONPATH=/home/loser/learning_ros2/chapt5/chapt5_ws/build/demo_python_tf/prefix_override:/usr/lib/python3/dist-packages/colcon_core/task/python/colcon_distutils_commands:/home/loser/learning_ros2/chapt5/chapt5_ws/install/demo_python_tf/lib/python3.10/site-packages:${PYTHONPATH} /usr/bin/python3 -W ignore:setup.py install is deprecated -W ignore:easy_install command is deprecated setup.py egg_info --egg-base ../../build/demo_python_tf build --build-base /home/loser/learning_ros2/chapt5/chapt5_ws/build/demo_python_tf/build install --record /home/loser/learning_ros2/chapt5/chapt5_ws/build/demo_python_tf/install.log --install-scripts $base/lib/demo_python_tf --single-version-externally-managed install_data
[0.611s] Level 1:colcon.colcon_core.environment:checking '/home/loser/learning_ros2/chapt5/chapt5_ws/install/demo_python_tf' for CMake module files
[0.611s] Level 1:colcon.colcon_core.environment:checking '/home/loser/learning_ros2/chapt5/chapt5_ws/install/demo_python_tf' for CMake config files
[0.612s] Level 1:colcon.colcon_core.environment:checking '/home/loser/learning_ros2/chapt5/chapt5_ws/install/demo_python_tf/lib'
[0.612s] Level 1:colcon.colcon_core.environment:checking '/home/loser/learning_ros2/chapt5/chapt5_ws/install/demo_python_tf/bin'
[0.612s] Level 1:colcon.colcon_core.environment:checking '/home/loser/learning_ros2/chapt5/chapt5_ws/install/demo_python_tf/lib/pkgconfig/demo_python_tf.pc'
[0.613s] Level 1:colcon.colcon_core.environment:checking '/home/loser/learning_ros2/chapt5/chapt5_ws/install/demo_python_tf/lib/python3.10/site-packages'
[0.613s] Level 1:colcon.colcon_core.shell:create_environment_hook('demo_python_tf', 'pythonpath')
[0.613s] INFO:colcon.colcon_core.shell:Creating environment hook '/home/loser/learning_ros2/chapt5/chapt5_ws/install/demo_python_tf/share/demo_python_tf/hook/pythonpath.ps1'
[0.613s] INFO:colcon.colcon_core.shell:Creating environment descriptor '/home/loser/learning_ros2/chapt5/chapt5_ws/install/demo_python_tf/share/demo_python_tf/hook/pythonpath.dsv'
[0.613s] INFO:colcon.colcon_core.shell:Creating environment hook '/home/loser/learning_ros2/chapt5/chapt5_ws/install/demo_python_tf/share/demo_python_tf/hook/pythonpath.sh'
[0.614s] Level 1:colcon.colcon_core.environment:checking '/home/loser/learning_ros2/chapt5/chapt5_ws/install/demo_python_tf/bin'
[0.614s] Level 1:colcon.colcon_core.environment:create_environment_scripts_only(demo_python_tf)
[0.614s] INFO:colcon.colcon_core.shell:Creating package script '/home/loser/learning_ros2/chapt5/chapt5_ws/install/demo_python_tf/share/demo_python_tf/package.ps1'
[0.614s] INFO:colcon.colcon_core.shell:Creating package descriptor '/home/loser/learning_ros2/chapt5/chapt5_ws/install/demo_python_tf/share/demo_python_tf/package.dsv'
[0.615s] INFO:colcon.colcon_core.shell:Creating package script '/home/loser/learning_ros2/chapt5/chapt5_ws/install/demo_python_tf/share/demo_python_tf/package.sh'
[0.615s] INFO:colcon.colcon_core.shell:Creating package script '/home/loser/learning_ros2/chapt5/chapt5_ws/install/demo_python_tf/share/demo_python_tf/package.bash'
[0.616s] INFO:colcon.colcon_core.shell:Creating package script '/home/loser/learning_ros2/chapt5/chapt5_ws/install/demo_python_tf/share/demo_python_tf/package.zsh'
[0.616s] Level 1:colcon.colcon_core.environment:create_file_with_runtime_dependencies(/home/loser/learning_ros2/chapt5/chapt5_ws/install/demo_python_tf/share/colcon-core/packages/demo_python_tf)
[0.616s] DEBUG:colcon.colcon_parallel_executor.executor.parallel:closing loop
[0.616s] DEBUG:colcon.colcon_parallel_executor.executor.parallel:loop closed
[0.616s] DEBUG:colcon.colcon_parallel_executor.executor.parallel:run_until_complete finished with '0'
[0.616s] DEBUG:colcon.colcon_core.event_reactor:joining thread
[0.620s] INFO:colcon.colcon_core.plugin_system:Skipping extension 'colcon_notification.desktop_notification.terminal_notifier': Not used on non-Darwin systems
[0.620s] INFO:colcon.colcon_core.plugin_system:Skipping extension 'colcon_notification.desktop_notification.win32': Not used on non-Windows systems
[0.620s] INFO:colcon.colcon_notification.desktop_notification:Sending desktop notification using 'notify2'
[0.627s] DEBUG:colcon.colcon_core.event_reactor:joined thread
[0.628s] INFO:colcon.colcon_core.shell:Creating prefix script '/home/loser/learning_ros2/chapt5/chapt5_ws/install/local_setup.ps1'
[0.628s] INFO:colcon.colcon_core.shell:Creating prefix util module '/home/loser/learning_ros2/chapt5/chapt5_ws/install/_local_setup_util_ps1.py'
[0.629s] INFO:colcon.colcon_core.shell:Creating prefix chain script '/home/loser/learning_ros2/chapt5/chapt5_ws/install/setup.ps1'
[0.630s] INFO:colcon.colcon_core.shell:Creating prefix script '/home/loser/learning_ros2/chapt5/chapt5_ws/install/local_setup.sh'
[0.630s] INFO:colcon.colcon_core.shell:Creating prefix util module '/home/loser/learning_ros2/chapt5/chapt5_ws/install/_local_setup_util_sh.py'
[0.630s] INFO:colcon.colcon_core.shell:Creating prefix chain script '/home/loser/learning_ros2/chapt5/chapt5_ws/install/setup.sh'
[0.631s] INFO:colcon.colcon_core.shell:Creating prefix script '/home/loser/learning_ros2/chapt5/chapt5_ws/install/local_setup.bash'
[0.631s] INFO:colcon.colcon_core.shell:Creating prefix chain script '/home/loser/learning_ros2/chapt5/chapt5_ws/install/setup.bash'
[0.632s] INFO:colcon.colcon_core.shell:Creating prefix script '/home/loser/learning_ros2/chapt5/chapt5_ws/install/local_setup.zsh'
[0.632s] INFO:colcon.colcon_core.shell:Creating prefix chain script '/home/loser/learning_ros2/chapt5/chapt5_ws/install/setup.zsh'
