[0.053s] DEBUG:colcon:Command line arguments: ['/usr/bin/colcon', 'build']
[0.053s] DEBUG:colcon:Parsed command line arguments: Namespace(log_base=None, log_level=None, verb_name='build', build_base='build', install_base='install', merge_install=False, symlink_install=False, test_result_base=None, continue_on_error=False, executor='parallel', parallel_workers=24, event_handlers=None, ignore_user_meta=False, metas=['./colcon.meta'], base_paths=['.'], packages_ignore=None, packages_ignore_regex=None, paths=None, packages_up_to=None, packages_up_to_regex=None, packages_above=None, packages_above_and_dependencies=None, packages_above_depth=None, packages_select_by_dep=None, packages_skip_by_dep=None, packages_skip_up_to=None, packages_select_build_failed=False, packages_skip_build_finished=False, packages_select_test_failures=False, packages_skip_test_passed=False, packages_select=None, packages_skip=None, packages_select_regex=None, packages_skip_regex=None, packages_start=None, packages_end=None, allow_overriding=[], cmake_args=None, cmake_target=None, cmake_target_skip_unavailable=False, cmake_clean_cache=False, cmake_clean_first=False, cmake_force_configure=False, ament_cmake_args=None, catkin_cmake_args=None, catkin_skip_building_tests=False, verb_parser=<colcon_defaults.argument_parser.defaults.DefaultArgumentsDecorator object at 0x75e9ddf2be50>, verb_extension=<colcon_core.verb.build.BuildVerb object at 0x75e9de059480>, main=<bound method BuildVerb.main of <colcon_core.verb.build.BuildVerb object at 0x75e9de059480>>)
[0.143s] Level 1:colcon.colcon_core.package_discovery:discover_packages(colcon_meta) check parameters
[0.143s] Level 1:colcon.colcon_core.package_discovery:discover_packages(recursive) check parameters
[0.143s] Level 1:colcon.colcon_core.package_discovery:discover_packages(ignore) check parameters
[0.143s] Level 1:colcon.colcon_core.package_discovery:discover_packages(path) check parameters
[0.143s] Level 1:colcon.colcon_core.package_discovery:discover_packages(colcon_meta) discover
[0.143s] Level 1:colcon.colcon_core.package_discovery:discover_packages(recursive) discover
[0.143s] INFO:colcon.colcon_core.package_discovery:Crawling recursively for packages in '/home/loser/learning_ros2/chapt3/topic_ws'
[0.143s] Level 1:colcon.colcon_core.package_identification:_identify(.) by extensions ['ignore', 'ignore_ament_install']
[0.144s] Level 1:colcon.colcon_core.package_identification:_identify(.) by extension 'ignore'
[0.144s] Level 1:colcon.colcon_core.package_identification:_identify(.) by extension 'ignore_ament_install'
[0.144s] Level 1:colcon.colcon_core.package_identification:_identify(.) by extensions ['colcon_pkg']
[0.144s] Level 1:colcon.colcon_core.package_identification:_identify(.) by extension 'colcon_pkg'
[0.144s] Level 1:colcon.colcon_core.package_identification:_identify(.) by extensions ['colcon_meta']
[0.144s] Level 1:colcon.colcon_core.package_identification:_identify(.) by extension 'colcon_meta'
[0.144s] Level 1:colcon.colcon_core.package_identification:_identify(.) by extensions ['ros']
[0.144s] Level 1:colcon.colcon_core.package_identification:_identify(.) by extension 'ros'
[0.152s] Level 1:colcon.colcon_core.package_identification:_identify(.) by extensions ['cmake', 'python']
[0.153s] Level 1:colcon.colcon_core.package_identification:_identify(.) by extension 'cmake'
[0.153s] Level 1:colcon.colcon_core.package_identification:_identify(.) by extension 'python'
[0.153s] Level 1:colcon.colcon_core.package_identification:_identify(.) by extensions ['python_setup_py']
[0.153s] Level 1:colcon.colcon_core.package_identification:_identify(.) by extension 'python_setup_py'
[0.153s] Level 1:colcon.colcon_core.package_identification:_identify(build) by extensions ['ignore', 'ignore_ament_install']
[0.153s] Level 1:colcon.colcon_core.package_identification:_identify(build) by extension 'ignore'
[0.153s] Level 1:colcon.colcon_core.package_identification:_identify(build) ignored
[0.153s] Level 1:colcon.colcon_core.package_identification:_identify(install) by extensions ['ignore', 'ignore_ament_install']
[0.153s] Level 1:colcon.colcon_core.package_identification:_identify(install) by extension 'ignore'
[0.153s] Level 1:colcon.colcon_core.package_identification:_identify(install) ignored
[0.153s] Level 1:colcon.colcon_core.package_identification:_identify(log) by extensions ['ignore', 'ignore_ament_install']
[0.153s] Level 1:colcon.colcon_core.package_identification:_identify(log) by extension 'ignore'
[0.153s] Level 1:colcon.colcon_core.package_identification:_identify(log) ignored
[0.153s] Level 1:colcon.colcon_core.package_identification:_identify(src) by extensions ['ignore', 'ignore_ament_install']
[0.153s] Level 1:colcon.colcon_core.package_identification:_identify(src) by extension 'ignore'
[0.153s] Level 1:colcon.colcon_core.package_identification:_identify(src) by extension 'ignore_ament_install'
[0.153s] Level 1:colcon.colcon_core.package_identification:_identify(src) by extensions ['colcon_pkg']
[0.153s] Level 1:colcon.colcon_core.package_identification:_identify(src) by extension 'colcon_pkg'
[0.153s] Level 1:colcon.colcon_core.package_identification:_identify(src) by extensions ['colcon_meta']
[0.153s] Level 1:colcon.colcon_core.package_identification:_identify(src) by extension 'colcon_meta'
[0.153s] Level 1:colcon.colcon_core.package_identification:_identify(src) by extensions ['ros']
[0.153s] Level 1:colcon.colcon_core.package_identification:_identify(src) by extension 'ros'
[0.153s] Level 1:colcon.colcon_core.package_identification:_identify(src) by extensions ['cmake', 'python']
[0.153s] Level 1:colcon.colcon_core.package_identification:_identify(src) by extension 'cmake'
[0.153s] Level 1:colcon.colcon_core.package_identification:_identify(src) by extension 'python'
[0.153s] Level 1:colcon.colcon_core.package_identification:_identify(src) by extensions ['python_setup_py']
[0.153s] Level 1:colcon.colcon_core.package_identification:_identify(src) by extension 'python_setup_py'
[0.154s] Level 1:colcon.colcon_core.package_identification:_identify(src/demo_cpp_topic) by extensions ['ignore', 'ignore_ament_install']
[0.154s] Level 1:colcon.colcon_core.package_identification:_identify(src/demo_cpp_topic) by extension 'ignore'
[0.154s] Level 1:colcon.colcon_core.package_identification:_identify(src/demo_cpp_topic) by extension 'ignore_ament_install'
[0.154s] Level 1:colcon.colcon_core.package_identification:_identify(src/demo_cpp_topic) by extensions ['colcon_pkg']
[0.154s] Level 1:colcon.colcon_core.package_identification:_identify(src/demo_cpp_topic) by extension 'colcon_pkg'
[0.154s] Level 1:colcon.colcon_core.package_identification:_identify(src/demo_cpp_topic) by extensions ['colcon_meta']
[0.154s] Level 1:colcon.colcon_core.package_identification:_identify(src/demo_cpp_topic) by extension 'colcon_meta'
[0.154s] Level 1:colcon.colcon_core.package_identification:_identify(src/demo_cpp_topic) by extensions ['ros']
[0.154s] Level 1:colcon.colcon_core.package_identification:_identify(src/demo_cpp_topic) by extension 'ros'
[0.155s] DEBUG:colcon.colcon_core.package_identification:Package 'src/demo_cpp_topic' with type 'ros.ament_cmake' and name 'demo_cpp_topic'
[0.156s] Level 1:colcon.colcon_core.package_identification:_identify(src/demo_python_topic) by extensions ['ignore', 'ignore_ament_install']
[0.156s] Level 1:colcon.colcon_core.package_identification:_identify(src/demo_python_topic) by extension 'ignore'
[0.156s] Level 1:colcon.colcon_core.package_identification:_identify(src/demo_python_topic) by extension 'ignore_ament_install'
[0.156s] Level 1:colcon.colcon_core.package_identification:_identify(src/demo_python_topic) by extensions ['colcon_pkg']
[0.156s] Level 1:colcon.colcon_core.package_identification:_identify(src/demo_python_topic) by extension 'colcon_pkg'
[0.156s] Level 1:colcon.colcon_core.package_identification:_identify(src/demo_python_topic) by extensions ['colcon_meta']
[0.156s] Level 1:colcon.colcon_core.package_identification:_identify(src/demo_python_topic) by extension 'colcon_meta'
[0.156s] Level 1:colcon.colcon_core.package_identification:_identify(src/demo_python_topic) by extensions ['ros']
[0.156s] Level 1:colcon.colcon_core.package_identification:_identify(src/demo_python_topic) by extension 'ros'
[0.156s] DEBUG:colcon.colcon_core.package_identification:Package 'src/demo_python_topic' with type 'ros.ament_python' and name 'demo_python_topic'
[0.156s] Level 1:colcon.colcon_core.package_discovery:discover_packages(recursive) using defaults
[0.156s] Level 1:colcon.colcon_core.package_discovery:discover_packages(ignore) discover
[0.156s] Level 1:colcon.colcon_core.package_discovery:discover_packages(ignore) using defaults
[0.156s] Level 1:colcon.colcon_core.package_discovery:discover_packages(path) discover
[0.156s] Level 1:colcon.colcon_core.package_discovery:discover_packages(path) using defaults
[0.171s] Level 1:colcon.colcon_core.package_discovery:discover_packages(prefix_path) check parameters
[0.171s] Level 1:colcon.colcon_core.package_discovery:discover_packages(prefix_path) discover
[0.172s] DEBUG:colcon.colcon_installed_package_information.package_discovery:Found 2 installed packages in /home/loser/learning_ros2/chapt3/topic_ws/install
[0.172s] DEBUG:colcon.colcon_installed_package_information.package_discovery:Found 273 installed packages in /opt/ros/humble
[0.180s] Level 1:colcon.colcon_core.package_discovery:discover_packages(prefix_path) using defaults
[0.198s] Level 5:colcon.colcon_core.verb:set package 'demo_cpp_topic' build argument 'cmake_args' from command line to 'None'
[0.198s] Level 5:colcon.colcon_core.verb:set package 'demo_cpp_topic' build argument 'cmake_target' from command line to 'None'
[0.198s] Level 5:colcon.colcon_core.verb:set package 'demo_cpp_topic' build argument 'cmake_target_skip_unavailable' from command line to 'False'
[0.198s] Level 5:colcon.colcon_core.verb:set package 'demo_cpp_topic' build argument 'cmake_clean_cache' from command line to 'False'
[0.198s] Level 5:colcon.colcon_core.verb:set package 'demo_cpp_topic' build argument 'cmake_clean_first' from command line to 'False'
[0.198s] Level 5:colcon.colcon_core.verb:set package 'demo_cpp_topic' build argument 'cmake_force_configure' from command line to 'False'
[0.198s] Level 5:colcon.colcon_core.verb:set package 'demo_cpp_topic' build argument 'ament_cmake_args' from command line to 'None'
[0.198s] Level 5:colcon.colcon_core.verb:set package 'demo_cpp_topic' build argument 'catkin_cmake_args' from command line to 'None'
[0.198s] Level 5:colcon.colcon_core.verb:set package 'demo_cpp_topic' build argument 'catkin_skip_building_tests' from command line to 'False'
[0.198s] DEBUG:colcon.colcon_core.verb:Building package 'demo_cpp_topic' with the following arguments: {'ament_cmake_args': None, 'build_base': '/home/loser/learning_ros2/chapt3/topic_ws/build/demo_cpp_topic', 'catkin_cmake_args': None, 'catkin_skip_building_tests': False, 'cmake_args': None, 'cmake_clean_cache': False, 'cmake_clean_first': False, 'cmake_force_configure': False, 'cmake_target': None, 'cmake_target_skip_unavailable': False, 'install_base': '/home/loser/learning_ros2/chapt3/topic_ws/install/demo_cpp_topic', 'merge_install': False, 'path': '/home/loser/learning_ros2/chapt3/topic_ws/src/demo_cpp_topic', 'symlink_install': False, 'test_result_base': None}
[0.198s] Level 5:colcon.colcon_core.verb:set package 'demo_python_topic' build argument 'cmake_args' from command line to 'None'
[0.198s] Level 5:colcon.colcon_core.verb:set package 'demo_python_topic' build argument 'cmake_target' from command line to 'None'
[0.198s] Level 5:colcon.colcon_core.verb:set package 'demo_python_topic' build argument 'cmake_target_skip_unavailable' from command line to 'False'
[0.198s] Level 5:colcon.colcon_core.verb:set package 'demo_python_topic' build argument 'cmake_clean_cache' from command line to 'False'
[0.198s] Level 5:colcon.colcon_core.verb:set package 'demo_python_topic' build argument 'cmake_clean_first' from command line to 'False'
[0.198s] Level 5:colcon.colcon_core.verb:set package 'demo_python_topic' build argument 'cmake_force_configure' from command line to 'False'
[0.198s] Level 5:colcon.colcon_core.verb:set package 'demo_python_topic' build argument 'ament_cmake_args' from command line to 'None'
[0.198s] Level 5:colcon.colcon_core.verb:set package 'demo_python_topic' build argument 'catkin_cmake_args' from command line to 'None'
[0.198s] Level 5:colcon.colcon_core.verb:set package 'demo_python_topic' build argument 'catkin_skip_building_tests' from command line to 'False'
[0.198s] DEBUG:colcon.colcon_core.verb:Building package 'demo_python_topic' with the following arguments: {'ament_cmake_args': None, 'build_base': '/home/loser/learning_ros2/chapt3/topic_ws/build/demo_python_topic', 'catkin_cmake_args': None, 'catkin_skip_building_tests': False, 'cmake_args': None, 'cmake_clean_cache': False, 'cmake_clean_first': False, 'cmake_force_configure': False, 'cmake_target': None, 'cmake_target_skip_unavailable': False, 'install_base': '/home/loser/learning_ros2/chapt3/topic_ws/install/demo_python_topic', 'merge_install': False, 'path': '/home/loser/learning_ros2/chapt3/topic_ws/src/demo_python_topic', 'symlink_install': False, 'test_result_base': None}
[0.198s] INFO:colcon.colcon_core.executor:Executing jobs using 'parallel' executor
[0.199s] DEBUG:colcon.colcon_parallel_executor.executor.parallel:run_until_complete
[0.199s] INFO:colcon.colcon_ros.task.ament_cmake.build:Building ROS package in '/home/loser/learning_ros2/chapt3/topic_ws/src/demo_cpp_topic' with build type 'ament_cmake'
[0.199s] INFO:colcon.colcon_cmake.task.cmake.build:Building CMake package in '/home/loser/learning_ros2/chapt3/topic_ws/src/demo_cpp_topic'
[0.200s] INFO:colcon.colcon_core.plugin_system:Skipping extension 'colcon_core.shell.bat': Not used on non-Windows systems
[0.201s] INFO:colcon.colcon_core.shell:Skip shell extension 'powershell' for command environment: Not usable outside of PowerShell
[0.201s] DEBUG:colcon.colcon_core.shell:Skip shell extension 'dsv' for command environment
[0.203s] INFO:colcon.colcon_ros.task.ament_python.build:Building ROS package in '/home/loser/learning_ros2/chapt3/topic_ws/src/demo_python_topic' with build type 'ament_python'
[0.203s] Level 1:colcon.colcon_core.shell:create_environment_hook('demo_python_topic', 'ament_prefix_path')
[0.203s] INFO:colcon.colcon_core.shell:Creating environment hook '/home/loser/learning_ros2/chapt3/topic_ws/install/demo_python_topic/share/demo_python_topic/hook/ament_prefix_path.ps1'
[0.203s] INFO:colcon.colcon_core.shell:Creating environment descriptor '/home/loser/learning_ros2/chapt3/topic_ws/install/demo_python_topic/share/demo_python_topic/hook/ament_prefix_path.dsv'
[0.204s] INFO:colcon.colcon_core.shell:Creating environment hook '/home/loser/learning_ros2/chapt3/topic_ws/install/demo_python_topic/share/demo_python_topic/hook/ament_prefix_path.sh'
[0.204s] INFO:colcon.colcon_core.shell:Skip shell extension 'powershell' for command environment: Not usable outside of PowerShell
[0.204s] DEBUG:colcon.colcon_core.shell:Skip shell extension 'dsv' for command environment
[0.208s] DEBUG:colcon.colcon_core.event_handler.log_command:Invoking command in '/home/loser/learning_ros2/chapt3/topic_ws/build/demo_cpp_topic': CMAKE_PREFIX_PATH=${CMAKE_PREFIX_PATH}:/home/loser/learning_ros2/chapt3/topic_ws/install/demo_python_topic:/opt/ros/humble /usr/bin/cmake --build /home/loser/learning_ros2/chapt3/topic_ws/build/demo_cpp_topic -- -j24 -l24
[0.335s] INFO:colcon.colcon_core.task.python.build:Building Python package in '/home/loser/learning_ros2/chapt3/topic_ws/src/demo_python_topic'
[0.335s] INFO:colcon.colcon_core.shell:Skip shell extension 'powershell' for command environment: Not usable outside of PowerShell
[0.335s] DEBUG:colcon.colcon_core.shell:Skip shell extension 'dsv' for command environment
[0.495s] DEBUG:colcon.colcon_core.task.python.build:Available setuptools commands: build_py, clean, register, install_lib, install_data, setopt, easy_install, develop, bdist_dumb, upload, bdist_egg, build_clib, alias, build_scripts, test, install, bdist_wheel, build_ext, rotate, install_headers, symlink_data, bdist, install_scripts, upload_docs, egg_info, saveopts, install_egg_info, sdist, check, bdist_rpm, dist_info, build
[0.500s] DEBUG:colcon.colcon_core.event_handler.log_command:Invoking command in '/home/loser/learning_ros2/chapt3/topic_ws/src/demo_python_topic': PYTHONPATH=/home/loser/learning_ros2/chapt3/topic_ws/build/demo_python_topic/prefix_override:/usr/lib/python3/dist-packages/colcon_core/task/python/colcon_distutils_commands:/home/loser/learning_ros2/chapt3/topic_ws/install/demo_python_topic/lib/python3.10/site-packages:${PYTHONPATH} /usr/bin/python3 -W ignore:setup.py install is deprecated -W ignore:easy_install command is deprecated setup.py egg_info --egg-base ../../build/demo_python_topic build --build-base /home/loser/learning_ros2/chapt3/topic_ws/build/demo_python_topic/build install --record /home/loser/learning_ros2/chapt3/topic_ws/build/demo_python_topic/install.log --install-scripts $base/lib/demo_python_topic --single-version-externally-managed install_data
[0.640s] DEBUG:colcon.colcon_core.event_handler.log_command:Invoked command in '/home/loser/learning_ros2/chapt3/topic_ws/src/demo_python_topic' returned '0': PYTHONPATH=/home/loser/learning_ros2/chapt3/topic_ws/build/demo_python_topic/prefix_override:/usr/lib/python3/dist-packages/colcon_core/task/python/colcon_distutils_commands:/home/loser/learning_ros2/chapt3/topic_ws/install/demo_python_topic/lib/python3.10/site-packages:${PYTHONPATH} /usr/bin/python3 -W ignore:setup.py install is deprecated -W ignore:easy_install command is deprecated setup.py egg_info --egg-base ../../build/demo_python_topic build --build-base /home/loser/learning_ros2/chapt3/topic_ws/build/demo_python_topic/build install --record /home/loser/learning_ros2/chapt3/topic_ws/build/demo_python_topic/install.log --install-scripts $base/lib/demo_python_topic --single-version-externally-managed install_data
[0.641s] Level 1:colcon.colcon_core.environment:checking '/home/loser/learning_ros2/chapt3/topic_ws/install/demo_python_topic' for CMake module files
[0.641s] Level 1:colcon.colcon_core.environment:checking '/home/loser/learning_ros2/chapt3/topic_ws/install/demo_python_topic' for CMake config files
[0.641s] Level 1:colcon.colcon_core.environment:checking '/home/loser/learning_ros2/chapt3/topic_ws/install/demo_python_topic/lib'
[0.642s] Level 1:colcon.colcon_core.environment:checking '/home/loser/learning_ros2/chapt3/topic_ws/install/demo_python_topic/bin'
[0.642s] Level 1:colcon.colcon_core.environment:checking '/home/loser/learning_ros2/chapt3/topic_ws/install/demo_python_topic/lib/pkgconfig/demo_python_topic.pc'
[0.642s] Level 1:colcon.colcon_core.environment:checking '/home/loser/learning_ros2/chapt3/topic_ws/install/demo_python_topic/lib/python3.10/site-packages'
[0.642s] Level 1:colcon.colcon_core.shell:create_environment_hook('demo_python_topic', 'pythonpath')
[0.642s] INFO:colcon.colcon_core.shell:Creating environment hook '/home/loser/learning_ros2/chapt3/topic_ws/install/demo_python_topic/share/demo_python_topic/hook/pythonpath.ps1'
[0.642s] INFO:colcon.colcon_core.shell:Creating environment descriptor '/home/loser/learning_ros2/chapt3/topic_ws/install/demo_python_topic/share/demo_python_topic/hook/pythonpath.dsv'
[0.643s] INFO:colcon.colcon_core.shell:Creating environment hook '/home/loser/learning_ros2/chapt3/topic_ws/install/demo_python_topic/share/demo_python_topic/hook/pythonpath.sh'
[0.643s] Level 1:colcon.colcon_core.environment:checking '/home/loser/learning_ros2/chapt3/topic_ws/install/demo_python_topic/bin'
[0.643s] Level 1:colcon.colcon_core.environment:create_environment_scripts_only(demo_python_topic)
[0.643s] INFO:colcon.colcon_core.shell:Creating package script '/home/loser/learning_ros2/chapt3/topic_ws/install/demo_python_topic/share/demo_python_topic/package.ps1'
[0.644s] INFO:colcon.colcon_core.shell:Creating package descriptor '/home/loser/learning_ros2/chapt3/topic_ws/install/demo_python_topic/share/demo_python_topic/package.dsv'
[0.644s] INFO:colcon.colcon_core.shell:Creating package script '/home/loser/learning_ros2/chapt3/topic_ws/install/demo_python_topic/share/demo_python_topic/package.sh'
[0.644s] INFO:colcon.colcon_core.shell:Creating package script '/home/loser/learning_ros2/chapt3/topic_ws/install/demo_python_topic/share/demo_python_topic/package.bash'
[0.645s] INFO:colcon.colcon_core.shell:Creating package script '/home/loser/learning_ros2/chapt3/topic_ws/install/demo_python_topic/share/demo_python_topic/package.zsh'
[0.645s] Level 1:colcon.colcon_core.environment:create_file_with_runtime_dependencies(/home/loser/learning_ros2/chapt3/topic_ws/install/demo_python_topic/share/colcon-core/packages/demo_python_topic)
[4.755s] DEBUG:colcon.colcon_core.event_handler.log_command:Invoked command in '/home/loser/learning_ros2/chapt3/topic_ws/build/demo_cpp_topic' returned '0': CMAKE_PREFIX_PATH=${CMAKE_PREFIX_PATH}:/home/loser/learning_ros2/chapt3/topic_ws/install/demo_python_topic:/opt/ros/humble /usr/bin/cmake --build /home/loser/learning_ros2/chapt3/topic_ws/build/demo_cpp_topic -- -j24 -l24
[4.760s] DEBUG:colcon.colcon_core.event_handler.log_command:Invoking command in '/home/loser/learning_ros2/chapt3/topic_ws/build/demo_cpp_topic': CMAKE_PREFIX_PATH=${CMAKE_PREFIX_PATH}:/home/loser/learning_ros2/chapt3/topic_ws/install/demo_python_topic:/opt/ros/humble /usr/bin/cmake --install /home/loser/learning_ros2/chapt3/topic_ws/build/demo_cpp_topic
[4.768s] Level 1:colcon.colcon_core.environment:create_environment_scripts_only(demo_cpp_topic)
[4.768s] Level 1:colcon.colcon_core.environment:checking '/home/loser/learning_ros2/chapt3/topic_ws/install/demo_cpp_topic' for CMake module files
[4.768s] Level 1:colcon.colcon_core.environment:checking '/home/loser/learning_ros2/chapt3/topic_ws/install/demo_cpp_topic' for CMake config files
[4.769s] Level 1:colcon.colcon_core.shell:create_environment_hook('demo_cpp_topic', 'cmake_prefix_path')
[4.769s] INFO:colcon.colcon_core.shell:Creating environment hook '/home/loser/learning_ros2/chapt3/topic_ws/install/demo_cpp_topic/share/demo_cpp_topic/hook/cmake_prefix_path.ps1'
[4.769s] INFO:colcon.colcon_core.shell:Creating environment descriptor '/home/loser/learning_ros2/chapt3/topic_ws/install/demo_cpp_topic/share/demo_cpp_topic/hook/cmake_prefix_path.dsv'
[4.769s] INFO:colcon.colcon_core.shell:Creating environment hook '/home/loser/learning_ros2/chapt3/topic_ws/install/demo_cpp_topic/share/demo_cpp_topic/hook/cmake_prefix_path.sh'
[4.768s] DEBUG:colcon.colcon_core.event_handler.log_command:Invoked command in '/home/loser/learning_ros2/chapt3/topic_ws/build/demo_cpp_topic' returned '0': CMAKE_PREFIX_PATH=${CMAKE_PREFIX_PATH}:/home/loser/learning_ros2/chapt3/topic_ws/install/demo_python_topic:/opt/ros/humble /usr/bin/cmake --install /home/loser/learning_ros2/chapt3/topic_ws/build/demo_cpp_topic
[4.770s] Level 1:colcon.colcon_core.environment:checking '/home/loser/learning_ros2/chapt3/topic_ws/install/demo_cpp_topic/lib'
[4.770s] Level 1:colcon.colcon_core.environment:checking '/home/loser/learning_ros2/chapt3/topic_ws/install/demo_cpp_topic/bin'
[4.770s] Level 1:colcon.colcon_core.environment:checking '/home/loser/learning_ros2/chapt3/topic_ws/install/demo_cpp_topic/lib/pkgconfig/demo_cpp_topic.pc'
[4.770s] Level 1:colcon.colcon_core.environment:checking '/home/loser/learning_ros2/chapt3/topic_ws/install/demo_cpp_topic/lib/python3.10/site-packages'
[4.770s] Level 1:colcon.colcon_core.environment:checking '/home/loser/learning_ros2/chapt3/topic_ws/install/demo_cpp_topic/bin'
[4.770s] INFO:colcon.colcon_core.shell:Creating package script '/home/loser/learning_ros2/chapt3/topic_ws/install/demo_cpp_topic/share/demo_cpp_topic/package.ps1'
[4.771s] INFO:colcon.colcon_core.shell:Creating package descriptor '/home/loser/learning_ros2/chapt3/topic_ws/install/demo_cpp_topic/share/demo_cpp_topic/package.dsv'
[4.771s] INFO:colcon.colcon_core.shell:Creating package script '/home/loser/learning_ros2/chapt3/topic_ws/install/demo_cpp_topic/share/demo_cpp_topic/package.sh'
[4.771s] INFO:colcon.colcon_core.shell:Creating package script '/home/loser/learning_ros2/chapt3/topic_ws/install/demo_cpp_topic/share/demo_cpp_topic/package.bash'
[4.771s] INFO:colcon.colcon_core.shell:Creating package script '/home/loser/learning_ros2/chapt3/topic_ws/install/demo_cpp_topic/share/demo_cpp_topic/package.zsh'
[4.772s] Level 1:colcon.colcon_core.environment:create_file_with_runtime_dependencies(/home/loser/learning_ros2/chapt3/topic_ws/install/demo_cpp_topic/share/colcon-core/packages/demo_cpp_topic)
[4.772s] Level 1:colcon.colcon_core.environment:create_environment_scripts_only(demo_cpp_topic)
[4.772s] Level 1:colcon.colcon_core.environment:checking '/home/loser/learning_ros2/chapt3/topic_ws/install/demo_cpp_topic' for CMake module files
[4.772s] Level 1:colcon.colcon_core.environment:checking '/home/loser/learning_ros2/chapt3/topic_ws/install/demo_cpp_topic' for CMake config files
[4.772s] Level 1:colcon.colcon_core.shell:create_environment_hook('demo_cpp_topic', 'cmake_prefix_path')
[4.772s] INFO:colcon.colcon_core.shell:Creating environment hook '/home/loser/learning_ros2/chapt3/topic_ws/install/demo_cpp_topic/share/demo_cpp_topic/hook/cmake_prefix_path.ps1'
[4.773s] INFO:colcon.colcon_core.shell:Creating environment descriptor '/home/loser/learning_ros2/chapt3/topic_ws/install/demo_cpp_topic/share/demo_cpp_topic/hook/cmake_prefix_path.dsv'
[4.773s] INFO:colcon.colcon_core.shell:Creating environment hook '/home/loser/learning_ros2/chapt3/topic_ws/install/demo_cpp_topic/share/demo_cpp_topic/hook/cmake_prefix_path.sh'
[4.773s] Level 1:colcon.colcon_core.environment:checking '/home/loser/learning_ros2/chapt3/topic_ws/install/demo_cpp_topic/lib'
[4.773s] Level 1:colcon.colcon_core.environment:checking '/home/loser/learning_ros2/chapt3/topic_ws/install/demo_cpp_topic/bin'
[4.773s] Level 1:colcon.colcon_core.environment:checking '/home/loser/learning_ros2/chapt3/topic_ws/install/demo_cpp_topic/lib/pkgconfig/demo_cpp_topic.pc'
[4.773s] Level 1:colcon.colcon_core.environment:checking '/home/loser/learning_ros2/chapt3/topic_ws/install/demo_cpp_topic/lib/python3.10/site-packages'
[4.773s] Level 1:colcon.colcon_core.environment:checking '/home/loser/learning_ros2/chapt3/topic_ws/install/demo_cpp_topic/bin'
[4.773s] INFO:colcon.colcon_core.shell:Creating package script '/home/loser/learning_ros2/chapt3/topic_ws/install/demo_cpp_topic/share/demo_cpp_topic/package.ps1'
[4.774s] INFO:colcon.colcon_core.shell:Creating package descriptor '/home/loser/learning_ros2/chapt3/topic_ws/install/demo_cpp_topic/share/demo_cpp_topic/package.dsv'
[4.774s] INFO:colcon.colcon_core.shell:Creating package script '/home/loser/learning_ros2/chapt3/topic_ws/install/demo_cpp_topic/share/demo_cpp_topic/package.sh'
[4.774s] INFO:colcon.colcon_core.shell:Creating package script '/home/loser/learning_ros2/chapt3/topic_ws/install/demo_cpp_topic/share/demo_cpp_topic/package.bash'
[4.775s] INFO:colcon.colcon_core.shell:Creating package script '/home/loser/learning_ros2/chapt3/topic_ws/install/demo_cpp_topic/share/demo_cpp_topic/package.zsh'
[4.775s] Level 1:colcon.colcon_core.environment:create_file_with_runtime_dependencies(/home/loser/learning_ros2/chapt3/topic_ws/install/demo_cpp_topic/share/colcon-core/packages/demo_cpp_topic)
[4.775s] DEBUG:colcon.colcon_parallel_executor.executor.parallel:closing loop
[4.775s] DEBUG:colcon.colcon_parallel_executor.executor.parallel:loop closed
[4.775s] DEBUG:colcon.colcon_parallel_executor.executor.parallel:run_until_complete finished with '0'
[4.775s] DEBUG:colcon.colcon_core.event_reactor:joining thread
[4.778s] INFO:colcon.colcon_core.plugin_system:Skipping extension 'colcon_notification.desktop_notification.terminal_notifier': Not used on non-Darwin systems
[4.778s] INFO:colcon.colcon_core.plugin_system:Skipping extension 'colcon_notification.desktop_notification.win32': Not used on non-Windows systems
[4.778s] INFO:colcon.colcon_notification.desktop_notification:Sending desktop notification using 'notify2'
[4.786s] DEBUG:colcon.colcon_core.event_reactor:joined thread
[4.786s] INFO:colcon.colcon_core.shell:Creating prefix script '/home/loser/learning_ros2/chapt3/topic_ws/install/local_setup.ps1'
[4.788s] INFO:colcon.colcon_core.shell:Creating prefix util module '/home/loser/learning_ros2/chapt3/topic_ws/install/_local_setup_util_ps1.py'
[4.788s] INFO:colcon.colcon_core.shell:Creating prefix chain script '/home/loser/learning_ros2/chapt3/topic_ws/install/setup.ps1'
[4.793s] INFO:colcon.colcon_core.shell:Creating prefix script '/home/loser/learning_ros2/chapt3/topic_ws/install/local_setup.sh'
[4.793s] INFO:colcon.colcon_core.shell:Creating prefix util module '/home/loser/learning_ros2/chapt3/topic_ws/install/_local_setup_util_sh.py'
[4.794s] INFO:colcon.colcon_core.shell:Creating prefix chain script '/home/loser/learning_ros2/chapt3/topic_ws/install/setup.sh'
[4.794s] INFO:colcon.colcon_core.shell:Creating prefix script '/home/loser/learning_ros2/chapt3/topic_ws/install/local_setup.bash'
[4.795s] INFO:colcon.colcon_core.shell:Creating prefix chain script '/home/loser/learning_ros2/chapt3/topic_ws/install/setup.bash'
[4.795s] INFO:colcon.colcon_core.shell:Creating prefix script '/home/loser/learning_ros2/chapt3/topic_ws/install/local_setup.zsh'
[4.796s] INFO:colcon.colcon_core.shell:Creating prefix chain script '/home/loser/learning_ros2/chapt3/topic_ws/install/setup.zsh'
