[0.005s] Invoking command in '/home/loser/learning_ros2/chapt3/topic_practice_ws/build/status_interfaces': CMAKE_PREFIX_PATH=${CMAKE_PREFIX_PATH}:/home/loser/learning_ros2/chapt3/topic_ws/install/demo_python_topic:/opt/ros/humble /usr/bin/cmake --build /home/loser/learning_ros2/chapt3/topic_practice_ws/build/status_interfaces -- -j24 -l24
[0.024s] -- Found ament_cmake: 1.3.14 (/opt/ros/humble/share/ament_cmake/cmake)
[0.109s] -- Found builtin_interfaces: 1.2.3 (/opt/ros/humble/share/builtin_interfaces/cmake)
[0.127s] -- Found rosidl_generator_c: 3.1.9 (/opt/ros/humble/share/rosidl_generator_c/cmake)
[0.128s] -- Found rosidl_adapter: 3.1.9 (/opt/ros/humble/share/rosidl_adapter/cmake)
[0.132s] -- Found rosidl_generator_cpp: 3.1.9 (/opt/ros/humble/share/rosidl_generator_cpp/cmake)
[0.137s] -- Using all available rosidl_typesupport_c: rosidl_typesupport_fastrtps_c;rosidl_typesupport_introspection_c
[0.143s] -- Using all available rosidl_typesupport_cpp: rosidl_typesupport_fastrtps_cpp;rosidl_typesupport_introspection_cpp
[0.149s] -- Found rosidl_default_generators: 1.2.1 (/opt/ros/humble/share/rosidl_default_generators/cmake)
[0.292s] -- Found ament_cmake_ros: 0.10.1 (/opt/ros/humble/share/ament_cmake_ros/cmake)
[0.459s] -- Using all available rosidl_typesupport_c: rosidl_typesupport_fastrtps_c;rosidl_typesupport_introspection_c
[0.533s] -- Using all available rosidl_typesupport_cpp: rosidl_typesupport_fastrtps_cpp;rosidl_typesupport_introspection_cpp
[0.545s] -- Found python_cmake_module: 0.10.0 (/opt/ros/humble/share/python_cmake_module/cmake)
[0.559s] -- Using PYTHON_EXECUTABLE: /usr/bin/python3
[0.559s] -- Using PYTHON_INCLUDE_DIRS: /usr/include/python3.10
[0.559s] -- Using PYTHON_LIBRARIES: /usr/lib/x86_64-linux-gnu/libpython3.10.so
[0.603s] -- Found ament_lint_auto: 0.12.15 (/opt/ros/humble/share/ament_lint_auto/cmake)
[0.607s] -- Added test 'lint_cmake' to check CMake code style
[0.608s] -- Added test 'xmllint' to check XML markup files
[0.609s] -- Configuring done
[0.625s] -- Generating done
[0.631s] -- Build files have been written to: /home/loser/learning_ros2/chapt3/topic_practice_ws/build/status_interfaces
[0.651s] [35m[1mConsolidate compiler generated dependencies of target status_interfaces__rosidl_generator_c[0m
[0.659s] [  3%] Built target status_interfaces__cpp
[0.659s] [  6%] Built target status_interfaces__rs
[0.660s] [ 15%] Built target status_interfaces__rosidl_generator_c
[0.666s] [35m[1mConsolidate compiler generated dependencies of target status_interfaces__rosidl_typesupport_introspection_cpp[0m
[0.666s] [35m[1mConsolidate compiler generated dependencies of target status_interfaces__rosidl_typesupport_cpp[0m
[0.666s] [35m[1mConsolidate compiler generated dependencies of target status_interfaces__rosidl_typesupport_fastrtps_cpp[0m
[0.668s] [35m[1mConsolidate compiler generated dependencies of target status_interfaces__rosidl_typesupport_c[0m
[0.669s] [35m[1mConsolidate compiler generated dependencies of target status_interfaces__rosidl_typesupport_fastrtps_c[0m
[0.669s] [35m[1mConsolidate compiler generated dependencies of target status_interfaces__rosidl_typesupport_introspection_c[0m
[0.670s] [ 15%] Built target ament_cmake_python_copy_status_interfaces
[0.675s] [ 25%] Built target status_interfaces__rosidl_typesupport_introspection_cpp
[0.676s] [ 34%] Built target status_interfaces__rosidl_typesupport_c
[0.677s] [ 43%] Built target status_interfaces__rosidl_typesupport_cpp
[0.677s] [ 53%] Built target status_interfaces__rosidl_typesupport_introspection_c
[0.677s] [ 62%] Built target status_interfaces__rosidl_typesupport_fastrtps_c
[0.686s] [ 71%] Built target status_interfaces__rosidl_typesupport_fastrtps_cpp
[0.698s] [ 71%] Built target status_interfaces
[0.710s] [ 75%] Built target status_interfaces__py
[0.716s] [35m[1mConsolidate compiler generated dependencies of target status_interfaces__rosidl_generator_py[0m
[0.724s] [ 81%] Built target status_interfaces__rosidl_generator_py
[0.732s] [35m[1mConsolidate compiler generated dependencies of target status_interfaces__rosidl_typesupport_introspection_c__pyext[0m
[0.734s] [35m[1mConsolidate compiler generated dependencies of target status_interfaces__rosidl_typesupport_fastrtps_c__pyext[0m
[0.735s] [35m[1mConsolidate compiler generated dependencies of target status_interfaces__rosidl_typesupport_c__pyext[0m
[0.740s] [ 87%] Built target status_interfaces__rosidl_typesupport_introspection_c__pyext
[0.740s] [ 93%] Built target status_interfaces__rosidl_typesupport_fastrtps_c__pyext
[0.741s] [100%] Built target status_interfaces__rosidl_typesupport_c__pyext
[0.784s] running egg_info
[0.784s] writing status_interfaces.egg-info/PKG-INFO
[0.784s] writing dependency_links to status_interfaces.egg-info/dependency_links.txt
[0.784s] writing top-level names to status_interfaces.egg-info/top_level.txt
[0.785s] reading manifest file 'status_interfaces.egg-info/SOURCES.txt'
[0.785s] writing manifest file 'status_interfaces.egg-info/SOURCES.txt'
[0.803s] [100%] Built target ament_cmake_python_build_status_interfaces_egg
[0.809s] Invoked command in '/home/loser/learning_ros2/chapt3/topic_practice_ws/build/status_interfaces' returned '0': CMAKE_PREFIX_PATH=${CMAKE_PREFIX_PATH}:/home/loser/learning_ros2/chapt3/topic_ws/install/demo_python_topic:/opt/ros/humble /usr/bin/cmake --build /home/loser/learning_ros2/chapt3/topic_practice_ws/build/status_interfaces -- -j24 -l24
[0.816s] Invoking command in '/home/loser/learning_ros2/chapt3/topic_practice_ws/build/status_interfaces': CMAKE_PREFIX_PATH=${CMAKE_PREFIX_PATH}:/home/loser/learning_ros2/chapt3/topic_ws/install/demo_python_topic:/opt/ros/humble /usr/bin/cmake --install /home/loser/learning_ros2/chapt3/topic_practice_ws/build/status_interfaces
[0.820s] -- Install configuration: ""
[0.822s] -- Up-to-date: /home/loser/learning_ros2/chapt3/topic_practice_ws/install/status_interfaces/share/ament_index/resource_index/rosidl_interfaces/status_interfaces
[0.822s] -- Up-to-date: /home/loser/learning_ros2/chapt3/topic_practice_ws/install/status_interfaces/include/status_interfaces/status_interfaces
[0.822s] -- Up-to-date: /home/loser/learning_ros2/chapt3/topic_practice_ws/install/status_interfaces/include/status_interfaces/status_interfaces/msg
[0.822s] -- Up-to-date: /home/loser/learning_ros2/chapt3/topic_practice_ws/install/status_interfaces/include/status_interfaces/status_interfaces/msg/detail
[0.823s] -- Up-to-date: /home/loser/learning_ros2/chapt3/topic_practice_ws/install/status_interfaces/include/status_interfaces/status_interfaces/msg/detail/system_status__functions.c
[0.823s] -- Up-to-date: /home/loser/learning_ros2/chapt3/topic_practice_ws/install/status_interfaces/include/status_interfaces/status_interfaces/msg/detail/system_status__type_support.h
[0.823s] -- Up-to-date: /home/loser/learning_ros2/chapt3/topic_practice_ws/install/status_interfaces/include/status_interfaces/status_interfaces/msg/detail/system_status__struct.h
[0.823s] -- Up-to-date: /home/loser/learning_ros2/chapt3/topic_practice_ws/install/status_interfaces/include/status_interfaces/status_interfaces/msg/detail/system_status__functions.h
[0.823s] -- Up-to-date: /home/loser/learning_ros2/chapt3/topic_practice_ws/install/status_interfaces/include/status_interfaces/status_interfaces/msg/rosidl_generator_c__visibility_control.h
[0.823s] -- Up-to-date: /home/loser/learning_ros2/chapt3/topic_practice_ws/install/status_interfaces/include/status_interfaces/status_interfaces/msg/system_status.h
[0.823s] -- Up-to-date: /home/loser/learning_ros2/chapt3/topic_practice_ws/install/status_interfaces/share/status_interfaces/environment/library_path.sh
[0.823s] -- Installing: /home/loser/learning_ros2/chapt3/topic_practice_ws/install/status_interfaces/share/status_interfaces/environment/library_path.dsv
[0.823s] -- Up-to-date: /home/loser/learning_ros2/chapt3/topic_practice_ws/install/status_interfaces/lib/libstatus_interfaces__rosidl_generator_c.so
[0.823s] -- Up-to-date: /home/loser/learning_ros2/chapt3/topic_practice_ws/install/status_interfaces/include/status_interfaces/status_interfaces
[0.823s] -- Up-to-date: /home/loser/learning_ros2/chapt3/topic_practice_ws/install/status_interfaces/include/status_interfaces/status_interfaces/msg
[0.823s] -- Up-to-date: /home/loser/learning_ros2/chapt3/topic_practice_ws/install/status_interfaces/include/status_interfaces/status_interfaces/msg/detail
[0.823s] -- Up-to-date: /home/loser/learning_ros2/chapt3/topic_practice_ws/install/status_interfaces/include/status_interfaces/status_interfaces/msg/detail/system_status__rosidl_typesupport_fastrtps_c.h
[0.823s] -- Up-to-date: /home/loser/learning_ros2/chapt3/topic_practice_ws/install/status_interfaces/include/status_interfaces/status_interfaces/msg/rosidl_typesupport_fastrtps_c__visibility_control.h
[0.823s] -- Up-to-date: /home/loser/learning_ros2/chapt3/topic_practice_ws/install/status_interfaces/lib/libstatus_interfaces__rosidl_typesupport_fastrtps_c.so
[0.823s] -- Up-to-date: /home/loser/learning_ros2/chapt3/topic_practice_ws/install/status_interfaces/include/status_interfaces/status_interfaces
[0.823s] -- Up-to-date: /home/loser/learning_ros2/chapt3/topic_practice_ws/install/status_interfaces/include/status_interfaces/status_interfaces/msg
[0.823s] -- Up-to-date: /home/loser/learning_ros2/chapt3/topic_practice_ws/install/status_interfaces/include/status_interfaces/status_interfaces/msg/detail
[0.823s] -- Up-to-date: /home/loser/learning_ros2/chapt3/topic_practice_ws/install/status_interfaces/include/status_interfaces/status_interfaces/msg/detail/system_status__traits.hpp
[0.823s] -- Up-to-date: /home/loser/learning_ros2/chapt3/topic_practice_ws/install/status_interfaces/include/status_interfaces/status_interfaces/msg/detail/system_status__struct.hpp
[0.823s] -- Up-to-date: /home/loser/learning_ros2/chapt3/topic_practice_ws/install/status_interfaces/include/status_interfaces/status_interfaces/msg/detail/system_status__type_support.hpp
[0.823s] -- Up-to-date: /home/loser/learning_ros2/chapt3/topic_practice_ws/install/status_interfaces/include/status_interfaces/status_interfaces/msg/detail/system_status__builder.hpp
[0.823s] -- Up-to-date: /home/loser/learning_ros2/chapt3/topic_practice_ws/install/status_interfaces/include/status_interfaces/status_interfaces/msg/system_status.hpp
[0.823s] -- Up-to-date: /home/loser/learning_ros2/chapt3/topic_practice_ws/install/status_interfaces/include/status_interfaces/status_interfaces/msg/rosidl_generator_cpp__visibility_control.hpp
[0.823s] -- Up-to-date: /home/loser/learning_ros2/chapt3/topic_practice_ws/install/status_interfaces/include/status_interfaces/status_interfaces
[0.823s] -- Up-to-date: /home/loser/learning_ros2/chapt3/topic_practice_ws/install/status_interfaces/include/status_interfaces/status_interfaces/msg
[0.823s] -- Up-to-date: /home/loser/learning_ros2/chapt3/topic_practice_ws/install/status_interfaces/include/status_interfaces/status_interfaces/msg/detail
[0.823s] -- Up-to-date: /home/loser/learning_ros2/chapt3/topic_practice_ws/install/status_interfaces/include/status_interfaces/status_interfaces/msg/detail/system_status__rosidl_typesupport_fastrtps_cpp.hpp
[0.823s] -- Up-to-date: /home/loser/learning_ros2/chapt3/topic_practice_ws/install/status_interfaces/include/status_interfaces/status_interfaces/msg/detail/dds_fastrtps
[0.823s] -- Up-to-date: /home/loser/learning_ros2/chapt3/topic_practice_ws/install/status_interfaces/include/status_interfaces/status_interfaces/msg/rosidl_typesupport_fastrtps_cpp__visibility_control.h
[0.823s] -- Up-to-date: /home/loser/learning_ros2/chapt3/topic_practice_ws/install/status_interfaces/lib/libstatus_interfaces__rosidl_typesupport_fastrtps_cpp.so
[0.823s] -- Up-to-date: /home/loser/learning_ros2/chapt3/topic_practice_ws/install/status_interfaces/include/status_interfaces/status_interfaces
[0.823s] -- Up-to-date: /home/loser/learning_ros2/chapt3/topic_practice_ws/install/status_interfaces/include/status_interfaces/status_interfaces/msg
[0.823s] -- Up-to-date: /home/loser/learning_ros2/chapt3/topic_practice_ws/install/status_interfaces/include/status_interfaces/status_interfaces/msg/detail
[0.823s] -- Up-to-date: /home/loser/learning_ros2/chapt3/topic_practice_ws/install/status_interfaces/include/status_interfaces/status_interfaces/msg/detail/system_status__type_support.c
[0.823s] -- Up-to-date: /home/loser/learning_ros2/chapt3/topic_practice_ws/install/status_interfaces/include/status_interfaces/status_interfaces/msg/detail/system_status__rosidl_typesupport_introspection_c.h
[0.823s] -- Up-to-date: /home/loser/learning_ros2/chapt3/topic_practice_ws/install/status_interfaces/include/status_interfaces/status_interfaces/msg/rosidl_typesupport_introspection_c__visibility_control.h
[0.824s] -- Up-to-date: /home/loser/learning_ros2/chapt3/topic_practice_ws/install/status_interfaces/lib/libstatus_interfaces__rosidl_typesupport_introspection_c.so
[0.824s] -- Up-to-date: /home/loser/learning_ros2/chapt3/topic_practice_ws/install/status_interfaces/lib/libstatus_interfaces__rosidl_typesupport_c.so
[0.824s] -- Up-to-date: /home/loser/learning_ros2/chapt3/topic_practice_ws/install/status_interfaces/include/status_interfaces/status_interfaces
[0.824s] -- Up-to-date: /home/loser/learning_ros2/chapt3/topic_practice_ws/install/status_interfaces/include/status_interfaces/status_interfaces/msg
[0.824s] -- Up-to-date: /home/loser/learning_ros2/chapt3/topic_practice_ws/install/status_interfaces/include/status_interfaces/status_interfaces/msg/detail
[0.824s] -- Up-to-date: /home/loser/learning_ros2/chapt3/topic_practice_ws/install/status_interfaces/include/status_interfaces/status_interfaces/msg/detail/system_status__type_support.cpp
[0.824s] -- Up-to-date: /home/loser/learning_ros2/chapt3/topic_practice_ws/install/status_interfaces/include/status_interfaces/status_interfaces/msg/detail/system_status__rosidl_typesupport_introspection_cpp.hpp
[0.824s] -- Up-to-date: /home/loser/learning_ros2/chapt3/topic_practice_ws/install/status_interfaces/lib/libstatus_interfaces__rosidl_typesupport_introspection_cpp.so
[0.824s] -- Up-to-date: /home/loser/learning_ros2/chapt3/topic_practice_ws/install/status_interfaces/lib/libstatus_interfaces__rosidl_typesupport_cpp.so
[0.824s] -- Up-to-date: /home/loser/learning_ros2/chapt3/topic_practice_ws/install/status_interfaces/share/status_interfaces/environment/pythonpath.sh
[0.824s] -- Installing: /home/loser/learning_ros2/chapt3/topic_practice_ws/install/status_interfaces/share/status_interfaces/environment/pythonpath.dsv
[0.824s] -- Up-to-date: /home/loser/learning_ros2/chapt3/topic_practice_ws/install/status_interfaces/local/lib/python3.10/dist-packages/status_interfaces-0.0.0-py3.10.egg-info
[0.824s] -- Installing: /home/loser/learning_ros2/chapt3/topic_practice_ws/install/status_interfaces/local/lib/python3.10/dist-packages/status_interfaces-0.0.0-py3.10.egg-info/PKG-INFO
[0.824s] -- Installing: /home/loser/learning_ros2/chapt3/topic_practice_ws/install/status_interfaces/local/lib/python3.10/dist-packages/status_interfaces-0.0.0-py3.10.egg-info/SOURCES.txt
[0.824s] -- Installing: /home/loser/learning_ros2/chapt3/topic_practice_ws/install/status_interfaces/local/lib/python3.10/dist-packages/status_interfaces-0.0.0-py3.10.egg-info/top_level.txt
[0.824s] -- Installing: /home/loser/learning_ros2/chapt3/topic_practice_ws/install/status_interfaces/local/lib/python3.10/dist-packages/status_interfaces-0.0.0-py3.10.egg-info/dependency_links.txt
[0.824s] -- Up-to-date: /home/loser/learning_ros2/chapt3/topic_practice_ws/install/status_interfaces/local/lib/python3.10/dist-packages/status_interfaces
[0.824s] -- Up-to-date: /home/loser/learning_ros2/chapt3/topic_practice_ws/install/status_interfaces/local/lib/python3.10/dist-packages/status_interfaces/msg
[0.824s] -- Up-to-date: /home/loser/learning_ros2/chapt3/topic_practice_ws/install/status_interfaces/local/lib/python3.10/dist-packages/status_interfaces/msg/_system_status_s.c
[0.824s] -- Up-to-date: /home/loser/learning_ros2/chapt3/topic_practice_ws/install/status_interfaces/local/lib/python3.10/dist-packages/status_interfaces/msg/__init__.py
[0.824s] -- Up-to-date: /home/loser/learning_ros2/chapt3/topic_practice_ws/install/status_interfaces/local/lib/python3.10/dist-packages/status_interfaces/msg/_system_status.py
[0.824s] -- Installing: /home/loser/learning_ros2/chapt3/topic_practice_ws/install/status_interfaces/local/lib/python3.10/dist-packages/status_interfaces/__init__.py
[0.824s] -- Up-to-date: /home/loser/learning_ros2/chapt3/topic_practice_ws/install/status_interfaces/local/lib/python3.10/dist-packages/status_interfaces/libstatus_interfaces__rosidl_generator_py.so
[0.824s] -- Up-to-date: /home/loser/learning_ros2/chapt3/topic_practice_ws/install/status_interfaces/local/lib/python3.10/dist-packages/status_interfaces/_status_interfaces_s.ep.rosidl_typesupport_c.c
[0.825s] -- Up-to-date: /home/loser/learning_ros2/chapt3/topic_practice_ws/install/status_interfaces/local/lib/python3.10/dist-packages/status_interfaces/status_interfaces_s__rosidl_typesupport_fastrtps_c.cpython-310-x86_64-linux-gnu.so
[0.825s] -- Up-to-date: /home/loser/learning_ros2/chapt3/topic_practice_ws/install/status_interfaces/local/lib/python3.10/dist-packages/status_interfaces/_status_interfaces_s.ep.rosidl_typesupport_fastrtps_c.c
[0.825s] -- Up-to-date: /home/loser/learning_ros2/chapt3/topic_practice_ws/install/status_interfaces/local/lib/python3.10/dist-packages/status_interfaces/status_interfaces_s__rosidl_typesupport_c.cpython-310-x86_64-linux-gnu.so
[0.825s] -- Up-to-date: /home/loser/learning_ros2/chapt3/topic_practice_ws/install/status_interfaces/local/lib/python3.10/dist-packages/status_interfaces/_status_interfaces_s.ep.rosidl_typesupport_introspection_c.c
[0.825s] -- Up-to-date: /home/loser/learning_ros2/chapt3/topic_practice_ws/install/status_interfaces/local/lib/python3.10/dist-packages/status_interfaces/status_interfaces_s__rosidl_typesupport_introspection_c.cpython-310-x86_64-linux-gnu.so
[0.840s] Listing '/home/loser/learning_ros2/chapt3/topic_practice_ws/install/status_interfaces/local/lib/python3.10/dist-packages/status_interfaces'...
[0.840s] Compiling '/home/loser/learning_ros2/chapt3/topic_practice_ws/install/status_interfaces/local/lib/python3.10/dist-packages/status_interfaces/__init__.py'...
[0.841s] Listing '/home/loser/learning_ros2/chapt3/topic_practice_ws/install/status_interfaces/local/lib/python3.10/dist-packages/status_interfaces/msg'...
[0.843s] -- Up-to-date: /home/loser/learning_ros2/chapt3/topic_practice_ws/install/status_interfaces/local/lib/python3.10/dist-packages/status_interfaces/status_interfaces_s__rosidl_typesupport_fastrtps_c.cpython-310-x86_64-linux-gnu.so
[0.843s] -- Up-to-date: /home/loser/learning_ros2/chapt3/topic_practice_ws/install/status_interfaces/local/lib/python3.10/dist-packages/status_interfaces/status_interfaces_s__rosidl_typesupport_introspection_c.cpython-310-x86_64-linux-gnu.so
[0.843s] -- Up-to-date: /home/loser/learning_ros2/chapt3/topic_practice_ws/install/status_interfaces/local/lib/python3.10/dist-packages/status_interfaces/status_interfaces_s__rosidl_typesupport_c.cpython-310-x86_64-linux-gnu.so
[0.843s] -- Up-to-date: /home/loser/learning_ros2/chapt3/topic_practice_ws/install/status_interfaces/lib/libstatus_interfaces__rosidl_generator_py.so
[0.843s] -- Up-to-date: /home/loser/learning_ros2/chapt3/topic_practice_ws/install/status_interfaces/share/status_interfaces/rust
[0.843s] -- Up-to-date: /home/loser/learning_ros2/chapt3/topic_practice_ws/install/status_interfaces/share/status_interfaces/rust/Cargo.toml
[0.843s] -- Up-to-date: /home/loser/learning_ros2/chapt3/topic_practice_ws/install/status_interfaces/share/status_interfaces/rust/build.rs
[0.843s] -- Up-to-date: /home/loser/learning_ros2/chapt3/topic_practice_ws/install/status_interfaces/share/status_interfaces/rust/src
[0.843s] -- Up-to-date: /home/loser/learning_ros2/chapt3/topic_practice_ws/install/status_interfaces/share/status_interfaces/rust/src/msg.rs
[0.843s] -- Up-to-date: /home/loser/learning_ros2/chapt3/topic_practice_ws/install/status_interfaces/share/status_interfaces/rust/src/msg
[0.843s] -- Up-to-date: /home/loser/learning_ros2/chapt3/topic_practice_ws/install/status_interfaces/share/status_interfaces/rust/src/msg/rmw.rs
[0.843s] -- Up-to-date: /home/loser/learning_ros2/chapt3/topic_practice_ws/install/status_interfaces/share/status_interfaces/rust/src/lib.rs
[0.843s] -- Up-to-date: /home/loser/learning_ros2/chapt3/topic_practice_ws/install/status_interfaces/share/status_interfaces/msg/SystemStatus.idl
[0.843s] -- Up-to-date: /home/loser/learning_ros2/chapt3/topic_practice_ws/install/status_interfaces/share/status_interfaces/msg/SystemStatus.msg
[0.843s] -- Up-to-date: /home/loser/learning_ros2/chapt3/topic_practice_ws/install/status_interfaces/share/ament_index/resource_index/package_run_dependencies/status_interfaces
[0.843s] -- Up-to-date: /home/loser/learning_ros2/chapt3/topic_practice_ws/install/status_interfaces/share/ament_index/resource_index/parent_prefix_path/status_interfaces
[0.843s] -- Up-to-date: /home/loser/learning_ros2/chapt3/topic_practice_ws/install/status_interfaces/share/status_interfaces/environment/ament_prefix_path.sh
[0.843s] -- Installing: /home/loser/learning_ros2/chapt3/topic_practice_ws/install/status_interfaces/share/status_interfaces/environment/ament_prefix_path.dsv
[0.843s] -- Up-to-date: /home/loser/learning_ros2/chapt3/topic_practice_ws/install/status_interfaces/share/status_interfaces/environment/path.sh
[0.843s] -- Installing: /home/loser/learning_ros2/chapt3/topic_practice_ws/install/status_interfaces/share/status_interfaces/environment/path.dsv
[0.844s] -- Up-to-date: /home/loser/learning_ros2/chapt3/topic_practice_ws/install/status_interfaces/share/status_interfaces/local_setup.bash
[0.844s] -- Up-to-date: /home/loser/learning_ros2/chapt3/topic_practice_ws/install/status_interfaces/share/status_interfaces/local_setup.sh
[0.844s] -- Up-to-date: /home/loser/learning_ros2/chapt3/topic_practice_ws/install/status_interfaces/share/status_interfaces/local_setup.zsh
[0.844s] -- Installing: /home/loser/learning_ros2/chapt3/topic_practice_ws/install/status_interfaces/share/status_interfaces/local_setup.dsv
[0.844s] -- Installing: /home/loser/learning_ros2/chapt3/topic_practice_ws/install/status_interfaces/share/status_interfaces/package.dsv
[0.844s] -- Up-to-date: /home/loser/learning_ros2/chapt3/topic_practice_ws/install/status_interfaces/share/ament_index/resource_index/packages/status_interfaces
[0.844s] -- Up-to-date: /home/loser/learning_ros2/chapt3/topic_practice_ws/install/status_interfaces/share/status_interfaces/cmake/export_status_interfaces__rosidl_generator_cExport.cmake
[0.844s] -- Up-to-date: /home/loser/learning_ros2/chapt3/topic_practice_ws/install/status_interfaces/share/status_interfaces/cmake/export_status_interfaces__rosidl_generator_cExport-noconfig.cmake
[0.844s] -- Up-to-date: /home/loser/learning_ros2/chapt3/topic_practice_ws/install/status_interfaces/share/status_interfaces/cmake/export_status_interfaces__rosidl_typesupport_fastrtps_cExport.cmake
[0.844s] -- Up-to-date: /home/loser/learning_ros2/chapt3/topic_practice_ws/install/status_interfaces/share/status_interfaces/cmake/export_status_interfaces__rosidl_typesupport_fastrtps_cExport-noconfig.cmake
[0.844s] -- Up-to-date: /home/loser/learning_ros2/chapt3/topic_practice_ws/install/status_interfaces/share/status_interfaces/cmake/export_status_interfaces__rosidl_generator_cppExport.cmake
[0.844s] -- Up-to-date: /home/loser/learning_ros2/chapt3/topic_practice_ws/install/status_interfaces/share/status_interfaces/cmake/export_status_interfaces__rosidl_typesupport_fastrtps_cppExport.cmake
[0.844s] -- Up-to-date: /home/loser/learning_ros2/chapt3/topic_practice_ws/install/status_interfaces/share/status_interfaces/cmake/export_status_interfaces__rosidl_typesupport_fastrtps_cppExport-noconfig.cmake
[0.844s] -- Up-to-date: /home/loser/learning_ros2/chapt3/topic_practice_ws/install/status_interfaces/share/status_interfaces/cmake/status_interfaces__rosidl_typesupport_introspection_cExport.cmake
[0.844s] -- Up-to-date: /home/loser/learning_ros2/chapt3/topic_practice_ws/install/status_interfaces/share/status_interfaces/cmake/status_interfaces__rosidl_typesupport_introspection_cExport-noconfig.cmake
[0.844s] -- Up-to-date: /home/loser/learning_ros2/chapt3/topic_practice_ws/install/status_interfaces/share/status_interfaces/cmake/status_interfaces__rosidl_typesupport_cExport.cmake
[0.844s] -- Up-to-date: /home/loser/learning_ros2/chapt3/topic_practice_ws/install/status_interfaces/share/status_interfaces/cmake/status_interfaces__rosidl_typesupport_cExport-noconfig.cmake
[0.844s] -- Up-to-date: /home/loser/learning_ros2/chapt3/topic_practice_ws/install/status_interfaces/share/status_interfaces/cmake/status_interfaces__rosidl_typesupport_introspection_cppExport.cmake
[0.844s] -- Up-to-date: /home/loser/learning_ros2/chapt3/topic_practice_ws/install/status_interfaces/share/status_interfaces/cmake/status_interfaces__rosidl_typesupport_introspection_cppExport-noconfig.cmake
[0.844s] -- Up-to-date: /home/loser/learning_ros2/chapt3/topic_practice_ws/install/status_interfaces/share/status_interfaces/cmake/status_interfaces__rosidl_typesupport_cppExport.cmake
[0.844s] -- Up-to-date: /home/loser/learning_ros2/chapt3/topic_practice_ws/install/status_interfaces/share/status_interfaces/cmake/status_interfaces__rosidl_typesupport_cppExport-noconfig.cmake
[0.844s] -- Up-to-date: /home/loser/learning_ros2/chapt3/topic_practice_ws/install/status_interfaces/share/status_interfaces/cmake/export_status_interfaces__rosidl_generator_pyExport.cmake
[0.844s] -- Up-to-date: /home/loser/learning_ros2/chapt3/topic_practice_ws/install/status_interfaces/share/status_interfaces/cmake/export_status_interfaces__rosidl_generator_pyExport-noconfig.cmake
[0.844s] -- Up-to-date: /home/loser/learning_ros2/chapt3/topic_practice_ws/install/status_interfaces/share/status_interfaces/cmake/rosidl_cmake-extras.cmake
[0.844s] -- Up-to-date: /home/loser/learning_ros2/chapt3/topic_practice_ws/install/status_interfaces/share/status_interfaces/cmake/ament_cmake_export_dependencies-extras.cmake
[0.844s] -- Up-to-date: /home/loser/learning_ros2/chapt3/topic_practice_ws/install/status_interfaces/share/status_interfaces/cmake/ament_cmake_export_include_directories-extras.cmake
[0.844s] -- Up-to-date: /home/loser/learning_ros2/chapt3/topic_practice_ws/install/status_interfaces/share/status_interfaces/cmake/ament_cmake_export_libraries-extras.cmake
[0.844s] -- Up-to-date: /home/loser/learning_ros2/chapt3/topic_practice_ws/install/status_interfaces/share/status_interfaces/cmake/ament_cmake_export_targets-extras.cmake
[0.844s] -- Up-to-date: /home/loser/learning_ros2/chapt3/topic_practice_ws/install/status_interfaces/share/status_interfaces/cmake/rosidl_cmake_export_typesupport_targets-extras.cmake
[0.844s] -- Up-to-date: /home/loser/learning_ros2/chapt3/topic_practice_ws/install/status_interfaces/share/status_interfaces/cmake/rosidl_cmake_export_typesupport_libraries-extras.cmake
[0.844s] -- Up-to-date: /home/loser/learning_ros2/chapt3/topic_practice_ws/install/status_interfaces/share/status_interfaces/cmake/rosidl_cmake_aggregate_target-extras.cmake
[0.844s] -- Up-to-date: /home/loser/learning_ros2/chapt3/topic_practice_ws/install/status_interfaces/share/status_interfaces/cmake/status_interfacesConfig.cmake
[0.844s] -- Up-to-date: /home/loser/learning_ros2/chapt3/topic_practice_ws/install/status_interfaces/share/status_interfaces/cmake/status_interfacesConfig-version.cmake
[0.844s] -- Installing: /home/loser/learning_ros2/chapt3/topic_practice_ws/install/status_interfaces/share/status_interfaces/package.xml
[0.846s] Invoked command in '/home/loser/learning_ros2/chapt3/topic_practice_ws/build/status_interfaces' returned '0': CMAKE_PREFIX_PATH=${CMAKE_PREFIX_PATH}:/home/loser/learning_ros2/chapt3/topic_ws/install/demo_python_topic:/opt/ros/humble /usr/bin/cmake --install /home/loser/learning_ros2/chapt3/topic_practice_ws/build/status_interfaces
