[0.326s] Invoking command in '/home/loser/learning_ros2/chapt2/chapt2_ws/src/demo_python_pkg': PYTHONPATH=/home/loser/learning_ros2/chapt2/chapt2_ws/build/demo_python_pkg/prefix_override:/usr/lib/python3/dist-packages/colcon_core/task/python/colcon_distutils_commands:/home/loser/learning_ros2/chapt2/chapt2_ws/install/demo_python_pkg/lib/python3.10/site-packages:${PYTHONPATH} /usr/bin/python3 -W ignore:setup.py install is deprecated -W ignore:easy_install command is deprecated setup.py egg_info --egg-base ../../build/demo_python_pkg build --build-base /home/loser/learning_ros2/chapt2/chapt2_ws/build/demo_python_pkg/build install --record /home/loser/learning_ros2/chapt2/chapt2_ws/build/demo_python_pkg/install.log --install-scripts $base/lib/demo_python_pkg --single-version-externally-managed install_data
[0.436s] running egg_info
[0.437s] writing ../../build/demo_python_pkg/demo_python_pkg.egg-info/PKG-INFO
[0.437s] writing dependency_links to ../../build/demo_python_pkg/demo_python_pkg.egg-info/dependency_links.txt
[0.437s] writing entry points to ../../build/demo_python_pkg/demo_python_pkg.egg-info/entry_points.txt
[0.437s] writing requirements to ../../build/demo_python_pkg/demo_python_pkg.egg-info/requires.txt
[0.437s] writing top-level names to ../../build/demo_python_pkg/demo_python_pkg.egg-info/top_level.txt
[0.439s] reading manifest file '../../build/demo_python_pkg/demo_python_pkg.egg-info/SOURCES.txt'
[0.439s] adding license file 'LICENSE'
[0.439s] writing manifest file '../../build/demo_python_pkg/demo_python_pkg.egg-info/SOURCES.txt'
[0.439s] running build
[0.439s] running build_py
[0.439s] running install
[0.439s] running install_lib
[0.440s] running install_data
[0.440s] running install_egg_info
[0.441s] removing '/home/loser/learning_ros2/chapt2/chapt2_ws/install/demo_python_pkg/lib/python3.10/site-packages/demo_python_pkg-0.0.0-py3.10.egg-info' (and everything under it)
[0.443s] Copying ../../build/demo_python_pkg/demo_python_pkg.egg-info to /home/loser/learning_ros2/chapt2/chapt2_ws/install/demo_python_pkg/lib/python3.10/site-packages/demo_python_pkg-0.0.0-py3.10.egg-info
[0.443s] running install_scripts
[0.456s] Installing person_node script to /home/loser/learning_ros2/chapt2/chapt2_ws/install/demo_python_pkg/lib/demo_python_pkg
[0.456s] Installing python_node script to /home/loser/learning_ros2/chapt2/chapt2_ws/install/demo_python_pkg/lib/demo_python_pkg
[0.456s] Installing writer_node script to /home/loser/learning_ros2/chapt2/chapt2_ws/install/demo_python_pkg/lib/demo_python_pkg
[0.456s] writing list of installed files to '/home/loser/learning_ros2/chapt2/chapt2_ws/build/demo_python_pkg/install.log'
[0.471s] Invoked command in '/home/loser/learning_ros2/chapt2/chapt2_ws/src/demo_python_pkg' returned '0': PYTHONPATH=/home/loser/learning_ros2/chapt2/chapt2_ws/build/demo_python_pkg/prefix_override:/usr/lib/python3/dist-packages/colcon_core/task/python/colcon_distutils_commands:/home/loser/learning_ros2/chapt2/chapt2_ws/install/demo_python_pkg/lib/python3.10/site-packages:${PYTHONPATH} /usr/bin/python3 -W ignore:setup.py install is deprecated -W ignore:easy_install command is deprecated setup.py egg_info --egg-base ../../build/demo_python_pkg build --build-base /home/loser/learning_ros2/chapt2/chapt2_ws/build/demo_python_pkg/build install --record /home/loser/learning_ros2/chapt2/chapt2_ws/build/demo_python_pkg/install.log --install-scripts $base/lib/demo_python_pkg --single-version-externally-managed install_data
