[0.006s] Invoking command in '/home/loser/learning_ros2/chapt2/chapt2_ws/build/demo_cpp_pkg': CMAKE_PREFIX_PATH=${CMAKE_PREFIX_PATH}:/home/loser/learning_ros2/chapt2/chapt2_ws/install/demo_python_pkg:/opt/ros/humble /usr/bin/cmake --build /home/loser/learning_ros2/chapt2/chapt2_ws/build/demo_cpp_pkg -- -j24 -l24
[0.027s] -- Found ament_cmake: 1.3.14 (/opt/ros/humble/share/ament_cmake/cmake)
[0.096s] -- Found rclcpp: 16.0.21 (/opt/ros/humble/share/rclcpp/cmake)
[0.110s] -- Found rosidl_generator_c: 3.1.9 (/opt/ros/humble/share/rosidl_generator_c/cmake)
[0.111s] -- Found rosidl_adapter: 3.1.9 (/opt/ros/humble/share/rosidl_adapter/cmake)
[0.114s] -- Found rosidl_generator_cpp: 3.1.9 (/opt/ros/humble/share/rosidl_generator_cpp/cmake)
[0.119s] -- Using all available rosidl_typesupport_c: rosidl_typesupport_fastrtps_c;rosidl_typesupport_introspection_c
[0.126s] -- Using all available rosidl_typesupport_cpp: rosidl_typesupport_fastrtps_cpp;rosidl_typesupport_introspection_cpp
[0.141s] -- Found rmw_implementation_cmake: 6.1.4 (/opt/ros/humble/share/rmw_implementation_cmake/cmake)
[0.141s] -- Found rmw_fastrtps_cpp: 6.2.10 (/opt/ros/humble/share/rmw_fastrtps_cpp/cmake)
[0.190s] -- Using RMW implementation 'rmw_fastrtps_cpp' as default
[0.217s] -- Found ament_lint_auto: 0.12.15 (/opt/ros/humble/share/ament_lint_auto/cmake)
[0.255s] -- Added test 'cppcheck' to perform static code analysis on C / C++ code
[0.255s] -- Configured cppcheck include dirs: /home/loser/learning_ros2/chapt2/chapt2_ws/src/demo_cpp_pkg/include
[0.255s] -- Configured cppcheck exclude dirs and/or files: 
[0.255s] -- Added test 'flake8' to check Python code syntax and style conventions
[0.256s] -- Added test 'lint_cmake' to check CMake code style
[0.257s] -- Added test 'pep257' to check Python code against some of the docstring style conventions in PEP 257
[0.259s] -- Added test 'uncrustify' to check C / C++ code style
[0.259s] -- Configured uncrustify additional arguments: 
[0.261s] -- Added test 'xmllint' to check XML markup files
[0.261s] -- Configuring done
[0.268s] -- Generating done
[0.271s] -- Build files have been written to: /home/loser/learning_ros2/chapt2/chapt2_ws/build/demo_cpp_pkg
[0.294s] [35m[1mConsolidate compiler generated dependencies of target learn_lambda[0m
[0.294s] [35m[1mConsolidate compiler generated dependencies of target cpp_node[0m
[0.294s] [35m[1mConsolidate compiler generated dependencies of target person_node[0m
[0.294s] [35m[1mConsolidate compiler generated dependencies of target learn_auto[0m
[0.303s] [35m[1mConsolidate compiler generated dependencies of target learn_shared_ptr[0m
[0.303s] [35m[1mConsolidate compiler generated dependencies of target learn_functional[0m
[0.303s] [  7%] [32mBuilding CXX object CMakeFiles/learn_thread.dir/src/learn_thread.cpp.o[0m
[0.303s] [ 14%] [32mBuilding CXX object CMakeFiles/learn_lambda.dir/src/learn_lambda.cpp.o[0m
[0.305s] [ 21%] [32mBuilding CXX object CMakeFiles/learn_auto.dir/src/learn_auto.cpp.o[0m
[0.306s] [ 28%] [32mBuilding CXX object CMakeFiles/person_node.dir/src/person_node.cpp.o[0m
[0.307s] [ 35%] [32mBuilding CXX object CMakeFiles/learn_shared_ptr.dir/src/learn_shared_ptr.cpp.o[0m
[0.308s] [ 42%] [32mBuilding CXX object CMakeFiles/cpp_node.dir/src/cpp_node.cpp.o[0m
[0.313s] [ 50%] [32mBuilding CXX object CMakeFiles/learn_functional.dir/src/learn_functional.cpp.o[0m
[0.497s] [ 57%] [32m[1mLinking CXX executable learn_auto[0m
[0.517s] [01m[K/home/loser/learning_ros2/chapt2/chapt2_ws/src/demo_cpp_pkg/src/learn_shared_ptr.cpp:[m[K In function ‘[01m[Kint main()[m[K’:
[0.518s] [01m[K/home/loser/learning_ros2/chapt2/chapt2_ws/src/demo_cpp_pkg/src/learn_shared_ptr.cpp:20:10:[m[K [01;35m[Kwarning: [m[Kunused variable ‘[01m[Kstr[m[K’ [[01;35m[K]8;;https://gcc.gnu.org/onlinedocs/gcc/Warning-Options.html#index-Wunused-variable-Wunused-variable]8;;[m[K]
[0.518s]    20 |     auto [01;35m[Kstr[m[K = p1->c_str();
[0.518s]       |          [01;35m[K^~~[m[K
[0.576s] [ 57%] Built target learn_auto
[0.606s] [ 64%] [32m[1mLinking CXX executable learn_shared_ptr[0m
[0.635s] [ 71%] [32m[1mLinking CXX executable learn_lambda[0m
[0.670s] [ 78%] [32m[1mLinking CXX executable learn_functional[0m
[0.676s] [ 78%] Built target learn_shared_ptr
[0.698s] [ 78%] Built target learn_lambda
[0.741s] [ 78%] Built target learn_functional
[2.067s] [ 85%] [32m[1mLinking CXX executable person_node[0m
[2.102s] [ 92%] [32m[1mLinking CXX executable cpp_node[0m
[2.142s] [ 92%] Built target person_node
[2.174s] [ 92%] Built target cpp_node
[3.291s] [100%] [32m[1mLinking CXX executable learn_thread[0m
[3.402s] [100%] Built target learn_thread
[3.410s] Invoked command in '/home/loser/learning_ros2/chapt2/chapt2_ws/build/demo_cpp_pkg' returned '0': CMAKE_PREFIX_PATH=${CMAKE_PREFIX_PATH}:/home/loser/learning_ros2/chapt2/chapt2_ws/install/demo_python_pkg:/opt/ros/humble /usr/bin/cmake --build /home/loser/learning_ros2/chapt2/chapt2_ws/build/demo_cpp_pkg -- -j24 -l24
[3.414s] Invoking command in '/home/loser/learning_ros2/chapt2/chapt2_ws/build/demo_cpp_pkg': CMAKE_PREFIX_PATH=${CMAKE_PREFIX_PATH}:/home/loser/learning_ros2/chapt2/chapt2_ws/install/demo_python_pkg:/opt/ros/humble /usr/bin/cmake --install /home/loser/learning_ros2/chapt2/chapt2_ws/build/demo_cpp_pkg
[3.419s] -- Install configuration: ""
[3.419s] -- Installing: /home/loser/learning_ros2/chapt2/chapt2_ws/install/demo_cpp_pkg/lib/demo_cpp_pkg/cpp_node
[3.419s] -- Set runtime path of "/home/loser/learning_ros2/chapt2/chapt2_ws/install/demo_cpp_pkg/lib/demo_cpp_pkg/cpp_node" to ""
[3.419s] -- Installing: /home/loser/learning_ros2/chapt2/chapt2_ws/install/demo_cpp_pkg/lib/demo_cpp_pkg/person_node
[3.419s] -- Set runtime path of "/home/loser/learning_ros2/chapt2/chapt2_ws/install/demo_cpp_pkg/lib/demo_cpp_pkg/person_node" to ""
[3.419s] -- Installing: /home/loser/learning_ros2/chapt2/chapt2_ws/install/demo_cpp_pkg/lib/demo_cpp_pkg/learn_auto
[3.419s] -- Installing: /home/loser/learning_ros2/chapt2/chapt2_ws/install/demo_cpp_pkg/lib/demo_cpp_pkg/learn_shared_ptr
[3.419s] -- Installing: /home/loser/learning_ros2/chapt2/chapt2_ws/install/demo_cpp_pkg/lib/demo_cpp_pkg/learn_lambda
[3.420s] -- Installing: /home/loser/learning_ros2/chapt2/chapt2_ws/install/demo_cpp_pkg/lib/demo_cpp_pkg/learn_functional
[3.420s] -- Installing: /home/loser/learning_ros2/chapt2/chapt2_ws/install/demo_cpp_pkg/lib/demo_cpp_pkg/learn_thread
[3.421s] -- Up-to-date: /home/loser/learning_ros2/chapt2/chapt2_ws/install/demo_cpp_pkg/share/ament_index/resource_index/package_run_dependencies/demo_cpp_pkg
[3.421s] -- Up-to-date: /home/loser/learning_ros2/chapt2/chapt2_ws/install/demo_cpp_pkg/share/ament_index/resource_index/parent_prefix_path/demo_cpp_pkg
[3.421s] -- Up-to-date: /home/loser/learning_ros2/chapt2/chapt2_ws/install/demo_cpp_pkg/share/demo_cpp_pkg/environment/ament_prefix_path.sh
[3.421s] -- Installing: /home/loser/learning_ros2/chapt2/chapt2_ws/install/demo_cpp_pkg/share/demo_cpp_pkg/environment/ament_prefix_path.dsv
[3.421s] -- Up-to-date: /home/loser/learning_ros2/chapt2/chapt2_ws/install/demo_cpp_pkg/share/demo_cpp_pkg/environment/path.sh
[3.421s] -- Installing: /home/loser/learning_ros2/chapt2/chapt2_ws/install/demo_cpp_pkg/share/demo_cpp_pkg/environment/path.dsv
[3.421s] -- Up-to-date: /home/loser/learning_ros2/chapt2/chapt2_ws/install/demo_cpp_pkg/share/demo_cpp_pkg/local_setup.bash
[3.421s] -- Up-to-date: /home/loser/learning_ros2/chapt2/chapt2_ws/install/demo_cpp_pkg/share/demo_cpp_pkg/local_setup.sh
[3.421s] -- Up-to-date: /home/loser/learning_ros2/chapt2/chapt2_ws/install/demo_cpp_pkg/share/demo_cpp_pkg/local_setup.zsh
[3.421s] -- Installing: /home/loser/learning_ros2/chapt2/chapt2_ws/install/demo_cpp_pkg/share/demo_cpp_pkg/local_setup.dsv
[3.421s] -- Installing: /home/loser/learning_ros2/chapt2/chapt2_ws/install/demo_cpp_pkg/share/demo_cpp_pkg/package.dsv
[3.421s] -- Up-to-date: /home/loser/learning_ros2/chapt2/chapt2_ws/install/demo_cpp_pkg/share/ament_index/resource_index/packages/demo_cpp_pkg
[3.421s] -- Up-to-date: /home/loser/learning_ros2/chapt2/chapt2_ws/install/demo_cpp_pkg/share/demo_cpp_pkg/cmake/demo_cpp_pkgConfig.cmake
[3.421s] -- Up-to-date: /home/loser/learning_ros2/chapt2/chapt2_ws/install/demo_cpp_pkg/share/demo_cpp_pkg/cmake/demo_cpp_pkgConfig-version.cmake
[3.421s] -- Up-to-date: /home/loser/learning_ros2/chapt2/chapt2_ws/install/demo_cpp_pkg/share/demo_cpp_pkg/package.xml
[3.423s] Invoked command in '/home/loser/learning_ros2/chapt2/chapt2_ws/build/demo_cpp_pkg' returned '0': CMAKE_PREFIX_PATH=${CMAKE_PREFIX_PATH}:/home/loser/learning_ros2/chapt2/chapt2_ws/install/demo_python_pkg:/opt/ros/humble /usr/bin/cmake --install /home/loser/learning_ros2/chapt2/chapt2_ws/build/demo_cpp_pkg
