[0.007s] Invoking command in '/home/loser/learning_ros2/chapt3/topic_practice_ws/build/status_display': CMAKE_PREFIX_PATH=${CMAKE_PREFIX_PATH}:/home/loser/learning_ros2/chapt3/topic_practice_ws/install/status_publisher:/home/loser/learning_ros2/chapt3/topic_ws/install/demo_python_topic:/opt/ros/humble LD_LIBRARY_PATH=/home/loser/learning_ros2/chapt3/topic_practice_ws/install/status_interfaces/lib:/usr/local/cuda-12.8/lib64:/opt/ros/humble/opt/rviz_ogre_vendor/lib:/opt/ros/humble/lib/x86_64-linux-gnu:/opt/ros/humble/lib:/usr/local/cuda-12.8/lib64 /usr/bin/cmake /home/loser/learning_ros2/chapt3/topic_practice_ws/src/status_display -DCMAKE_INSTALL_PREFIX=/home/loser/learning_ros2/chapt3/topic_practice_ws/install/status_display
[0.048s] -- The C compiler identification is GNU 11.4.0
[0.093s] -- The CXX compiler identification is GNU 11.4.0
[0.098s] -- Detecting C compiler ABI info
[0.150s] -- Detecting C compiler ABI info - done
[0.153s] -- Check for working C compiler: /usr/bin/cc - skipped
[0.154s] -- Detecting C compile features
[0.154s] -- Detecting C compile features - done
[0.157s] -- Detecting CXX compiler ABI info
[0.217s] -- Detecting CXX compiler ABI info - done
[0.220s] -- Check for working CXX compiler: /usr/bin/c++ - skipped
[0.220s] -- Detecting CXX compile features
[0.221s] -- Detecting CXX compile features - done
[0.222s] -- Found ament_cmake: 1.3.14 (/opt/ros/humble/share/ament_cmake/cmake)
[0.343s] -- Found Python3: /usr/bin/python3 (found version "3.10.12") found components: Interpreter 
[0.404s] -- Found rclcpp: 16.0.21 (/opt/ros/humble/share/rclcpp/cmake)
[0.437s] -- Found rosidl_generator_c: 3.1.9 (/opt/ros/humble/share/rosidl_generator_c/cmake)
[0.441s] -- Found rosidl_adapter: 3.1.9 (/opt/ros/humble/share/rosidl_adapter/cmake)
[0.445s] -- Found rosidl_generator_cpp: 3.1.9 (/opt/ros/humble/share/rosidl_generator_cpp/cmake)
[0.452s] -- Using all available rosidl_typesupport_c: rosidl_typesupport_fastrtps_c;rosidl_typesupport_introspection_c
[0.462s] -- Using all available rosidl_typesupport_cpp: rosidl_typesupport_fastrtps_cpp;rosidl_typesupport_introspection_cpp
[0.527s] -- Found rmw_implementation_cmake: 6.1.4 (/opt/ros/humble/share/rmw_implementation_cmake/cmake)
[0.531s] -- Found rmw_fastrtps_cpp: 6.2.10 (/opt/ros/humble/share/rmw_fastrtps_cpp/cmake)
[0.618s] -- Found OpenSSL: /usr/lib/x86_64-linux-gnu/libcrypto.so (found version "3.0.2")  
[0.641s] -- Found FastRTPS: /opt/ros/humble/include  
[0.674s] -- Using RMW implementation 'rmw_fastrtps_cpp' as default
[0.684s] -- Looking for pthread.h
[0.734s] -- Looking for pthread.h - found
[0.734s] -- Performing Test CMAKE_HAVE_LIBC_PTHREAD
[0.787s] -- Performing Test CMAKE_HAVE_LIBC_PTHREAD - Success
[0.787s] -- Found Threads: TRUE  
[0.867s] -- Found status_interfaces: 0.0.0 (/home/loser/learning_ros2/chapt3/topic_practice_ws/install/status_interfaces/share/status_interfaces/cmake)
[0.871s] -- Found ament_lint_auto: 0.12.15 (/opt/ros/humble/share/ament_lint_auto/cmake)
[0.923s] -- Added test 'cppcheck' to perform static code analysis on C / C++ code
[0.923s] -- Configured cppcheck include dirs: 
[0.923s] -- Configured cppcheck exclude dirs and/or files: 
[0.923s] -- Added test 'lint_cmake' to check CMake code style
[0.924s] -- Added test 'uncrustify' to check C / C++ code style
[0.924s] -- Configured uncrustify additional arguments: 
[0.924s] -- Added test 'xmllint' to check XML markup files
[0.924s] -- Configuring done
[0.928s] -- Generating done
[0.931s] -- Build files have been written to: /home/loser/learning_ros2/chapt3/topic_practice_ws/build/status_display
[0.940s] Invoked command in '/home/loser/learning_ros2/chapt3/topic_practice_ws/build/status_display' returned '0': CMAKE_PREFIX_PATH=${CMAKE_PREFIX_PATH}:/home/loser/learning_ros2/chapt3/topic_practice_ws/install/status_publisher:/home/loser/learning_ros2/chapt3/topic_ws/install/demo_python_topic:/opt/ros/humble LD_LIBRARY_PATH=/home/loser/learning_ros2/chapt3/topic_practice_ws/install/status_interfaces/lib:/usr/local/cuda-12.8/lib64:/opt/ros/humble/opt/rviz_ogre_vendor/lib:/opt/ros/humble/lib/x86_64-linux-gnu:/opt/ros/humble/lib:/usr/local/cuda-12.8/lib64 /usr/bin/cmake /home/loser/learning_ros2/chapt3/topic_practice_ws/src/status_display -DCMAKE_INSTALL_PREFIX=/home/loser/learning_ros2/chapt3/topic_practice_ws/install/status_display
[0.940s] Invoking command in '/home/loser/learning_ros2/chapt3/topic_practice_ws/build/status_display': CMAKE_PREFIX_PATH=${CMAKE_PREFIX_PATH}:/home/loser/learning_ros2/chapt3/topic_practice_ws/install/status_publisher:/home/loser/learning_ros2/chapt3/topic_ws/install/demo_python_topic:/opt/ros/humble LD_LIBRARY_PATH=/home/loser/learning_ros2/chapt3/topic_practice_ws/install/status_interfaces/lib:/usr/local/cuda-12.8/lib64:/opt/ros/humble/opt/rviz_ogre_vendor/lib:/opt/ros/humble/lib/x86_64-linux-gnu:/opt/ros/humble/lib:/usr/local/cuda-12.8/lib64 /usr/bin/cmake --build /home/loser/learning_ros2/chapt3/topic_practice_ws/build/status_display -- -j24 -l24
[0.973s] [ 50%] [32mBuilding CXX object CMakeFiles/hello_qt.dir/src/hello_qt.cpp.o[0m
[1.499s] [100%] [32m[1mLinking CXX executable hello_qt[0m
[1.733s] [100%] Built target hello_qt
[1.743s] Invoked command in '/home/loser/learning_ros2/chapt3/topic_practice_ws/build/status_display' returned '0': CMAKE_PREFIX_PATH=${CMAKE_PREFIX_PATH}:/home/loser/learning_ros2/chapt3/topic_practice_ws/install/status_publisher:/home/loser/learning_ros2/chapt3/topic_ws/install/demo_python_topic:/opt/ros/humble LD_LIBRARY_PATH=/home/loser/learning_ros2/chapt3/topic_practice_ws/install/status_interfaces/lib:/usr/local/cuda-12.8/lib64:/opt/ros/humble/opt/rviz_ogre_vendor/lib:/opt/ros/humble/lib/x86_64-linux-gnu:/opt/ros/humble/lib:/usr/local/cuda-12.8/lib64 /usr/bin/cmake --build /home/loser/learning_ros2/chapt3/topic_practice_ws/build/status_display -- -j24 -l24
[1.745s] Invoking command in '/home/loser/learning_ros2/chapt3/topic_practice_ws/build/status_display': CMAKE_PREFIX_PATH=${CMAKE_PREFIX_PATH}:/home/loser/learning_ros2/chapt3/topic_practice_ws/install/status_publisher:/home/loser/learning_ros2/chapt3/topic_ws/install/demo_python_topic:/opt/ros/humble LD_LIBRARY_PATH=/home/loser/learning_ros2/chapt3/topic_practice_ws/install/status_interfaces/lib:/usr/local/cuda-12.8/lib64:/opt/ros/humble/opt/rviz_ogre_vendor/lib:/opt/ros/humble/lib/x86_64-linux-gnu:/opt/ros/humble/lib:/usr/local/cuda-12.8/lib64 /usr/bin/cmake --install /home/loser/learning_ros2/chapt3/topic_practice_ws/build/status_display
[1.749s] -- Install configuration: ""
[1.749s] -- Installing: /home/loser/learning_ros2/chapt3/topic_practice_ws/install/status_display/lib/status_display/hello_qt
[1.749s] -- Installing: /home/loser/learning_ros2/chapt3/topic_practice_ws/install/status_display/share/ament_index/resource_index/package_run_dependencies/status_display
[1.749s] -- Installing: /home/loser/learning_ros2/chapt3/topic_practice_ws/install/status_display/share/ament_index/resource_index/parent_prefix_path/status_display
[1.750s] -- Installing: /home/loser/learning_ros2/chapt3/topic_practice_ws/install/status_display/share/status_display/environment/ament_prefix_path.sh
[1.750s] -- Installing: /home/loser/learning_ros2/chapt3/topic_practice_ws/install/status_display/share/status_display/environment/ament_prefix_path.dsv
[1.750s] -- Installing: /home/loser/learning_ros2/chapt3/topic_practice_ws/install/status_display/share/status_display/environment/path.sh
[1.750s] -- Installing: /home/loser/learning_ros2/chapt3/topic_practice_ws/install/status_display/share/status_display/environment/path.dsv
[1.750s] -- Installing: /home/loser/learning_ros2/chapt3/topic_practice_ws/install/status_display/share/status_display/local_setup.bash
[1.750s] -- Installing: /home/loser/learning_ros2/chapt3/topic_practice_ws/install/status_display/share/status_display/local_setup.sh
[1.750s] -- Installing: /home/loser/learning_ros2/chapt3/topic_practice_ws/install/status_display/share/status_display/local_setup.zsh
[1.750s] -- Installing: /home/loser/learning_ros2/chapt3/topic_practice_ws/install/status_display/share/status_display/local_setup.dsv
[1.750s] -- Installing: /home/loser/learning_ros2/chapt3/topic_practice_ws/install/status_display/share/status_display/package.dsv
[1.750s] -- Installing: /home/loser/learning_ros2/chapt3/topic_practice_ws/install/status_display/share/ament_index/resource_index/packages/status_display
[1.750s] -- Installing: /home/loser/learning_ros2/chapt3/topic_practice_ws/install/status_display/share/status_display/cmake/status_displayConfig.cmake
[1.750s] -- Installing: /home/loser/learning_ros2/chapt3/topic_practice_ws/install/status_display/share/status_display/cmake/status_displayConfig-version.cmake
[1.750s] -- Installing: /home/loser/learning_ros2/chapt3/topic_practice_ws/install/status_display/share/status_display/package.xml
[1.753s] Invoked command in '/home/loser/learning_ros2/chapt3/topic_practice_ws/build/status_display' returned '0': CMAKE_PREFIX_PATH=${CMAKE_PREFIX_PATH}:/home/loser/learning_ros2/chapt3/topic_practice_ws/install/status_publisher:/home/loser/learning_ros2/chapt3/topic_ws/install/demo_python_topic:/opt/ros/humble LD_LIBRARY_PATH=/home/loser/learning_ros2/chapt3/topic_practice_ws/install/status_interfaces/lib:/usr/local/cuda-12.8/lib64:/opt/ros/humble/opt/rviz_ogre_vendor/lib:/opt/ros/humble/lib/x86_64-linux-gnu:/opt/ros/humble/lib:/usr/local/cuda-12.8/lib64 /usr/bin/cmake --install /home/loser/learning_ros2/chapt3/topic_practice_ws/build/status_display
