[0.005s] Invoking command in '/home/loser/learning_ros2/chapt4/chapt4_ws/build/chapt4_interfaces': CMAKE_PREFIX_PATH=${CMAKE_PREFIX_PATH}:/home/loser/learning_ros2/chapt4/chapt4_ws/install/demo_python_service:/opt/ros/humble /usr/bin/cmake --build /home/loser/learning_ros2/chapt4/chapt4_ws/build/chapt4_interfaces -- -j24 -l24
[0.037s] [  3%] Built target chapt4_interfaces__cpp
[0.037s] [  6%] Built target chapt4_interfaces__rs
[0.037s] [ 15%] Built target chapt4_interfaces__rosidl_generator_c
[0.042s] [ 15%] Built target ament_cmake_python_copy_chapt4_interfaces
[0.051s] [ 25%] Built target chapt4_interfaces__rosidl_typesupport_cpp
[0.051s] [ 34%] Built target chapt4_interfaces__rosidl_typesupport_fastrtps_cpp
[0.051s] [ 43%] Built target chapt4_interfaces__rosidl_typesupport_introspection_cpp
[0.057s] [ 53%] Built target chapt4_interfaces__rosidl_typesupport_introspection_c
[0.057s] [ 68%] Built target chapt4_interfaces__rosidl_typesupport_c
[0.057s] [ 71%] Built target chapt4_interfaces__rosidl_typesupport_fastrtps_c
[0.069s] [ 71%] Built target chapt4_interfaces
[0.081s] [ 75%] Built target chapt4_interfaces__py
[0.093s] [ 81%] Built target chapt4_interfaces__rosidl_generator_py
[0.107s] [ 87%] Built target chapt4_interfaces__rosidl_typesupport_introspection_c__pyext
[0.107s] [ 93%] Built target chapt4_interfaces__rosidl_typesupport_c__pyext
[0.108s] [100%] Built target chapt4_interfaces__rosidl_typesupport_fastrtps_c__pyext
[0.153s] running egg_info
[0.153s] writing chapt4_interfaces.egg-info/PKG-INFO
[0.153s] writing dependency_links to chapt4_interfaces.egg-info/dependency_links.txt
[0.153s] writing top-level names to chapt4_interfaces.egg-info/top_level.txt
[0.157s] reading manifest file 'chapt4_interfaces.egg-info/SOURCES.txt'
[0.157s] writing manifest file 'chapt4_interfaces.egg-info/SOURCES.txt'
[0.168s] [100%] Built target ament_cmake_python_build_chapt4_interfaces_egg
[0.177s] Invoked command in '/home/loser/learning_ros2/chapt4/chapt4_ws/build/chapt4_interfaces' returned '0': CMAKE_PREFIX_PATH=${CMAKE_PREFIX_PATH}:/home/loser/learning_ros2/chapt4/chapt4_ws/install/demo_python_service:/opt/ros/humble /usr/bin/cmake --build /home/loser/learning_ros2/chapt4/chapt4_ws/build/chapt4_interfaces -- -j24 -l24
[0.183s] Invoking command in '/home/loser/learning_ros2/chapt4/chapt4_ws/build/chapt4_interfaces': CMAKE_PREFIX_PATH=${CMAKE_PREFIX_PATH}:/home/loser/learning_ros2/chapt4/chapt4_ws/install/demo_python_service:/opt/ros/humble /usr/bin/cmake --install /home/loser/learning_ros2/chapt4/chapt4_ws/build/chapt4_interfaces
[0.187s] -- Install configuration: ""
[0.187s] -- Up-to-date: /home/loser/learning_ros2/chapt4/chapt4_ws/install/chapt4_interfaces/share/ament_index/resource_index/rosidl_interfaces/chapt4_interfaces
[0.187s] -- Up-to-date: /home/loser/learning_ros2/chapt4/chapt4_ws/install/chapt4_interfaces/include/chapt4_interfaces/chapt4_interfaces
[0.187s] -- Up-to-date: /home/loser/learning_ros2/chapt4/chapt4_ws/install/chapt4_interfaces/include/chapt4_interfaces/chapt4_interfaces/srv
[0.187s] -- Up-to-date: /home/loser/learning_ros2/chapt4/chapt4_ws/install/chapt4_interfaces/include/chapt4_interfaces/chapt4_interfaces/srv/detail
[0.187s] -- Up-to-date: /home/loser/learning_ros2/chapt4/chapt4_ws/install/chapt4_interfaces/include/chapt4_interfaces/chapt4_interfaces/srv/detail/face_detector__type_support.h
[0.187s] -- Up-to-date: /home/loser/learning_ros2/chapt4/chapt4_ws/install/chapt4_interfaces/include/chapt4_interfaces/chapt4_interfaces/srv/detail/face_detector__functions.h
[0.187s] -- Up-to-date: /home/loser/learning_ros2/chapt4/chapt4_ws/install/chapt4_interfaces/include/chapt4_interfaces/chapt4_interfaces/srv/detail/face_detector__functions.c
[0.187s] -- Up-to-date: /home/loser/learning_ros2/chapt4/chapt4_ws/install/chapt4_interfaces/include/chapt4_interfaces/chapt4_interfaces/srv/detail/face_detector__struct.h
[0.187s] -- Up-to-date: /home/loser/learning_ros2/chapt4/chapt4_ws/install/chapt4_interfaces/include/chapt4_interfaces/chapt4_interfaces/srv/face_detector.h
[0.187s] -- Up-to-date: /home/loser/learning_ros2/chapt4/chapt4_ws/install/chapt4_interfaces/include/chapt4_interfaces/chapt4_interfaces/msg
[0.187s] -- Up-to-date: /home/loser/learning_ros2/chapt4/chapt4_ws/install/chapt4_interfaces/include/chapt4_interfaces/chapt4_interfaces/msg/rosidl_generator_c__visibility_control.h
[0.187s] -- Up-to-date: /home/loser/learning_ros2/chapt4/chapt4_ws/install/chapt4_interfaces/share/chapt4_interfaces/environment/library_path.sh
[0.187s] -- Up-to-date: /home/loser/learning_ros2/chapt4/chapt4_ws/install/chapt4_interfaces/share/chapt4_interfaces/environment/library_path.dsv
[0.187s] -- Up-to-date: /home/loser/learning_ros2/chapt4/chapt4_ws/install/chapt4_interfaces/lib/libchapt4_interfaces__rosidl_generator_c.so
[0.188s] -- Up-to-date: /home/loser/learning_ros2/chapt4/chapt4_ws/install/chapt4_interfaces/include/chapt4_interfaces/chapt4_interfaces
[0.188s] -- Up-to-date: /home/loser/learning_ros2/chapt4/chapt4_ws/install/chapt4_interfaces/include/chapt4_interfaces/chapt4_interfaces/srv
[0.188s] -- Up-to-date: /home/loser/learning_ros2/chapt4/chapt4_ws/install/chapt4_interfaces/include/chapt4_interfaces/chapt4_interfaces/srv/detail
[0.188s] -- Up-to-date: /home/loser/learning_ros2/chapt4/chapt4_ws/install/chapt4_interfaces/include/chapt4_interfaces/chapt4_interfaces/srv/detail/face_detector__rosidl_typesupport_fastrtps_c.h
[0.188s] -- Up-to-date: /home/loser/learning_ros2/chapt4/chapt4_ws/install/chapt4_interfaces/include/chapt4_interfaces/chapt4_interfaces/msg
[0.188s] -- Up-to-date: /home/loser/learning_ros2/chapt4/chapt4_ws/install/chapt4_interfaces/include/chapt4_interfaces/chapt4_interfaces/msg/rosidl_typesupport_fastrtps_c__visibility_control.h
[0.188s] -- Up-to-date: /home/loser/learning_ros2/chapt4/chapt4_ws/install/chapt4_interfaces/lib/libchapt4_interfaces__rosidl_typesupport_fastrtps_c.so
[0.188s] -- Up-to-date: /home/loser/learning_ros2/chapt4/chapt4_ws/install/chapt4_interfaces/include/chapt4_interfaces/chapt4_interfaces
[0.188s] -- Up-to-date: /home/loser/learning_ros2/chapt4/chapt4_ws/install/chapt4_interfaces/include/chapt4_interfaces/chapt4_interfaces/srv
[0.188s] -- Up-to-date: /home/loser/learning_ros2/chapt4/chapt4_ws/install/chapt4_interfaces/include/chapt4_interfaces/chapt4_interfaces/srv/face_detector.hpp
[0.188s] -- Up-to-date: /home/loser/learning_ros2/chapt4/chapt4_ws/install/chapt4_interfaces/include/chapt4_interfaces/chapt4_interfaces/srv/detail
[0.188s] -- Up-to-date: /home/loser/learning_ros2/chapt4/chapt4_ws/install/chapt4_interfaces/include/chapt4_interfaces/chapt4_interfaces/srv/detail/face_detector__builder.hpp
[0.188s] -- Up-to-date: /home/loser/learning_ros2/chapt4/chapt4_ws/install/chapt4_interfaces/include/chapt4_interfaces/chapt4_interfaces/srv/detail/face_detector__type_support.hpp
[0.188s] -- Up-to-date: /home/loser/learning_ros2/chapt4/chapt4_ws/install/chapt4_interfaces/include/chapt4_interfaces/chapt4_interfaces/srv/detail/face_detector__traits.hpp
[0.188s] -- Up-to-date: /home/loser/learning_ros2/chapt4/chapt4_ws/install/chapt4_interfaces/include/chapt4_interfaces/chapt4_interfaces/srv/detail/face_detector__struct.hpp
[0.188s] -- Up-to-date: /home/loser/learning_ros2/chapt4/chapt4_ws/install/chapt4_interfaces/include/chapt4_interfaces/chapt4_interfaces/msg
[0.188s] -- Up-to-date: /home/loser/learning_ros2/chapt4/chapt4_ws/install/chapt4_interfaces/include/chapt4_interfaces/chapt4_interfaces/msg/rosidl_generator_cpp__visibility_control.hpp
[0.188s] -- Up-to-date: /home/loser/learning_ros2/chapt4/chapt4_ws/install/chapt4_interfaces/include/chapt4_interfaces/chapt4_interfaces
[0.188s] -- Up-to-date: /home/loser/learning_ros2/chapt4/chapt4_ws/install/chapt4_interfaces/include/chapt4_interfaces/chapt4_interfaces/srv
[0.188s] -- Up-to-date: /home/loser/learning_ros2/chapt4/chapt4_ws/install/chapt4_interfaces/include/chapt4_interfaces/chapt4_interfaces/srv/detail
[0.188s] -- Up-to-date: /home/loser/learning_ros2/chapt4/chapt4_ws/install/chapt4_interfaces/include/chapt4_interfaces/chapt4_interfaces/srv/detail/face_detector__rosidl_typesupport_fastrtps_cpp.hpp
[0.188s] -- Up-to-date: /home/loser/learning_ros2/chapt4/chapt4_ws/install/chapt4_interfaces/include/chapt4_interfaces/chapt4_interfaces/srv/detail/dds_fastrtps
[0.188s] -- Up-to-date: /home/loser/learning_ros2/chapt4/chapt4_ws/install/chapt4_interfaces/include/chapt4_interfaces/chapt4_interfaces/msg
[0.188s] -- Up-to-date: /home/loser/learning_ros2/chapt4/chapt4_ws/install/chapt4_interfaces/include/chapt4_interfaces/chapt4_interfaces/msg/rosidl_typesupport_fastrtps_cpp__visibility_control.h
[0.188s] -- Up-to-date: /home/loser/learning_ros2/chapt4/chapt4_ws/install/chapt4_interfaces/lib/libchapt4_interfaces__rosidl_typesupport_fastrtps_cpp.so
[0.188s] -- Up-to-date: /home/loser/learning_ros2/chapt4/chapt4_ws/install/chapt4_interfaces/include/chapt4_interfaces/chapt4_interfaces
[0.188s] -- Up-to-date: /home/loser/learning_ros2/chapt4/chapt4_ws/install/chapt4_interfaces/include/chapt4_interfaces/chapt4_interfaces/srv
[0.188s] -- Up-to-date: /home/loser/learning_ros2/chapt4/chapt4_ws/install/chapt4_interfaces/include/chapt4_interfaces/chapt4_interfaces/srv/detail
[0.188s] -- Up-to-date: /home/loser/learning_ros2/chapt4/chapt4_ws/install/chapt4_interfaces/include/chapt4_interfaces/chapt4_interfaces/srv/detail/face_detector__type_support.c
[0.188s] -- Up-to-date: /home/loser/learning_ros2/chapt4/chapt4_ws/install/chapt4_interfaces/include/chapt4_interfaces/chapt4_interfaces/srv/detail/face_detector__rosidl_typesupport_introspection_c.h
[0.188s] -- Up-to-date: /home/loser/learning_ros2/chapt4/chapt4_ws/install/chapt4_interfaces/include/chapt4_interfaces/chapt4_interfaces/msg
[0.188s] -- Up-to-date: /home/loser/learning_ros2/chapt4/chapt4_ws/install/chapt4_interfaces/include/chapt4_interfaces/chapt4_interfaces/msg/rosidl_typesupport_introspection_c__visibility_control.h
[0.188s] -- Up-to-date: /home/loser/learning_ros2/chapt4/chapt4_ws/install/chapt4_interfaces/lib/libchapt4_interfaces__rosidl_typesupport_introspection_c.so
[0.188s] -- Up-to-date: /home/loser/learning_ros2/chapt4/chapt4_ws/install/chapt4_interfaces/lib/libchapt4_interfaces__rosidl_typesupport_c.so
[0.188s] -- Up-to-date: /home/loser/learning_ros2/chapt4/chapt4_ws/install/chapt4_interfaces/include/chapt4_interfaces/chapt4_interfaces
[0.188s] -- Up-to-date: /home/loser/learning_ros2/chapt4/chapt4_ws/install/chapt4_interfaces/include/chapt4_interfaces/chapt4_interfaces/srv
[0.188s] -- Up-to-date: /home/loser/learning_ros2/chapt4/chapt4_ws/install/chapt4_interfaces/include/chapt4_interfaces/chapt4_interfaces/srv/detail
[0.188s] -- Up-to-date: /home/loser/learning_ros2/chapt4/chapt4_ws/install/chapt4_interfaces/include/chapt4_interfaces/chapt4_interfaces/srv/detail/face_detector__type_support.cpp
[0.188s] -- Up-to-date: /home/loser/learning_ros2/chapt4/chapt4_ws/install/chapt4_interfaces/include/chapt4_interfaces/chapt4_interfaces/srv/detail/face_detector__rosidl_typesupport_introspection_cpp.hpp
[0.188s] -- Up-to-date: /home/loser/learning_ros2/chapt4/chapt4_ws/install/chapt4_interfaces/lib/libchapt4_interfaces__rosidl_typesupport_introspection_cpp.so
[0.188s] -- Up-to-date: /home/loser/learning_ros2/chapt4/chapt4_ws/install/chapt4_interfaces/lib/libchapt4_interfaces__rosidl_typesupport_cpp.so
[0.188s] -- Up-to-date: /home/loser/learning_ros2/chapt4/chapt4_ws/install/chapt4_interfaces/share/chapt4_interfaces/environment/pythonpath.sh
[0.189s] -- Up-to-date: /home/loser/learning_ros2/chapt4/chapt4_ws/install/chapt4_interfaces/share/chapt4_interfaces/environment/pythonpath.dsv
[0.189s] -- Up-to-date: /home/loser/learning_ros2/chapt4/chapt4_ws/install/chapt4_interfaces/local/lib/python3.10/dist-packages/chapt4_interfaces-0.0.0-py3.10.egg-info
[0.189s] -- Installing: /home/loser/learning_ros2/chapt4/chapt4_ws/install/chapt4_interfaces/local/lib/python3.10/dist-packages/chapt4_interfaces-0.0.0-py3.10.egg-info/PKG-INFO
[0.189s] -- Installing: /home/loser/learning_ros2/chapt4/chapt4_ws/install/chapt4_interfaces/local/lib/python3.10/dist-packages/chapt4_interfaces-0.0.0-py3.10.egg-info/SOURCES.txt
[0.189s] -- Installing: /home/loser/learning_ros2/chapt4/chapt4_ws/install/chapt4_interfaces/local/lib/python3.10/dist-packages/chapt4_interfaces-0.0.0-py3.10.egg-info/top_level.txt
[0.189s] -- Installing: /home/loser/learning_ros2/chapt4/chapt4_ws/install/chapt4_interfaces/local/lib/python3.10/dist-packages/chapt4_interfaces-0.0.0-py3.10.egg-info/dependency_links.txt
[0.190s] -- Up-to-date: /home/loser/learning_ros2/chapt4/chapt4_ws/install/chapt4_interfaces/local/lib/python3.10/dist-packages/chapt4_interfaces
[0.190s] -- Up-to-date: /home/loser/learning_ros2/chapt4/chapt4_ws/install/chapt4_interfaces/local/lib/python3.10/dist-packages/chapt4_interfaces/_chapt4_interfaces_s.ep.rosidl_typesupport_c.c
[0.190s] -- Up-to-date: /home/loser/learning_ros2/chapt4/chapt4_ws/install/chapt4_interfaces/local/lib/python3.10/dist-packages/chapt4_interfaces/srv
[0.190s] -- Up-to-date: /home/loser/learning_ros2/chapt4/chapt4_ws/install/chapt4_interfaces/local/lib/python3.10/dist-packages/chapt4_interfaces/srv/__init__.py
[0.190s] -- Up-to-date: /home/loser/learning_ros2/chapt4/chapt4_ws/install/chapt4_interfaces/local/lib/python3.10/dist-packages/chapt4_interfaces/srv/_face_detector.py
[0.190s] -- Up-to-date: /home/loser/learning_ros2/chapt4/chapt4_ws/install/chapt4_interfaces/local/lib/python3.10/dist-packages/chapt4_interfaces/srv/_face_detector_s.c
[0.190s] -- Up-to-date: /home/loser/learning_ros2/chapt4/chapt4_ws/install/chapt4_interfaces/local/lib/python3.10/dist-packages/chapt4_interfaces/chapt4_interfaces_s__rosidl_typesupport_c.cpython-310-x86_64-linux-gnu.so
[0.190s] -- Up-to-date: /home/loser/learning_ros2/chapt4/chapt4_ws/install/chapt4_interfaces/local/lib/python3.10/dist-packages/chapt4_interfaces/__init__.py
[0.190s] -- Up-to-date: /home/loser/learning_ros2/chapt4/chapt4_ws/install/chapt4_interfaces/local/lib/python3.10/dist-packages/chapt4_interfaces/chapt4_interfaces_s__rosidl_typesupport_fastrtps_c.cpython-310-x86_64-linux-gnu.so
[0.190s] -- Up-to-date: /home/loser/learning_ros2/chapt4/chapt4_ws/install/chapt4_interfaces/local/lib/python3.10/dist-packages/chapt4_interfaces/chapt4_interfaces_s__rosidl_typesupport_introspection_c.cpython-310-x86_64-linux-gnu.so
[0.190s] -- Up-to-date: /home/loser/learning_ros2/chapt4/chapt4_ws/install/chapt4_interfaces/local/lib/python3.10/dist-packages/chapt4_interfaces/_chapt4_interfaces_s.ep.rosidl_typesupport_introspection_c.c
[0.190s] -- Up-to-date: /home/loser/learning_ros2/chapt4/chapt4_ws/install/chapt4_interfaces/local/lib/python3.10/dist-packages/chapt4_interfaces/libchapt4_interfaces__rosidl_generator_py.so
[0.190s] -- Up-to-date: /home/loser/learning_ros2/chapt4/chapt4_ws/install/chapt4_interfaces/local/lib/python3.10/dist-packages/chapt4_interfaces/_chapt4_interfaces_s.ep.rosidl_typesupport_fastrtps_c.c
[0.205s] Listing '/home/loser/learning_ros2/chapt4/chapt4_ws/install/chapt4_interfaces/local/lib/python3.10/dist-packages/chapt4_interfaces'...
[0.205s] Listing '/home/loser/learning_ros2/chapt4/chapt4_ws/install/chapt4_interfaces/local/lib/python3.10/dist-packages/chapt4_interfaces/srv'...
[0.208s] -- Up-to-date: /home/loser/learning_ros2/chapt4/chapt4_ws/install/chapt4_interfaces/local/lib/python3.10/dist-packages/chapt4_interfaces/chapt4_interfaces_s__rosidl_typesupport_fastrtps_c.cpython-310-x86_64-linux-gnu.so
[0.208s] -- Up-to-date: /home/loser/learning_ros2/chapt4/chapt4_ws/install/chapt4_interfaces/local/lib/python3.10/dist-packages/chapt4_interfaces/chapt4_interfaces_s__rosidl_typesupport_introspection_c.cpython-310-x86_64-linux-gnu.so
[0.208s] -- Up-to-date: /home/loser/learning_ros2/chapt4/chapt4_ws/install/chapt4_interfaces/local/lib/python3.10/dist-packages/chapt4_interfaces/chapt4_interfaces_s__rosidl_typesupport_c.cpython-310-x86_64-linux-gnu.so
[0.208s] -- Up-to-date: /home/loser/learning_ros2/chapt4/chapt4_ws/install/chapt4_interfaces/lib/libchapt4_interfaces__rosidl_generator_py.so
[0.208s] -- Up-to-date: /home/loser/learning_ros2/chapt4/chapt4_ws/install/chapt4_interfaces/share/chapt4_interfaces/rust
[0.208s] -- Up-to-date: /home/loser/learning_ros2/chapt4/chapt4_ws/install/chapt4_interfaces/share/chapt4_interfaces/rust/Cargo.toml
[0.208s] -- Up-to-date: /home/loser/learning_ros2/chapt4/chapt4_ws/install/chapt4_interfaces/share/chapt4_interfaces/rust/build.rs
[0.209s] -- Up-to-date: /home/loser/learning_ros2/chapt4/chapt4_ws/install/chapt4_interfaces/share/chapt4_interfaces/rust/src
[0.209s] -- Up-to-date: /home/loser/learning_ros2/chapt4/chapt4_ws/install/chapt4_interfaces/share/chapt4_interfaces/rust/src/srv
[0.209s] -- Up-to-date: /home/loser/learning_ros2/chapt4/chapt4_ws/install/chapt4_interfaces/share/chapt4_interfaces/rust/src/srv/rmw.rs
[0.209s] -- Up-to-date: /home/loser/learning_ros2/chapt4/chapt4_ws/install/chapt4_interfaces/share/chapt4_interfaces/rust/src/srv.rs
[0.209s] -- Up-to-date: /home/loser/learning_ros2/chapt4/chapt4_ws/install/chapt4_interfaces/share/chapt4_interfaces/rust/src/lib.rs
[0.209s] -- Up-to-date: /home/loser/learning_ros2/chapt4/chapt4_ws/install/chapt4_interfaces/share/chapt4_interfaces/srv/FaceDetector.idl
[0.209s] -- Up-to-date: /home/loser/learning_ros2/chapt4/chapt4_ws/install/chapt4_interfaces/share/chapt4_interfaces/srv/FaceDetector.srv
[0.209s] -- Up-to-date: /home/loser/learning_ros2/chapt4/chapt4_ws/install/chapt4_interfaces/share/chapt4_interfaces/srv/FaceDetector_Request.msg
[0.209s] -- Up-to-date: /home/loser/learning_ros2/chapt4/chapt4_ws/install/chapt4_interfaces/share/chapt4_interfaces/srv/FaceDetector_Response.msg
[0.209s] -- Up-to-date: /home/loser/learning_ros2/chapt4/chapt4_ws/install/chapt4_interfaces/share/ament_index/resource_index/package_run_dependencies/chapt4_interfaces
[0.209s] -- Up-to-date: /home/loser/learning_ros2/chapt4/chapt4_ws/install/chapt4_interfaces/share/ament_index/resource_index/parent_prefix_path/chapt4_interfaces
[0.209s] -- Up-to-date: /home/loser/learning_ros2/chapt4/chapt4_ws/install/chapt4_interfaces/share/chapt4_interfaces/environment/ament_prefix_path.sh
[0.209s] -- Up-to-date: /home/loser/learning_ros2/chapt4/chapt4_ws/install/chapt4_interfaces/share/chapt4_interfaces/environment/ament_prefix_path.dsv
[0.209s] -- Up-to-date: /home/loser/learning_ros2/chapt4/chapt4_ws/install/chapt4_interfaces/share/chapt4_interfaces/environment/path.sh
[0.209s] -- Up-to-date: /home/loser/learning_ros2/chapt4/chapt4_ws/install/chapt4_interfaces/share/chapt4_interfaces/environment/path.dsv
[0.209s] -- Up-to-date: /home/loser/learning_ros2/chapt4/chapt4_ws/install/chapt4_interfaces/share/chapt4_interfaces/local_setup.bash
[0.209s] -- Up-to-date: /home/loser/learning_ros2/chapt4/chapt4_ws/install/chapt4_interfaces/share/chapt4_interfaces/local_setup.sh
[0.209s] -- Up-to-date: /home/loser/learning_ros2/chapt4/chapt4_ws/install/chapt4_interfaces/share/chapt4_interfaces/local_setup.zsh
[0.209s] -- Up-to-date: /home/loser/learning_ros2/chapt4/chapt4_ws/install/chapt4_interfaces/share/chapt4_interfaces/local_setup.dsv
[0.209s] -- Installing: /home/loser/learning_ros2/chapt4/chapt4_ws/install/chapt4_interfaces/share/chapt4_interfaces/package.dsv
[0.209s] -- Up-to-date: /home/loser/learning_ros2/chapt4/chapt4_ws/install/chapt4_interfaces/share/ament_index/resource_index/packages/chapt4_interfaces
[0.209s] -- Up-to-date: /home/loser/learning_ros2/chapt4/chapt4_ws/install/chapt4_interfaces/share/chapt4_interfaces/cmake/export_chapt4_interfaces__rosidl_generator_cExport.cmake
[0.210s] -- Up-to-date: /home/loser/learning_ros2/chapt4/chapt4_ws/install/chapt4_interfaces/share/chapt4_interfaces/cmake/export_chapt4_interfaces__rosidl_generator_cExport-noconfig.cmake
[0.210s] -- Up-to-date: /home/loser/learning_ros2/chapt4/chapt4_ws/install/chapt4_interfaces/share/chapt4_interfaces/cmake/export_chapt4_interfaces__rosidl_typesupport_fastrtps_cExport.cmake
[0.210s] -- Up-to-date: /home/loser/learning_ros2/chapt4/chapt4_ws/install/chapt4_interfaces/share/chapt4_interfaces/cmake/export_chapt4_interfaces__rosidl_typesupport_fastrtps_cExport-noconfig.cmake
[0.210s] -- Up-to-date: /home/loser/learning_ros2/chapt4/chapt4_ws/install/chapt4_interfaces/share/chapt4_interfaces/cmake/export_chapt4_interfaces__rosidl_generator_cppExport.cmake
[0.210s] -- Up-to-date: /home/loser/learning_ros2/chapt4/chapt4_ws/install/chapt4_interfaces/share/chapt4_interfaces/cmake/export_chapt4_interfaces__rosidl_typesupport_fastrtps_cppExport.cmake
[0.210s] -- Up-to-date: /home/loser/learning_ros2/chapt4/chapt4_ws/install/chapt4_interfaces/share/chapt4_interfaces/cmake/export_chapt4_interfaces__rosidl_typesupport_fastrtps_cppExport-noconfig.cmake
[0.210s] -- Up-to-date: /home/loser/learning_ros2/chapt4/chapt4_ws/install/chapt4_interfaces/share/chapt4_interfaces/cmake/chapt4_interfaces__rosidl_typesupport_introspection_cExport.cmake
[0.210s] -- Up-to-date: /home/loser/learning_ros2/chapt4/chapt4_ws/install/chapt4_interfaces/share/chapt4_interfaces/cmake/chapt4_interfaces__rosidl_typesupport_introspection_cExport-noconfig.cmake
[0.210s] -- Up-to-date: /home/loser/learning_ros2/chapt4/chapt4_ws/install/chapt4_interfaces/share/chapt4_interfaces/cmake/chapt4_interfaces__rosidl_typesupport_cExport.cmake
[0.210s] -- Up-to-date: /home/loser/learning_ros2/chapt4/chapt4_ws/install/chapt4_interfaces/share/chapt4_interfaces/cmake/chapt4_interfaces__rosidl_typesupport_cExport-noconfig.cmake
[0.210s] -- Up-to-date: /home/loser/learning_ros2/chapt4/chapt4_ws/install/chapt4_interfaces/share/chapt4_interfaces/cmake/chapt4_interfaces__rosidl_typesupport_introspection_cppExport.cmake
[0.210s] -- Up-to-date: /home/loser/learning_ros2/chapt4/chapt4_ws/install/chapt4_interfaces/share/chapt4_interfaces/cmake/chapt4_interfaces__rosidl_typesupport_introspection_cppExport-noconfig.cmake
[0.210s] -- Up-to-date: /home/loser/learning_ros2/chapt4/chapt4_ws/install/chapt4_interfaces/share/chapt4_interfaces/cmake/chapt4_interfaces__rosidl_typesupport_cppExport.cmake
[0.210s] -- Up-to-date: /home/loser/learning_ros2/chapt4/chapt4_ws/install/chapt4_interfaces/share/chapt4_interfaces/cmake/chapt4_interfaces__rosidl_typesupport_cppExport-noconfig.cmake
[0.210s] -- Up-to-date: /home/loser/learning_ros2/chapt4/chapt4_ws/install/chapt4_interfaces/share/chapt4_interfaces/cmake/export_chapt4_interfaces__rosidl_generator_pyExport.cmake
[0.210s] -- Up-to-date: /home/loser/learning_ros2/chapt4/chapt4_ws/install/chapt4_interfaces/share/chapt4_interfaces/cmake/export_chapt4_interfaces__rosidl_generator_pyExport-noconfig.cmake
[0.210s] -- Up-to-date: /home/loser/learning_ros2/chapt4/chapt4_ws/install/chapt4_interfaces/share/chapt4_interfaces/cmake/rosidl_cmake-extras.cmake
[0.210s] -- Up-to-date: /home/loser/learning_ros2/chapt4/chapt4_ws/install/chapt4_interfaces/share/chapt4_interfaces/cmake/ament_cmake_export_dependencies-extras.cmake
[0.210s] -- Up-to-date: /home/loser/learning_ros2/chapt4/chapt4_ws/install/chapt4_interfaces/share/chapt4_interfaces/cmake/ament_cmake_export_include_directories-extras.cmake
[0.210s] -- Up-to-date: /home/loser/learning_ros2/chapt4/chapt4_ws/install/chapt4_interfaces/share/chapt4_interfaces/cmake/ament_cmake_export_libraries-extras.cmake
[0.210s] -- Up-to-date: /home/loser/learning_ros2/chapt4/chapt4_ws/install/chapt4_interfaces/share/chapt4_interfaces/cmake/ament_cmake_export_targets-extras.cmake
[0.210s] -- Up-to-date: /home/loser/learning_ros2/chapt4/chapt4_ws/install/chapt4_interfaces/share/chapt4_interfaces/cmake/rosidl_cmake_export_typesupport_targets-extras.cmake
[0.210s] -- Up-to-date: /home/loser/learning_ros2/chapt4/chapt4_ws/install/chapt4_interfaces/share/chapt4_interfaces/cmake/rosidl_cmake_export_typesupport_libraries-extras.cmake
[0.211s] -- Up-to-date: /home/loser/learning_ros2/chapt4/chapt4_ws/install/chapt4_interfaces/share/chapt4_interfaces/cmake/rosidl_cmake_aggregate_target-extras.cmake
[0.211s] -- Up-to-date: /home/loser/learning_ros2/chapt4/chapt4_ws/install/chapt4_interfaces/share/chapt4_interfaces/cmake/chapt4_interfacesConfig.cmake
[0.211s] -- Up-to-date: /home/loser/learning_ros2/chapt4/chapt4_ws/install/chapt4_interfaces/share/chapt4_interfaces/cmake/chapt4_interfacesConfig-version.cmake
[0.211s] -- Up-to-date: /home/loser/learning_ros2/chapt4/chapt4_ws/install/chapt4_interfaces/share/chapt4_interfaces/package.xml
[0.212s] Invoked command in '/home/loser/learning_ros2/chapt4/chapt4_ws/build/chapt4_interfaces' returned '0': CMAKE_PREFIX_PATH=${CMAKE_PREFIX_PATH}:/home/loser/learning_ros2/chapt4/chapt4_ws/install/demo_python_service:/opt/ros/humble /usr/bin/cmake --install /home/loser/learning_ros2/chapt4/chapt4_ws/build/chapt4_interfaces
