[0.053s] DEBUG:colcon:Command line arguments: ['/usr/bin/colcon', 'build']
[0.053s] DEBUG:colcon:Parsed command line arguments: Namespace(log_base=None, log_level=None, verb_name='build', build_base='build', install_base='install', merge_install=False, symlink_install=False, test_result_base=None, continue_on_error=False, executor='parallel', parallel_workers=24, event_handlers=None, ignore_user_meta=False, metas=['./colcon.meta'], base_paths=['.'], packages_ignore=None, packages_ignore_regex=None, paths=None, packages_up_to=None, packages_up_to_regex=None, packages_above=None, packages_above_and_dependencies=None, packages_above_depth=None, packages_select_by_dep=None, packages_skip_by_dep=None, packages_skip_up_to=None, packages_select_build_failed=False, packages_skip_build_finished=False, packages_select_test_failures=False, packages_skip_test_passed=False, packages_select=None, packages_skip=None, packages_select_regex=None, packages_skip_regex=None, packages_start=None, packages_end=None, allow_overriding=[], cmake_args=None, cmake_target=None, cmake_target_skip_unavailable=False, cmake_clean_cache=False, cmake_clean_first=False, cmake_force_configure=False, ament_cmake_args=None, catkin_cmake_args=None, catkin_skip_building_tests=False, verb_parser=<colcon_defaults.argument_parser.defaults.DefaultArgumentsDecorator object at 0x7460e0c2c0a0>, verb_extension=<colcon_core.verb.build.BuildVerb object at 0x7460e0d15720>, main=<bound method BuildVerb.main of <colcon_core.verb.build.BuildVerb object at 0x7460e0d15720>>)
[0.134s] Level 1:colcon.colcon_core.package_discovery:discover_packages(colcon_meta) check parameters
[0.134s] Level 1:colcon.colcon_core.package_discovery:discover_packages(recursive) check parameters
[0.134s] Level 1:colcon.colcon_core.package_discovery:discover_packages(ignore) check parameters
[0.134s] Level 1:colcon.colcon_core.package_discovery:discover_packages(path) check parameters
[0.134s] Level 1:colcon.colcon_core.package_discovery:discover_packages(colcon_meta) discover
[0.134s] Level 1:colcon.colcon_core.package_discovery:discover_packages(recursive) discover
[0.134s] INFO:colcon.colcon_core.package_discovery:Crawling recursively for packages in '/home/loser/learning_ros2/chapt3/topic_practice_ws'
[0.134s] Level 1:colcon.colcon_core.package_identification:_identify(.) by extensions ['ignore', 'ignore_ament_install']
[0.134s] Level 1:colcon.colcon_core.package_identification:_identify(.) by extension 'ignore'
[0.134s] Level 1:colcon.colcon_core.package_identification:_identify(.) by extension 'ignore_ament_install'
[0.134s] Level 1:colcon.colcon_core.package_identification:_identify(.) by extensions ['colcon_pkg']
[0.134s] Level 1:colcon.colcon_core.package_identification:_identify(.) by extension 'colcon_pkg'
[0.134s] Level 1:colcon.colcon_core.package_identification:_identify(.) by extensions ['colcon_meta']
[0.134s] Level 1:colcon.colcon_core.package_identification:_identify(.) by extension 'colcon_meta'
[0.134s] Level 1:colcon.colcon_core.package_identification:_identify(.) by extensions ['ros']
[0.134s] Level 1:colcon.colcon_core.package_identification:_identify(.) by extension 'ros'
[0.141s] Level 1:colcon.colcon_core.package_identification:_identify(.) by extensions ['cmake', 'python']
[0.141s] Level 1:colcon.colcon_core.package_identification:_identify(.) by extension 'cmake'
[0.141s] Level 1:colcon.colcon_core.package_identification:_identify(.) by extension 'python'
[0.141s] Level 1:colcon.colcon_core.package_identification:_identify(.) by extensions ['python_setup_py']
[0.141s] Level 1:colcon.colcon_core.package_identification:_identify(.) by extension 'python_setup_py'
[0.141s] Level 1:colcon.colcon_core.package_identification:_identify(build) by extensions ['ignore', 'ignore_ament_install']
[0.141s] Level 1:colcon.colcon_core.package_identification:_identify(build) by extension 'ignore'
[0.141s] Level 1:colcon.colcon_core.package_identification:_identify(build) ignored
[0.141s] Level 1:colcon.colcon_core.package_identification:_identify(install) by extensions ['ignore', 'ignore_ament_install']
[0.141s] Level 1:colcon.colcon_core.package_identification:_identify(install) by extension 'ignore'
[0.141s] Level 1:colcon.colcon_core.package_identification:_identify(install) ignored
[0.141s] Level 1:colcon.colcon_core.package_identification:_identify(log) by extensions ['ignore', 'ignore_ament_install']
[0.141s] Level 1:colcon.colcon_core.package_identification:_identify(log) by extension 'ignore'
[0.141s] Level 1:colcon.colcon_core.package_identification:_identify(log) ignored
[0.141s] Level 1:colcon.colcon_core.package_identification:_identify(src) by extensions ['ignore', 'ignore_ament_install']
[0.141s] Level 1:colcon.colcon_core.package_identification:_identify(src) by extension 'ignore'
[0.141s] Level 1:colcon.colcon_core.package_identification:_identify(src) by extension 'ignore_ament_install'
[0.141s] Level 1:colcon.colcon_core.package_identification:_identify(src) by extensions ['colcon_pkg']
[0.141s] Level 1:colcon.colcon_core.package_identification:_identify(src) by extension 'colcon_pkg'
[0.141s] Level 1:colcon.colcon_core.package_identification:_identify(src) by extensions ['colcon_meta']
[0.141s] Level 1:colcon.colcon_core.package_identification:_identify(src) by extension 'colcon_meta'
[0.141s] Level 1:colcon.colcon_core.package_identification:_identify(src) by extensions ['ros']
[0.141s] Level 1:colcon.colcon_core.package_identification:_identify(src) by extension 'ros'
[0.141s] Level 1:colcon.colcon_core.package_identification:_identify(src) by extensions ['cmake', 'python']
[0.141s] Level 1:colcon.colcon_core.package_identification:_identify(src) by extension 'cmake'
[0.141s] Level 1:colcon.colcon_core.package_identification:_identify(src) by extension 'python'
[0.141s] Level 1:colcon.colcon_core.package_identification:_identify(src) by extensions ['python_setup_py']
[0.141s] Level 1:colcon.colcon_core.package_identification:_identify(src) by extension 'python_setup_py'
[0.142s] Level 1:colcon.colcon_core.package_identification:_identify(src/status_interfaces) by extensions ['ignore', 'ignore_ament_install']
[0.142s] Level 1:colcon.colcon_core.package_identification:_identify(src/status_interfaces) by extension 'ignore'
[0.142s] Level 1:colcon.colcon_core.package_identification:_identify(src/status_interfaces) by extension 'ignore_ament_install'
[0.142s] Level 1:colcon.colcon_core.package_identification:_identify(src/status_interfaces) by extensions ['colcon_pkg']
[0.142s] Level 1:colcon.colcon_core.package_identification:_identify(src/status_interfaces) by extension 'colcon_pkg'
[0.142s] Level 1:colcon.colcon_core.package_identification:_identify(src/status_interfaces) by extensions ['colcon_meta']
[0.142s] Level 1:colcon.colcon_core.package_identification:_identify(src/status_interfaces) by extension 'colcon_meta'
[0.142s] Level 1:colcon.colcon_core.package_identification:_identify(src/status_interfaces) by extensions ['ros']
[0.142s] Level 1:colcon.colcon_core.package_identification:_identify(src/status_interfaces) by extension 'ros'
[0.143s] DEBUG:colcon.colcon_core.package_identification:Package 'src/status_interfaces' with type 'ros.ament_cmake' and name 'status_interfaces'
[0.143s] Level 1:colcon.colcon_core.package_identification:_identify(src/status_publisher) by extensions ['ignore', 'ignore_ament_install']
[0.143s] Level 1:colcon.colcon_core.package_identification:_identify(src/status_publisher) by extension 'ignore'
[0.143s] Level 1:colcon.colcon_core.package_identification:_identify(src/status_publisher) by extension 'ignore_ament_install'
[0.143s] Level 1:colcon.colcon_core.package_identification:_identify(src/status_publisher) by extensions ['colcon_pkg']
[0.143s] Level 1:colcon.colcon_core.package_identification:_identify(src/status_publisher) by extension 'colcon_pkg'
[0.143s] Level 1:colcon.colcon_core.package_identification:_identify(src/status_publisher) by extensions ['colcon_meta']
[0.143s] Level 1:colcon.colcon_core.package_identification:_identify(src/status_publisher) by extension 'colcon_meta'
[0.144s] Level 1:colcon.colcon_core.package_identification:_identify(src/status_publisher) by extensions ['ros']
[0.144s] Level 1:colcon.colcon_core.package_identification:_identify(src/status_publisher) by extension 'ros'
[0.144s] DEBUG:colcon.colcon_core.package_identification:Package 'src/status_publisher' with type 'ros.ament_python' and name 'status_publisher'
[0.144s] Level 1:colcon.colcon_core.package_discovery:discover_packages(recursive) using defaults
[0.144s] Level 1:colcon.colcon_core.package_discovery:discover_packages(ignore) discover
[0.144s] Level 1:colcon.colcon_core.package_discovery:discover_packages(ignore) using defaults
[0.144s] Level 1:colcon.colcon_core.package_discovery:discover_packages(path) discover
[0.144s] Level 1:colcon.colcon_core.package_discovery:discover_packages(path) using defaults
[0.156s] Level 1:colcon.colcon_core.package_discovery:discover_packages(prefix_path) check parameters
[0.156s] Level 1:colcon.colcon_core.package_discovery:discover_packages(prefix_path) discover
[0.157s] DEBUG:colcon.colcon_installed_package_information.package_discovery:Found 2 installed packages in /home/loser/learning_ros2/chapt3/topic_practice_ws/install
[0.158s] DEBUG:colcon.colcon_installed_package_information.package_discovery:Found 2 installed packages in /home/loser/learning_ros2/chapt3/topic_ws/install
[0.158s] DEBUG:colcon.colcon_installed_package_information.package_discovery:Found 273 installed packages in /opt/ros/humble
[0.166s] Level 1:colcon.colcon_core.package_discovery:discover_packages(prefix_path) using defaults
[0.188s] Level 5:colcon.colcon_core.verb:set package 'status_interfaces' build argument 'cmake_args' from command line to 'None'
[0.188s] Level 5:colcon.colcon_core.verb:set package 'status_interfaces' build argument 'cmake_target' from command line to 'None'
[0.188s] Level 5:colcon.colcon_core.verb:set package 'status_interfaces' build argument 'cmake_target_skip_unavailable' from command line to 'False'
[0.188s] Level 5:colcon.colcon_core.verb:set package 'status_interfaces' build argument 'cmake_clean_cache' from command line to 'False'
[0.188s] Level 5:colcon.colcon_core.verb:set package 'status_interfaces' build argument 'cmake_clean_first' from command line to 'False'
[0.188s] Level 5:colcon.colcon_core.verb:set package 'status_interfaces' build argument 'cmake_force_configure' from command line to 'False'
[0.188s] Level 5:colcon.colcon_core.verb:set package 'status_interfaces' build argument 'ament_cmake_args' from command line to 'None'
[0.188s] Level 5:colcon.colcon_core.verb:set package 'status_interfaces' build argument 'catkin_cmake_args' from command line to 'None'
[0.188s] Level 5:colcon.colcon_core.verb:set package 'status_interfaces' build argument 'catkin_skip_building_tests' from command line to 'False'
[0.188s] DEBUG:colcon.colcon_core.verb:Building package 'status_interfaces' with the following arguments: {'ament_cmake_args': None, 'build_base': '/home/loser/learning_ros2/chapt3/topic_practice_ws/build/status_interfaces', 'catkin_cmake_args': None, 'catkin_skip_building_tests': False, 'cmake_args': None, 'cmake_clean_cache': False, 'cmake_clean_first': False, 'cmake_force_configure': False, 'cmake_target': None, 'cmake_target_skip_unavailable': False, 'install_base': '/home/loser/learning_ros2/chapt3/topic_practice_ws/install/status_interfaces', 'merge_install': False, 'path': '/home/loser/learning_ros2/chapt3/topic_practice_ws/src/status_interfaces', 'symlink_install': False, 'test_result_base': None}
[0.188s] Level 5:colcon.colcon_core.verb:set package 'status_publisher' build argument 'cmake_args' from command line to 'None'
[0.188s] Level 5:colcon.colcon_core.verb:set package 'status_publisher' build argument 'cmake_target' from command line to 'None'
[0.188s] Level 5:colcon.colcon_core.verb:set package 'status_publisher' build argument 'cmake_target_skip_unavailable' from command line to 'False'
[0.188s] Level 5:colcon.colcon_core.verb:set package 'status_publisher' build argument 'cmake_clean_cache' from command line to 'False'
[0.188s] Level 5:colcon.colcon_core.verb:set package 'status_publisher' build argument 'cmake_clean_first' from command line to 'False'
[0.188s] Level 5:colcon.colcon_core.verb:set package 'status_publisher' build argument 'cmake_force_configure' from command line to 'False'
[0.188s] Level 5:colcon.colcon_core.verb:set package 'status_publisher' build argument 'ament_cmake_args' from command line to 'None'
[0.188s] Level 5:colcon.colcon_core.verb:set package 'status_publisher' build argument 'catkin_cmake_args' from command line to 'None'
[0.188s] Level 5:colcon.colcon_core.verb:set package 'status_publisher' build argument 'catkin_skip_building_tests' from command line to 'False'
[0.188s] DEBUG:colcon.colcon_core.verb:Building package 'status_publisher' with the following arguments: {'ament_cmake_args': None, 'build_base': '/home/loser/learning_ros2/chapt3/topic_practice_ws/build/status_publisher', 'catkin_cmake_args': None, 'catkin_skip_building_tests': False, 'cmake_args': None, 'cmake_clean_cache': False, 'cmake_clean_first': False, 'cmake_force_configure': False, 'cmake_target': None, 'cmake_target_skip_unavailable': False, 'install_base': '/home/loser/learning_ros2/chapt3/topic_practice_ws/install/status_publisher', 'merge_install': False, 'path': '/home/loser/learning_ros2/chapt3/topic_practice_ws/src/status_publisher', 'symlink_install': False, 'test_result_base': None}
[0.188s] INFO:colcon.colcon_core.executor:Executing jobs using 'parallel' executor
[0.189s] DEBUG:colcon.colcon_parallel_executor.executor.parallel:run_until_complete
[0.189s] INFO:colcon.colcon_ros.task.ament_cmake.build:Building ROS package in '/home/loser/learning_ros2/chapt3/topic_practice_ws/src/status_interfaces' with build type 'ament_cmake'
[0.190s] INFO:colcon.colcon_cmake.task.cmake.build:Building CMake package in '/home/loser/learning_ros2/chapt3/topic_practice_ws/src/status_interfaces'
[0.192s] INFO:colcon.colcon_core.plugin_system:Skipping extension 'colcon_core.shell.bat': Not used on non-Windows systems
[0.192s] INFO:colcon.colcon_core.shell:Skip shell extension 'powershell' for command environment: Not usable outside of PowerShell
[0.193s] DEBUG:colcon.colcon_core.shell:Skip shell extension 'dsv' for command environment
[0.201s] DEBUG:colcon.colcon_core.event_handler.log_command:Invoking command in '/home/loser/learning_ros2/chapt3/topic_practice_ws/build/status_interfaces': CMAKE_PREFIX_PATH=${CMAKE_PREFIX_PATH}:/home/loser/learning_ros2/chapt3/topic_ws/install/demo_python_topic:/opt/ros/humble /usr/bin/cmake --build /home/loser/learning_ros2/chapt3/topic_practice_ws/build/status_interfaces -- -j24 -l24
[0.447s] DEBUG:colcon.colcon_core.event_handler.log_command:Invoked command in '/home/loser/learning_ros2/chapt3/topic_practice_ws/build/status_interfaces' returned '0': CMAKE_PREFIX_PATH=${CMAKE_PREFIX_PATH}:/home/loser/learning_ros2/chapt3/topic_ws/install/demo_python_topic:/opt/ros/humble /usr/bin/cmake --build /home/loser/learning_ros2/chapt3/topic_practice_ws/build/status_interfaces -- -j24 -l24
[0.458s] DEBUG:colcon.colcon_core.event_handler.log_command:Invoking command in '/home/loser/learning_ros2/chapt3/topic_practice_ws/build/status_interfaces': CMAKE_PREFIX_PATH=${CMAKE_PREFIX_PATH}:/home/loser/learning_ros2/chapt3/topic_ws/install/demo_python_topic:/opt/ros/humble /usr/bin/cmake --install /home/loser/learning_ros2/chapt3/topic_practice_ws/build/status_interfaces
[0.521s] Level 1:colcon.colcon_core.environment:create_environment_scripts_only(status_interfaces)
[0.521s] DEBUG:colcon.colcon_core.event_handler.log_command:Invoked command in '/home/loser/learning_ros2/chapt3/topic_practice_ws/build/status_interfaces' returned '0': CMAKE_PREFIX_PATH=${CMAKE_PREFIX_PATH}:/home/loser/learning_ros2/chapt3/topic_ws/install/demo_python_topic:/opt/ros/humble /usr/bin/cmake --install /home/loser/learning_ros2/chapt3/topic_practice_ws/build/status_interfaces
[0.523s] Level 1:colcon.colcon_core.environment:checking '/home/loser/learning_ros2/chapt3/topic_practice_ws/install/status_interfaces' for CMake module files
[0.523s] Level 1:colcon.colcon_core.environment:checking '/home/loser/learning_ros2/chapt3/topic_practice_ws/install/status_interfaces' for CMake config files
[0.524s] Level 1:colcon.colcon_core.shell:create_environment_hook('status_interfaces', 'cmake_prefix_path')
[0.524s] INFO:colcon.colcon_core.shell:Creating environment hook '/home/loser/learning_ros2/chapt3/topic_practice_ws/install/status_interfaces/share/status_interfaces/hook/cmake_prefix_path.ps1'
[0.524s] INFO:colcon.colcon_core.shell:Creating environment descriptor '/home/loser/learning_ros2/chapt3/topic_practice_ws/install/status_interfaces/share/status_interfaces/hook/cmake_prefix_path.dsv'
[0.525s] INFO:colcon.colcon_core.shell:Creating environment hook '/home/loser/learning_ros2/chapt3/topic_practice_ws/install/status_interfaces/share/status_interfaces/hook/cmake_prefix_path.sh'
[0.525s] Level 1:colcon.colcon_core.environment:checking '/home/loser/learning_ros2/chapt3/topic_practice_ws/install/status_interfaces/lib'
[0.526s] Level 1:colcon.colcon_core.shell:create_environment_hook('status_interfaces', 'ld_library_path_lib')
[0.526s] INFO:colcon.colcon_core.shell:Creating environment hook '/home/loser/learning_ros2/chapt3/topic_practice_ws/install/status_interfaces/share/status_interfaces/hook/ld_library_path_lib.ps1'
[0.526s] INFO:colcon.colcon_core.shell:Creating environment descriptor '/home/loser/learning_ros2/chapt3/topic_practice_ws/install/status_interfaces/share/status_interfaces/hook/ld_library_path_lib.dsv'
[0.526s] INFO:colcon.colcon_core.shell:Creating environment hook '/home/loser/learning_ros2/chapt3/topic_practice_ws/install/status_interfaces/share/status_interfaces/hook/ld_library_path_lib.sh'
[0.527s] Level 1:colcon.colcon_core.environment:checking '/home/loser/learning_ros2/chapt3/topic_practice_ws/install/status_interfaces/bin'
[0.527s] Level 1:colcon.colcon_core.environment:checking '/home/loser/learning_ros2/chapt3/topic_practice_ws/install/status_interfaces/lib/pkgconfig/status_interfaces.pc'
[0.527s] Level 1:colcon.colcon_core.environment:checking '/home/loser/learning_ros2/chapt3/topic_practice_ws/install/status_interfaces/lib/python3.10/site-packages'
[0.527s] Level 1:colcon.colcon_core.environment:checking '/home/loser/learning_ros2/chapt3/topic_practice_ws/install/status_interfaces/bin'
[0.528s] INFO:colcon.colcon_core.shell:Creating package script '/home/loser/learning_ros2/chapt3/topic_practice_ws/install/status_interfaces/share/status_interfaces/package.ps1'
[0.528s] INFO:colcon.colcon_core.shell:Creating package descriptor '/home/loser/learning_ros2/chapt3/topic_practice_ws/install/status_interfaces/share/status_interfaces/package.dsv'
[0.529s] INFO:colcon.colcon_core.shell:Creating package script '/home/loser/learning_ros2/chapt3/topic_practice_ws/install/status_interfaces/share/status_interfaces/package.sh'
[0.529s] INFO:colcon.colcon_core.shell:Creating package script '/home/loser/learning_ros2/chapt3/topic_practice_ws/install/status_interfaces/share/status_interfaces/package.bash'
[0.530s] INFO:colcon.colcon_core.shell:Creating package script '/home/loser/learning_ros2/chapt3/topic_practice_ws/install/status_interfaces/share/status_interfaces/package.zsh'
[0.530s] Level 1:colcon.colcon_core.environment:create_file_with_runtime_dependencies(/home/loser/learning_ros2/chapt3/topic_practice_ws/install/status_interfaces/share/colcon-core/packages/status_interfaces)
[0.531s] Level 1:colcon.colcon_core.environment:create_environment_scripts_only(status_interfaces)
[0.531s] Level 1:colcon.colcon_core.environment:checking '/home/loser/learning_ros2/chapt3/topic_practice_ws/install/status_interfaces' for CMake module files
[0.531s] Level 1:colcon.colcon_core.environment:checking '/home/loser/learning_ros2/chapt3/topic_practice_ws/install/status_interfaces' for CMake config files
[0.531s] Level 1:colcon.colcon_core.shell:create_environment_hook('status_interfaces', 'cmake_prefix_path')
[0.531s] INFO:colcon.colcon_core.shell:Creating environment hook '/home/loser/learning_ros2/chapt3/topic_practice_ws/install/status_interfaces/share/status_interfaces/hook/cmake_prefix_path.ps1'
[0.532s] INFO:colcon.colcon_core.shell:Creating environment descriptor '/home/loser/learning_ros2/chapt3/topic_practice_ws/install/status_interfaces/share/status_interfaces/hook/cmake_prefix_path.dsv'
[0.532s] INFO:colcon.colcon_core.shell:Creating environment hook '/home/loser/learning_ros2/chapt3/topic_practice_ws/install/status_interfaces/share/status_interfaces/hook/cmake_prefix_path.sh'
[0.532s] Level 1:colcon.colcon_core.environment:checking '/home/loser/learning_ros2/chapt3/topic_practice_ws/install/status_interfaces/lib'
[0.532s] Level 1:colcon.colcon_core.shell:create_environment_hook('status_interfaces', 'ld_library_path_lib')
[0.532s] INFO:colcon.colcon_core.shell:Creating environment hook '/home/loser/learning_ros2/chapt3/topic_practice_ws/install/status_interfaces/share/status_interfaces/hook/ld_library_path_lib.ps1'
[0.533s] INFO:colcon.colcon_core.shell:Creating environment descriptor '/home/loser/learning_ros2/chapt3/topic_practice_ws/install/status_interfaces/share/status_interfaces/hook/ld_library_path_lib.dsv'
[0.533s] INFO:colcon.colcon_core.shell:Creating environment hook '/home/loser/learning_ros2/chapt3/topic_practice_ws/install/status_interfaces/share/status_interfaces/hook/ld_library_path_lib.sh'
[0.533s] Level 1:colcon.colcon_core.environment:checking '/home/loser/learning_ros2/chapt3/topic_practice_ws/install/status_interfaces/bin'
[0.533s] Level 1:colcon.colcon_core.environment:checking '/home/loser/learning_ros2/chapt3/topic_practice_ws/install/status_interfaces/lib/pkgconfig/status_interfaces.pc'
[0.533s] Level 1:colcon.colcon_core.environment:checking '/home/loser/learning_ros2/chapt3/topic_practice_ws/install/status_interfaces/lib/python3.10/site-packages'
[0.534s] Level 1:colcon.colcon_core.environment:checking '/home/loser/learning_ros2/chapt3/topic_practice_ws/install/status_interfaces/bin'
[0.534s] INFO:colcon.colcon_core.shell:Creating package script '/home/loser/learning_ros2/chapt3/topic_practice_ws/install/status_interfaces/share/status_interfaces/package.ps1'
[0.534s] INFO:colcon.colcon_core.shell:Creating package descriptor '/home/loser/learning_ros2/chapt3/topic_practice_ws/install/status_interfaces/share/status_interfaces/package.dsv'
[0.534s] INFO:colcon.colcon_core.shell:Creating package script '/home/loser/learning_ros2/chapt3/topic_practice_ws/install/status_interfaces/share/status_interfaces/package.sh'
[0.535s] INFO:colcon.colcon_core.shell:Creating package script '/home/loser/learning_ros2/chapt3/topic_practice_ws/install/status_interfaces/share/status_interfaces/package.bash'
[0.535s] INFO:colcon.colcon_core.shell:Creating package script '/home/loser/learning_ros2/chapt3/topic_practice_ws/install/status_interfaces/share/status_interfaces/package.zsh'
[0.535s] Level 1:colcon.colcon_core.environment:create_file_with_runtime_dependencies(/home/loser/learning_ros2/chapt3/topic_practice_ws/install/status_interfaces/share/colcon-core/packages/status_interfaces)
[0.535s] INFO:colcon.colcon_ros.task.ament_python.build:Building ROS package in '/home/loser/learning_ros2/chapt3/topic_practice_ws/src/status_publisher' with build type 'ament_python'
[0.535s] Level 1:colcon.colcon_core.shell:create_environment_hook('status_publisher', 'ament_prefix_path')
[0.536s] INFO:colcon.colcon_core.shell:Creating environment hook '/home/loser/learning_ros2/chapt3/topic_practice_ws/install/status_publisher/share/status_publisher/hook/ament_prefix_path.ps1'
[0.536s] INFO:colcon.colcon_core.shell:Creating environment descriptor '/home/loser/learning_ros2/chapt3/topic_practice_ws/install/status_publisher/share/status_publisher/hook/ament_prefix_path.dsv'
[0.536s] INFO:colcon.colcon_core.shell:Creating environment hook '/home/loser/learning_ros2/chapt3/topic_practice_ws/install/status_publisher/share/status_publisher/hook/ament_prefix_path.sh'
[0.537s] INFO:colcon.colcon_core.shell:Skip shell extension 'powershell' for command environment: Not usable outside of PowerShell
[0.537s] DEBUG:colcon.colcon_core.shell:Skip shell extension 'dsv' for command environment
[0.686s] INFO:colcon.colcon_core.task.python.build:Building Python package in '/home/loser/learning_ros2/chapt3/topic_practice_ws/src/status_publisher'
[0.687s] INFO:colcon.colcon_core.shell:Skip shell extension 'powershell' for command environment: Not usable outside of PowerShell
[0.687s] DEBUG:colcon.colcon_core.shell:Skip shell extension 'dsv' for command environment
[0.855s] DEBUG:colcon.colcon_core.task.python.build:Available setuptools commands: upload, sdist, egg_info, register, bdist_dumb, setopt, install_scripts, install, test, clean, build, symlink_data, bdist_rpm, bdist_egg, bdist_wheel, install_lib, rotate, saveopts, easy_install, build_py, check, install_headers, build_ext, upload_docs, alias, build_scripts, install_data, develop, bdist, dist_info, install_egg_info, build_clib
[0.857s] DEBUG:colcon.colcon_core.event_handler.log_command:Invoking command in '/home/loser/learning_ros2/chapt3/topic_practice_ws/src/status_publisher': LD_LIBRARY_PATH=/home/loser/learning_ros2/chapt3/topic_practice_ws/install/status_interfaces/lib:/usr/local/cuda-12.8/lib64:/opt/ros/humble/opt/rviz_ogre_vendor/lib:/opt/ros/humble/lib/x86_64-linux-gnu:/opt/ros/humble/lib:/usr/local/cuda-12.8/lib64 PYTHONPATH=/home/loser/learning_ros2/chapt3/topic_practice_ws/build/status_publisher/prefix_override:/usr/lib/python3/dist-packages/colcon_core/task/python/colcon_distutils_commands:/home/loser/learning_ros2/chapt3/topic_practice_ws/install/status_publisher/lib/python3.10/site-packages:${PYTHONPATH} /usr/bin/python3 -W ignore:setup.py install is deprecated -W ignore:easy_install command is deprecated setup.py egg_info --egg-base ../../build/status_publisher build --build-base /home/loser/learning_ros2/chapt3/topic_practice_ws/build/status_publisher/build install --record /home/loser/learning_ros2/chapt3/topic_practice_ws/build/status_publisher/install.log --install-scripts $base/lib/status_publisher --single-version-externally-managed install_data
[0.998s] Level 1:colcon.colcon_core.environment:checking '/home/loser/learning_ros2/chapt3/topic_practice_ws/install/status_publisher' for CMake module files
[0.999s] DEBUG:colcon.colcon_core.event_handler.log_command:Invoked command in '/home/loser/learning_ros2/chapt3/topic_practice_ws/src/status_publisher' returned '0': LD_LIBRARY_PATH=/home/loser/learning_ros2/chapt3/topic_practice_ws/install/status_interfaces/lib:/usr/local/cuda-12.8/lib64:/opt/ros/humble/opt/rviz_ogre_vendor/lib:/opt/ros/humble/lib/x86_64-linux-gnu:/opt/ros/humble/lib:/usr/local/cuda-12.8/lib64 PYTHONPATH=/home/loser/learning_ros2/chapt3/topic_practice_ws/build/status_publisher/prefix_override:/usr/lib/python3/dist-packages/colcon_core/task/python/colcon_distutils_commands:/home/loser/learning_ros2/chapt3/topic_practice_ws/install/status_publisher/lib/python3.10/site-packages:${PYTHONPATH} /usr/bin/python3 -W ignore:setup.py install is deprecated -W ignore:easy_install command is deprecated setup.py egg_info --egg-base ../../build/status_publisher build --build-base /home/loser/learning_ros2/chapt3/topic_practice_ws/build/status_publisher/build install --record /home/loser/learning_ros2/chapt3/topic_practice_ws/build/status_publisher/install.log --install-scripts $base/lib/status_publisher --single-version-externally-managed install_data
[0.999s] Level 1:colcon.colcon_core.environment:checking '/home/loser/learning_ros2/chapt3/topic_practice_ws/install/status_publisher' for CMake config files
[0.999s] Level 1:colcon.colcon_core.environment:checking '/home/loser/learning_ros2/chapt3/topic_practice_ws/install/status_publisher/lib'
[0.999s] Level 1:colcon.colcon_core.environment:checking '/home/loser/learning_ros2/chapt3/topic_practice_ws/install/status_publisher/bin'
[0.999s] Level 1:colcon.colcon_core.environment:checking '/home/loser/learning_ros2/chapt3/topic_practice_ws/install/status_publisher/lib/pkgconfig/status_publisher.pc'
[0.999s] Level 1:colcon.colcon_core.environment:checking '/home/loser/learning_ros2/chapt3/topic_practice_ws/install/status_publisher/lib/python3.10/site-packages'
[0.999s] Level 1:colcon.colcon_core.shell:create_environment_hook('status_publisher', 'pythonpath')
[0.999s] INFO:colcon.colcon_core.shell:Creating environment hook '/home/loser/learning_ros2/chapt3/topic_practice_ws/install/status_publisher/share/status_publisher/hook/pythonpath.ps1'
[1.000s] INFO:colcon.colcon_core.shell:Creating environment descriptor '/home/loser/learning_ros2/chapt3/topic_practice_ws/install/status_publisher/share/status_publisher/hook/pythonpath.dsv'
[1.000s] INFO:colcon.colcon_core.shell:Creating environment hook '/home/loser/learning_ros2/chapt3/topic_practice_ws/install/status_publisher/share/status_publisher/hook/pythonpath.sh'
[1.000s] Level 1:colcon.colcon_core.environment:checking '/home/loser/learning_ros2/chapt3/topic_practice_ws/install/status_publisher/bin'
[1.000s] Level 1:colcon.colcon_core.environment:create_environment_scripts_only(status_publisher)
[1.001s] INFO:colcon.colcon_core.shell:Creating package script '/home/loser/learning_ros2/chapt3/topic_practice_ws/install/status_publisher/share/status_publisher/package.ps1'
[1.001s] INFO:colcon.colcon_core.shell:Creating package descriptor '/home/loser/learning_ros2/chapt3/topic_practice_ws/install/status_publisher/share/status_publisher/package.dsv'
[1.001s] INFO:colcon.colcon_core.shell:Creating package script '/home/loser/learning_ros2/chapt3/topic_practice_ws/install/status_publisher/share/status_publisher/package.sh'
[1.001s] INFO:colcon.colcon_core.shell:Creating package script '/home/loser/learning_ros2/chapt3/topic_practice_ws/install/status_publisher/share/status_publisher/package.bash'
[1.002s] INFO:colcon.colcon_core.shell:Creating package script '/home/loser/learning_ros2/chapt3/topic_practice_ws/install/status_publisher/share/status_publisher/package.zsh'
[1.002s] Level 1:colcon.colcon_core.environment:create_file_with_runtime_dependencies(/home/loser/learning_ros2/chapt3/topic_practice_ws/install/status_publisher/share/colcon-core/packages/status_publisher)
[1.002s] DEBUG:colcon.colcon_parallel_executor.executor.parallel:closing loop
[1.002s] DEBUG:colcon.colcon_parallel_executor.executor.parallel:loop closed
[1.002s] DEBUG:colcon.colcon_parallel_executor.executor.parallel:run_until_complete finished with '0'
[1.002s] DEBUG:colcon.colcon_core.event_reactor:joining thread
[1.005s] INFO:colcon.colcon_core.plugin_system:Skipping extension 'colcon_notification.desktop_notification.terminal_notifier': Not used on non-Darwin systems
[1.005s] INFO:colcon.colcon_core.plugin_system:Skipping extension 'colcon_notification.desktop_notification.win32': Not used on non-Windows systems
[1.005s] INFO:colcon.colcon_notification.desktop_notification:Sending desktop notification using 'notify2'
[1.011s] DEBUG:colcon.colcon_core.event_reactor:joined thread
[1.012s] INFO:colcon.colcon_core.shell:Creating prefix script '/home/loser/learning_ros2/chapt3/topic_practice_ws/install/local_setup.ps1'
[1.012s] INFO:colcon.colcon_core.shell:Creating prefix util module '/home/loser/learning_ros2/chapt3/topic_practice_ws/install/_local_setup_util_ps1.py'
[1.013s] INFO:colcon.colcon_core.shell:Creating prefix chain script '/home/loser/learning_ros2/chapt3/topic_practice_ws/install/setup.ps1'
[1.013s] INFO:colcon.colcon_core.shell:Creating prefix script '/home/loser/learning_ros2/chapt3/topic_practice_ws/install/local_setup.sh'
[1.014s] INFO:colcon.colcon_core.shell:Creating prefix util module '/home/loser/learning_ros2/chapt3/topic_practice_ws/install/_local_setup_util_sh.py'
[1.014s] INFO:colcon.colcon_core.shell:Creating prefix chain script '/home/loser/learning_ros2/chapt3/topic_practice_ws/install/setup.sh'
[1.014s] INFO:colcon.colcon_core.shell:Creating prefix script '/home/loser/learning_ros2/chapt3/topic_practice_ws/install/local_setup.bash'
[1.015s] INFO:colcon.colcon_core.shell:Creating prefix chain script '/home/loser/learning_ros2/chapt3/topic_practice_ws/install/setup.bash'
[1.015s] INFO:colcon.colcon_core.shell:Creating prefix script '/home/loser/learning_ros2/chapt3/topic_practice_ws/install/local_setup.zsh'
[1.015s] INFO:colcon.colcon_core.shell:Creating prefix chain script '/home/loser/learning_ros2/chapt3/topic_practice_ws/install/setup.zsh'
