[0.010s] Invoking command in '/home/loser/learning_ros2/chapt4/chapt4_ws/build/demo_cpp_service': CMAKE_PREFIX_PATH=/home/loser/learning_ros2/chapt4/chapt4_ws/install/chapt4_interfaces:/home/loser/learning_ros2/chapt4/chapt4_ws/install/demo_cpp_service:/home/loser/learning_ros2/chapt4/chapt4_ws/install/demo_python_service:/opt/ros/humble LD_LIBRARY_PATH=/home/loser/learning_ros2/chapt4/chapt4_ws/install/chapt4_interfaces/lib:/usr/local/cuda-12.8/lib64:/opt/ros/humble/opt/rviz_ogre_vendor/lib:/opt/ros/humble/lib/x86_64-linux-gnu:/opt/ros/humble/lib:/usr/local/cuda-12.8/lib64 /usr/bin/cmake --build /home/loser/learning_ros2/chapt4/chapt4_ws/build/demo_cpp_service -- -j24 -l24
[0.038s] Consolidate compiler generated dependencies of target patrol_client
[0.043s] [ 50%] Built target turtle_control
[0.047s] [ 75%] Building CXX object CMakeFiles/patrol_client.dir/src/patrol_client.cpp.o
[2.148s] [100%] Linking CXX executable patrol_client
[2.282s] [100%] Built target patrol_client
[2.290s] Invoked command in '/home/loser/learning_ros2/chapt4/chapt4_ws/build/demo_cpp_service' returned '0': CMAKE_PREFIX_PATH=/home/loser/learning_ros2/chapt4/chapt4_ws/install/chapt4_interfaces:/home/loser/learning_ros2/chapt4/chapt4_ws/install/demo_cpp_service:/home/loser/learning_ros2/chapt4/chapt4_ws/install/demo_python_service:/opt/ros/humble LD_LIBRARY_PATH=/home/loser/learning_ros2/chapt4/chapt4_ws/install/chapt4_interfaces/lib:/usr/local/cuda-12.8/lib64:/opt/ros/humble/opt/rviz_ogre_vendor/lib:/opt/ros/humble/lib/x86_64-linux-gnu:/opt/ros/humble/lib:/usr/local/cuda-12.8/lib64 /usr/bin/cmake --build /home/loser/learning_ros2/chapt4/chapt4_ws/build/demo_cpp_service -- -j24 -l24
[2.295s] Invoking command in '/home/loser/learning_ros2/chapt4/chapt4_ws/build/demo_cpp_service': CMAKE_PREFIX_PATH=/home/loser/learning_ros2/chapt4/chapt4_ws/install/chapt4_interfaces:/home/loser/learning_ros2/chapt4/chapt4_ws/install/demo_cpp_service:/home/loser/learning_ros2/chapt4/chapt4_ws/install/demo_python_service:/opt/ros/humble LD_LIBRARY_PATH=/home/loser/learning_ros2/chapt4/chapt4_ws/install/chapt4_interfaces/lib:/usr/local/cuda-12.8/lib64:/opt/ros/humble/opt/rviz_ogre_vendor/lib:/opt/ros/humble/lib/x86_64-linux-gnu:/opt/ros/humble/lib:/usr/local/cuda-12.8/lib64 /usr/bin/cmake --install /home/loser/learning_ros2/chapt4/chapt4_ws/build/demo_cpp_service
[2.299s] -- Install configuration: ""
[2.299s] -- Up-to-date: /home/loser/learning_ros2/chapt4/chapt4_ws/install/demo_cpp_service/lib/demo_cpp_service/turtle_control
[2.299s] -- Installing: /home/loser/learning_ros2/chapt4/chapt4_ws/install/demo_cpp_service/lib/demo_cpp_service/patrol_client
[2.300s] -- Set runtime path of "/home/loser/learning_ros2/chapt4/chapt4_ws/install/demo_cpp_service/lib/demo_cpp_service/patrol_client" to ""
[2.300s] -- Up-to-date: /home/loser/learning_ros2/chapt4/chapt4_ws/install/demo_cpp_service/share/ament_index/resource_index/package_run_dependencies/demo_cpp_service
[2.300s] -- Up-to-date: /home/loser/learning_ros2/chapt4/chapt4_ws/install/demo_cpp_service/share/ament_index/resource_index/parent_prefix_path/demo_cpp_service
[2.300s] -- Up-to-date: /home/loser/learning_ros2/chapt4/chapt4_ws/install/demo_cpp_service/share/demo_cpp_service/environment/ament_prefix_path.sh
[2.300s] -- Up-to-date: /home/loser/learning_ros2/chapt4/chapt4_ws/install/demo_cpp_service/share/demo_cpp_service/environment/ament_prefix_path.dsv
[2.300s] -- Up-to-date: /home/loser/learning_ros2/chapt4/chapt4_ws/install/demo_cpp_service/share/demo_cpp_service/environment/path.sh
[2.300s] -- Up-to-date: /home/loser/learning_ros2/chapt4/chapt4_ws/install/demo_cpp_service/share/demo_cpp_service/environment/path.dsv
[2.300s] -- Up-to-date: /home/loser/learning_ros2/chapt4/chapt4_ws/install/demo_cpp_service/share/demo_cpp_service/local_setup.bash
[2.300s] -- Up-to-date: /home/loser/learning_ros2/chapt4/chapt4_ws/install/demo_cpp_service/share/demo_cpp_service/local_setup.sh
[2.300s] -- Up-to-date: /home/loser/learning_ros2/chapt4/chapt4_ws/install/demo_cpp_service/share/demo_cpp_service/local_setup.zsh
[2.300s] -- Up-to-date: /home/loser/learning_ros2/chapt4/chapt4_ws/install/demo_cpp_service/share/demo_cpp_service/local_setup.dsv
[2.300s] -- Installing: /home/loser/learning_ros2/chapt4/chapt4_ws/install/demo_cpp_service/share/demo_cpp_service/package.dsv
[2.301s] -- Up-to-date: /home/loser/learning_ros2/chapt4/chapt4_ws/install/demo_cpp_service/share/ament_index/resource_index/packages/demo_cpp_service
[2.301s] -- Up-to-date: /home/loser/learning_ros2/chapt4/chapt4_ws/install/demo_cpp_service/share/demo_cpp_service/cmake/demo_cpp_serviceConfig.cmake
[2.301s] -- Up-to-date: /home/loser/learning_ros2/chapt4/chapt4_ws/install/demo_cpp_service/share/demo_cpp_service/cmake/demo_cpp_serviceConfig-version.cmake
[2.301s] -- Up-to-date: /home/loser/learning_ros2/chapt4/chapt4_ws/install/demo_cpp_service/share/demo_cpp_service/package.xml
[2.301s] Invoked command in '/home/loser/learning_ros2/chapt4/chapt4_ws/build/demo_cpp_service' returned '0': CMAKE_PREFIX_PATH=/home/loser/learning_ros2/chapt4/chapt4_ws/install/chapt4_interfaces:/home/loser/learning_ros2/chapt4/chapt4_ws/install/demo_cpp_service:/home/loser/learning_ros2/chapt4/chapt4_ws/install/demo_python_service:/opt/ros/humble LD_LIBRARY_PATH=/home/loser/learning_ros2/chapt4/chapt4_ws/install/chapt4_interfaces/lib:/usr/local/cuda-12.8/lib64:/opt/ros/humble/opt/rviz_ogre_vendor/lib:/opt/ros/humble/lib/x86_64-linux-gnu:/opt/ros/humble/lib:/usr/local/cuda-12.8/lib64 /usr/bin/cmake --install /home/loser/learning_ros2/chapt4/chapt4_ws/build/demo_cpp_service
