running egg_info
creating ../../build/demo_python_tf/demo_python_tf.egg-info
writing ../../build/demo_python_tf/demo_python_tf.egg-info/PKG-INFO
writing dependency_links to ../../build/demo_python_tf/demo_python_tf.egg-info/dependency_links.txt
writing entry points to ../../build/demo_python_tf/demo_python_tf.egg-info/entry_points.txt
writing requirements to ../../build/demo_python_tf/demo_python_tf.egg-info/requires.txt
writing top-level names to ../../build/demo_python_tf/demo_python_tf.egg-info/top_level.txt
writing manifest file '../../build/demo_python_tf/demo_python_tf.egg-info/SOURCES.txt'
reading manifest file '../../build/demo_python_tf/demo_python_tf.egg-info/SOURCES.txt'
adding license file 'LICENSE'
writing manifest file '../../build/demo_python_tf/demo_python_tf.egg-info/SOURCES.txt'
running build
running build_py
creating /home/loser/learning_ros2/chapt5/chapt5_ws/build/demo_python_tf/build
creating /home/loser/learning_ros2/chapt5/chapt5_ws/build/demo_python_tf/build/lib
creating /home/loser/learning_ros2/chapt5/chapt5_ws/build/demo_python_tf/build/lib/demo_python_tf
copying demo_python_tf/__init__.py -> /home/loser/learning_ros2/chapt5/chapt5_ws/build/demo_python_tf/build/lib/demo_python_tf
running install
running install_lib
creating /home/loser/learning_ros2/chapt5/chapt5_ws/install/demo_python_tf/lib/python3.10/site-packages/demo_python_tf
copying /home/loser/learning_ros2/chapt5/chapt5_ws/build/demo_python_tf/build/lib/demo_python_tf/__init__.py -> /home/loser/learning_ros2/chapt5/chapt5_ws/install/demo_python_tf/lib/python3.10/site-packages/demo_python_tf
byte-compiling /home/loser/learning_ros2/chapt5/chapt5_ws/install/demo_python_tf/lib/python3.10/site-packages/demo_python_tf/__init__.py to __init__.cpython-310.pyc
running install_data
creating /home/loser/learning_ros2/chapt5/chapt5_ws/install/demo_python_tf/share/ament_index
creating /home/loser/learning_ros2/chapt5/chapt5_ws/install/demo_python_tf/share/ament_index/resource_index
creating /home/loser/learning_ros2/chapt5/chapt5_ws/install/demo_python_tf/share/ament_index/resource_index/packages
copying resource/demo_python_tf -> /home/loser/learning_ros2/chapt5/chapt5_ws/install/demo_python_tf/share/ament_index/resource_index/packages
copying package.xml -> /home/loser/learning_ros2/chapt5/chapt5_ws/install/demo_python_tf/share/demo_python_tf
running install_egg_info
Copying ../../build/demo_python_tf/demo_python_tf.egg-info to /home/loser/learning_ros2/chapt5/chapt5_ws/install/demo_python_tf/lib/python3.10/site-packages/demo_python_tf-0.0.0-py3.10.egg-info
running install_scripts
writing list of installed files to '/home/loser/learning_ros2/chapt5/chapt5_ws/build/demo_python_tf/install.log'
