Consolidate compiler generated dependencies of target turtle_control
[ 50%] Built target patrol_client
[ 75%] Building CXX object CMakeFiles/turtle_control.dir/src/turtle_control.cpp.o
/home/loser/learning_ros2/chapt4/chapt4_ws/src/demo_cpp_service/src/turtle_control.cpp: In constructor ‘TurtleControlNode::TurtleControlNode()’:
/home/loser/learning_ros2/chapt4/chapt4_ws/src/demo_cpp_service/src/turtle_control.cpp:27:12: warning: ‘TurtleControlNode::max_speed’ will be initialized after [-Wreorder]
   27 |     double max_speed;
      |            ^~~~~~~~~
/home/loser/learning_ros2/chapt4/chapt4_ws/src/demo_cpp_service/src/turtle_control.cpp:23:12: warning:   ‘double TurtleControlNode::target_x_’ [-Wreorder]
   23 |     double target_x_;
      |            ^~~~~~~~~
/home/loser/learning_ros2/chapt4/chapt4_ws/src/demo_cpp_service/src/turtle_control.cpp:31:5: warning:   when initialized here [-Wreorder]
   31 |     TurtleControlNode() : Node("turtle_control_node"), k(1.0), max_speed(3.0), target_x_(3.0), target_y_(3.0), target_z_(0)
      |     ^~~~~~~~~~~~~~~~~
[100%] Linking CXX executable turtle_control
[100%] Built target turtle_control
-- Install configuration: ""
-- Installing: /home/loser/learning_ros2/chapt4/chapt4_ws/install/demo_cpp_service/lib/demo_cpp_service/turtle_control
-- Set runtime path of "/home/loser/learning_ros2/chapt4/chapt4_ws/install/demo_cpp_service/lib/demo_cpp_service/turtle_control" to ""
-- Up-to-date: /home/loser/learning_ros2/chapt4/chapt4_ws/install/demo_cpp_service/lib/demo_cpp_service/patrol_client
-- Up-to-date: /home/loser/learning_ros2/chapt4/chapt4_ws/install/demo_cpp_service/share/ament_index/resource_index/package_run_dependencies/demo_cpp_service
-- Up-to-date: /home/loser/learning_ros2/chapt4/chapt4_ws/install/demo_cpp_service/share/ament_index/resource_index/parent_prefix_path/demo_cpp_service
-- Up-to-date: /home/loser/learning_ros2/chapt4/chapt4_ws/install/demo_cpp_service/share/demo_cpp_service/environment/ament_prefix_path.sh
-- Up-to-date: /home/loser/learning_ros2/chapt4/chapt4_ws/install/demo_cpp_service/share/demo_cpp_service/environment/ament_prefix_path.dsv
-- Up-to-date: /home/loser/learning_ros2/chapt4/chapt4_ws/install/demo_cpp_service/share/demo_cpp_service/environment/path.sh
-- Up-to-date: /home/loser/learning_ros2/chapt4/chapt4_ws/install/demo_cpp_service/share/demo_cpp_service/environment/path.dsv
-- Up-to-date: /home/loser/learning_ros2/chapt4/chapt4_ws/install/demo_cpp_service/share/demo_cpp_service/local_setup.bash
-- Up-to-date: /home/loser/learning_ros2/chapt4/chapt4_ws/install/demo_cpp_service/share/demo_cpp_service/local_setup.sh
-- Up-to-date: /home/loser/learning_ros2/chapt4/chapt4_ws/install/demo_cpp_service/share/demo_cpp_service/local_setup.zsh
-- Up-to-date: /home/loser/learning_ros2/chapt4/chapt4_ws/install/demo_cpp_service/share/demo_cpp_service/local_setup.dsv
-- Installing: /home/loser/learning_ros2/chapt4/chapt4_ws/install/demo_cpp_service/share/demo_cpp_service/package.dsv
-- Up-to-date: /home/loser/learning_ros2/chapt4/chapt4_ws/install/demo_cpp_service/share/ament_index/resource_index/packages/demo_cpp_service
-- Up-to-date: /home/loser/learning_ros2/chapt4/chapt4_ws/install/demo_cpp_service/share/demo_cpp_service/cmake/demo_cpp_serviceConfig.cmake
-- Up-to-date: /home/loser/learning_ros2/chapt4/chapt4_ws/install/demo_cpp_service/share/demo_cpp_service/cmake/demo_cpp_serviceConfig-version.cmake
-- Up-to-date: /home/loser/learning_ros2/chapt4/chapt4_ws/install/demo_cpp_service/share/demo_cpp_service/package.xml
