[0.009s] Invoking command in '/home/loser/learning_ros2/chapt6/chapt6_ws/build/fishbot_description': CMAKE_PREFIX_PATH=/opt/ros/humble /usr/bin/cmake /home/loser/learning_ros2/chapt6/chapt6_ws/src/fishbot_description -DCMAKE_INSTALL_PREFIX=/home/loser/learning_ros2/chapt6/chapt6_ws/install/fishbot_description
[0.175s] -- The C compiler identification is GNU 11.4.0
[0.290s] -- The CXX compiler identification is GNU 11.4.0
[0.303s] -- Detecting C compiler ABI info
[0.349s] -- Detecting C compiler ABI info - done
[0.353s] -- Check for working C compiler: /usr/bin/cc - skipped
[0.354s] -- Detecting C compile features
[0.355s] -- Detecting C compile features - done
[0.360s] -- Detecting CXX compiler ABI info
[0.404s] -- Detecting CXX compiler ABI info - done
[0.409s] -- Check for working CXX compiler: /usr/bin/c++ - skipped
[0.409s] -- Detecting CXX compile features
[0.409s] -- Detecting CXX compile features - done
[0.412s] -- Found ament_cmake: 1.3.14 (/opt/ros/humble/share/ament_cmake/cmake)
[0.513s] -- Found Python3: /usr/bin/python3 (found version "3.10.12") found components: Interpreter 
[0.598s] -- Found ament_lint_auto: 0.12.15 (/opt/ros/humble/share/ament_lint_auto/cmake)
[0.660s] -- Added test 'flake8' to check Python code syntax and style conventions
[0.661s] -- Added test 'lint_cmake' to check CMake code style
[0.661s] -- Added test 'pep257' to check Python code against some of the docstring style conventions in PEP 257
[0.662s] -- Added test 'xmllint' to check XML markup files
[0.664s] -- Configuring done
[0.666s] -- Generating done
[0.667s] -- Build files have been written to: /home/loser/learning_ros2/chapt6/chapt6_ws/build/fishbot_description
[0.671s] Invoked command in '/home/loser/learning_ros2/chapt6/chapt6_ws/build/fishbot_description' returned '0': CMAKE_PREFIX_PATH=/opt/ros/humble /usr/bin/cmake /home/loser/learning_ros2/chapt6/chapt6_ws/src/fishbot_description -DCMAKE_INSTALL_PREFIX=/home/loser/learning_ros2/chapt6/chapt6_ws/install/fishbot_description
[0.672s] Invoking command in '/home/loser/learning_ros2/chapt6/chapt6_ws/build/fishbot_description': CMAKE_PREFIX_PATH=/opt/ros/humble /usr/bin/cmake --build /home/loser/learning_ros2/chapt6/chapt6_ws/build/fishbot_description -- -j24 -l24
[0.696s] Invoked command in '/home/loser/learning_ros2/chapt6/chapt6_ws/build/fishbot_description' returned '0': CMAKE_PREFIX_PATH=/opt/ros/humble /usr/bin/cmake --build /home/loser/learning_ros2/chapt6/chapt6_ws/build/fishbot_description -- -j24 -l24
[0.701s] Invoking command in '/home/loser/learning_ros2/chapt6/chapt6_ws/build/fishbot_description': CMAKE_PREFIX_PATH=/opt/ros/humble /usr/bin/cmake --install /home/loser/learning_ros2/chapt6/chapt6_ws/build/fishbot_description
[0.705s] -- Install configuration: ""
[0.705s] -- Installing: /home/loser/learning_ros2/chapt6/chapt6_ws/install/fishbot_description/share/fishbot_description/launch
[0.705s] -- Installing: /home/loser/learning_ros2/chapt6/chapt6_ws/install/fishbot_description/share/fishbot_description/launch/display_robot.launch.py
[0.705s] -- Installing: /home/loser/learning_ros2/chapt6/chapt6_ws/install/fishbot_description/share/fishbot_description/urdf
[0.705s] -- Installing: /home/loser/learning_ros2/chapt6/chapt6_ws/install/fishbot_description/share/fishbot_description/urdf/first_robot.urdf
[0.705s] -- Installing: /home/loser/learning_ros2/chapt6/chapt6_ws/install/fishbot_description/share/ament_index/resource_index/package_run_dependencies/fishbot_description
[0.705s] -- Installing: /home/loser/learning_ros2/chapt6/chapt6_ws/install/fishbot_description/share/ament_index/resource_index/parent_prefix_path/fishbot_description
[0.705s] -- Installing: /home/loser/learning_ros2/chapt6/chapt6_ws/install/fishbot_description/share/fishbot_description/environment/ament_prefix_path.sh
[0.705s] -- Installing: /home/loser/learning_ros2/chapt6/chapt6_ws/install/fishbot_description/share/fishbot_description/environment/ament_prefix_path.dsv
[0.705s] -- Installing: /home/loser/learning_ros2/chapt6/chapt6_ws/install/fishbot_description/share/fishbot_description/environment/path.sh
[0.705s] -- Installing: /home/loser/learning_ros2/chapt6/chapt6_ws/install/fishbot_description/share/fishbot_description/environment/path.dsv
[0.705s] -- Installing: /home/loser/learning_ros2/chapt6/chapt6_ws/install/fishbot_description/share/fishbot_description/local_setup.bash
[0.705s] -- Installing: /home/loser/learning_ros2/chapt6/chapt6_ws/install/fishbot_description/share/fishbot_description/local_setup.sh
[0.705s] -- Installing: /home/loser/learning_ros2/chapt6/chapt6_ws/install/fishbot_description/share/fishbot_description/local_setup.zsh
[0.705s] -- Installing: /home/loser/learning_ros2/chapt6/chapt6_ws/install/fishbot_description/share/fishbot_description/local_setup.dsv
[0.705s] -- Installing: /home/loser/learning_ros2/chapt6/chapt6_ws/install/fishbot_description/share/fishbot_description/package.dsv
[0.705s] -- Installing: /home/loser/learning_ros2/chapt6/chapt6_ws/install/fishbot_description/share/ament_index/resource_index/packages/fishbot_description
[0.706s] -- Installing: /home/loser/learning_ros2/chapt6/chapt6_ws/install/fishbot_description/share/fishbot_description/cmake/fishbot_descriptionConfig.cmake
[0.706s] -- Installing: /home/loser/learning_ros2/chapt6/chapt6_ws/install/fishbot_description/share/fishbot_description/cmake/fishbot_descriptionConfig-version.cmake
[0.706s] -- Installing: /home/loser/learning_ros2/chapt6/chapt6_ws/install/fishbot_description/share/fishbot_description/package.xml
[0.707s] Invoked command in '/home/loser/learning_ros2/chapt6/chapt6_ws/build/fishbot_description' returned '0': CMAKE_PREFIX_PATH=/opt/ros/humble /usr/bin/cmake --install /home/loser/learning_ros2/chapt6/chapt6_ws/build/fishbot_description
