[0.270s] Invoking command in '/home/loser/learning_ros2/chapt4/chapt4_ws/src/demo_python_service': LD_LIBRARY_PATH=/home/loser/learning_ros2/chapt4/chapt4_ws/install/chapt4_interfaces/lib:/usr/local/cuda-12.8/lib64:/opt/ros/humble/opt/rviz_ogre_vendor/lib:/opt/ros/humble/lib/x86_64-linux-gnu:/opt/ros/humble/lib:/usr/local/cuda-12.8/lib64 PYTHONPATH=/home/loser/learning_ros2/chapt4/chapt4_ws/build/demo_python_service/prefix_override:/usr/lib/python3/dist-packages/colcon_core/task/python/colcon_distutils_commands:/home/loser/learning_ros2/chapt4/chapt4_ws/install/demo_python_service/lib/python3.10/site-packages:${PYTHONPATH} /usr/bin/python3 -W ignore:setup.py install is deprecated -W ignore:easy_install command is deprecated setup.py egg_info --egg-base ../../build/demo_python_service build --build-base /home/loser/learning_ros2/chapt4/chapt4_ws/build/demo_python_service/build install --record /home/loser/learning_ros2/chapt4/chapt4_ws/build/demo_python_service/install.log --install-scripts $base/lib/demo_python_service --single-version-externally-managed install_data
[0.376s] running egg_info
[0.378s] writing ../../build/demo_python_service/demo_python_service.egg-info/PKG-INFO
[0.378s] writing dependency_links to ../../build/demo_python_service/demo_python_service.egg-info/dependency_links.txt
[0.378s] writing entry points to ../../build/demo_python_service/demo_python_service.egg-info/entry_points.txt
[0.378s] writing requirements to ../../build/demo_python_service/demo_python_service.egg-info/requires.txt
[0.378s] writing top-level names to ../../build/demo_python_service/demo_python_service.egg-info/top_level.txt
[0.378s] reading manifest file '../../build/demo_python_service/demo_python_service.egg-info/SOURCES.txt'
[0.379s] adding license file 'LICENSE'
[0.379s] writing manifest file '../../build/demo_python_service/demo_python_service.egg-info/SOURCES.txt'
[0.379s] running build
[0.379s] running build_py
[0.379s] copying demo_python_service/face_detect_node.py -> /home/loser/learning_ros2/chapt4/chapt4_ws/build/demo_python_service/build/lib/demo_python_service
[0.379s] running install
[0.379s] running install_lib
[0.379s] copying /home/loser/learning_ros2/chapt4/chapt4_ws/build/demo_python_service/build/lib/demo_python_service/face_detect_node.py -> /home/loser/learning_ros2/chapt4/chapt4_ws/install/demo_python_service/lib/python3.10/site-packages/demo_python_service
[0.379s] byte-compiling /home/loser/learning_ros2/chapt4/chapt4_ws/install/demo_python_service/lib/python3.10/site-packages/demo_python_service/face_detect_node.py to face_detect_node.cpython-310.pyc
[0.380s] running install_data
[0.380s] running install_egg_info
[0.380s] removing '/home/loser/learning_ros2/chapt4/chapt4_ws/install/demo_python_service/lib/python3.10/site-packages/demo_python_service-0.0.0-py3.10.egg-info' (and everything under it)
[0.381s] Copying ../../build/demo_python_service/demo_python_service.egg-info to /home/loser/learning_ros2/chapt4/chapt4_ws/install/demo_python_service/lib/python3.10/site-packages/demo_python_service-0.0.0-py3.10.egg-info
[0.381s] running install_scripts
[0.392s] Installing face_detect_node script to /home/loser/learning_ros2/chapt4/chapt4_ws/install/demo_python_service/lib/demo_python_service
[0.392s] Installing learn_face_detect script to /home/loser/learning_ros2/chapt4/chapt4_ws/install/demo_python_service/lib/demo_python_service
[0.392s] writing list of installed files to '/home/loser/learning_ros2/chapt4/chapt4_ws/build/demo_python_service/install.log'
[0.404s] Invoked command in '/home/loser/learning_ros2/chapt4/chapt4_ws/src/demo_python_service' returned '0': LD_LIBRARY_PATH=/home/loser/learning_ros2/chapt4/chapt4_ws/install/chapt4_interfaces/lib:/usr/local/cuda-12.8/lib64:/opt/ros/humble/opt/rviz_ogre_vendor/lib:/opt/ros/humble/lib/x86_64-linux-gnu:/opt/ros/humble/lib:/usr/local/cuda-12.8/lib64 PYTHONPATH=/home/loser/learning_ros2/chapt4/chapt4_ws/build/demo_python_service/prefix_override:/usr/lib/python3/dist-packages/colcon_core/task/python/colcon_distutils_commands:/home/loser/learning_ros2/chapt4/chapt4_ws/install/demo_python_service/lib/python3.10/site-packages:${PYTHONPATH} /usr/bin/python3 -W ignore:setup.py install is deprecated -W ignore:easy_install command is deprecated setup.py egg_info --egg-base ../../build/demo_python_service build --build-base /home/loser/learning_ros2/chapt4/chapt4_ws/build/demo_python_service/build install --record /home/loser/learning_ros2/chapt4/chapt4_ws/build/demo_python_service/install.log --install-scripts $base/lib/demo_python_service --single-version-externally-managed install_data
