[0.008s] Invoking command in '/home/loser/learning_ros2/chapt3/topic_ws/build/demo_cpp_topic': CMAKE_PREFIX_PATH=${CMAKE_PREFIX_PATH}:/home/loser/learning_ros2/chapt3/topic_ws/install/demo_python_topic:/opt/ros/humble /usr/bin/cmake --build /home/loser/learning_ros2/chapt3/topic_ws/build/demo_cpp_topic -- -j24 -l24
[0.028s] -- Found ament_cmake: 1.3.14 (/opt/ros/humble/share/ament_cmake/cmake)
[0.113s] -- Found rclcpp: 16.0.21 (/opt/ros/humble/share/rclcpp/cmake)
[0.126s] -- Found rosidl_generator_c: 3.1.9 (/opt/ros/humble/share/rosidl_generator_c/cmake)
[0.127s] -- Found rosidl_adapter: 3.1.9 (/opt/ros/humble/share/rosidl_adapter/cmake)
[0.130s] -- Found rosidl_generator_cpp: 3.1.9 (/opt/ros/humble/share/rosidl_generator_cpp/cmake)
[0.137s] -- Using all available rosidl_typesupport_c: rosidl_typesupport_fastrtps_c;rosidl_typesupport_introspection_c
[0.144s] -- Using all available rosidl_typesupport_cpp: rosidl_typesupport_fastrtps_cpp;rosidl_typesupport_introspection_cpp
[0.158s] -- Found rmw_implementation_cmake: 6.1.4 (/opt/ros/humble/share/rmw_implementation_cmake/cmake)
[0.159s] -- Found rmw_fastrtps_cpp: 6.2.10 (/opt/ros/humble/share/rmw_fastrtps_cpp/cmake)
[0.215s] -- Using RMW implementation 'rmw_fastrtps_cpp' as default
[0.243s] -- Found geometry_msgs: 4.9.2 (/opt/ros/humble/share/geometry_msgs/cmake)
[0.249s] -- Found turtlesim: 1.4.3 (/opt/ros/humble/share/turtlesim/cmake)
[0.271s] -- Found ament_lint_auto: 0.12.15 (/opt/ros/humble/share/ament_lint_auto/cmake)
[0.331s] -- Added test 'cppcheck' to perform static code analysis on C / C++ code
[0.331s] -- Configured cppcheck include dirs: 
[0.331s] -- Configured cppcheck exclude dirs and/or files: 
[0.332s] -- Added test 'lint_cmake' to check CMake code style
[0.334s] -- Added test 'uncrustify' to check C / C++ code style
[0.334s] -- Configured uncrustify additional arguments: 
[0.334s] -- Added test 'xmllint' to check XML markup files
[0.337s] -- Configuring done
[0.349s] -- Generating done
[0.353s] -- Build files have been written to: /home/loser/learning_ros2/chapt3/topic_ws/build/demo_cpp_topic
[0.378s] [35m[1mConsolidate compiler generated dependencies of target turtle_circle[0m
[0.382s] [ 25%] [32mBuilding CXX object CMakeFiles/turtle_control.dir/src/turtle_control.cpp.o[0m
[0.386s] [ 75%] Built target turtle_circle
[4.283s] [100%] [32m[1mLinking CXX executable turtle_control[0m
[4.548s] [100%] Built target turtle_control
[4.556s] Invoked command in '/home/loser/learning_ros2/chapt3/topic_ws/build/demo_cpp_topic' returned '0': CMAKE_PREFIX_PATH=${CMAKE_PREFIX_PATH}:/home/loser/learning_ros2/chapt3/topic_ws/install/demo_python_topic:/opt/ros/humble /usr/bin/cmake --build /home/loser/learning_ros2/chapt3/topic_ws/build/demo_cpp_topic -- -j24 -l24
[4.561s] Invoking command in '/home/loser/learning_ros2/chapt3/topic_ws/build/demo_cpp_topic': CMAKE_PREFIX_PATH=${CMAKE_PREFIX_PATH}:/home/loser/learning_ros2/chapt3/topic_ws/install/demo_python_topic:/opt/ros/humble /usr/bin/cmake --install /home/loser/learning_ros2/chapt3/topic_ws/build/demo_cpp_topic
[4.564s] -- Install configuration: ""
[4.565s] -- Up-to-date: /home/loser/learning_ros2/chapt3/topic_ws/install/demo_cpp_topic/lib/demo_cpp_topic/turtle_circle
[4.567s] -- Installing: /home/loser/learning_ros2/chapt3/topic_ws/install/demo_cpp_topic/lib/demo_cpp_topic/turtle_control
[4.567s] -- Set runtime path of "/home/loser/learning_ros2/chapt3/topic_ws/install/demo_cpp_topic/lib/demo_cpp_topic/turtle_control" to ""
[4.567s] -- Up-to-date: /home/loser/learning_ros2/chapt3/topic_ws/install/demo_cpp_topic/share/ament_index/resource_index/package_run_dependencies/demo_cpp_topic
[4.567s] -- Installing: /home/loser/learning_ros2/chapt3/topic_ws/install/demo_cpp_topic/share/ament_index/resource_index/parent_prefix_path/demo_cpp_topic
[4.567s] -- Up-to-date: /home/loser/learning_ros2/chapt3/topic_ws/install/demo_cpp_topic/share/demo_cpp_topic/environment/ament_prefix_path.sh
[4.567s] -- Installing: /home/loser/learning_ros2/chapt3/topic_ws/install/demo_cpp_topic/share/demo_cpp_topic/environment/ament_prefix_path.dsv
[4.567s] -- Up-to-date: /home/loser/learning_ros2/chapt3/topic_ws/install/demo_cpp_topic/share/demo_cpp_topic/environment/path.sh
[4.567s] -- Installing: /home/loser/learning_ros2/chapt3/topic_ws/install/demo_cpp_topic/share/demo_cpp_topic/environment/path.dsv
[4.567s] -- Up-to-date: /home/loser/learning_ros2/chapt3/topic_ws/install/demo_cpp_topic/share/demo_cpp_topic/local_setup.bash
[4.567s] -- Up-to-date: /home/loser/learning_ros2/chapt3/topic_ws/install/demo_cpp_topic/share/demo_cpp_topic/local_setup.sh
[4.567s] -- Up-to-date: /home/loser/learning_ros2/chapt3/topic_ws/install/demo_cpp_topic/share/demo_cpp_topic/local_setup.zsh
[4.567s] -- Installing: /home/loser/learning_ros2/chapt3/topic_ws/install/demo_cpp_topic/share/demo_cpp_topic/local_setup.dsv
[4.567s] -- Installing: /home/loser/learning_ros2/chapt3/topic_ws/install/demo_cpp_topic/share/demo_cpp_topic/package.dsv
[4.568s] -- Up-to-date: /home/loser/learning_ros2/chapt3/topic_ws/install/demo_cpp_topic/share/ament_index/resource_index/packages/demo_cpp_topic
[4.568s] -- Up-to-date: /home/loser/learning_ros2/chapt3/topic_ws/install/demo_cpp_topic/share/demo_cpp_topic/cmake/demo_cpp_topicConfig.cmake
[4.568s] -- Up-to-date: /home/loser/learning_ros2/chapt3/topic_ws/install/demo_cpp_topic/share/demo_cpp_topic/cmake/demo_cpp_topicConfig-version.cmake
[4.568s] -- Up-to-date: /home/loser/learning_ros2/chapt3/topic_ws/install/demo_cpp_topic/share/demo_cpp_topic/package.xml
[4.569s] Invoked command in '/home/loser/learning_ros2/chapt3/topic_ws/build/demo_cpp_topic' returned '0': CMAKE_PREFIX_PATH=${CMAKE_PREFIX_PATH}:/home/loser/learning_ros2/chapt3/topic_ws/install/demo_python_topic:/opt/ros/humble /usr/bin/cmake --install /home/loser/learning_ros2/chapt3/topic_ws/build/demo_cpp_topic
