[0.174s] DEBUG:colcon:Command line arguments: ['/usr/bin/colcon', 'build']
[0.175s] DEBUG:colcon:Parsed command line arguments: Namespace(log_base=None, log_level=None, verb_name='build', build_base='build', install_base='install', merge_install=False, symlink_install=False, test_result_base=None, continue_on_error=False, executor='parallel', parallel_workers=24, event_handlers=None, ignore_user_meta=False, metas=['./colcon.meta'], base_paths=['.'], packages_ignore=None, packages_ignore_regex=None, paths=None, packages_up_to=None, packages_up_to_regex=None, packages_above=None, packages_above_and_dependencies=None, packages_above_depth=None, packages_select_by_dep=None, packages_skip_by_dep=None, packages_skip_up_to=None, packages_select_build_failed=False, packages_skip_build_finished=False, packages_select_test_failures=False, packages_skip_test_passed=False, packages_select=None, packages_skip=None, packages_select_regex=None, packages_skip_regex=None, packages_start=None, packages_end=None, allow_overriding=[], cmake_args=None, cmake_target=None, cmake_target_skip_unavailable=False, cmake_clean_cache=False, cmake_clean_first=False, cmake_force_configure=False, ament_cmake_args=None, catkin_cmake_args=None, catkin_skip_building_tests=False, verb_parser=<colcon_defaults.argument_parser.defaults.DefaultArgumentsDecorator object at 0x7b8bdb007b50>, verb_extension=<colcon_core.verb.build.BuildVerb object at 0x7b8bdb0e87c0>, main=<bound method BuildVerb.main of <colcon_core.verb.build.BuildVerb object at 0x7b8bdb0e87c0>>)
[0.415s] Level 1:colcon.colcon_core.package_discovery:discover_packages(colcon_meta) check parameters
[0.416s] Level 1:colcon.colcon_core.package_discovery:discover_packages(recursive) check parameters
[0.416s] Level 1:colcon.colcon_core.package_discovery:discover_packages(ignore) check parameters
[0.416s] Level 1:colcon.colcon_core.package_discovery:discover_packages(path) check parameters
[0.416s] Level 1:colcon.colcon_core.package_discovery:discover_packages(colcon_meta) discover
[0.416s] Level 1:colcon.colcon_core.package_discovery:discover_packages(recursive) discover
[0.416s] INFO:colcon.colcon_core.package_discovery:Crawling recursively for packages in '/home/loser/learning_ros2/chapt3/topic_ws'
[0.416s] Level 1:colcon.colcon_core.package_identification:_identify(.) by extensions ['ignore', 'ignore_ament_install']
[0.416s] Level 1:colcon.colcon_core.package_identification:_identify(.) by extension 'ignore'
[0.416s] Level 1:colcon.colcon_core.package_identification:_identify(.) by extension 'ignore_ament_install'
[0.416s] Level 1:colcon.colcon_core.package_identification:_identify(.) by extensions ['colcon_pkg']
[0.416s] Level 1:colcon.colcon_core.package_identification:_identify(.) by extension 'colcon_pkg'
[0.416s] Level 1:colcon.colcon_core.package_identification:_identify(.) by extensions ['colcon_meta']
[0.416s] Level 1:colcon.colcon_core.package_identification:_identify(.) by extension 'colcon_meta'
[0.416s] Level 1:colcon.colcon_core.package_identification:_identify(.) by extensions ['ros']
[0.416s] Level 1:colcon.colcon_core.package_identification:_identify(.) by extension 'ros'
[0.428s] Level 1:colcon.colcon_core.package_identification:_identify(.) by extensions ['cmake', 'python']
[0.428s] Level 1:colcon.colcon_core.package_identification:_identify(.) by extension 'cmake'
[0.428s] Level 1:colcon.colcon_core.package_identification:_identify(.) by extension 'python'
[0.428s] Level 1:colcon.colcon_core.package_identification:_identify(.) by extensions ['python_setup_py']
[0.428s] Level 1:colcon.colcon_core.package_identification:_identify(.) by extension 'python_setup_py'
[0.428s] Level 1:colcon.colcon_core.package_identification:_identify(build) by extensions ['ignore', 'ignore_ament_install']
[0.428s] Level 1:colcon.colcon_core.package_identification:_identify(build) by extension 'ignore'
[0.428s] Level 1:colcon.colcon_core.package_identification:_identify(build) ignored
[0.428s] Level 1:colcon.colcon_core.package_identification:_identify(install) by extensions ['ignore', 'ignore_ament_install']
[0.428s] Level 1:colcon.colcon_core.package_identification:_identify(install) by extension 'ignore'
[0.428s] Level 1:colcon.colcon_core.package_identification:_identify(install) ignored
[0.428s] Level 1:colcon.colcon_core.package_identification:_identify(log) by extensions ['ignore', 'ignore_ament_install']
[0.428s] Level 1:colcon.colcon_core.package_identification:_identify(log) by extension 'ignore'
[0.428s] Level 1:colcon.colcon_core.package_identification:_identify(log) ignored
[0.428s] Level 1:colcon.colcon_core.package_identification:_identify(src) by extensions ['ignore', 'ignore_ament_install']
[0.428s] Level 1:colcon.colcon_core.package_identification:_identify(src) by extension 'ignore'
[0.428s] Level 1:colcon.colcon_core.package_identification:_identify(src) by extension 'ignore_ament_install'
[0.428s] Level 1:colcon.colcon_core.package_identification:_identify(src) by extensions ['colcon_pkg']
[0.428s] Level 1:colcon.colcon_core.package_identification:_identify(src) by extension 'colcon_pkg'
[0.428s] Level 1:colcon.colcon_core.package_identification:_identify(src) by extensions ['colcon_meta']
[0.429s] Level 1:colcon.colcon_core.package_identification:_identify(src) by extension 'colcon_meta'
[0.429s] Level 1:colcon.colcon_core.package_identification:_identify(src) by extensions ['ros']
[0.429s] Level 1:colcon.colcon_core.package_identification:_identify(src) by extension 'ros'
[0.429s] Level 1:colcon.colcon_core.package_identification:_identify(src) by extensions ['cmake', 'python']
[0.429s] Level 1:colcon.colcon_core.package_identification:_identify(src) by extension 'cmake'
[0.429s] Level 1:colcon.colcon_core.package_identification:_identify(src) by extension 'python'
[0.429s] Level 1:colcon.colcon_core.package_identification:_identify(src) by extensions ['python_setup_py']
[0.429s] Level 1:colcon.colcon_core.package_identification:_identify(src) by extension 'python_setup_py'
[0.429s] Level 1:colcon.colcon_core.package_identification:_identify(src/demo_cpp_topic) by extensions ['ignore', 'ignore_ament_install']
[0.429s] Level 1:colcon.colcon_core.package_identification:_identify(src/demo_cpp_topic) by extension 'ignore'
[0.429s] Level 1:colcon.colcon_core.package_identification:_identify(src/demo_cpp_topic) by extension 'ignore_ament_install'
[0.429s] Level 1:colcon.colcon_core.package_identification:_identify(src/demo_cpp_topic) by extensions ['colcon_pkg']
[0.429s] Level 1:colcon.colcon_core.package_identification:_identify(src/demo_cpp_topic) by extension 'colcon_pkg'
[0.429s] Level 1:colcon.colcon_core.package_identification:_identify(src/demo_cpp_topic) by extensions ['colcon_meta']
[0.429s] Level 1:colcon.colcon_core.package_identification:_identify(src/demo_cpp_topic) by extension 'colcon_meta'
[0.429s] Level 1:colcon.colcon_core.package_identification:_identify(src/demo_cpp_topic) by extensions ['ros']
[0.429s] Level 1:colcon.colcon_core.package_identification:_identify(src/demo_cpp_topic) by extension 'ros'
[0.432s] DEBUG:colcon.colcon_core.package_identification:Package 'src/demo_cpp_topic' with type 'ros.ament_cmake' and name 'demo_cpp_topic'
[0.433s] Level 1:colcon.colcon_core.package_identification:_identify(src/demo_python_topic) by extensions ['ignore', 'ignore_ament_install']
[0.433s] Level 1:colcon.colcon_core.package_identification:_identify(src/demo_python_topic) by extension 'ignore'
[0.433s] Level 1:colcon.colcon_core.package_identification:_identify(src/demo_python_topic) by extension 'ignore_ament_install'
[0.433s] Level 1:colcon.colcon_core.package_identification:_identify(src/demo_python_topic) by extensions ['colcon_pkg']
[0.433s] Level 1:colcon.colcon_core.package_identification:_identify(src/demo_python_topic) by extension 'colcon_pkg'
[0.433s] Level 1:colcon.colcon_core.package_identification:_identify(src/demo_python_topic) by extensions ['colcon_meta']
[0.433s] Level 1:colcon.colcon_core.package_identification:_identify(src/demo_python_topic) by extension 'colcon_meta'
[0.433s] Level 1:colcon.colcon_core.package_identification:_identify(src/demo_python_topic) by extensions ['ros']
[0.433s] Level 1:colcon.colcon_core.package_identification:_identify(src/demo_python_topic) by extension 'ros'
[0.434s] DEBUG:colcon.colcon_core.package_identification:Package 'src/demo_python_topic' with type 'ros.ament_python' and name 'demo_python_topic'
[0.434s] Level 1:colcon.colcon_core.package_discovery:discover_packages(recursive) using defaults
[0.434s] Level 1:colcon.colcon_core.package_discovery:discover_packages(ignore) discover
[0.434s] Level 1:colcon.colcon_core.package_discovery:discover_packages(ignore) using defaults
[0.434s] Level 1:colcon.colcon_core.package_discovery:discover_packages(path) discover
[0.434s] Level 1:colcon.colcon_core.package_discovery:discover_packages(path) using defaults
[0.462s] Level 1:colcon.colcon_core.package_discovery:discover_packages(prefix_path) check parameters
[0.462s] Level 1:colcon.colcon_core.package_discovery:discover_packages(prefix_path) discover
[0.544s] DEBUG:colcon.colcon_installed_package_information.package_discovery:Found 273 installed packages in /opt/ros/humble
[0.554s] Level 1:colcon.colcon_core.package_discovery:discover_packages(prefix_path) using defaults
[0.582s] Level 5:colcon.colcon_core.verb:set package 'demo_cpp_topic' build argument 'cmake_args' from command line to 'None'
[0.582s] Level 5:colcon.colcon_core.verb:set package 'demo_cpp_topic' build argument 'cmake_target' from command line to 'None'
[0.582s] Level 5:colcon.colcon_core.verb:set package 'demo_cpp_topic' build argument 'cmake_target_skip_unavailable' from command line to 'False'
[0.582s] Level 5:colcon.colcon_core.verb:set package 'demo_cpp_topic' build argument 'cmake_clean_cache' from command line to 'False'
[0.582s] Level 5:colcon.colcon_core.verb:set package 'demo_cpp_topic' build argument 'cmake_clean_first' from command line to 'False'
[0.582s] Level 5:colcon.colcon_core.verb:set package 'demo_cpp_topic' build argument 'cmake_force_configure' from command line to 'False'
[0.582s] Level 5:colcon.colcon_core.verb:set package 'demo_cpp_topic' build argument 'ament_cmake_args' from command line to 'None'
[0.582s] Level 5:colcon.colcon_core.verb:set package 'demo_cpp_topic' build argument 'catkin_cmake_args' from command line to 'None'
[0.582s] Level 5:colcon.colcon_core.verb:set package 'demo_cpp_topic' build argument 'catkin_skip_building_tests' from command line to 'False'
[0.582s] DEBUG:colcon.colcon_core.verb:Building package 'demo_cpp_topic' with the following arguments: {'ament_cmake_args': None, 'build_base': '/home/loser/learning_ros2/chapt3/topic_ws/build/demo_cpp_topic', 'catkin_cmake_args': None, 'catkin_skip_building_tests': False, 'cmake_args': None, 'cmake_clean_cache': False, 'cmake_clean_first': False, 'cmake_force_configure': False, 'cmake_target': None, 'cmake_target_skip_unavailable': False, 'install_base': '/home/loser/learning_ros2/chapt3/topic_ws/install/demo_cpp_topic', 'merge_install': False, 'path': '/home/loser/learning_ros2/chapt3/topic_ws/src/demo_cpp_topic', 'symlink_install': False, 'test_result_base': None}
[0.582s] Level 5:colcon.colcon_core.verb:set package 'demo_python_topic' build argument 'cmake_args' from command line to 'None'
[0.583s] Level 5:colcon.colcon_core.verb:set package 'demo_python_topic' build argument 'cmake_target' from command line to 'None'
[0.583s] Level 5:colcon.colcon_core.verb:set package 'demo_python_topic' build argument 'cmake_target_skip_unavailable' from command line to 'False'
[0.583s] Level 5:colcon.colcon_core.verb:set package 'demo_python_topic' build argument 'cmake_clean_cache' from command line to 'False'
[0.583s] Level 5:colcon.colcon_core.verb:set package 'demo_python_topic' build argument 'cmake_clean_first' from command line to 'False'
[0.583s] Level 5:colcon.colcon_core.verb:set package 'demo_python_topic' build argument 'cmake_force_configure' from command line to 'False'
[0.583s] Level 5:colcon.colcon_core.verb:set package 'demo_python_topic' build argument 'ament_cmake_args' from command line to 'None'
[0.583s] Level 5:colcon.colcon_core.verb:set package 'demo_python_topic' build argument 'catkin_cmake_args' from command line to 'None'
[0.583s] Level 5:colcon.colcon_core.verb:set package 'demo_python_topic' build argument 'catkin_skip_building_tests' from command line to 'False'
[0.583s] DEBUG:colcon.colcon_core.verb:Building package 'demo_python_topic' with the following arguments: {'ament_cmake_args': None, 'build_base': '/home/loser/learning_ros2/chapt3/topic_ws/build/demo_python_topic', 'catkin_cmake_args': None, 'catkin_skip_building_tests': False, 'cmake_args': None, 'cmake_clean_cache': False, 'cmake_clean_first': False, 'cmake_force_configure': False, 'cmake_target': None, 'cmake_target_skip_unavailable': False, 'install_base': '/home/loser/learning_ros2/chapt3/topic_ws/install/demo_python_topic', 'merge_install': False, 'path': '/home/loser/learning_ros2/chapt3/topic_ws/src/demo_python_topic', 'symlink_install': False, 'test_result_base': None}
[0.583s] INFO:colcon.colcon_core.executor:Executing jobs using 'parallel' executor
[0.584s] DEBUG:colcon.colcon_parallel_executor.executor.parallel:run_until_complete
[0.584s] INFO:colcon.colcon_ros.task.ament_cmake.build:Building ROS package in '/home/loser/learning_ros2/chapt3/topic_ws/src/demo_cpp_topic' with build type 'ament_cmake'
[0.584s] INFO:colcon.colcon_cmake.task.cmake.build:Building CMake package in '/home/loser/learning_ros2/chapt3/topic_ws/src/demo_cpp_topic'
[0.593s] INFO:colcon.colcon_core.plugin_system:Skipping extension 'colcon_core.shell.bat': Not used on non-Windows systems
[0.593s] INFO:colcon.colcon_core.shell:Skip shell extension 'powershell' for command environment: Not usable outside of PowerShell
[0.593s] DEBUG:colcon.colcon_core.shell:Skip shell extension 'dsv' for command environment
[0.596s] INFO:colcon.colcon_ros.task.ament_python.build:Building ROS package in '/home/loser/learning_ros2/chapt3/topic_ws/src/demo_python_topic' with build type 'ament_python'
[0.596s] Level 1:colcon.colcon_core.shell:create_environment_hook('demo_python_topic', 'ament_prefix_path')
[0.597s] INFO:colcon.colcon_core.shell:Creating environment hook '/home/loser/learning_ros2/chapt3/topic_ws/install/demo_python_topic/share/demo_python_topic/hook/ament_prefix_path.ps1'
[0.598s] INFO:colcon.colcon_core.shell:Creating environment descriptor '/home/loser/learning_ros2/chapt3/topic_ws/install/demo_python_topic/share/demo_python_topic/hook/ament_prefix_path.dsv'
[0.598s] INFO:colcon.colcon_core.shell:Creating environment hook '/home/loser/learning_ros2/chapt3/topic_ws/install/demo_python_topic/share/demo_python_topic/hook/ament_prefix_path.sh'
[0.599s] INFO:colcon.colcon_core.shell:Skip shell extension 'powershell' for command environment: Not usable outside of PowerShell
[0.599s] DEBUG:colcon.colcon_core.shell:Skip shell extension 'dsv' for command environment
[0.605s] DEBUG:colcon.colcon_core.event_handler.log_command:Invoking command in '/home/loser/learning_ros2/chapt3/topic_ws/build/demo_cpp_topic': CMAKE_PREFIX_PATH=/opt/ros/humble /usr/bin/cmake --build /home/loser/learning_ros2/chapt3/topic_ws/build/demo_cpp_topic -- -j24 -l24
[0.776s] INFO:colcon.colcon_core.task.python.build:Building Python package in '/home/loser/learning_ros2/chapt3/topic_ws/src/demo_python_topic'
[0.777s] INFO:colcon.colcon_core.shell:Skip shell extension 'powershell' for command environment: Not usable outside of PowerShell
[0.777s] DEBUG:colcon.colcon_core.shell:Skip shell extension 'dsv' for command environment
[1.025s] DEBUG:colcon.colcon_core.task.python.build:Available setuptools commands: bdist_rpm, clean, build_ext, install_egg_info, symlink_data, upload_docs, build, sdist, test, install_data, bdist_wheel, install_lib, egg_info, check, develop, alias, install_scripts, upload, setopt, bdist_dumb, install_headers, dist_info, rotate, bdist, install, easy_install, register, build_scripts, bdist_egg, saveopts, build_py, build_clib
[1.027s] DEBUG:colcon.colcon_core.event_handler.log_command:Invoking command in '/home/loser/learning_ros2/chapt3/topic_ws/src/demo_python_topic': PYTHONPATH=/home/loser/learning_ros2/chapt3/topic_ws/build/demo_python_topic/prefix_override:/usr/lib/python3/dist-packages/colcon_core/task/python/colcon_distutils_commands:/home/loser/learning_ros2/chapt3/topic_ws/install/demo_python_topic/lib/python3.10/site-packages:${PYTHONPATH} /usr/bin/python3 -W ignore:setup.py install is deprecated -W ignore:easy_install command is deprecated setup.py egg_info --egg-base ../../build/demo_python_topic build --build-base /home/loser/learning_ros2/chapt3/topic_ws/build/demo_python_topic/build install --record /home/loser/learning_ros2/chapt3/topic_ws/build/demo_python_topic/install.log --install-scripts $base/lib/demo_python_topic --single-version-externally-managed install_data
[1.187s] DEBUG:colcon.colcon_core.event_handler.log_command:Invoked command in '/home/loser/learning_ros2/chapt3/topic_ws/src/demo_python_topic' returned '0': PYTHONPATH=/home/loser/learning_ros2/chapt3/topic_ws/build/demo_python_topic/prefix_override:/usr/lib/python3/dist-packages/colcon_core/task/python/colcon_distutils_commands:/home/loser/learning_ros2/chapt3/topic_ws/install/demo_python_topic/lib/python3.10/site-packages:${PYTHONPATH} /usr/bin/python3 -W ignore:setup.py install is deprecated -W ignore:easy_install command is deprecated setup.py egg_info --egg-base ../../build/demo_python_topic build --build-base /home/loser/learning_ros2/chapt3/topic_ws/build/demo_python_topic/build install --record /home/loser/learning_ros2/chapt3/topic_ws/build/demo_python_topic/install.log --install-scripts $base/lib/demo_python_topic --single-version-externally-managed install_data
[1.197s] Level 1:colcon.colcon_core.environment:checking '/home/loser/learning_ros2/chapt3/topic_ws/install/demo_python_topic' for CMake module files
[1.198s] Level 1:colcon.colcon_core.environment:checking '/home/loser/learning_ros2/chapt3/topic_ws/install/demo_python_topic' for CMake config files
[1.198s] Level 1:colcon.colcon_core.environment:checking '/home/loser/learning_ros2/chapt3/topic_ws/install/demo_python_topic/lib'
[1.198s] Level 1:colcon.colcon_core.environment:checking '/home/loser/learning_ros2/chapt3/topic_ws/install/demo_python_topic/bin'
[1.198s] Level 1:colcon.colcon_core.environment:checking '/home/loser/learning_ros2/chapt3/topic_ws/install/demo_python_topic/lib/pkgconfig/demo_python_topic.pc'
[1.198s] Level 1:colcon.colcon_core.environment:checking '/home/loser/learning_ros2/chapt3/topic_ws/install/demo_python_topic/lib/python3.10/site-packages'
[1.199s] Level 1:colcon.colcon_core.shell:create_environment_hook('demo_python_topic', 'pythonpath')
[1.199s] INFO:colcon.colcon_core.shell:Creating environment hook '/home/loser/learning_ros2/chapt3/topic_ws/install/demo_python_topic/share/demo_python_topic/hook/pythonpath.ps1'
[1.199s] INFO:colcon.colcon_core.shell:Creating environment descriptor '/home/loser/learning_ros2/chapt3/topic_ws/install/demo_python_topic/share/demo_python_topic/hook/pythonpath.dsv'
[1.200s] INFO:colcon.colcon_core.shell:Creating environment hook '/home/loser/learning_ros2/chapt3/topic_ws/install/demo_python_topic/share/demo_python_topic/hook/pythonpath.sh'
[1.200s] Level 1:colcon.colcon_core.environment:checking '/home/loser/learning_ros2/chapt3/topic_ws/install/demo_python_topic/bin'
[1.200s] Level 1:colcon.colcon_core.environment:create_environment_scripts_only(demo_python_topic)
[1.200s] INFO:colcon.colcon_core.shell:Creating package script '/home/loser/learning_ros2/chapt3/topic_ws/install/demo_python_topic/share/demo_python_topic/package.ps1'
[1.201s] INFO:colcon.colcon_core.shell:Creating package descriptor '/home/loser/learning_ros2/chapt3/topic_ws/install/demo_python_topic/share/demo_python_topic/package.dsv'
[1.202s] INFO:colcon.colcon_core.shell:Creating package script '/home/loser/learning_ros2/chapt3/topic_ws/install/demo_python_topic/share/demo_python_topic/package.sh'
[1.203s] INFO:colcon.colcon_core.shell:Creating package script '/home/loser/learning_ros2/chapt3/topic_ws/install/demo_python_topic/share/demo_python_topic/package.bash'
[1.204s] INFO:colcon.colcon_core.shell:Creating package script '/home/loser/learning_ros2/chapt3/topic_ws/install/demo_python_topic/share/demo_python_topic/package.zsh'
[1.205s] Level 1:colcon.colcon_core.environment:create_file_with_runtime_dependencies(/home/loser/learning_ros2/chapt3/topic_ws/install/demo_python_topic/share/colcon-core/packages/demo_python_topic)
[1.206s] DEBUG:colcon.colcon_core.event_handler.log_command:Invoked command in '/home/loser/learning_ros2/chapt3/topic_ws/build/demo_cpp_topic' returned '2': CMAKE_PREFIX_PATH=/opt/ros/humble /usr/bin/cmake --build /home/loser/learning_ros2/chapt3/topic_ws/build/demo_cpp_topic -- -j24 -l24
[1.207s] Level 1:colcon.colcon_core.environment:create_environment_scripts_only(demo_cpp_topic)
[1.207s] Level 1:colcon.colcon_core.environment:checking '/home/loser/learning_ros2/chapt3/topic_ws/install/demo_cpp_topic' for CMake module files
[1.207s] Level 1:colcon.colcon_core.environment:checking '/home/loser/learning_ros2/chapt3/topic_ws/install/demo_cpp_topic' for CMake config files
[1.207s] Level 1:colcon.colcon_core.shell:create_environment_hook('demo_cpp_topic', 'cmake_prefix_path')
[1.208s] INFO:colcon.colcon_core.shell:Creating environment hook '/home/loser/learning_ros2/chapt3/topic_ws/install/demo_cpp_topic/share/demo_cpp_topic/hook/cmake_prefix_path.ps1'
[1.208s] INFO:colcon.colcon_core.shell:Creating environment descriptor '/home/loser/learning_ros2/chapt3/topic_ws/install/demo_cpp_topic/share/demo_cpp_topic/hook/cmake_prefix_path.dsv'
[1.208s] INFO:colcon.colcon_core.shell:Creating environment hook '/home/loser/learning_ros2/chapt3/topic_ws/install/demo_cpp_topic/share/demo_cpp_topic/hook/cmake_prefix_path.sh'
[1.208s] Level 1:colcon.colcon_core.environment:checking '/home/loser/learning_ros2/chapt3/topic_ws/install/demo_cpp_topic/lib'
[1.208s] Level 1:colcon.colcon_core.environment:checking '/home/loser/learning_ros2/chapt3/topic_ws/install/demo_cpp_topic/bin'
[1.208s] Level 1:colcon.colcon_core.environment:checking '/home/loser/learning_ros2/chapt3/topic_ws/install/demo_cpp_topic/lib/pkgconfig/demo_cpp_topic.pc'
[1.209s] Level 1:colcon.colcon_core.environment:checking '/home/loser/learning_ros2/chapt3/topic_ws/install/demo_cpp_topic/lib/python3.10/site-packages'
[1.209s] Level 1:colcon.colcon_core.environment:checking '/home/loser/learning_ros2/chapt3/topic_ws/install/demo_cpp_topic/bin'
[1.209s] INFO:colcon.colcon_core.shell:Creating package script '/home/loser/learning_ros2/chapt3/topic_ws/install/demo_cpp_topic/share/demo_cpp_topic/package.ps1'
[1.209s] INFO:colcon.colcon_core.shell:Creating package descriptor '/home/loser/learning_ros2/chapt3/topic_ws/install/demo_cpp_topic/share/demo_cpp_topic/package.dsv'
[1.209s] INFO:colcon.colcon_core.shell:Creating package script '/home/loser/learning_ros2/chapt3/topic_ws/install/demo_cpp_topic/share/demo_cpp_topic/package.sh'
[1.210s] INFO:colcon.colcon_core.shell:Creating package script '/home/loser/learning_ros2/chapt3/topic_ws/install/demo_cpp_topic/share/demo_cpp_topic/package.bash'
[1.210s] INFO:colcon.colcon_core.shell:Creating package script '/home/loser/learning_ros2/chapt3/topic_ws/install/demo_cpp_topic/share/demo_cpp_topic/package.zsh'
[1.210s] Level 1:colcon.colcon_core.environment:create_file_with_runtime_dependencies(/home/loser/learning_ros2/chapt3/topic_ws/install/demo_cpp_topic/share/colcon-core/packages/demo_cpp_topic)
[1.211s] DEBUG:colcon.colcon_parallel_executor.executor.parallel:closing loop
[1.211s] DEBUG:colcon.colcon_parallel_executor.executor.parallel:loop closed
[1.211s] DEBUG:colcon.colcon_parallel_executor.executor.parallel:run_until_complete finished with '2'
[1.211s] DEBUG:colcon.colcon_core.event_reactor:joining thread
[1.216s] INFO:colcon.colcon_core.plugin_system:Skipping extension 'colcon_notification.desktop_notification.terminal_notifier': Not used on non-Darwin systems
[1.216s] INFO:colcon.colcon_core.plugin_system:Skipping extension 'colcon_notification.desktop_notification.win32': Not used on non-Windows systems
[1.217s] INFO:colcon.colcon_notification.desktop_notification:Sending desktop notification using 'notify2'
[1.237s] DEBUG:colcon.colcon_core.event_reactor:joined thread
[1.237s] INFO:colcon.colcon_core.shell:Creating prefix script '/home/loser/learning_ros2/chapt3/topic_ws/install/local_setup.ps1'
[1.238s] INFO:colcon.colcon_core.shell:Creating prefix util module '/home/loser/learning_ros2/chapt3/topic_ws/install/_local_setup_util_ps1.py'
[1.239s] INFO:colcon.colcon_core.shell:Creating prefix chain script '/home/loser/learning_ros2/chapt3/topic_ws/install/setup.ps1'
[1.241s] INFO:colcon.colcon_core.shell:Creating prefix script '/home/loser/learning_ros2/chapt3/topic_ws/install/local_setup.sh'
[1.242s] INFO:colcon.colcon_core.shell:Creating prefix util module '/home/loser/learning_ros2/chapt3/topic_ws/install/_local_setup_util_sh.py'
[1.242s] INFO:colcon.colcon_core.shell:Creating prefix chain script '/home/loser/learning_ros2/chapt3/topic_ws/install/setup.sh'
[1.243s] INFO:colcon.colcon_core.shell:Creating prefix script '/home/loser/learning_ros2/chapt3/topic_ws/install/local_setup.bash'
[1.244s] INFO:colcon.colcon_core.shell:Creating prefix chain script '/home/loser/learning_ros2/chapt3/topic_ws/install/setup.bash'
[1.245s] INFO:colcon.colcon_core.shell:Creating prefix script '/home/loser/learning_ros2/chapt3/topic_ws/install/local_setup.zsh'
[1.246s] INFO:colcon.colcon_core.shell:Creating prefix chain script '/home/loser/learning_ros2/chapt3/topic_ws/install/setup.zsh'
