[0.006s] Invoking command in '/home/loser/learning_ros2/chapt6/chapt6_ws/build/fishbot_description': CMAKE_PREFIX_PATH=${CMAKE_PREFIX_PATH}:/opt/ros/humble /usr/bin/cmake --build /home/loser/learning_ros2/chapt6/chapt6_ws/build/fishbot_description -- -j24 -l24
[0.036s] Invoked command in '/home/loser/learning_ros2/chapt6/chapt6_ws/build/fishbot_description' returned '0': CMAKE_PREFIX_PATH=${CMAKE_PREFIX_PATH}:/opt/ros/humble /usr/bin/cmake --build /home/loser/learning_ros2/chapt6/chapt6_ws/build/fishbot_description -- -j24 -l24
[0.043s] Invoking command in '/home/loser/learning_ros2/chapt6/chapt6_ws/build/fishbot_description': CMAKE_PREFIX_PATH=${CMAKE_PREFIX_PATH}:/opt/ros/humble /usr/bin/cmake --install /home/loser/learning_ros2/chapt6/chapt6_ws/build/fishbot_description
[0.051s] -- Install configuration: ""
[0.051s] -- Up-to-date: /home/loser/learning_ros2/chapt6/chapt6_ws/install/fishbot_description/share/fishbot_description/launch
[0.051s] -- Up-to-date: /home/loser/learning_ros2/chapt6/chapt6_ws/install/fishbot_description/share/fishbot_description/launch/display_robot.launch.py
[0.051s] -- Up-to-date: /home/loser/learning_ros2/chapt6/chapt6_ws/install/fishbot_description/share/fishbot_description/launch/gazebo_sim.launch.py
[0.051s] -- Up-to-date: /home/loser/learning_ros2/chapt6/chapt6_ws/install/fishbot_description/share/fishbot_description/urdf
[0.051s] -- Up-to-date: /home/loser/learning_ros2/chapt6/chapt6_ws/install/fishbot_description/share/fishbot_description/urdf/fishbot
[0.051s] -- Up-to-date: /home/loser/learning_ros2/chapt6/chapt6_ws/install/fishbot_description/share/fishbot_description/urdf/fishbot/actuator
[0.051s] -- Up-to-date: /home/loser/learning_ros2/chapt6/chapt6_ws/install/fishbot_description/share/fishbot_description/urdf/fishbot/actuator/caster.urdf.xacro
[0.051s] -- Up-to-date: /home/loser/learning_ros2/chapt6/chapt6_ws/install/fishbot_description/share/fishbot_description/urdf/fishbot/actuator/wheel.urdf.xacro
[0.051s] -- Up-to-date: /home/loser/learning_ros2/chapt6/chapt6_ws/install/fishbot_description/share/fishbot_description/urdf/fishbot/sensor
[0.051s] -- Installing: /home/loser/learning_ros2/chapt6/chapt6_ws/install/fishbot_description/share/fishbot_description/urdf/fishbot/sensor/laser.urdf.xacro
[0.051s] -- Up-to-date: /home/loser/learning_ros2/chapt6/chapt6_ws/install/fishbot_description/share/fishbot_description/urdf/fishbot/sensor/camera.urdf.xacro
[0.051s] -- Up-to-date: /home/loser/learning_ros2/chapt6/chapt6_ws/install/fishbot_description/share/fishbot_description/urdf/fishbot/sensor/imu.urdf.xacro
[0.051s] -- Up-to-date: /home/loser/learning_ros2/chapt6/chapt6_ws/install/fishbot_description/share/fishbot_description/urdf/fishbot/base.urdf.xacro
[0.051s] -- Up-to-date: /home/loser/learning_ros2/chapt6/chapt6_ws/install/fishbot_description/share/fishbot_description/urdf/fishbot/common_inertia.urdf.xacro
[0.051s] -- Up-to-date: /home/loser/learning_ros2/chapt6/chapt6_ws/install/fishbot_description/share/fishbot_description/urdf/fishbot/fishbot.urdf.xacro
[0.051s] -- Up-to-date: /home/loser/learning_ros2/chapt6/chapt6_ws/install/fishbot_description/share/fishbot_description/urdf/first_robot.urdf
[0.051s] -- Up-to-date: /home/loser/learning_ros2/chapt6/chapt6_ws/install/fishbot_description/share/fishbot_description/urdf/first_robot.xacro
[0.051s] -- Up-to-date: /home/loser/learning_ros2/chapt6/chapt6_ws/install/fishbot_description/share/fishbot_description/config
[0.051s] -- Up-to-date: /home/loser/learning_ros2/chapt6/chapt6_ws/install/fishbot_description/share/fishbot_description/config/fish_robot.rviz
[0.051s] -- Up-to-date: /home/loser/learning_ros2/chapt6/chapt6_ws/install/fishbot_description/share/fishbot_description/world
[0.051s] -- Up-to-date: /home/loser/learning_ros2/chapt6/chapt6_ws/install/fishbot_description/share/fishbot_description/world/custom_room.world
[0.051s] -- Up-to-date: /home/loser/learning_ros2/chapt6/chapt6_ws/install/fishbot_description/share/fishbot_description/world/room
[0.051s] -- Up-to-date: /home/loser/learning_ros2/chapt6/chapt6_ws/install/fishbot_description/share/fishbot_description/world/room/model.sdf
[0.051s] -- Up-to-date: /home/loser/learning_ros2/chapt6/chapt6_ws/install/fishbot_description/share/fishbot_description/world/room/model.config
[0.051s] -- Up-to-date: /home/loser/learning_ros2/chapt6/chapt6_ws/install/fishbot_description/share/ament_index/resource_index/package_run_dependencies/fishbot_description
[0.051s] -- Up-to-date: /home/loser/learning_ros2/chapt6/chapt6_ws/install/fishbot_description/share/ament_index/resource_index/parent_prefix_path/fishbot_description
[0.051s] -- Up-to-date: /home/loser/learning_ros2/chapt6/chapt6_ws/install/fishbot_description/share/fishbot_description/environment/ament_prefix_path.sh
[0.051s] -- Up-to-date: /home/loser/learning_ros2/chapt6/chapt6_ws/install/fishbot_description/share/fishbot_description/environment/ament_prefix_path.dsv
[0.051s] -- Up-to-date: /home/loser/learning_ros2/chapt6/chapt6_ws/install/fishbot_description/share/fishbot_description/environment/path.sh
[0.051s] -- Up-to-date: /home/loser/learning_ros2/chapt6/chapt6_ws/install/fishbot_description/share/fishbot_description/environment/path.dsv
[0.051s] -- Up-to-date: /home/loser/learning_ros2/chapt6/chapt6_ws/install/fishbot_description/share/fishbot_description/local_setup.bash
[0.052s] -- Up-to-date: /home/loser/learning_ros2/chapt6/chapt6_ws/install/fishbot_description/share/fishbot_description/local_setup.sh
[0.052s] -- Up-to-date: /home/loser/learning_ros2/chapt6/chapt6_ws/install/fishbot_description/share/fishbot_description/local_setup.zsh
[0.052s] -- Up-to-date: /home/loser/learning_ros2/chapt6/chapt6_ws/install/fishbot_description/share/fishbot_description/local_setup.dsv
[0.052s] -- Installing: /home/loser/learning_ros2/chapt6/chapt6_ws/install/fishbot_description/share/fishbot_description/package.dsv
[0.052s] -- Up-to-date: /home/loser/learning_ros2/chapt6/chapt6_ws/install/fishbot_description/share/ament_index/resource_index/packages/fishbot_description
[0.052s] -- Up-to-date: /home/loser/learning_ros2/chapt6/chapt6_ws/install/fishbot_description/share/fishbot_description/cmake/fishbot_descriptionConfig.cmake
[0.052s] -- Up-to-date: /home/loser/learning_ros2/chapt6/chapt6_ws/install/fishbot_description/share/fishbot_description/cmake/fishbot_descriptionConfig-version.cmake
[0.052s] -- Up-to-date: /home/loser/learning_ros2/chapt6/chapt6_ws/install/fishbot_description/share/fishbot_description/package.xml
[0.053s] Invoked command in '/home/loser/learning_ros2/chapt6/chapt6_ws/build/fishbot_description' returned '0': CMAKE_PREFIX_PATH=${CMAKE_PREFIX_PATH}:/opt/ros/humble /usr/bin/cmake --install /home/loser/learning_ros2/chapt6/chapt6_ws/build/fishbot_description
