[0.008s] Invoking command in '/home/loser/learning_ros2/chapt2/chapt2_ws/build/demo_cpp_pkg': CMAKE_PREFIX_PATH=${CMAKE_PREFIX_PATH}:/home/loser/learning_ros2/chapt2/chapt2_ws/install/demo_python_pkg:/opt/ros/humble /usr/bin/cmake --build /home/loser/learning_ros2/chapt2/chapt2_ws/build/demo_cpp_pkg -- -j24 -l24
[0.043s] [35m[1mConsolidate compiler generated dependencies of target learn_lambda[0m
[0.043s] [35m[1mConsolidate compiler generated dependencies of target learn_auto[0m
[0.045s] [35m[1mConsolidate compiler generated dependencies of target cpp_node[0m
[0.049s] [35m[1mConsolidate compiler generated dependencies of target person_node[0m
[0.049s] [35m[1mConsolidate compiler generated dependencies of target learn_shared_ptr[0m
[0.049s] [35m[1mConsolidate compiler generated dependencies of target learn_functional[0m
[0.049s] [35m[1mConsolidate compiler generated dependencies of target learn_thread[0m
[0.051s] [ 14%] Built target learn_lambda
[0.055s] [ 28%] Built target learn_auto
[0.055s] [ 42%] Built target learn_functional
[0.057s] [ 57%] Built target learn_shared_ptr
[0.057s] [ 71%] Built target cpp_node
[0.059s] [ 85%] Built target person_node
[0.060s] [ 92%] [32mBuilding CXX object CMakeFiles/learn_thread.dir/src/learn_thread.cpp.o[0m
[2.571s] [100%] [32m[1mLinking CXX executable learn_thread[0m
[2.678s] [100%] Built target learn_thread
[2.686s] Invoked command in '/home/loser/learning_ros2/chapt2/chapt2_ws/build/demo_cpp_pkg' returned '0': CMAKE_PREFIX_PATH=${CMAKE_PREFIX_PATH}:/home/loser/learning_ros2/chapt2/chapt2_ws/install/demo_python_pkg:/opt/ros/humble /usr/bin/cmake --build /home/loser/learning_ros2/chapt2/chapt2_ws/build/demo_cpp_pkg -- -j24 -l24
[2.691s] Invoking command in '/home/loser/learning_ros2/chapt2/chapt2_ws/build/demo_cpp_pkg': CMAKE_PREFIX_PATH=${CMAKE_PREFIX_PATH}:/home/loser/learning_ros2/chapt2/chapt2_ws/install/demo_python_pkg:/opt/ros/humble /usr/bin/cmake --install /home/loser/learning_ros2/chapt2/chapt2_ws/build/demo_cpp_pkg
[2.697s] -- Install configuration: ""
[2.697s] -- Up-to-date: /home/loser/learning_ros2/chapt2/chapt2_ws/install/demo_cpp_pkg/lib/demo_cpp_pkg/cpp_node
[2.697s] -- Up-to-date: /home/loser/learning_ros2/chapt2/chapt2_ws/install/demo_cpp_pkg/lib/demo_cpp_pkg/person_node
[2.697s] -- Up-to-date: /home/loser/learning_ros2/chapt2/chapt2_ws/install/demo_cpp_pkg/lib/demo_cpp_pkg/learn_auto
[2.697s] -- Up-to-date: /home/loser/learning_ros2/chapt2/chapt2_ws/install/demo_cpp_pkg/lib/demo_cpp_pkg/learn_shared_ptr
[2.697s] -- Up-to-date: /home/loser/learning_ros2/chapt2/chapt2_ws/install/demo_cpp_pkg/lib/demo_cpp_pkg/learn_lambda
[2.697s] -- Up-to-date: /home/loser/learning_ros2/chapt2/chapt2_ws/install/demo_cpp_pkg/lib/demo_cpp_pkg/learn_functional
[2.698s] -- Installing: /home/loser/learning_ros2/chapt2/chapt2_ws/install/demo_cpp_pkg/lib/demo_cpp_pkg/learn_thread
[2.698s] -- Up-to-date: /home/loser/learning_ros2/chapt2/chapt2_ws/install/demo_cpp_pkg/share/ament_index/resource_index/package_run_dependencies/demo_cpp_pkg
[2.698s] -- Up-to-date: /home/loser/learning_ros2/chapt2/chapt2_ws/install/demo_cpp_pkg/share/ament_index/resource_index/parent_prefix_path/demo_cpp_pkg
[2.698s] -- Up-to-date: /home/loser/learning_ros2/chapt2/chapt2_ws/install/demo_cpp_pkg/share/demo_cpp_pkg/environment/ament_prefix_path.sh
[2.699s] -- Up-to-date: /home/loser/learning_ros2/chapt2/chapt2_ws/install/demo_cpp_pkg/share/demo_cpp_pkg/environment/ament_prefix_path.dsv
[2.699s] -- Up-to-date: /home/loser/learning_ros2/chapt2/chapt2_ws/install/demo_cpp_pkg/share/demo_cpp_pkg/environment/path.sh
[2.699s] -- Up-to-date: /home/loser/learning_ros2/chapt2/chapt2_ws/install/demo_cpp_pkg/share/demo_cpp_pkg/environment/path.dsv
[2.699s] -- Up-to-date: /home/loser/learning_ros2/chapt2/chapt2_ws/install/demo_cpp_pkg/share/demo_cpp_pkg/local_setup.bash
[2.699s] -- Up-to-date: /home/loser/learning_ros2/chapt2/chapt2_ws/install/demo_cpp_pkg/share/demo_cpp_pkg/local_setup.sh
[2.699s] -- Up-to-date: /home/loser/learning_ros2/chapt2/chapt2_ws/install/demo_cpp_pkg/share/demo_cpp_pkg/local_setup.zsh
[2.699s] -- Up-to-date: /home/loser/learning_ros2/chapt2/chapt2_ws/install/demo_cpp_pkg/share/demo_cpp_pkg/local_setup.dsv
[2.699s] -- Installing: /home/loser/learning_ros2/chapt2/chapt2_ws/install/demo_cpp_pkg/share/demo_cpp_pkg/package.dsv
[2.699s] -- Up-to-date: /home/loser/learning_ros2/chapt2/chapt2_ws/install/demo_cpp_pkg/share/ament_index/resource_index/packages/demo_cpp_pkg
[2.699s] -- Up-to-date: /home/loser/learning_ros2/chapt2/chapt2_ws/install/demo_cpp_pkg/share/demo_cpp_pkg/cmake/demo_cpp_pkgConfig.cmake
[2.699s] -- Up-to-date: /home/loser/learning_ros2/chapt2/chapt2_ws/install/demo_cpp_pkg/share/demo_cpp_pkg/cmake/demo_cpp_pkgConfig-version.cmake
[2.699s] -- Up-to-date: /home/loser/learning_ros2/chapt2/chapt2_ws/install/demo_cpp_pkg/share/demo_cpp_pkg/package.xml
[2.700s] Invoked command in '/home/loser/learning_ros2/chapt2/chapt2_ws/build/demo_cpp_pkg' returned '0': CMAKE_PREFIX_PATH=${CMAKE_PREFIX_PATH}:/home/loser/learning_ros2/chapt2/chapt2_ws/install/demo_python_pkg:/opt/ros/humble /usr/bin/cmake --install /home/loser/learning_ros2/chapt2/chapt2_ws/build/demo_cpp_pkg
