[0.010s] Invoking command in '/home/loser/learning_ros2/chapt2/build/demo_cpp_pkg': CMAKE_PREFIX_PATH=/home/loser/learning_ros2/chapt2/install/demo_python_pkg:/opt/ros/humble /usr/bin/cmake /home/loser/learning_ros2/chapt2/demo_cpp_pkg -DCMAKE_INSTALL_PREFIX=/home/loser/learning_ros2/chapt2/install/demo_cpp_pkg
[0.038s] -- Found ament_cmake: 1.3.14 (/opt/ros/humble/share/ament_cmake/cmake)
[0.151s] -- Found rclcpp: 16.0.21 (/opt/ros/humble/share/rclcpp/cmake)
[0.161s] -- Found rosidl_generator_c: 3.1.9 (/opt/ros/humble/share/rosidl_generator_c/cmake)
[0.162s] -- Found rosidl_adapter: 3.1.9 (/opt/ros/humble/share/rosidl_adapter/cmake)
[0.166s] -- Found rosidl_generator_cpp: 3.1.9 (/opt/ros/humble/share/rosidl_generator_cpp/cmake)
[0.171s] -- Using all available rosidl_typesupport_c: rosidl_typesupport_fastrtps_c;rosidl_typesupport_introspection_c
[0.178s] -- Using all available rosidl_typesupport_cpp: rosidl_typesupport_fastrtps_cpp;rosidl_typesupport_introspection_cpp
[0.196s] -- Found rmw_implementation_cmake: 6.1.4 (/opt/ros/humble/share/rmw_implementation_cmake/cmake)
[0.196s] -- Found rmw_fastrtps_cpp: 6.2.10 (/opt/ros/humble/share/rmw_fastrtps_cpp/cmake)
[0.255s] -- Using RMW implementation 'rmw_fastrtps_cpp' as default
[0.287s] -- Found ament_lint_auto: 0.12.15 (/opt/ros/humble/share/ament_lint_auto/cmake)
[0.349s] -- Added test 'cppcheck' to perform static code analysis on C / C++ code
[0.349s] -- Configured cppcheck include dirs: 
[0.349s] -- Configured cppcheck exclude dirs and/or files: 
[0.349s] -- Added test 'lint_cmake' to check CMake code style
[0.349s] -- Added test 'uncrustify' to check C / C++ code style
[0.349s] -- Configured uncrustify additional arguments: 
[0.349s] -- Added test 'xmllint' to check XML markup files
[0.350s] -- Configuring done
[0.355s] -- Generating done
[0.357s] -- Build files have been written to: /home/loser/learning_ros2/chapt2/build/demo_cpp_pkg
[0.362s] Invoked command in '/home/loser/learning_ros2/chapt2/build/demo_cpp_pkg' returned '0': CMAKE_PREFIX_PATH=/home/loser/learning_ros2/chapt2/install/demo_python_pkg:/opt/ros/humble /usr/bin/cmake /home/loser/learning_ros2/chapt2/demo_cpp_pkg -DCMAKE_INSTALL_PREFIX=/home/loser/learning_ros2/chapt2/install/demo_cpp_pkg
[0.362s] Invoking command in '/home/loser/learning_ros2/chapt2/build/demo_cpp_pkg': CMAKE_PREFIX_PATH=/home/loser/learning_ros2/chapt2/install/demo_python_pkg:/opt/ros/humble /usr/bin/cmake --build /home/loser/learning_ros2/chapt2/build/demo_cpp_pkg -- -j24 -l24
[0.395s] [ 50%] [32mBuilding CXX object CMakeFiles/cpp_node.dir/src/cpp_node.cpp.o[0m
[1.781s] [100%] [32m[1mLinking CXX executable cpp_node[0m
[1.874s] [100%] Built target cpp_node
[1.883s] Invoked command in '/home/loser/learning_ros2/chapt2/build/demo_cpp_pkg' returned '0': CMAKE_PREFIX_PATH=/home/loser/learning_ros2/chapt2/install/demo_python_pkg:/opt/ros/humble /usr/bin/cmake --build /home/loser/learning_ros2/chapt2/build/demo_cpp_pkg -- -j24 -l24
[1.888s] Invoking command in '/home/loser/learning_ros2/chapt2/build/demo_cpp_pkg': CMAKE_PREFIX_PATH=/home/loser/learning_ros2/chapt2/install/demo_python_pkg:/opt/ros/humble /usr/bin/cmake --install /home/loser/learning_ros2/chapt2/build/demo_cpp_pkg
[1.893s] -- Install configuration: ""
[1.893s] -- Installing: /home/loser/learning_ros2/chapt2/install/demo_cpp_pkg/lib/{PROJECT_NAME}/cpp_node
[1.893s] -- Set runtime path of "/home/loser/learning_ros2/chapt2/install/demo_cpp_pkg/lib/{PROJECT_NAME}/cpp_node" to ""
[1.894s] -- Installing: /home/loser/learning_ros2/chapt2/install/demo_cpp_pkg/share/ament_index/resource_index/package_run_dependencies/demo_cpp_pkg
[1.895s] -- Installing: /home/loser/learning_ros2/chapt2/install/demo_cpp_pkg/share/ament_index/resource_index/parent_prefix_path/demo_cpp_pkg
[1.895s] -- Installing: /home/loser/learning_ros2/chapt2/install/demo_cpp_pkg/share/demo_cpp_pkg/environment/ament_prefix_path.sh
[1.895s] -- Installing: /home/loser/learning_ros2/chapt2/install/demo_cpp_pkg/share/demo_cpp_pkg/environment/ament_prefix_path.dsv
[1.895s] -- Installing: /home/loser/learning_ros2/chapt2/install/demo_cpp_pkg/share/demo_cpp_pkg/environment/path.sh
[1.895s] -- Installing: /home/loser/learning_ros2/chapt2/install/demo_cpp_pkg/share/demo_cpp_pkg/environment/path.dsv
[1.895s] -- Installing: /home/loser/learning_ros2/chapt2/install/demo_cpp_pkg/share/demo_cpp_pkg/local_setup.bash
[1.895s] -- Installing: /home/loser/learning_ros2/chapt2/install/demo_cpp_pkg/share/demo_cpp_pkg/local_setup.sh
[1.895s] -- Installing: /home/loser/learning_ros2/chapt2/install/demo_cpp_pkg/share/demo_cpp_pkg/local_setup.zsh
[1.895s] -- Installing: /home/loser/learning_ros2/chapt2/install/demo_cpp_pkg/share/demo_cpp_pkg/local_setup.dsv
[1.895s] -- Installing: /home/loser/learning_ros2/chapt2/install/demo_cpp_pkg/share/demo_cpp_pkg/package.dsv
[1.895s] -- Installing: /home/loser/learning_ros2/chapt2/install/demo_cpp_pkg/share/ament_index/resource_index/packages/demo_cpp_pkg
[1.895s] -- Installing: /home/loser/learning_ros2/chapt2/install/demo_cpp_pkg/share/demo_cpp_pkg/cmake/demo_cpp_pkgConfig.cmake
[1.895s] -- Installing: /home/loser/learning_ros2/chapt2/install/demo_cpp_pkg/share/demo_cpp_pkg/cmake/demo_cpp_pkgConfig-version.cmake
[1.895s] -- Installing: /home/loser/learning_ros2/chapt2/install/demo_cpp_pkg/share/demo_cpp_pkg/package.xml
[1.895s] Invoked command in '/home/loser/learning_ros2/chapt2/build/demo_cpp_pkg' returned '0': CMAKE_PREFIX_PATH=/home/loser/learning_ros2/chapt2/install/demo_python_pkg:/opt/ros/humble /usr/bin/cmake --install /home/loser/learning_ros2/chapt2/build/demo_cpp_pkg
