[0.006s] Invoking command in '/home/loser/learning_ros2/chapt2/chapt2_ws/build/demo_cpp_pkg': CMAKE_PREFIX_PATH=${CMAKE_PREFIX_PATH}:/home/loser/learning_ros2/chapt2/chapt2_ws/install/demo_python_pkg:/opt/ros/humble /usr/bin/cmake --build /home/loser/learning_ros2/chapt2/chapt2_ws/build/demo_cpp_pkg -- -j24 -l24
[0.029s] -- Found ament_cmake: 1.3.14 (/opt/ros/humble/share/ament_cmake/cmake)
[0.122s] -- Found rclcpp: 16.0.21 (/opt/ros/humble/share/rclcpp/cmake)
[0.142s] -- Found rosidl_generator_c: 3.1.9 (/opt/ros/humble/share/rosidl_generator_c/cmake)
[0.143s] -- Found rosidl_adapter: 3.1.9 (/opt/ros/humble/share/rosidl_adapter/cmake)
[0.147s] -- Found rosidl_generator_cpp: 3.1.9 (/opt/ros/humble/share/rosidl_generator_cpp/cmake)
[0.153s] -- Using all available rosidl_typesupport_c: rosidl_typesupport_fastrtps_c;rosidl_typesupport_introspection_c
[0.159s] -- Using all available rosidl_typesupport_cpp: rosidl_typesupport_fastrtps_cpp;rosidl_typesupport_introspection_cpp
[0.175s] -- Found rmw_implementation_cmake: 6.1.4 (/opt/ros/humble/share/rmw_implementation_cmake/cmake)
[0.175s] -- Found rmw_fastrtps_cpp: 6.2.10 (/opt/ros/humble/share/rmw_fastrtps_cpp/cmake)
[0.232s] -- Using RMW implementation 'rmw_fastrtps_cpp' as default
[0.256s] -- Found ament_lint_auto: 0.12.15 (/opt/ros/humble/share/ament_lint_auto/cmake)
[0.292s] -- Added test 'cppcheck' to perform static code analysis on C / C++ code
[0.293s] -- Configured cppcheck include dirs: 
[0.293s] -- Configured cppcheck exclude dirs and/or files: 
[0.293s] -- Added test 'lint_cmake' to check CMake code style
[0.293s] -- Added test 'uncrustify' to check C / C++ code style
[0.293s] -- Configured uncrustify additional arguments: 
[0.293s] -- Added test 'xmllint' to check XML markup files
[0.293s] -- Configuring done
[0.299s] -- Generating done
[0.302s] -- Build files have been written to: /home/loser/learning_ros2/chapt2/chapt2_ws/build/demo_cpp_pkg
[0.322s] [35m[1mConsolidate compiler generated dependencies of target cpp_node[0m
[0.323s] [35m[1mConsolidate compiler generated dependencies of target person_node[0m
[0.329s] [ 16%] [32mBuilding CXX object CMakeFiles/learn_auto.dir/src/learn_auto.cpp.o[0m
[0.334s] [ 83%] Built target person_node
[0.334s] [ 83%] Built target cpp_node
[0.448s] [100%] [32m[1mLinking CXX executable learn_auto[0m
[0.503s] [100%] Built target learn_auto
[0.513s] Invoked command in '/home/loser/learning_ros2/chapt2/chapt2_ws/build/demo_cpp_pkg' returned '0': CMAKE_PREFIX_PATH=${CMAKE_PREFIX_PATH}:/home/loser/learning_ros2/chapt2/chapt2_ws/install/demo_python_pkg:/opt/ros/humble /usr/bin/cmake --build /home/loser/learning_ros2/chapt2/chapt2_ws/build/demo_cpp_pkg -- -j24 -l24
[0.520s] Invoking command in '/home/loser/learning_ros2/chapt2/chapt2_ws/build/demo_cpp_pkg': CMAKE_PREFIX_PATH=${CMAKE_PREFIX_PATH}:/home/loser/learning_ros2/chapt2/chapt2_ws/install/demo_python_pkg:/opt/ros/humble /usr/bin/cmake --install /home/loser/learning_ros2/chapt2/chapt2_ws/build/demo_cpp_pkg
[0.525s] -- Install configuration: ""
[0.525s] -- Up-to-date: /home/loser/learning_ros2/chapt2/chapt2_ws/install/demo_cpp_pkg/lib/demo_cpp_pkg/cpp_node
[0.525s] -- Up-to-date: /home/loser/learning_ros2/chapt2/chapt2_ws/install/demo_cpp_pkg/lib/demo_cpp_pkg/person_node
[0.525s] -- Installing: /home/loser/learning_ros2/chapt2/chapt2_ws/install/demo_cpp_pkg/lib/demo_cpp_pkg/learn_auto
[0.525s] -- Up-to-date: /home/loser/learning_ros2/chapt2/chapt2_ws/install/demo_cpp_pkg/share/ament_index/resource_index/package_run_dependencies/demo_cpp_pkg
[0.525s] -- Installing: /home/loser/learning_ros2/chapt2/chapt2_ws/install/demo_cpp_pkg/share/ament_index/resource_index/parent_prefix_path/demo_cpp_pkg
[0.525s] -- Up-to-date: /home/loser/learning_ros2/chapt2/chapt2_ws/install/demo_cpp_pkg/share/demo_cpp_pkg/environment/ament_prefix_path.sh
[0.525s] -- Installing: /home/loser/learning_ros2/chapt2/chapt2_ws/install/demo_cpp_pkg/share/demo_cpp_pkg/environment/ament_prefix_path.dsv
[0.525s] -- Up-to-date: /home/loser/learning_ros2/chapt2/chapt2_ws/install/demo_cpp_pkg/share/demo_cpp_pkg/environment/path.sh
[0.525s] -- Installing: /home/loser/learning_ros2/chapt2/chapt2_ws/install/demo_cpp_pkg/share/demo_cpp_pkg/environment/path.dsv
[0.525s] -- Up-to-date: /home/loser/learning_ros2/chapt2/chapt2_ws/install/demo_cpp_pkg/share/demo_cpp_pkg/local_setup.bash
[0.526s] -- Up-to-date: /home/loser/learning_ros2/chapt2/chapt2_ws/install/demo_cpp_pkg/share/demo_cpp_pkg/local_setup.sh
[0.526s] -- Up-to-date: /home/loser/learning_ros2/chapt2/chapt2_ws/install/demo_cpp_pkg/share/demo_cpp_pkg/local_setup.zsh
[0.526s] -- Installing: /home/loser/learning_ros2/chapt2/chapt2_ws/install/demo_cpp_pkg/share/demo_cpp_pkg/local_setup.dsv
[0.526s] -- Installing: /home/loser/learning_ros2/chapt2/chapt2_ws/install/demo_cpp_pkg/share/demo_cpp_pkg/package.dsv
[0.526s] -- Up-to-date: /home/loser/learning_ros2/chapt2/chapt2_ws/install/demo_cpp_pkg/share/ament_index/resource_index/packages/demo_cpp_pkg
[0.527s] -- Up-to-date: /home/loser/learning_ros2/chapt2/chapt2_ws/install/demo_cpp_pkg/share/demo_cpp_pkg/cmake/demo_cpp_pkgConfig.cmake
[0.527s] -- Up-to-date: /home/loser/learning_ros2/chapt2/chapt2_ws/install/demo_cpp_pkg/share/demo_cpp_pkg/cmake/demo_cpp_pkgConfig-version.cmake
[0.527s] -- Up-to-date: /home/loser/learning_ros2/chapt2/chapt2_ws/install/demo_cpp_pkg/share/demo_cpp_pkg/package.xml
[0.527s] Invoked command in '/home/loser/learning_ros2/chapt2/chapt2_ws/build/demo_cpp_pkg' returned '0': CMAKE_PREFIX_PATH=${CMAKE_PREFIX_PATH}:/home/loser/learning_ros2/chapt2/chapt2_ws/install/demo_python_pkg:/opt/ros/humble /usr/bin/cmake --install /home/loser/learning_ros2/chapt2/chapt2_ws/build/demo_cpp_pkg
