[0.279s] Invoking command in '/home/loser/learning_ros2/chapt3/topic_ws/src/demo_python_topic': PYTHONPATH=/home/loser/learning_ros2/chapt3/topic_ws/build/demo_python_topic/prefix_override:/usr/lib/python3/dist-packages/colcon_core/task/python/colcon_distutils_commands:/home/loser/learning_ros2/chapt3/topic_ws/install/demo_python_topic/lib/python3.10/site-packages:${PYTHONPATH} /usr/bin/python3 -W ignore:setup.py install is deprecated -W ignore:easy_install command is deprecated setup.py egg_info --egg-base ../../build/demo_python_topic build --build-base /home/loser/learning_ros2/chapt3/topic_ws/build/demo_python_topic/build install --record /home/loser/learning_ros2/chapt3/topic_ws/build/demo_python_topic/install.log --install-scripts $base/lib/demo_python_topic --single-version-externally-managed install_data
[0.382s] running egg_info
[0.382s] writing ../../build/demo_python_topic/demo_python_topic.egg-info/PKG-INFO
[0.383s] writing dependency_links to ../../build/demo_python_topic/demo_python_topic.egg-info/dependency_links.txt
[0.383s] writing entry points to ../../build/demo_python_topic/demo_python_topic.egg-info/entry_points.txt
[0.383s] writing requirements to ../../build/demo_python_topic/demo_python_topic.egg-info/requires.txt
[0.383s] writing top-level names to ../../build/demo_python_topic/demo_python_topic.egg-info/top_level.txt
[0.383s] reading manifest file '../../build/demo_python_topic/demo_python_topic.egg-info/SOURCES.txt'
[0.383s] adding license file 'LICENSE'
[0.384s] writing manifest file '../../build/demo_python_topic/demo_python_topic.egg-info/SOURCES.txt'
[0.384s] running build
[0.384s] running build_py
[0.384s] copying demo_python_topic/novel_sub_node.py -> /home/loser/learning_ros2/chapt3/topic_ws/build/demo_python_topic/build/lib/demo_python_topic
[0.384s] running install
[0.384s] running install_lib
[0.384s] copying /home/loser/learning_ros2/chapt3/topic_ws/build/demo_python_topic/build/lib/demo_python_topic/novel_sub_node.py -> /home/loser/learning_ros2/chapt3/topic_ws/install/demo_python_topic/lib/python3.10/site-packages/demo_python_topic
[0.385s] byte-compiling /home/loser/learning_ros2/chapt3/topic_ws/install/demo_python_topic/lib/python3.10/site-packages/demo_python_topic/novel_sub_node.py to novel_sub_node.cpython-310.pyc
[0.385s] running install_data
[0.385s] running install_egg_info
[0.386s] removing '/home/loser/learning_ros2/chapt3/topic_ws/install/demo_python_topic/lib/python3.10/site-packages/demo_python_topic-0.0.0-py3.10.egg-info' (and everything under it)
[0.388s] Copying ../../build/demo_python_topic/demo_python_topic.egg-info to /home/loser/learning_ros2/chapt3/topic_ws/install/demo_python_topic/lib/python3.10/site-packages/demo_python_topic-0.0.0-py3.10.egg-info
[0.388s] running install_scripts
[0.398s] Installing novel_pub_node script to /home/loser/learning_ros2/chapt3/topic_ws/install/demo_python_topic/lib/demo_python_topic
[0.399s] Installing novel_sub_node script to /home/loser/learning_ros2/chapt3/topic_ws/install/demo_python_topic/lib/demo_python_topic
[0.400s] writing list of installed files to '/home/loser/learning_ros2/chapt3/topic_ws/build/demo_python_topic/install.log'
[0.412s] Invoked command in '/home/loser/learning_ros2/chapt3/topic_ws/src/demo_python_topic' returned '0': PYTHONPATH=/home/loser/learning_ros2/chapt3/topic_ws/build/demo_python_topic/prefix_override:/usr/lib/python3/dist-packages/colcon_core/task/python/colcon_distutils_commands:/home/loser/learning_ros2/chapt3/topic_ws/install/demo_python_topic/lib/python3.10/site-packages:${PYTHONPATH} /usr/bin/python3 -W ignore:setup.py install is deprecated -W ignore:easy_install command is deprecated setup.py egg_info --egg-base ../../build/demo_python_topic build --build-base /home/loser/learning_ros2/chapt3/topic_ws/build/demo_python_topic/build install --record /home/loser/learning_ros2/chapt3/topic_ws/build/demo_python_topic/install.log --install-scripts $base/lib/demo_python_topic --single-version-externally-managed install_data
