[35m[1mConsolidate compiler generated dependencies of target dynamic_tf_broadcaster[0m
[35m[1mConsolidate compiler generated dependencies of target static_tf_broadcaster[0m
[ 25%] [32mBuilding CXX object CMakeFiles/dynamic_tf_broadcaster.dir/src/dynamic_tf_broadcaster.cpp.o[0m
[ 75%] Built target static_tf_broadcaster
[100%] [32m[1mLinking CXX executable dynamic_tf_broadcaster[0m
[100%] Built target dynamic_tf_broadcaster
-- Install configuration: ""
-- Up-to-date: /home/loser/learning_ros2/chapt5/chapt5_ws/install/demo_cpp_tf/lib/demo_cpp_tf/static_tf_broadcaster
-- Installing: /home/loser/learning_ros2/chapt5/chapt5_ws/install/demo_cpp_tf/lib/demo_cpp_tf/dynamic_tf_broadcaster
-- Set runtime path of "/home/loser/learning_ros2/chapt5/chapt5_ws/install/demo_cpp_tf/lib/demo_cpp_tf/dynamic_tf_broadcaster" to ""
-- Up-to-date: /home/loser/learning_ros2/chapt5/chapt5_ws/install/demo_cpp_tf/share/ament_index/resource_index/package_run_dependencies/demo_cpp_tf
-- Up-to-date: /home/loser/learning_ros2/chapt5/chapt5_ws/install/demo_cpp_tf/share/ament_index/resource_index/parent_prefix_path/demo_cpp_tf
-- Up-to-date: /home/loser/learning_ros2/chapt5/chapt5_ws/install/demo_cpp_tf/share/demo_cpp_tf/environment/ament_prefix_path.sh
-- Up-to-date: /home/loser/learning_ros2/chapt5/chapt5_ws/install/demo_cpp_tf/share/demo_cpp_tf/environment/ament_prefix_path.dsv
-- Up-to-date: /home/loser/learning_ros2/chapt5/chapt5_ws/install/demo_cpp_tf/share/demo_cpp_tf/environment/path.sh
-- Up-to-date: /home/loser/learning_ros2/chapt5/chapt5_ws/install/demo_cpp_tf/share/demo_cpp_tf/environment/path.dsv
-- Up-to-date: /home/loser/learning_ros2/chapt5/chapt5_ws/install/demo_cpp_tf/share/demo_cpp_tf/local_setup.bash
-- Up-to-date: /home/loser/learning_ros2/chapt5/chapt5_ws/install/demo_cpp_tf/share/demo_cpp_tf/local_setup.sh
-- Up-to-date: /home/loser/learning_ros2/chapt5/chapt5_ws/install/demo_cpp_tf/share/demo_cpp_tf/local_setup.zsh
-- Up-to-date: /home/loser/learning_ros2/chapt5/chapt5_ws/install/demo_cpp_tf/share/demo_cpp_tf/local_setup.dsv
-- Installing: /home/loser/learning_ros2/chapt5/chapt5_ws/install/demo_cpp_tf/share/demo_cpp_tf/package.dsv
-- Up-to-date: /home/loser/learning_ros2/chapt5/chapt5_ws/install/demo_cpp_tf/share/ament_index/resource_index/packages/demo_cpp_tf
-- Up-to-date: /home/loser/learning_ros2/chapt5/chapt5_ws/install/demo_cpp_tf/share/demo_cpp_tf/cmake/demo_cpp_tfConfig.cmake
-- Up-to-date: /home/loser/learning_ros2/chapt5/chapt5_ws/install/demo_cpp_tf/share/demo_cpp_tf/cmake/demo_cpp_tfConfig-version.cmake
-- Up-to-date: /home/loser/learning_ros2/chapt5/chapt5_ws/install/demo_cpp_tf/share/demo_cpp_tf/package.xml
