[0.009s] Invoking command in '/home/loser/learning_ros2/chapt5/chapt5_ws/build/demo_cpp_tf': CMAKE_PREFIX_PATH=${CMAKE_PREFIX_PATH}:/home/loser/learning_ros2/chapt5/chapt5_ws/install/demo_python_tf:/opt/ros/humble /usr/bin/cmake --build /home/loser/learning_ros2/chapt5/chapt5_ws/build/demo_cpp_tf -- -j24 -l24
[0.039s] [35m[1mConsolidate compiler generated dependencies of target dynamic_tf_broadcaster[0m
[0.040s] [35m[1mConsolidate compiler generated dependencies of target static_tf_broadcaster[0m
[0.053s] [ 25%] [32mBuilding CXX object CMakeFiles/dynamic_tf_broadcaster.dir/src/dynamic_tf_broadcaster.cpp.o[0m
[0.054s] [ 75%] Built target static_tf_broadcaster
[2.174s] [100%] [32m[1mLinking CXX executable dynamic_tf_broadcaster[0m
[2.295s] [100%] Built target dynamic_tf_broadcaster
[2.303s] Invoked command in '/home/loser/learning_ros2/chapt5/chapt5_ws/build/demo_cpp_tf' returned '0': CMAKE_PREFIX_PATH=${CMAKE_PREFIX_PATH}:/home/loser/learning_ros2/chapt5/chapt5_ws/install/demo_python_tf:/opt/ros/humble /usr/bin/cmake --build /home/loser/learning_ros2/chapt5/chapt5_ws/build/demo_cpp_tf -- -j24 -l24
[2.311s] Invoking command in '/home/loser/learning_ros2/chapt5/chapt5_ws/build/demo_cpp_tf': CMAKE_PREFIX_PATH=${CMAKE_PREFIX_PATH}:/home/loser/learning_ros2/chapt5/chapt5_ws/install/demo_python_tf:/opt/ros/humble /usr/bin/cmake --install /home/loser/learning_ros2/chapt5/chapt5_ws/build/demo_cpp_tf
[2.315s] -- Install configuration: ""
[2.315s] -- Up-to-date: /home/loser/learning_ros2/chapt5/chapt5_ws/install/demo_cpp_tf/lib/demo_cpp_tf/static_tf_broadcaster
[2.315s] -- Installing: /home/loser/learning_ros2/chapt5/chapt5_ws/install/demo_cpp_tf/lib/demo_cpp_tf/dynamic_tf_broadcaster
[2.316s] -- Set runtime path of "/home/loser/learning_ros2/chapt5/chapt5_ws/install/demo_cpp_tf/lib/demo_cpp_tf/dynamic_tf_broadcaster" to ""
[2.316s] -- Up-to-date: /home/loser/learning_ros2/chapt5/chapt5_ws/install/demo_cpp_tf/share/ament_index/resource_index/package_run_dependencies/demo_cpp_tf
[2.316s] -- Up-to-date: /home/loser/learning_ros2/chapt5/chapt5_ws/install/demo_cpp_tf/share/ament_index/resource_index/parent_prefix_path/demo_cpp_tf
[2.316s] -- Up-to-date: /home/loser/learning_ros2/chapt5/chapt5_ws/install/demo_cpp_tf/share/demo_cpp_tf/environment/ament_prefix_path.sh
[2.316s] -- Up-to-date: /home/loser/learning_ros2/chapt5/chapt5_ws/install/demo_cpp_tf/share/demo_cpp_tf/environment/ament_prefix_path.dsv
[2.316s] -- Up-to-date: /home/loser/learning_ros2/chapt5/chapt5_ws/install/demo_cpp_tf/share/demo_cpp_tf/environment/path.sh
[2.316s] -- Up-to-date: /home/loser/learning_ros2/chapt5/chapt5_ws/install/demo_cpp_tf/share/demo_cpp_tf/environment/path.dsv
[2.316s] -- Up-to-date: /home/loser/learning_ros2/chapt5/chapt5_ws/install/demo_cpp_tf/share/demo_cpp_tf/local_setup.bash
[2.316s] -- Up-to-date: /home/loser/learning_ros2/chapt5/chapt5_ws/install/demo_cpp_tf/share/demo_cpp_tf/local_setup.sh
[2.317s] -- Up-to-date: /home/loser/learning_ros2/chapt5/chapt5_ws/install/demo_cpp_tf/share/demo_cpp_tf/local_setup.zsh
[2.317s] -- Up-to-date: /home/loser/learning_ros2/chapt5/chapt5_ws/install/demo_cpp_tf/share/demo_cpp_tf/local_setup.dsv
[2.317s] -- Installing: /home/loser/learning_ros2/chapt5/chapt5_ws/install/demo_cpp_tf/share/demo_cpp_tf/package.dsv
[2.317s] -- Up-to-date: /home/loser/learning_ros2/chapt5/chapt5_ws/install/demo_cpp_tf/share/ament_index/resource_index/packages/demo_cpp_tf
[2.317s] -- Up-to-date: /home/loser/learning_ros2/chapt5/chapt5_ws/install/demo_cpp_tf/share/demo_cpp_tf/cmake/demo_cpp_tfConfig.cmake
[2.317s] -- Up-to-date: /home/loser/learning_ros2/chapt5/chapt5_ws/install/demo_cpp_tf/share/demo_cpp_tf/cmake/demo_cpp_tfConfig-version.cmake
[2.317s] -- Up-to-date: /home/loser/learning_ros2/chapt5/chapt5_ws/install/demo_cpp_tf/share/demo_cpp_tf/package.xml
[2.318s] Invoked command in '/home/loser/learning_ros2/chapt5/chapt5_ws/build/demo_cpp_tf' returned '0': CMAKE_PREFIX_PATH=${CMAKE_PREFIX_PATH}:/home/loser/learning_ros2/chapt5/chapt5_ws/install/demo_python_tf:/opt/ros/humble /usr/bin/cmake --install /home/loser/learning_ros2/chapt5/chapt5_ws/build/demo_cpp_tf
