[0.321s] Invoking command in '/home/loser/learning_ros2/chapt3/topic_practice_ws/src/status_publisher': LD_LIBRARY_PATH=/home/loser/learning_ros2/chapt3/topic_practice_ws/install/status_interfaces/lib:/usr/local/cuda-12.8/lib64:/opt/ros/humble/opt/rviz_ogre_vendor/lib:/opt/ros/humble/lib/x86_64-linux-gnu:/opt/ros/humble/lib:/usr/local/cuda-12.8/lib64 PYTHONPATH=/home/loser/learning_ros2/chapt3/topic_practice_ws/build/status_publisher/prefix_override:/usr/lib/python3/dist-packages/colcon_core/task/python/colcon_distutils_commands:/home/loser/learning_ros2/chapt3/topic_practice_ws/install/status_publisher/lib/python3.10/site-packages:${PYTHONPATH} /usr/bin/python3 -W ignore:setup.py install is deprecated -W ignore:easy_install command is deprecated setup.py egg_info --egg-base ../../build/status_publisher build --build-base /home/loser/learning_ros2/chapt3/topic_practice_ws/build/status_publisher/build install --record /home/loser/learning_ros2/chapt3/topic_practice_ws/build/status_publisher/install.log --install-scripts $base/lib/status_publisher --single-version-externally-managed install_data
[0.431s] running egg_info
[0.432s] writing ../../build/status_publisher/status_publisher.egg-info/PKG-INFO
[0.432s] writing dependency_links to ../../build/status_publisher/status_publisher.egg-info/dependency_links.txt
[0.432s] writing entry points to ../../build/status_publisher/status_publisher.egg-info/entry_points.txt
[0.432s] writing requirements to ../../build/status_publisher/status_publisher.egg-info/requires.txt
[0.432s] writing top-level names to ../../build/status_publisher/status_publisher.egg-info/top_level.txt
[0.433s] reading manifest file '../../build/status_publisher/status_publisher.egg-info/SOURCES.txt'
[0.433s] adding license file 'LICENSE'
[0.433s] writing manifest file '../../build/status_publisher/status_publisher.egg-info/SOURCES.txt'
[0.433s] running build
[0.433s] running build_py
[0.433s] copying status_publisher/sys_status_pub.py -> /home/loser/learning_ros2/chapt3/topic_practice_ws/build/status_publisher/build/lib/status_publisher
[0.433s] running install
[0.433s] running install_lib
[0.434s] copying /home/loser/learning_ros2/chapt3/topic_practice_ws/build/status_publisher/build/lib/status_publisher/sys_status_pub.py -> /home/loser/learning_ros2/chapt3/topic_practice_ws/install/status_publisher/lib/python3.10/site-packages/status_publisher
[0.434s] byte-compiling /home/loser/learning_ros2/chapt3/topic_practice_ws/install/status_publisher/lib/python3.10/site-packages/status_publisher/sys_status_pub.py to sys_status_pub.cpython-310.pyc
[0.435s] running install_data
[0.435s] running install_egg_info
[0.436s] removing '/home/loser/learning_ros2/chapt3/topic_practice_ws/install/status_publisher/lib/python3.10/site-packages/status_publisher-0.0.0-py3.10.egg-info' (and everything under it)
[0.436s] Copying ../../build/status_publisher/status_publisher.egg-info to /home/loser/learning_ros2/chapt3/topic_practice_ws/install/status_publisher/lib/python3.10/site-packages/status_publisher-0.0.0-py3.10.egg-info
[0.436s] running install_scripts
[0.449s] Installing sys_statys_pub script to /home/loser/learning_ros2/chapt3/topic_practice_ws/install/status_publisher/lib/status_publisher
[0.449s] writing list of installed files to '/home/loser/learning_ros2/chapt3/topic_practice_ws/build/status_publisher/install.log'
[0.463s] Invoked command in '/home/loser/learning_ros2/chapt3/topic_practice_ws/src/status_publisher' returned '0': LD_LIBRARY_PATH=/home/loser/learning_ros2/chapt3/topic_practice_ws/install/status_interfaces/lib:/usr/local/cuda-12.8/lib64:/opt/ros/humble/opt/rviz_ogre_vendor/lib:/opt/ros/humble/lib/x86_64-linux-gnu:/opt/ros/humble/lib:/usr/local/cuda-12.8/lib64 PYTHONPATH=/home/loser/learning_ros2/chapt3/topic_practice_ws/build/status_publisher/prefix_override:/usr/lib/python3/dist-packages/colcon_core/task/python/colcon_distutils_commands:/home/loser/learning_ros2/chapt3/topic_practice_ws/install/status_publisher/lib/python3.10/site-packages:${PYTHONPATH} /usr/bin/python3 -W ignore:setup.py install is deprecated -W ignore:easy_install command is deprecated setup.py egg_info --egg-base ../../build/status_publisher build --build-base /home/loser/learning_ros2/chapt3/topic_practice_ws/build/status_publisher/build install --record /home/loser/learning_ros2/chapt3/topic_practice_ws/build/status_publisher/install.log --install-scripts $base/lib/status_publisher --single-version-externally-managed install_data
