[0.378s] Invoking command in '/home/loser/learning_ros2/chapt3/topic_practice_ws/src/status_publisher': LD_LIBRARY_PATH=/home/loser/learning_ros2/chapt3/topic_practice_ws/install/status_interfaces/lib:/usr/local/cuda-12.8/lib64:/opt/ros/humble/opt/rviz_ogre_vendor/lib:/opt/ros/humble/lib/x86_64-linux-gnu:/opt/ros/humble/lib:/usr/local/cuda-12.8/lib64 PYTHONPATH=/home/loser/learning_ros2/chapt3/topic_practice_ws/build/status_publisher/prefix_override:/usr/lib/python3/dist-packages/colcon_core/task/python/colcon_distutils_commands:/home/loser/learning_ros2/chapt3/topic_practice_ws/install/status_publisher/lib/python3.10/site-packages:${PYTHONPATH} /usr/bin/python3 -W ignore:setup.py install is deprecated -W ignore:easy_install command is deprecated setup.py egg_info --egg-base ../../build/status_publisher build --build-base /home/loser/learning_ros2/chapt3/topic_practice_ws/build/status_publisher/build install --record /home/loser/learning_ros2/chapt3/topic_practice_ws/build/status_publisher/install.log --install-scripts $base/lib/status_publisher --single-version-externally-managed install_data
[0.486s] running egg_info
[0.486s] creating ../../build/status_publisher/status_publisher.egg-info
[0.486s] writing ../../build/status_publisher/status_publisher.egg-info/PKG-INFO
[0.486s] writing dependency_links to ../../build/status_publisher/status_publisher.egg-info/dependency_links.txt
[0.486s] writing entry points to ../../build/status_publisher/status_publisher.egg-info/entry_points.txt
[0.486s] writing requirements to ../../build/status_publisher/status_publisher.egg-info/requires.txt
[0.486s] writing top-level names to ../../build/status_publisher/status_publisher.egg-info/top_level.txt
[0.486s] writing manifest file '../../build/status_publisher/status_publisher.egg-info/SOURCES.txt'
[0.489s] reading manifest file '../../build/status_publisher/status_publisher.egg-info/SOURCES.txt'
[0.489s] adding license file 'LICENSE'
[0.489s] writing manifest file '../../build/status_publisher/status_publisher.egg-info/SOURCES.txt'
[0.489s] running build
[0.489s] running build_py
[0.489s] creating /home/loser/learning_ros2/chapt3/topic_practice_ws/build/status_publisher/build
[0.489s] creating /home/loser/learning_ros2/chapt3/topic_practice_ws/build/status_publisher/build/lib
[0.489s] creating /home/loser/learning_ros2/chapt3/topic_practice_ws/build/status_publisher/build/lib/status_publisher
[0.489s] copying status_publisher/sys_status_pub.py -> /home/loser/learning_ros2/chapt3/topic_practice_ws/build/status_publisher/build/lib/status_publisher
[0.489s] copying status_publisher/__init__.py -> /home/loser/learning_ros2/chapt3/topic_practice_ws/build/status_publisher/build/lib/status_publisher
[0.489s] running install
[0.489s] running install_lib
[0.489s] creating /home/loser/learning_ros2/chapt3/topic_practice_ws/install/status_publisher/lib/python3.10/site-packages/status_publisher
[0.489s] copying /home/loser/learning_ros2/chapt3/topic_practice_ws/build/status_publisher/build/lib/status_publisher/sys_status_pub.py -> /home/loser/learning_ros2/chapt3/topic_practice_ws/install/status_publisher/lib/python3.10/site-packages/status_publisher
[0.489s] copying /home/loser/learning_ros2/chapt3/topic_practice_ws/build/status_publisher/build/lib/status_publisher/__init__.py -> /home/loser/learning_ros2/chapt3/topic_practice_ws/install/status_publisher/lib/python3.10/site-packages/status_publisher
[0.489s] byte-compiling /home/loser/learning_ros2/chapt3/topic_practice_ws/install/status_publisher/lib/python3.10/site-packages/status_publisher/sys_status_pub.py to sys_status_pub.cpython-310.pyc
[0.489s] byte-compiling /home/loser/learning_ros2/chapt3/topic_practice_ws/install/status_publisher/lib/python3.10/site-packages/status_publisher/__init__.py to __init__.cpython-310.pyc
[0.489s] running install_data
[0.489s] creating /home/loser/learning_ros2/chapt3/topic_practice_ws/install/status_publisher/share/ament_index
[0.489s] creating /home/loser/learning_ros2/chapt3/topic_practice_ws/install/status_publisher/share/ament_index/resource_index
[0.489s] creating /home/loser/learning_ros2/chapt3/topic_practice_ws/install/status_publisher/share/ament_index/resource_index/packages
[0.489s] copying resource/status_publisher -> /home/loser/learning_ros2/chapt3/topic_practice_ws/install/status_publisher/share/ament_index/resource_index/packages
[0.490s] copying package.xml -> /home/loser/learning_ros2/chapt3/topic_practice_ws/install/status_publisher/share/status_publisher
[0.490s] running install_egg_info
[0.490s] Copying ../../build/status_publisher/status_publisher.egg-info to /home/loser/learning_ros2/chapt3/topic_practice_ws/install/status_publisher/lib/python3.10/site-packages/status_publisher-0.0.0-py3.10.egg-info
[0.490s] running install_scripts
[0.500s] Installing sys_statys_pub script to /home/loser/learning_ros2/chapt3/topic_practice_ws/install/status_publisher/lib/status_publisher
[0.501s] writing list of installed files to '/home/loser/learning_ros2/chapt3/topic_practice_ws/build/status_publisher/install.log'
[0.514s] Invoked command in '/home/loser/learning_ros2/chapt3/topic_practice_ws/src/status_publisher' returned '0': LD_LIBRARY_PATH=/home/loser/learning_ros2/chapt3/topic_practice_ws/install/status_interfaces/lib:/usr/local/cuda-12.8/lib64:/opt/ros/humble/opt/rviz_ogre_vendor/lib:/opt/ros/humble/lib/x86_64-linux-gnu:/opt/ros/humble/lib:/usr/local/cuda-12.8/lib64 PYTHONPATH=/home/loser/learning_ros2/chapt3/topic_practice_ws/build/status_publisher/prefix_override:/usr/lib/python3/dist-packages/colcon_core/task/python/colcon_distutils_commands:/home/loser/learning_ros2/chapt3/topic_practice_ws/install/status_publisher/lib/python3.10/site-packages:${PYTHONPATH} /usr/bin/python3 -W ignore:setup.py install is deprecated -W ignore:easy_install command is deprecated setup.py egg_info --egg-base ../../build/status_publisher build --build-base /home/loser/learning_ros2/chapt3/topic_practice_ws/build/status_publisher/build install --record /home/loser/learning_ros2/chapt3/topic_practice_ws/build/status_publisher/install.log --install-scripts $base/lib/status_publisher --single-version-externally-managed install_data
