[0.354s] Invoking command in '/home/loser/learning_ros2/chapt2/demo_python_pkg': PYTHONPATH=/home/loser/learning_ros2/chapt2/build/demo_python_pkg/prefix_override:/usr/lib/python3/dist-packages/colcon_core/task/python/colcon_distutils_commands:/home/loser/learning_ros2/chapt2/install/demo_python_pkg/lib/python3.10/site-packages:${PYTHONPATH} /usr/bin/python3 -W ignore:setup.py install is deprecated -W ignore:easy_install command is deprecated setup.py egg_info --egg-base ../build/demo_python_pkg build --build-base /home/loser/learning_ros2/chapt2/build/demo_python_pkg/build install --record /home/loser/learning_ros2/chapt2/build/demo_python_pkg/install.log --install-scripts $base/lib/demo_python_pkg --single-version-externally-managed install_data
[0.486s] running egg_info
[0.487s] writing ../build/demo_python_pkg/demo_python_pkg.egg-info/PKG-INFO
[0.487s] writing dependency_links to ../build/demo_python_pkg/demo_python_pkg.egg-info/dependency_links.txt
[0.487s] writing entry points to ../build/demo_python_pkg/demo_python_pkg.egg-info/entry_points.txt
[0.487s] writing requirements to ../build/demo_python_pkg/demo_python_pkg.egg-info/requires.txt
[0.487s] writing top-level names to ../build/demo_python_pkg/demo_python_pkg.egg-info/top_level.txt
[0.488s] reading manifest file '../build/demo_python_pkg/demo_python_pkg.egg-info/SOURCES.txt'
[0.488s] adding license file 'LICENSE'
[0.488s] writing manifest file '../build/demo_python_pkg/demo_python_pkg.egg-info/SOURCES.txt'
[0.488s] running build
[0.488s] running build_py
[0.488s] running install
[0.488s] running install_lib
[0.489s] running install_data
[0.489s] running install_egg_info
[0.490s] removing '/home/loser/learning_ros2/chapt2/install/demo_python_pkg/lib/python3.10/site-packages/demo_python_pkg-0.0.0-py3.10.egg-info' (and everything under it)
[0.490s] Copying ../build/demo_python_pkg/demo_python_pkg.egg-info to /home/loser/learning_ros2/chapt2/install/demo_python_pkg/lib/python3.10/site-packages/demo_python_pkg-0.0.0-py3.10.egg-info
[0.491s] running install_scripts
[0.503s] Installing python_node script to /home/loser/learning_ros2/chapt2/install/demo_python_pkg/lib/demo_python_pkg
[0.503s] writing list of installed files to '/home/loser/learning_ros2/chapt2/build/demo_python_pkg/install.log'
[0.519s] Invoked command in '/home/loser/learning_ros2/chapt2/demo_python_pkg' returned '0': PYTHONPATH=/home/loser/learning_ros2/chapt2/build/demo_python_pkg/prefix_override:/usr/lib/python3/dist-packages/colcon_core/task/python/colcon_distutils_commands:/home/loser/learning_ros2/chapt2/install/demo_python_pkg/lib/python3.10/site-packages:${PYTHONPATH} /usr/bin/python3 -W ignore:setup.py install is deprecated -W ignore:easy_install command is deprecated setup.py egg_info --egg-base ../build/demo_python_pkg build --build-base /home/loser/learning_ros2/chapt2/build/demo_python_pkg/build install --record /home/loser/learning_ros2/chapt2/build/demo_python_pkg/install.log --install-scripts $base/lib/demo_python_pkg --single-version-externally-managed install_data
