[0.007s] Invoking command in '/home/loser/learning_ros2/chapt5/chapt5_ws/build/demo_cpp_tf': CMAKE_PREFIX_PATH=${CMAKE_PREFIX_PATH}:/home/loser/learning_ros2/chapt5/chapt5_ws/install/demo_python_tf:/opt/ros/humble /usr/bin/cmake --build /home/loser/learning_ros2/chapt5/chapt5_ws/build/demo_cpp_tf -- -j24 -l24
[0.045s] [35m[1mConsolidate compiler generated dependencies of target dynamic_tf_broadcaster[0m
[0.052s] [ 50%] Built target static_tf_broadcaster
[0.057s] [100%] Built target dynamic_tf_broadcaster
[0.141s] Invoked command in '/home/loser/learning_ros2/chapt5/chapt5_ws/build/demo_cpp_tf' returned '0': CMAKE_PREFIX_PATH=${CMAKE_PREFIX_PATH}:/home/loser/learning_ros2/chapt5/chapt5_ws/install/demo_python_tf:/opt/ros/humble /usr/bin/cmake --build /home/loser/learning_ros2/chapt5/chapt5_ws/build/demo_cpp_tf -- -j24 -l24
[0.148s] Invoking command in '/home/loser/learning_ros2/chapt5/chapt5_ws/build/demo_cpp_tf': CMAKE_PREFIX_PATH=${CMAKE_PREFIX_PATH}:/home/loser/learning_ros2/chapt5/chapt5_ws/install/demo_python_tf:/opt/ros/humble /usr/bin/cmake --install /home/loser/learning_ros2/chapt5/chapt5_ws/build/demo_cpp_tf
[0.153s] -- Install configuration: ""
[0.154s] -- Up-to-date: /home/loser/learning_ros2/chapt5/chapt5_ws/install/demo_cpp_tf/lib/demo_cpp_tf/static_tf_broadcaster
[0.154s] -- Up-to-date: /home/loser/learning_ros2/chapt5/chapt5_ws/install/demo_cpp_tf/lib/demo_cpp_tf/dynamic_tf_broadcaster
[0.154s] -- Up-to-date: /home/loser/learning_ros2/chapt5/chapt5_ws/install/demo_cpp_tf/share/ament_index/resource_index/package_run_dependencies/demo_cpp_tf
[0.154s] -- Up-to-date: /home/loser/learning_ros2/chapt5/chapt5_ws/install/demo_cpp_tf/share/ament_index/resource_index/parent_prefix_path/demo_cpp_tf
[0.154s] -- Up-to-date: /home/loser/learning_ros2/chapt5/chapt5_ws/install/demo_cpp_tf/share/demo_cpp_tf/environment/ament_prefix_path.sh
[0.154s] -- Up-to-date: /home/loser/learning_ros2/chapt5/chapt5_ws/install/demo_cpp_tf/share/demo_cpp_tf/environment/ament_prefix_path.dsv
[0.154s] -- Up-to-date: /home/loser/learning_ros2/chapt5/chapt5_ws/install/demo_cpp_tf/share/demo_cpp_tf/environment/path.sh
[0.154s] -- Up-to-date: /home/loser/learning_ros2/chapt5/chapt5_ws/install/demo_cpp_tf/share/demo_cpp_tf/environment/path.dsv
[0.154s] -- Up-to-date: /home/loser/learning_ros2/chapt5/chapt5_ws/install/demo_cpp_tf/share/demo_cpp_tf/local_setup.bash
[0.154s] -- Up-to-date: /home/loser/learning_ros2/chapt5/chapt5_ws/install/demo_cpp_tf/share/demo_cpp_tf/local_setup.sh
[0.154s] -- Up-to-date: /home/loser/learning_ros2/chapt5/chapt5_ws/install/demo_cpp_tf/share/demo_cpp_tf/local_setup.zsh
[0.154s] -- Up-to-date: /home/loser/learning_ros2/chapt5/chapt5_ws/install/demo_cpp_tf/share/demo_cpp_tf/local_setup.dsv
[0.154s] -- Installing: /home/loser/learning_ros2/chapt5/chapt5_ws/install/demo_cpp_tf/share/demo_cpp_tf/package.dsv
[0.154s] -- Up-to-date: /home/loser/learning_ros2/chapt5/chapt5_ws/install/demo_cpp_tf/share/ament_index/resource_index/packages/demo_cpp_tf
[0.154s] -- Up-to-date: /home/loser/learning_ros2/chapt5/chapt5_ws/install/demo_cpp_tf/share/demo_cpp_tf/cmake/demo_cpp_tfConfig.cmake
[0.154s] -- Up-to-date: /home/loser/learning_ros2/chapt5/chapt5_ws/install/demo_cpp_tf/share/demo_cpp_tf/cmake/demo_cpp_tfConfig-version.cmake
[0.154s] -- Up-to-date: /home/loser/learning_ros2/chapt5/chapt5_ws/install/demo_cpp_tf/share/demo_cpp_tf/package.xml
[0.157s] Invoked command in '/home/loser/learning_ros2/chapt5/chapt5_ws/build/demo_cpp_tf' returned '0': CMAKE_PREFIX_PATH=${CMAKE_PREFIX_PATH}:/home/loser/learning_ros2/chapt5/chapt5_ws/install/demo_python_tf:/opt/ros/humble /usr/bin/cmake --install /home/loser/learning_ros2/chapt5/chapt5_ws/build/demo_cpp_tf
